Archive member included because of file (symbol)

/home/jacko/pebble-dev/PebbleSDK/Pebble/aplite/lib/libpebble.a(tmpFUhX1Kpebble.o)
                              src/log_clock.c.22.o (app_event_loop)
/home/jacko/pebble-dev/PebbleSDK/arm-cs-tools/bin/../lib/gcc/arm-none-eabi/4.7.3/thumb2/libgcc.a(_arm_addsubdf3.o)
                              src/log_clock.c.22.o (__aeabi_dsub)
/home/jacko/pebble-dev/PebbleSDK/arm-cs-tools/bin/../lib/gcc/arm-none-eabi/4.7.3/thumb2/libgcc.a(_arm_muldivdf3.o)
                              src/log_clock.c.22.o (__aeabi_dmul)
/home/jacko/pebble-dev/PebbleSDK/arm-cs-tools/bin/../lib/gcc/arm-none-eabi/4.7.3/thumb2/libgcc.a(_arm_cmpdf2.o)
                              src/log_clock.c.22.o (__aeabi_dcmplt)
/home/jacko/pebble-dev/PebbleSDK/arm-cs-tools/bin/../lib/gcc/arm-none-eabi/4.7.3/thumb2/libgcc.a(_arm_fixdfsi.o)
                              src/log_clock.c.22.o (__aeabi_d2iz)
/home/jacko/pebble-dev/PebbleSDK/arm-cs-tools/bin/../lib/gcc/arm-none-eabi/4.7.3/thumb2/libgcc.a(_arm_truncdfsf2.o)
                              src/log_clock.c.22.o (__aeabi_d2f)
/home/jacko/pebble-dev/PebbleSDK/arm-cs-tools/bin/../lib/gcc/arm-none-eabi/4.7.3/thumb2/libgcc.a(_arm_muldivsf3.o)
                              src/log_clock.c.22.o (__aeabi_fdiv)

Discarded input sections

 .text          0x00000000        0x0 /home/jacko/pebble-dev/PebbleSDK/arm-cs-tools/bin/../lib/gcc/arm-none-eabi/4.7.3/thumb2/crti.o
 .bss           0x00000000        0x0 /home/jacko/pebble-dev/PebbleSDK/arm-cs-tools/bin/../lib/gcc/arm-none-eabi/4.7.3/thumb2/crti.o
 .init          0x00000000        0x4 /home/jacko/pebble-dev/PebbleSDK/arm-cs-tools/bin/../lib/gcc/arm-none-eabi/4.7.3/thumb2/crti.o
 .fini          0x00000000        0x4 /home/jacko/pebble-dev/PebbleSDK/arm-cs-tools/bin/../lib/gcc/arm-none-eabi/4.7.3/thumb2/crti.o
 .text          0x00000000       0xc8 /home/jacko/pebble-dev/PebbleSDK/arm-cs-tools/bin/../lib/gcc/arm-none-eabi/4.7.3/thumb2/crtbegin.o
 .bss           0x00000000       0x1c /home/jacko/pebble-dev/PebbleSDK/arm-cs-tools/bin/../lib/gcc/arm-none-eabi/4.7.3/thumb2/crtbegin.o
 .init_array    0x00000000        0x4 /home/jacko/pebble-dev/PebbleSDK/arm-cs-tools/bin/../lib/gcc/arm-none-eabi/4.7.3/thumb2/crtbegin.o
 .fini_array    0x00000000        0x4 /home/jacko/pebble-dev/PebbleSDK/arm-cs-tools/bin/../lib/gcc/arm-none-eabi/4.7.3/thumb2/crtbegin.o
 .eh_frame      0x00000000        0x0 /home/jacko/pebble-dev/PebbleSDK/arm-cs-tools/bin/../lib/gcc/arm-none-eabi/4.7.3/thumb2/crtbegin.o
 .jcr           0x00000000        0x0 /home/jacko/pebble-dev/PebbleSDK/arm-cs-tools/bin/../lib/gcc/arm-none-eabi/4.7.3/thumb2/crtbegin.o
 .tm_clone_table
                0x00000000        0x0 /home/jacko/pebble-dev/PebbleSDK/arm-cs-tools/bin/../lib/gcc/arm-none-eabi/4.7.3/thumb2/crtbegin.o
 .text          0x00000000        0x0 src/log_clock.c.22.o
 .bss           0x00000000        0x0 src/log_clock.c.22.o
 .text          0x00000000        0x0 aplite/appinfo.auto.c.22.o
 .bss           0x00000000        0x0 aplite/appinfo.auto.c.22.o
 .bss           0x00000000        0x0 /home/jacko/pebble-dev/PebbleSDK/Pebble/aplite/lib/libpebble.a(tmpFUhX1Kpebble.o)
 .text.accel_data_service_subscribe__deprecated
                0x00000000        0xc /home/jacko/pebble-dev/PebbleSDK/Pebble/aplite/lib/libpebble.a(tmpFUhX1Kpebble.o)
 .text.accel_data_service_unsubscribe
                0x00000000        0xc /home/jacko/pebble-dev/PebbleSDK/Pebble/aplite/lib/libpebble.a(tmpFUhX1Kpebble.o)
 .text.accel_service_peek
                0x00000000        0xc /home/jacko/pebble-dev/PebbleSDK/Pebble/aplite/lib/libpebble.a(tmpFUhX1Kpebble.o)
 .text.accel_service_set_samples_per_update
                0x00000000        0xc /home/jacko/pebble-dev/PebbleSDK/Pebble/aplite/lib/libpebble.a(tmpFUhX1Kpebble.o)
 .text.accel_service_set_sampling_rate
                0x00000000        0xc /home/jacko/pebble-dev/PebbleSDK/Pebble/aplite/lib/libpebble.a(tmpFUhX1Kpebble.o)
 .text.accel_tap_service_subscribe
                0x00000000        0xc /home/jacko/pebble-dev/PebbleSDK/Pebble/aplite/lib/libpebble.a(tmpFUhX1Kpebble.o)
 .text.accel_tap_service_unsubscribe
                0x00000000        0xc /home/jacko/pebble-dev/PebbleSDK/Pebble/aplite/lib/libpebble.a(tmpFUhX1Kpebble.o)
 .text.action_bar_layer_add_to_window
                0x00000000        0xc /home/jacko/pebble-dev/PebbleSDK/Pebble/aplite/lib/libpebble.a(tmpFUhX1Kpebble.o)
 .text.action_bar_layer_clear_icon
                0x00000000        0xc /home/jacko/pebble-dev/PebbleSDK/Pebble/aplite/lib/libpebble.a(tmpFUhX1Kpebble.o)
 .text.action_bar_layer_create
                0x00000000        0xc /home/jacko/pebble-dev/PebbleSDK/Pebble/aplite/lib/libpebble.a(tmpFUhX1Kpebble.o)
 .text.action_bar_layer_destroy
                0x00000000        0xc /home/jacko/pebble-dev/PebbleSDK/Pebble/aplite/lib/libpebble.a(tmpFUhX1Kpebble.o)
 .text.action_bar_layer_get_layer
[...]
Memory Configuration

Name             Origin             Length             Attributes
APP              0x00000000         0x00006000         xrw
*default*        0x00000000         0xffffffff

Linker script and memory map

LOAD /home/jacko/pebble-dev/PebbleSDK/arm-cs-tools/bin/../lib/gcc/arm-none-eabi/4.7.3/thumb2/crti.o
LOAD /home/jacko/pebble-dev/PebbleSDK/arm-cs-tools/bin/../lib/gcc/arm-none-eabi/4.7.3/thumb2/crtbegin.o
LOAD src/log_clock.c.22.o
LOAD aplite/appinfo.auto.c.22.o
LOAD /home/jacko/pebble-dev/PebbleSDK/Pebble/aplite/lib/libpebble.a
START GROUP
LOAD /home/jacko/pebble-dev/PebbleSDK/arm-cs-tools/bin/../lib/gcc/arm-none-eabi/4.7.3/thumb2/libgcc.a
LOAD /home/jacko/pebble-dev/PebbleSDK/arm-cs-tools/bin/../lib/gcc/arm-none-eabi/4.7.3/../../../../arm-none-eabi/lib/thumb2/libc.a
END GROUP
LOAD /home/jacko/pebble-dev/PebbleSDK/arm-cs-tools/bin/../lib/gcc/arm-none-eabi/4.7.3/thumb2/crtend.o
LOAD /home/jacko/pebble-dev/PebbleSDK/arm-cs-tools/bin/../lib/gcc/arm-none-eabi/4.7.3/thumb2/crtn.o

.header         0x00000000       0x82
 *(.pbl_header)
 .pbl_header    0x00000000       0x82 aplite/appinfo.auto.c.22.o
                0x00000000                __pbl_app_info

.note.gnu.build-id
                0x00000082       0x26
                0x00000082                PROVIDE (BUILD_ID, .)
 *(.note.gnu.build-id)
 *fill*         0x00000082        0x2 
 .note.gnu.build-id
                0x00000084       0x24 linker stubs

.text           0x000000a8     0x1815
 *(.text)
 .text          0x000000a8       0x14 /home/jacko/pebble-dev/PebbleSDK/Pebble/aplite/lib/libpebble.a(tmpFUhX1Kpebble.o)
 .text          0x000000bc      0x370 /home/jacko/pebble-dev/PebbleSDK/arm-cs-tools/bin/../lib/gcc/arm-none-eabi/4.7.3/thumb2/libgcc.a(_arm_addsubdf3.o)
                0x000000bc                __aeabi_drsub
                0x000000c4                __aeabi_dsub
                0x000000c4                __subdf3
                0x000000c8                __adddf3
                0x000000c8                __aeabi_dadd
                0x00000340                __aeabi_ui2d
                0x00000340                __floatunsidf
                0x00000360                __floatsidf
                0x00000360                __aeabi_i2d
                0x00000384                __extendsfdf2
                0x00000384                __aeabi_f2d
                0x000003c0                __aeabi_ul2d
                0x000003c0                __floatundidf
                0x000003d0                __floatdidf
                0x000003d0                __aeabi_l2d
 .text          0x0000042c      0x424 /home/jacko/pebble-dev/PebbleSDK/arm-cs-tools/bin/../lib/gcc/arm-none-eabi/4.7.3/thumb2/libgcc.a(_arm_muldivdf3.o)
                0x0000042c                __aeabi_dmul
                0x0000042c                __muldf3
                0x00000680                __aeabi_ddiv
                0x00000680                __divdf3
 .text          0x00000850      0x110 /home/jacko/pebble-dev/PebbleSDK/arm-cs-tools/bin/../lib/gcc/arm-none-eabi/4.7.3/thumb2/libgcc.a(_arm_cmpdf2.o)
                0x00000850                __gtdf2
                0x00000850                __gedf2
                0x00000858                __ltdf2
                0x00000858                __ledf2
                0x00000860                __cmpdf2
                0x00000860                __eqdf2
                0x00000860                __nedf2
                0x000008dc                __aeabi_cdrcmple
                0x000008ec                __aeabi_cdcmple
                0x000008ec                __aeabi_cdcmpeq
                0x000008fc                __aeabi_dcmpeq
                0x00000910                __aeabi_dcmplt
                0x00000924                __aeabi_dcmple
                0x00000938                __aeabi_dcmpge
                0x0000094c                __aeabi_dcmpgt
 .text          0x00000960       0x50 /home/jacko/pebble-dev/PebbleSDK/arm-cs-tools/bin/../lib/gcc/arm-none-eabi/4.7.3/thumb2/libgcc.a(_arm_fixdfsi.o)
                0x00000960                __fixdfsi
                0x00000960                __aeabi_d2iz
 .text          0x000009b0       0xa0 /home/jacko/pebble-dev/PebbleSDK/arm-cs-tools/bin/../lib/gcc/arm-none-eabi/4.7.3/thumb2/libgcc.a(_arm_truncdfsf2.o)
                0x000009b0                __aeabi_d2f
                0x000009b0                __truncdfsf2
 .text          0x00000a50      0x2a0 /home/jacko/pebble-dev/PebbleSDK/arm-cs-tools/bin/../lib/gcc/arm-none-eabi/4.7.3/thumb2/libgcc.a(_arm_muldivsf3.o)
                0x00000a50                __mulsf3
                0x00000a50                __aeabi_fmul
                0x00000bb8                __divsf3
                0x00000bb8                __aeabi_fdiv
 *(.text.*)
 .text.round_it
                0x00000cf0       0x40 src/log_clock.c.22.o
 .text.inbox_dropped_callback
                0x00000d30        0x2 src/log_clock.c.22.o
 *fill*         0x00000d32        0x2 
 .text.outbox_sent_callback
                0x00000d34       0x18 src/log_clock.c.22.o
 .text.outbox_failed_callback
                0x00000d4c       0x18 src/log_clock.c.22.o
 .text.received_callback
                0x00000d64       0x94 src/log_clock.c.22.o
 .text.main_window_unload
                0x00000df8       0x30 src/log_clock.c.22.o
 .text.layer    0x00000e28       0x78 src/log_clock.c.22.o
 .text.main_window_load
                0x00000ea0       0xec src/log_clock.c.22.o
 .text.line_layer_update_callback
                0x00000f8c       0x28 src/log_clock.c.22.o
 .text.handle_minute_tick.isra.0
                0x00000fb4       0x60 src/log_clock.c.22.o
 .text.logA     0x00001014      0x138 src/log_clock.c.22.o
                0x00001014                logA
 .text.handle_second_tick
                0x0000114c      0x3a4 src/log_clock.c.22.o
 .text.startup.main
                0x000014f0       0xd4 src/log_clock.c.22.o
                0x000014f0                main
 .text.app_event_loop
                0x000015c4        0xc /home/jacko/pebble-dev/PebbleSDK/Pebble/aplite/lib/libpebble.a(tmpFUhX1Kpebble.o)
                0x000015c4                app_event_loop
 .text.app_log  0x000015d0        0xc /home/jacko/pebble-dev/PebbleSDK/Pebble/aplite/lib/libpebble.a(tmpFUhX1Kpebble.o)
                0x000015d0                app_log
 .text.app_message_open
                0x000015dc        0xc /home/jacko/pebble-dev/PebbleSDK/Pebble/aplite/lib/libpebble.a(tmpFUhX1Kpebble.o)
                0x000015dc                app_message_open
 .text.battery_state_service_peek
                0x000015e8        0xc /home/jacko/pebble-dev/PebbleSDK/Pebble/aplite/lib/libpebble.a(tmpFUhX1Kpebble.o)
                0x000015e8                battery_state_service_peek
 .text.bluetooth_connection_service_peek
                0x000015f4        0xc /home/jacko/pebble-dev/PebbleSDK/Pebble/aplite/lib/libpebble.a(tmpFUhX1Kpebble.o)
                0x000015f4                bluetooth_connection_service_peek
 .text.clock_is_24h_style
                0x00001600        0xc /home/jacko/pebble-dev/PebbleSDK/Pebble/aplite/lib/libpebble.a(tmpFUhX1Kpebble.o)
                0x00001600                clock_is_24h_style
 .text.dict_read_first
                0x0000160c        0xc /home/jacko/pebble-dev/PebbleSDK/Pebble/aplite/lib/libpebble.a(tmpFUhX1Kpebble.o)
                0x0000160c                dict_read_first
 .text.dict_read_next
                0x00001618        0xc /home/jacko/pebble-dev/PebbleSDK/Pebble/aplite/lib/libpebble.a(tmpFUhX1Kpebble.o)
                0x00001618                dict_read_next
 .text.fonts_get_system_font
                0x00001624        0xc /home/jacko/pebble-dev/PebbleSDK/Pebble/aplite/lib/libpebble.a(tmpFUhX1Kpebble.o)
                0x00001624                fonts_get_system_font
 .text.graphics_context_set_fill_color
                0x00001630        0xc /home/jacko/pebble-dev/PebbleSDK/Pebble/aplite/lib/libpebble.a(tmpFUhX1Kpebble.o)
                0x00001630                graphics_context_set_fill_color
 .text.graphics_fill_rect
                0x0000163c        0xc /home/jacko/pebble-dev/PebbleSDK/Pebble/aplite/lib/libpebble.a(tmpFUhX1Kpebble.o)
                0x0000163c                graphics_fill_rect
 .text.layer_add_child
                0x00001648        0xc /home/jacko/pebble-dev/PebbleSDK/Pebble/aplite/lib/libpebble.a(tmpFUhX1Kpebble.o)
                0x00001648                layer_add_child
 .text.layer_create
                0x00001654        0xc /home/jacko/pebble-dev/PebbleSDK/Pebble/aplite/lib/libpebble.a(tmpFUhX1Kpebble.o)
                0x00001654                layer_create
 .text.layer_destroy
                0x00001660        0xc /home/jacko/pebble-dev/PebbleSDK/Pebble/aplite/lib/libpebble.a(tmpFUhX1Kpebble.o)
                0x00001660                layer_destroy
 .text.layer_get_bounds
                0x0000166c        0xc /home/jacko/pebble-dev/PebbleSDK/Pebble/aplite/lib/libpebble.a(tmpFUhX1Kpebble.o)
                0x0000166c                layer_get_bounds
 .text.layer_set_update_proc
                0x00001678        0xc /home/jacko/pebble-dev/PebbleSDK/Pebble/aplite/lib/libpebble.a(tmpFUhX1Kpebble.o)
                0x00001678                layer_set_update_proc
 .text.localtime
                0x00001684        0xc /home/jacko/pebble-dev/PebbleSDK/Pebble/aplite/lib/libpebble.a(tmpFUhX1Kpebble.o)
                0x00001684                localtime
 .text.memmove  0x00001690        0xc /home/jacko/pebble-dev/PebbleSDK/Pebble/aplite/lib/libpebble.a(tmpFUhX1Kpebble.o)
                0x00001690                memmove
 .text.memset   0x0000169c        0xc /home/jacko/pebble-dev/PebbleSDK/Pebble/aplite/lib/libpebble.a(tmpFUhX1Kpebble.o)
                0x0000169c                memset
 .text.snprintf
                0x000016a8        0xc /home/jacko/pebble-dev/PebbleSDK/Pebble/aplite/lib/libpebble.a(tmpFUhX1Kpebble.o)
                0x000016a8                snprintf
 .text.strcpy   0x000016b4        0xc /home/jacko/pebble-dev/PebbleSDK/Pebble/aplite/lib/libpebble.a(tmpFUhX1Kpebble.o)
                0x000016b4                strcpy
 .text.strftime
                0x000016c0        0xc /home/jacko/pebble-dev/PebbleSDK/Pebble/aplite/lib/libpebble.a(tmpFUhX1Kpebble.o)
                0x000016c0                strftime
 .text.text_layer_create
                0x000016cc        0xc /home/jacko/pebble-dev/PebbleSDK/Pebble/aplite/lib/libpebble.a(tmpFUhX1Kpebble.o)
                0x000016cc                text_layer_create
 .text.text_layer_destroy
                0x000016d8        0xc /home/jacko/pebble-dev/PebbleSDK/Pebble/aplite/lib/libpebble.a(tmpFUhX1Kpebble.o)
                0x000016d8                text_layer_destroy
 .text.text_layer_get_layer
                0x000016e4        0xc /home/jacko/pebble-dev/PebbleSDK/Pebble/aplite/lib/libpebble.a(tmpFUhX1Kpebble.o)
                0x000016e4                text_layer_get_layer
 .text.text_layer_set_background_color
                0x000016f0        0xc /home/jacko/pebble-dev/PebbleSDK/Pebble/aplite/lib/libpebble.a(tmpFUhX1Kpebble.o)
                0x000016f0                text_layer_set_background_color
 .text.text_layer_set_font
                0x000016fc        0xc /home/jacko/pebble-dev/PebbleSDK/Pebble/aplite/lib/libpebble.a(tmpFUhX1Kpebble.o)
                0x000016fc                text_layer_set_font
 .text.text_layer_set_text
                0x00001708        0xc /home/jacko/pebble-dev/PebbleSDK/Pebble/aplite/lib/libpebble.a(tmpFUhX1Kpebble.o)
                0x00001708                text_layer_set_text
 .text.text_layer_set_text_alignment
                0x00001714        0xc /home/jacko/pebble-dev/PebbleSDK/Pebble/aplite/lib/libpebble.a(tmpFUhX1Kpebble.o)
                0x00001714                text_layer_set_text_alignment
 .text.text_layer_set_text_color
                0x00001720        0xc /home/jacko/pebble-dev/PebbleSDK/Pebble/aplite/lib/libpebble.a(tmpFUhX1Kpebble.o)
                0x00001720                text_layer_set_text_color
 .text.tick_timer_service_subscribe
                0x0000172c        0xc /home/jacko/pebble-dev/PebbleSDK/Pebble/aplite/lib/libpebble.a(tmpFUhX1Kpebble.o)
                0x0000172c                tick_timer_service_subscribe
 .text.tick_timer_service_unsubscribe
                0x00001738        0xc /home/jacko/pebble-dev/PebbleSDK/Pebble/aplite/lib/libpebble.a(tmpFUhX1Kpebble.o)
                0x00001738                tick_timer_service_unsubscribe
 .text.time     0x00001744        0xc /home/jacko/pebble-dev/PebbleSDK/Pebble/aplite/lib/libpebble.a(tmpFUhX1Kpebble.o)
                0x00001744                time
 .text.window_create
                0x00001750        0xc /home/jacko/pebble-dev/PebbleSDK/Pebble/aplite/lib/libpebble.a(tmpFUhX1Kpebble.o)
                0x00001750                window_create
 .text.window_destroy
                0x0000175c        0xc /home/jacko/pebble-dev/PebbleSDK/Pebble/aplite/lib/libpebble.a(tmpFUhX1Kpebble.o)
                0x0000175c                window_destroy
 .text.window_get_root_layer
                0x00001768        0xc /home/jacko/pebble-dev/PebbleSDK/Pebble/aplite/lib/libpebble.a(tmpFUhX1Kpebble.o)
                0x00001768                window_get_root_layer
 .text.window_set_background_color
                0x00001774        0xc /home/jacko/pebble-dev/PebbleSDK/Pebble/aplite/lib/libpebble.a(tmpFUhX1Kpebble.o)
                0x00001774                window_set_background_color
 .text.window_set_window_handlers
                0x00001780        0xc /home/jacko/pebble-dev/PebbleSDK/Pebble/aplite/lib/libpebble.a(tmpFUhX1Kpebble.o)
                0x00001780                window_set_window_handlers
 .text.window_stack_push
                0x0000178c        0xc /home/jacko/pebble-dev/PebbleSDK/Pebble/aplite/lib/libpebble.a(tmpFUhX1Kpebble.o)
                0x0000178c                window_stack_push
 .text.app_message_inbox_size_maximum
                0x00001798        0xc /home/jacko/pebble-dev/PebbleSDK/Pebble/aplite/lib/libpebble.a(tmpFUhX1Kpebble.o)
                0x00001798                app_message_inbox_size_maximum
 .text.app_message_outbox_size_maximum
                0x000017a4        0xc /home/jacko/pebble-dev/PebbleSDK/Pebble/aplite/lib/libpebble.a(tmpFUhX1Kpebble.o)
                0x000017a4                app_message_outbox_size_maximum
 .text.app_message_register_inbox_dropped
                0x000017b0        0xc /home/jacko/pebble-dev/PebbleSDK/Pebble/aplite/lib/libpebble.a(tmpFUhX1Kpebble.o)
                0x000017b0                app_message_register_inbox_dropped
 .text.app_message_register_inbox_received
                0x000017bc        0xc /home/jacko/pebble-dev/PebbleSDK/Pebble/aplite/lib/libpebble.a(tmpFUhX1Kpebble.o)
                0x000017bc                app_message_register_inbox_received
 .text.app_message_register_outbox_failed
                0x000017c8        0xc /home/jacko/pebble-dev/PebbleSDK/Pebble/aplite/lib/libpebble.a(tmpFUhX1Kpebble.o)
                0x000017c8                app_message_register_outbox_failed
 .text.app_message_register_outbox_sent
                0x000017d4        0xc /home/jacko/pebble-dev/PebbleSDK/Pebble/aplite/lib/libpebble.a(tmpFUhX1Kpebble.o)
                0x000017d4                app_message_register_outbox_sent
 *(.rodata)
 .rodata        0x000017e0       0x10 src/log_clock.c.22.o
 *(.rodata*)
 .rodata.str1.1
                0x000017f0       0xcd src/log_clock.c.22.o

.glue_7         0x000018c0        0x0
 .glue_7        0x00000000        0x0 linker stubs

.glue_7t        0x000018c0        0x0
 .glue_7t       0x00000000        0x0 linker stubs

.vfp11_veneer   0x000018c0        0x0
 .vfp11_veneer  0x00000000        0x0 linker stubs

.v4_bx          0x000018c0        0x0
 .v4_bx         0x00000000        0x0 linker stubs

.iplt           0x000018c0        0x0
 .iplt          0x00000000        0x0 /home/jacko/pebble-dev/PebbleSDK/arm-cs-tools/bin/../lib/gcc/arm-none-eabi/4.7.3/thumb2/crtbegin.o

.rel.dyn        0x000018c0        0x0
 .rel.iplt      0x00000000        0x0 /home/jacko/pebble-dev/PebbleSDK/arm-cs-tools/bin/../lib/gcc/arm-none-eabi/4.7.3/thumb2/crtbegin.o

.data           0x000018c0       0x7e
 *(.data)
 .data          0x000018c0        0x0 /home/jacko/pebble-dev/PebbleSDK/arm-cs-tools/bin/../lib/gcc/arm-none-eabi/4.7.3/thumb2/crti.o
 .data          0x000018c0        0x4 /home/jacko/pebble-dev/PebbleSDK/arm-cs-tools/bin/../lib/gcc/arm-none-eabi/4.7.3/thumb2/crtbegin.o
                0x000018c0                __dso_handle
 .data          0x000018c4        0x0 src/log_clock.c.22.o
 .data          0x000018c4        0x0 aplite/appinfo.auto.c.22.o
 .data          0x000018c4        0x0 /home/jacko/pebble-dev/PebbleSDK/Pebble/aplite/lib/libpebble.a(tmpFUhX1Kpebble.o)
 .data          0x000018c4        0x0 /home/jacko/pebble-dev/PebbleSDK/arm-cs-tools/bin/../lib/gcc/arm-none-eabi/4.7.3/thumb2/libgcc.a(_arm_addsubdf3.o)
 .data          0x000018c4        0x0 /home/jacko/pebble-dev/PebbleSDK/arm-cs-tools/bin/../lib/gcc/arm-none-eabi/4.7.3/thumb2/libgcc.a(_arm_muldivdf3.o)
 .data          0x000018c4        0x0 /home/jacko/pebble-dev/PebbleSDK/arm-cs-tools/bin/../lib/gcc/arm-none-eabi/4.7.3/thumb2/libgcc.a(_arm_cmpdf2.o)
 .data          0x000018c4        0x0 /home/jacko/pebble-dev/PebbleSDK/arm-cs-tools/bin/../lib/gcc/arm-none-eabi/4.7.3/thumb2/libgcc.a(_arm_fixdfsi.o)
 .data          0x000018c4        0x0 /home/jacko/pebble-dev/PebbleSDK/arm-cs-tools/bin/../lib/gcc/arm-none-eabi/4.7.3/thumb2/libgcc.a(_arm_truncdfsf2.o)
 .data          0x000018c4        0x0 /home/jacko/pebble-dev/PebbleSDK/arm-cs-tools/bin/../lib/gcc/arm-none-eabi/4.7.3/thumb2/libgcc.a(_arm_muldivsf3.o)
 .data          0x000018c4        0x0 /home/jacko/pebble-dev/PebbleSDK/arm-cs-tools/bin/../lib/gcc/arm-none-eabi/4.7.3/thumb2/crtend.o
 .data          0x000018c4        0x0 /home/jacko/pebble-dev/PebbleSDK/arm-cs-tools/bin/../lib/gcc/arm-none-eabi/4.7.3/thumb2/crtn.o
 *(.data.*)
 .data.s_atan_text.6701
                0x000018c4        0xe src/log_clock.c.22.o
 .data.s_1_text.6702
                0x000018d2        0xe src/log_clock.c.22.o
 .data.vals     0x000018e0        0x4 src/log_clock.c.22.o
 .data.s_2_text.6703
                0x000018e4        0xe src/log_clock.c.22.o
 .data.s_log_text.6700
                0x000018f2        0xe src/log_clock.c.22.o
 .data.s_lat_text
                0x00001900        0xe src/log_clock.c.22.o
 .data.s_lat_text2
                0x0000190e        0xe src/log_clock.c.22.o
 .data.s_long_text
                0x0000191c        0xe src/log_clock.c.22.o
 .data.s_time_text.6683
                0x0000192a        0x6 src/log_clock.c.22.o
 .data.s_long_text2
                0x00001930        0xe src/log_clock.c.22.o

.igot.plt       0x00001940        0x0
 .igot.plt      0x00000000        0x0 /home/jacko/pebble-dev/PebbleSDK/arm-cs-tools/bin/../lib/gcc/arm-none-eabi/4.7.3/thumb2/crtbegin.o

.bss            0x00001940       0x28
 *(.bss)
 *(.bss.*)
 .bss.s_main_window
                0x00001940        0x4 src/log_clock.c.22.o
 .bss.mod       0x00001944        0x4 src/log_clock.c.22.o
 .bss.window_layer
                0x00001948        0x4 src/log_clock.c.22.o
 .bss.s_atan_layer
                0x0000194c        0x4 src/log_clock.c.22.o
 .bss.s_time_layer
                0x00001950        0x4 src/log_clock.c.22.o
 .bss.s_line_layer
                0x00001954        0x4 src/log_clock.c.22.o
 .bss.s_2_layer
                0x00001958        0x4 src/log_clock.c.22.o
 .bss.s_1_layer
                0x0000195c        0x4 src/log_clock.c.22.o
 .bss.s_log_layer
                0x00001960        0x4 src/log_clock.c.22.o
 .bss.s_0_layer
                0x00001964        0x4 src/log_clock.c.22.o

DISCARD
 libc.a(*)
 libm.a(*)
 libgcc.a(*)
 *(.eh_frame)
OUTPUT(/home/jacko/pebble-dev/examples/watchfaces/log_clock/build/aplite/pebble-app.elf elf32-littlearm)

.ARM.attributes
                0x00000000       0x27
 .ARM.attributes
                0x00000000       0x19 /home/jacko/pebble-dev/PebbleSDK/arm-cs-tools/bin/../lib/gcc/arm-none-eabi/4.7.3/thumb2/crti.o
 .ARM.attributes
                0x00000019       0x29 /home/jacko/pebble-dev/PebbleSDK/arm-cs-tools/bin/../lib/gcc/arm-none-eabi/4.7.3/thumb2/crtbegin.o
 .ARM.attributes
                0x00000042       0x33 src/log_clock.c.22.o
 .ARM.attributes
                0x00000075       0x33 aplite/appinfo.auto.c.22.o
 .ARM.attributes
                0x000000a8       0x21 /home/jacko/pebble-dev/PebbleSDK/Pebble/aplite/lib/libpebble.a(tmpFUhX1Kpebble.o)
 .ARM.attributes
                0x000000c9       0x19 /home/jacko/pebble-dev/PebbleSDK/arm-cs-tools/bin/../lib/gcc/arm-none-eabi/4.7.3/thumb2/libgcc.a(_arm_addsubdf3.o)
 .ARM.attributes
                0x000000e2       0x19 /home/jacko/pebble-dev/PebbleSDK/arm-cs-tools/bin/../lib/gcc/arm-none-eabi/4.7.3/thumb2/libgcc.a(_arm_muldivdf3.o)
 .ARM.attributes
                0x000000fb       0x19 /home/jacko/pebble-dev/PebbleSDK/arm-cs-tools/bin/../lib/gcc/arm-none-eabi/4.7.3/thumb2/libgcc.a(_arm_cmpdf2.o)
 .ARM.attributes
                0x00000114       0x19 /home/jacko/pebble-dev/PebbleSDK/arm-cs-tools/bin/../lib/gcc/arm-none-eabi/4.7.3/thumb2/libgcc.a(_arm_fixdfsi.o)
 .ARM.attributes
                0x0000012d       0x19 /home/jacko/pebble-dev/PebbleSDK/arm-cs-tools/bin/../lib/gcc/arm-none-eabi/4.7.3/thumb2/libgcc.a(_arm_truncdfsf2.o)
 .ARM.attributes
                0x00000146       0x19 /home/jacko/pebble-dev/PebbleSDK/arm-cs-tools/bin/../lib/gcc/arm-none-eabi/4.7.3/thumb2/libgcc.a(_arm_muldivsf3.o)
 .ARM.attributes
                0x0000015f       0x29 /home/jacko/pebble-dev/PebbleSDK/arm-cs-tools/bin/../lib/gcc/arm-none-eabi/4.7.3/thumb2/crtend.o
 .ARM.attributes
                0x00000188       0x19 /home/jacko/pebble-dev/PebbleSDK/arm-cs-tools/bin/../lib/gcc/arm-none-eabi/4.7.3/thumb2/crtn.o

.comment        0x00000000       0x4e
 .comment       0x00000000       0x4e /home/jacko/pebble-dev/PebbleSDK/arm-cs-tools/bin/../lib/gcc/arm-none-eabi/4.7.3/thumb2/crtbegin.o
                                 0x4f (size before relaxing)
 .comment       0x00000000       0x4f src/log_clock.c.22.o
 .comment       0x00000000       0x4f aplite/appinfo.auto.c.22.o
 .comment       0x00000000       0x4f /home/jacko/pebble-dev/PebbleSDK/arm-cs-tools/bin/../lib/gcc/arm-none-eabi/4.7.3/thumb2/crtend.o

.debug_info     0x00000000     0x1fd6
 .debug_info    0x00000000     0x1869 src/log_clock.c.22.o
 .debug_info    0x00001869      0x335 aplite/appinfo.auto.c.22.o
 .debug_info    0x00001b9e       0xb4 /home/jacko/pebble-dev/PebbleSDK/arm-cs-tools/bin/../lib/gcc/arm-none-eabi/4.7.3/thumb2/libgcc.a(_arm_addsubdf3.o)
 .debug_info    0x00001c52       0xb4 /home/jacko/pebble-dev/PebbleSDK/arm-cs-tools/bin/../lib/gcc/arm-none-eabi/4.7.3/thumb2/libgcc.a(_arm_muldivdf3.o)
 .debug_info    0x00001d06       0xb4 /home/jacko/pebble-dev/PebbleSDK/arm-cs-tools/bin/../lib/gcc/arm-none-eabi/4.7.3/thumb2/libgcc.a(_arm_cmpdf2.o)
 .debug_info    0x00001dba       0xb4 /home/jacko/pebble-dev/PebbleSDK/arm-cs-tools/bin/../lib/gcc/arm-none-eabi/4.7.3/thumb2/libgcc.a(_arm_fixdfsi.o)
 .debug_info    0x00001e6e       0xb4 /home/jacko/pebble-dev/PebbleSDK/arm-cs-tools/bin/../lib/gcc/arm-none-eabi/4.7.3/thumb2/libgcc.a(_arm_truncdfsf2.o)
 .debug_info    0x00001f22       0xb4 /home/jacko/pebble-dev/PebbleSDK/arm-cs-tools/bin/../lib/gcc/arm-none-eabi/4.7.3/thumb2/libgcc.a(_arm_muldivsf3.o)

.debug_abbrev   0x00000000      0x52a
 .debug_abbrev  0x00000000      0x414 src/log_clock.c.22.o
 .debug_abbrev  0x00000414       0x9e aplite/appinfo.auto.c.22.o
 .debug_abbrev  0x000004b2       0x14 /home/jacko/pebble-dev/PebbleSDK/arm-cs-tools/bin/../lib/gcc/arm-none-eabi/4.7.3/thumb2/libgcc.a(_arm_addsubdf3.o)
 .debug_abbrev  0x000004c6       0x14 /home/jacko/pebble-dev/PebbleSDK/arm-cs-tools/bin/../lib/gcc/arm-none-eabi/4.7.3/thumb2/libgcc.a(_arm_muldivdf3.o)
 .debug_abbrev  0x000004da       0x14 /home/jacko/pebble-dev/PebbleSDK/arm-cs-tools/bin/../lib/gcc/arm-none-eabi/4.7.3/thumb2/libgcc.a(_arm_cmpdf2.o)
 .debug_abbrev  0x000004ee       0x14 /home/jacko/pebble-dev/PebbleSDK/arm-cs-tools/bin/../lib/gcc/arm-none-eabi/4.7.3/thumb2/libgcc.a(_arm_fixdfsi.o)
 .debug_abbrev  0x00000502       0x14 /home/jacko/pebble-dev/PebbleSDK/arm-cs-tools/bin/../lib/gcc/arm-none-eabi/4.7.3/thumb2/libgcc.a(_arm_truncdfsf2.o)
 .debug_abbrev  0x00000516       0x14 /home/jacko/pebble-dev/PebbleSDK/arm-cs-tools/bin/../lib/gcc/arm-none-eabi/4.7.3/thumb2/libgcc.a(_arm_muldivsf3.o)

.debug_loc      0x00000000      0x924
 .debug_loc     0x00000000      0x924 src/log_clock.c.22.o

.debug_aranges  0x00000000      0x158
 .debug_aranges
                0x00000000       0x80 src/log_clock.c.22.o
 .debug_aranges
                0x00000080       0x18 aplite/appinfo.auto.c.22.o
 .debug_aranges
                0x00000098       0x20 /home/jacko/pebble-dev/PebbleSDK/arm-cs-tools/bin/../lib/gcc/arm-none-eabi/4.7.3/thumb2/libgcc.a(_arm_addsubdf3.o)
 .debug_aranges
                0x000000b8       0x20 /home/jacko/pebble-dev/PebbleSDK/arm-cs-tools/bin/../lib/gcc/arm-none-eabi/4.7.3/thumb2/libgcc.a(_arm_muldivdf3.o)
 .debug_aranges
                0x000000d8       0x20 /home/jacko/pebble-dev/PebbleSDK/arm-cs-tools/bin/../lib/gcc/arm-none-eabi/4.7.3/thumb2/libgcc.a(_arm_cmpdf2.o)
 .debug_aranges
                0x000000f8       0x20 /home/jacko/pebble-dev/PebbleSDK/arm-cs-tools/bin/../lib/gcc/arm-none-eabi/4.7.3/thumb2/libgcc.a(_arm_fixdfsi.o)
 .debug_aranges
                0x00000118       0x20 /home/jacko/pebble-dev/PebbleSDK/arm-cs-tools/bin/../lib/gcc/arm-none-eabi/4.7.3/thumb2/libgcc.a(_arm_truncdfsf2.o)
 .debug_aranges
                0x00000138       0x20 /home/jacko/pebble-dev/PebbleSDK/arm-cs-tools/bin/../lib/gcc/arm-none-eabi/4.7.3/thumb2/libgcc.a(_arm_muldivsf3.o)

.debug_ranges   0x00000000       0xd0
 .debug_ranges  0x00000000       0xd0 src/log_clock.c.22.o

.debug_line     0x00000000      0xd29
 .debug_line    0x00000000      0x45d src/log_clock.c.22.o
 .debug_line    0x0000045d      0x127 aplite/appinfo.auto.c.22.o
 .debug_line    0x00000584      0x20a /home/jacko/pebble-dev/PebbleSDK/arm-cs-tools/bin/../lib/gcc/arm-none-eabi/4.7.3/thumb2/libgcc.a(_arm_addsubdf3.o)
 .debug_line    0x0000078e      0x226 /home/jacko/pebble-dev/PebbleSDK/arm-cs-tools/bin/../lib/gcc/arm-none-eabi/4.7.3/thumb2/libgcc.a(_arm_muldivdf3.o)
 .debug_line    0x000009b4      0x10c /home/jacko/pebble-dev/PebbleSDK/arm-cs-tools/bin/../lib/gcc/arm-none-eabi/4.7.3/thumb2/libgcc.a(_arm_cmpdf2.o)
 .debug_line    0x00000ac0       0x86 /home/jacko/pebble-dev/PebbleSDK/arm-cs-tools/bin/../lib/gcc/arm-none-eabi/4.7.3/thumb2/libgcc.a(_arm_fixdfsi.o)
 .debug_line    0x00000b46       0x9a /home/jacko/pebble-dev/PebbleSDK/arm-cs-tools/bin/../lib/gcc/arm-none-eabi/4.7.3/thumb2/libgcc.a(_arm_truncdfsf2.o)
 .debug_line    0x00000be0      0x149 /home/jacko/pebble-dev/PebbleSDK/arm-cs-tools/bin/../lib/gcc/arm-none-eabi/4.7.3/thumb2/libgcc.a(_arm_muldivsf3.o)

.debug_str      0x00000000      0xe17
 .debug_str     0x00000000      0xbc6 src/log_clock.c.22.o
                                0xc83 (size before relaxing)
 .debug_str     0x00000bc6      0x251 aplite/appinfo.auto.c.22.o
                                0x351 (size before relaxing)

.debug_frame    0x00000000      0x184
 .debug_frame   0x00000000      0x184 src/log_clock.c.22.o
        0x00000860                __eqdf2
                0x00000860                __nedf2
                0x000008dc                __aeabi_cdrcmple
                0x000008ec                __aeabi_cdcmple
                0x000008ec                __aeabi_cdcmpeq
                0x000008fc                __aeabi_dcmpeq
                0x00000910                __aeabi_dcmplt
                0x00000924                __aeabi_dcmple
                0x00000938                __aeabi_dcmpge
                0x0000094c                __aeabi_dcmpgt
 .text          0x00000960       0x50 /home/jacko/pebble-dev/PebbleSDK/arm-cs-tools/bin/../lib/gcc/arm-none-eabi/4.7.3/thumb2/libgcc.a(_arm_fixdfsi.o)
                0x00000960                __fixdfsi
                0x00000960                __aeabi_d2iz
 .text          0x000009b0       0xa0 /home/jacko/pebble-dev/PebbleSDK/arm-cs-tools/bin/../lib/gcc/arm-none-eabi/4.7.3/thumb2/libgcc.a(_arm_truncdfsf2.o)
                0x000009b0                __aeabi_d2f
                0x000009b0                __truncdfsf2
 .text          0x00000a50      0x2a0 /home/jacko/pebble-dev/PebbleSDK/arm-cs-tools/bin/../lib/gcc/arm-none-eabi/4.7.3/thumb2/libgcc.a(_arm_muldivsf3.o)
                0x00000a50                __mulsf3
                0x00000a50                __aeabi_fmul
                0x00000bb8                __divsf3
                0x00000bb8                __aeabi_fdiv
 *(.text.*)
 .text.round_it
                0x00000cf0       0x40 src/log_clock.c.21.o
 .text.inbox_dropped_callback
                0x00000d30        0x2 src/log_clock.c.21.o
 *fill*         0x00000d32        0x2 
 .text.outbox_sent_callback
                0x00000d34       0x18 src/log_clock.c.21.o
 .text.outbox_failed_callback
                0x00000d4c       0x18 src/log_clock.c.21.o
 .text.received_callback
                0x00000d64       0x94 src/log_clock.c.21.o
 .text.main_window_unload
                0x00000df8       0x30 src/log_clock.c.21.o
 .text.layer    0x00000e28       0x78 src/log_clock.c.21.o
 .text.main_window_load
                0x00000ea0       0xec src/log_clock.c.21.o
 .text.line_layer_update_callback
                0x00000f8c       0x2a src/log_clock.c.21.o
 *fill*         0x00000fb6        0x2 
 .text.handle_minute_tick.isra.0
                0x00000fb8       0x60 src/log_clock.c.21.o
 .text.logA     0x00001018      0x138 src/log_clock.c.21.o
                0x00001018                logA
 .text.handle_second_tick
                0x00001150      0x3a4 src/log_clock.c.21.o
 .text.startup.main
                0x000014f4       0xd4 src/log_clock.c.21.o
                0x000014f4                main
 .text.app_event_loop
                0x000015c8        0xc /home/jacko/pebble-dev/PebbleSDK/Pebble/basalt/lib/libpebble.a(tmpH_NwXmpebble.o)
                0x000015c8                app_event_loop
 .text.app_log  0x000015d4        0xc /home/jacko/pebble-dev/PebbleSDK/Pebble/basalt/lib/libpebble.a(tmpH_NwXmpebble.o)
                0x000015d4                app_log
 .text.app_message_open
                0x000015e0        0xc /home/jacko/pebble-dev/PebbleSDK/Pebble/basalt/lib/libpebble.a(tmpH_NwXmpebble.o)
                0x000015e0                app_message_open
 .text.battery_state_service_peek
                0x000015ec        0xc /home/jacko/pebble-dev/PebbleSDK/Pebble/basalt/lib/libpebble.a(tmpH_NwXmpebble.o)
                0x000015ec                battery_state_service_peek
 .text.bluetooth_connection_service_peek
                0x000015f8        0xc /home/jacko/pebble-dev/PebbleSDK/Pebble/basalt/lib/libpebble.a(tmpH_NwXmpebble.o)
                0x000015f8                bluetooth_connection_service_peek
 .text.clock_is_24h_style
                0x00001604        0xc /home/jacko/pebble-dev/PebbleSDK/Pebble/basalt/lib/libpebble.a(tmpH_NwXmpebble.o)
                0x00001604                clock_is_24h_style
 .text.dict_read_first
                0x00001610        0xc /home/jacko/pebble-dev/PebbleSDK/Pebble/basalt/lib/libpebble.a(tmpH_NwXmpebble.o)
                0x00001610                dict_read_first
 .text.dict_read_next
                0x0000161c        0xc /home/jacko/pebble-dev/PebbleSDK/Pebble/basalt/lib/libpebble.a(tmpH_NwXmpebble.o)
                0x0000161c                dict_read_next
 .text.fonts_get_system_font
                0x00001628        0xc /home/jacko/pebble-dev/PebbleSDK/Pebble/basalt/lib/libpebble.a(tmpH_NwXmpebble.o)
                0x00001628                fonts_get_system_font
 .text.graphics_fill_rect
                0x00001634        0xc /home/jacko/pebble-dev/PebbleSDK/Pebble/basalt/lib/libpebble.a(tmpH_NwXmpebble.o)
                0x00001634                graphics_fill_rect
 .text.layer_add_child
                0x00001640        0xc /home/jacko/pebble-dev/PebbleSDK/Pebble/basalt/lib/libpebble.a(tmpH_NwXmpebble.o)
                0x00001640                layer_add_child
 .text.layer_create
                0x0000164c        0xc /home/jacko/pebble-dev/PebbleSDK/Pebble/basalt/lib/libpebble.a(tmpH_NwXmpebble.o)
                0x0000164c                layer_create
 .text.layer_destroy
                0x00001658        0xc /home/jacko/pebble-dev/PebbleSDK/Pebble/basalt/lib/libpebble.a(tmpH_NwXmpebble.o)
                0x00001658                layer_destroy
 .text.layer_get_bounds
                0x00001664        0xc /home/jacko/pebble-dev/PebbleSDK/Pebble/basalt/lib/libpebble.a(tmpH_NwXmpebble.o)
                0x00001664                layer_get_bounds
 .text.layer_set_update_proc
                0x00001670        0xc /home/jacko/pebble-dev/PebbleSDK/Pebble/basalt/lib/libpebble.a(tmpH_NwXmpebble.o)
                0x00001670                layer_set_update_proc
 .text.localtime
                0x0000167c        0xc /home/jacko/pebble-dev/PebbleSDK/Pebble/basalt/lib/libpebble.a(tmpH_NwXmpebble.o)
                0x0000167c                localtime
 .text.memmove  0x00001688        0xc /home/jacko/pebble-dev/PebbleSDK/Pebble/basalt/lib/libpebble.a(tmpH_NwXmpebble.o)
                0x00001688                memmove
 .text.memset   0x00001694        0xc /home/jacko/pebble-dev/PebbleSDK/Pebble/basalt/lib/libpebble.a(tmpH_NwXmpebble.o)
                0x00001694                memset
 .text.snprintf
                0x000016a0        0xc /home/jacko/pebble-dev/PebbleSDK/Pebble/basalt/lib/libpebble.a(tmpH_NwXmpebble.o)
                0x000016a0                snprintf
 .text.strcpy   0x000016ac        0xc /home/jacko/pebble-dev/PebbleSDK/Pebble/basalt/lib/libpebble.a(tmpH_NwXmpebble.o)
                0x000016ac                strcpy
 .text.strftime
                0x000016b8        0xc /home/jacko/pebble-dev/PebbleSDK/Pebble/basalt/lib/libpebble.a(tmpH_NwXmpebble.o)
                0x000016b8                strftime
 .text.tick_timer_service_subscribe
                0x000016c4        0xc /home/jacko/pebble-dev/PebbleSDK/Pebble/basalt/lib/libpebble.a(tmpH_NwXmpebble.o)
                0x000016c4                tick_timer_service_subscribe
 .text.tick_timer_service_unsubscribe
                0x000016d0        0xc /home/jacko/pebble-dev/PebbleSDK/Pebble/basalt/lib/libpebble.a(tmpH_NwXmpebble.o)
                0x000016d0                tick_timer_service_unsubscribe
 .text.time     0x000016dc        0xc /home/jacko/pebble-dev/PebbleSDK/Pebble/basalt/lib/libpebble.a(tmpH_NwXmpebble.o)
                0x000016dc                time
 .text.window_create
                0x000016e8        0xc /home/jacko/pebble-dev/PebbleSDK/Pebble/basalt/lib/libpebble.a(tmpH_NwXmpebble.o)
                0x000016e8                window_create
 .text.window_destroy
                0x000016f4        0xc /home/jacko/pebble-dev/PebbleSDK/Pebble/basalt/lib/libpebble.a(tmpH_NwXmpebble.o)
                0x000016f4                window_destroy
 .text.window_get_root_layer
                0x00001700        0xc /home/jacko/pebble-dev/PebbleSDK/Pebble/basalt/lib/libpebble.a(tmpH_NwXmpebble.o)
                0x00001700                window_get_root_layer
 .text.window_set_window_handlers
                0x0000170c        0xc /home/jacko/pebble-dev/PebbleSDK/Pebble/basalt/lib/libpebble.a(tmpH_NwXmpebble.o)
                0x0000170c                window_set_window_handlers
 .text.window_stack_push
                0x00001718        0xc /home/jacko/pebble-dev/PebbleSDK/Pebble/basalt/lib/libpebble.a(tmpH_NwXmpebble.o)
                0x00001718                window_stack_push
 .text.app_message_inbox_size_maximum
                0x00001724        0xc /home/jacko/pebble-dev/PebbleSDK/Pebble/basalt/lib/libpebble.a(tmpH_NwXmpebble.o)
                0x00001724                app_message_inbox_size_maximum
 .text.app_message_outbox_size_maximum
                0x00001730        0xc /home/jacko/pebble-dev/PebbleSDK/Pebble/basalt/lib/libpebble.a(tmpH_NwXmpebble.o)
                0x00001730                app_message_outbox_size_maximum
 .text.app_message_register_inbox_dropped
                0x0000173c        0xc /home/jacko/pebble-dev/PebbleSDK/Pebble/basalt/lib/libpebble.a(tmpH_NwXmpebble.o)
                0x0000173c                app_message_register_inbox_dropped
 .text.app_message_register_inbox_received
                0x00001748        0xc /home/jacko/pebble-dev/PebbleSDK/Pebble/basalt/lib/libpebble.a(tmpH_NwXmpebble.o)
                0x00001748                app_message_register_inbox_received
 .text.app_message_register_outbox_failed
                0x00001754        0xc /home/jacko/pebble-dev/PebbleSDK/Pebble/basalt/lib/libpebble.a(tmpH_NwXmpebble.o)
                0x00001754                app_message_register_outbox_failed
 .text.app_message_register_outbox_sent
                0x00001760        0xc /home/jacko/pebble-dev/PebbleSDK/Pebble/basalt/lib/libpebble.a(tmpH_NwXmpebble.o)
                0x00001760                app_message_register_outbox_sent
 .text.graphics_context_set_fill_color
                0x0000176c        0xc /home/jacko/pebble-dev/PebbleSDK/Pebble/basalt/lib/libpebble.a(tmpH_NwXmpebble.o)
                0x0000176c                graphics_context_set_fill_color
 .text.window_set_background_color
                0x00001778        0xc /home/jacko/pebble-dev/PebbleSDK/Pebble/basalt/lib/libpebble.a(tmpH_NwXmpebble.o)
                0x00001778                window_set_background_color
 .text.text_layer_create
                0x00001784        0xc /home/jacko/pebble-dev/PebbleSDK/Pebble/basalt/lib/libpebble.a(tmpH_NwXmpebble.o)
                0x00001784                text_layer_create
 .text.text_layer_destroy
                0x00001790        0xc /home/jacko/pebble-dev/PebbleSDK/Pebble/basalt/lib/libpebble.a(tmpH_NwXmpebble.o)
                0x00001790                text_layer_destroy
 .text.text_layer_get_layer
                0x0000179c        0xc /home/jacko/pebble-dev/PebbleSDK/Pebble/basalt/lib/libpebble.a(tmpH_NwXmpebble.o)
                0x0000179c                text_layer_get_layer
 .text.text_layer_set_background_color
                0x000017a8        0xc /home/jacko/pebble-dev/PebbleSDK/Pebble/basalt/lib/libpebble.a(tmpH_NwXmpebble.o)
                0x000017a8                text_layer_set_background_color
 .text.text_layer_set_font
                0x000017b4        0xc /home/jacko/pebble-dev/PebbleSDK/Pebble/basalt/lib/libpebble.a(tmpH_NwXmpebble.o)
                0x000017b4                text_layer_set_font
 .text.text_layer_set_text
                0x000017c0        0xc /home/jacko/pebble-dev/PebbleSDK/Pebble/basalt/lib/libpebble.a(tmpH_NwXmpebble.o)
                0x000017c0                text_layer_set_text
 .text.text_layer_set_text_alignment
                0x000017cc        0xc /home/jacko/pebble-dev/PebbleSDK/Pebble/basalt/lib/libpebble.a(tmpH_NwXmpebble.o)
                0x000017cc                text_layer_set_text_alignment
 .text.text_layer_set_text_color
                0x000017d8        0xc /home/jacko/pebble-dev/PebbleSDK/Pebble/basalt/lib/libpebble.a(tmpH_NwXmpebble.o)
                0x000017d8                text_layer_set_text_color
 *(.rodata)
 .rodata        0x000017e4       0x10 src/log_clock.c.21.o
 *(.rodata*)
 .rodata.str1.1
                0x000017f4       0xcd src/log_clock.c.21.o

.glue_7         0x000018c4        0x0
 .glue_7        0x00000000        0x0 linker stubs

.glue_7t        0x000018c4        0x0
 .glue_7t       0x00000000        0x0 linker stubs

.vfp11_veneer   0x000018c4        0x0
 .vfp11_veneer  0x00000000        0x0 linker stubs

.v4_bx          0x000018c4        0x0
 .v4_bx         0x00000000        0x0 linker stubs

.iplt           0x000018c4        0x0
 .iplt          0x00000000        0x0 /home/jacko/pebble-dev/PebbleSDK/arm-cs-tools/bin/../lib/gcc/arm-none-eabi/4.7.3/thumb2/crtbegin.o

.rel.dyn        0x000018c4        0x0
 .rel.iplt      0x00000000        0x0 /home/jacko/pebble-dev/PebbleSDK/arm-cs-tools/bin/../lib/gcc/arm-none-eabi/4.7.3/thumb2/crtbegin.o

.data           0x000018c4       0x7e
 *(.data)
 .data          0x000018c4        0x0 /home/jacko/pebble-dev/PebbleSDK/arm-cs-tools/bin/../lib/gcc/arm-none-eabi/4.7.3/thumb2/crti.o
 .data          0x000018c4        0x4 /home/jacko/pebble-dev/PebbleSDK/arm-cs-tools/bin/../lib/gcc/arm-none-eabi/4.7.3/thumb2/crtbegin.o
                0x000018c4                __dso_handle
 .data          0x000018c8        0x0 src/log_clock.c.21.o
 .data          0x000018c8        0x0 basalt/appinfo.auto.c.21.o
 .data          0x000018c8        0x0 /home/jacko/pebble-dev/PebbleSDK/Pebble/basalt/lib/libpebble.a(tmpH_NwXmpebble.o)
 .data          0x000018c8        0x0 /home/jacko/pebble-dev/PebbleSDK/arm-cs-tools/bin/../lib/gcc/arm-none-eabi/4.7.3/thumb2/libgcc.a(_arm_addsubdf3.o)
 .data          0x000018c8        0x0 /home/jacko/pebble-dev/PebbleSDK/arm-cs-tools/bin/../lib/gcc/arm-none-eabi/4.7.3/thumb2/libgcc.a(_arm_muldivdf3.o)
 .data          0x000018c8        0x0 /home/jacko/pebble-dev/PebbleSDK/arm-cs-tools/bin/../lib/gcc/arm-none-eabi/4.7.3/thumb2/libgcc.a(_arm_cmpdf2.o)
 .data          0x000018c8        0x0 /home/jacko/pebble-dev/PebbleSDK/arm-cs-tools/bin/../lib/gcc/arm-none-eabi/4.7.3/thumb2/libgcc.a(_arm_fixdfsi.o)
 .data          0x000018c8        0x0 /home/jacko/pebble-dev/PebbleSDK/arm-cs-tools/bin/../lib/gcc/arm-none-eabi/4.7.3/thumb2/libgcc.a(_arm_truncdfsf2.o)
 .data          0x000018c8        0x0 /home/jacko/pebble-dev/PebbleSDK/arm-cs-tools/bin/../lib/gcc/arm-none-eabi/4.7.3/thumb2/libgcc.a(_arm_muldivsf3.o)
 .data          0x000018c8        0x0 /home/jacko/pebble-dev/PebbleSDK/arm-cs-tools/bin/../lib/gcc/arm-none-eabi/4.7.3/thumb2/crtend.o
 .data          0x000018c8        0x0 /home/jacko/pebble-dev/PebbleSDK/arm-cs-tools/bin/../lib/gcc/arm-none-eabi/4.7.3/thumb2/crtn.o
 *(.data.*)
 .data.s_2_text.6963
                0x000018c8        0xe src/log_clock.c.21.o
 .data.s_log_text.6960
                0x000018d6        0xe src/log_clock.c.21.o
 .data.s_atan_text.6961
                0x000018e4        0xe src/log_clock.c.21.o
 .data.vals     0x000018f2        0x4 src/log_clock.c.21.o
 .data.s_lat_text
                0x000018f6        0xe src/log_clock.c.21.o
 .data.s_lat_text2
                0x00001904        0xe src/log_clock.c.21.o
 .data.s_long_text
                0x00001912        0xe src/log_clock.c.21.o
 .data.s_time_text.6943
                0x00001920        0x6 src/log_clock.c.21.o
 .data.s_1_text.6962
                0x00001926        0xe src/log_clock.c.21.o
 .data.s_long_text2
                0x00001934        0xe src/log_clock.c.21.o

.igot.plt       0x00001944        0x0
 .igot.plt      0x00000000        0x0 /home/jacko/pebble-dev/PebbleSDK/arm-cs-tools/bin/../lib/gcc/arm-none-eabi/4.7.3/thumb2/crtbegin.o

.bss            0x00001944       0x28
 *(.bss)
 *(.bss.*)
 .bss.mod       0x00001944        0x4 src/log_clock.c.21.o
 .bss.window_layer
                0x00001948        0x4 src/log_clock.c.21.o
 .bss.s_atan_layer
                0x0000194c        0x4 src/log_clock.c.21.o
 .bss.s_main_window
                0x00001950        0x4 src/log_clock.c.21.o
 .bss.s_time_layer
                0x00001954        0x4 src/log_clock.c.21.o
 .bss.s_line_layer
                0x00001958        0x4 src/log_clock.c.21.o
 .bss.s_2_layer
                0x0000195c        0x4 src/log_clock.c.21.o
 .bss.s_1_layer
                0x00001960        0x4 src/log_clock.c.21.o
 .bss.s_log_layer
                0x00001964        0x4 src/log_clock.c.21.o
 .bss.s_0_layer
                0x00001968        0x4 src/log_clock.c.21.o

DISCARD
 libc.a(*)
 libm.a(*)
 libgcc.a(*)
 *(.eh_frame)
OUTPUT(/home/jacko/pebble-dev/examples/watchfaces/log_clock/build/basalt/pebble-app.elf elf32-littlearm)

.ARM.attributes
                0x00000000       0x27
 .ARM.attributes
                0x00000000       0x19 /home/jacko/pebble-dev/PebbleSDK/arm-cs-tools/bin/../lib/gcc/arm-none-eabi/4.7.3/thumb2/crti.o
 .ARM.attributes
                0x00000019       0x29 /home/jacko/pebble-dev/PebbleSDK/arm-cs-tools/bin/../lib/gcc/arm-none-eabi/4.7.3/thumb2/crtbegin.o
 .ARM.attributes
                0x00000042       0x33 src/log_clock.c.21.o
 .ARM.attributes
                0x00000075       0x33 basalt/appinfo.auto.c.21.o
 .ARM.attributes
                0x000000a8       0x21 /home/jacko/pebble-dev/PebbleSDK/Pebble/basalt/lib/libpebble.a(tmpH_NwXmpebble.o)
 .ARM.attributes
                0x000000c9       0x19 /home/jacko/pebble-dev/PebbleSDK/arm-cs-tools/bin/../lib/gcc/arm-none-eabi/4.7.3/thumb2/libgcc.a(_arm_addsubdf3.o)
 .ARM.attributes
                0x000000e2       0x19 /home/jacko/pebble-dev/PebbleSDK/arm-cs-tools/bin/../lib/gcc/arm-none-eabi/4.7.3/thumb2/libgcc.a(_arm_muldivdf3.o)
 .ARM.attributes
                0x000000fb       0x19 /home/jacko/pebble-dev/PebbleSDK/arm-cs-tools/bin/../lib/gcc/arm-none-eabi/4.7.3/thumb2/libgcc.a(_arm_cmpdf2.o)
 .ARM.attributes
                0x00000114       0x19 /home/jacko/pebble-dev/PebbleSDK/arm-cs-tools/bin/../lib/gcc/arm-none-eabi/4.7.3/thumb2/libgcc.a(_arm_fixdfsi.o)
 .ARM.attributes
                0x0000012d       0x19 /home/jacko/pebble-dev/PebbleSDK/arm-cs-tools/bin/../lib/gcc/arm-none-eabi/4.7.3/thumb2/libgcc.a(_arm_truncdfsf2.o)
 .ARM.attributes
                0x00000146       0x19 /home/jacko/pebble-dev/PebbleSDK/arm-cs-tools/bin/../lib/gcc/arm-none-eabi/4.7.3/thumb2/libgcc.a(_arm_muldivsf3.o)
 .ARM.attributes
                0x0000015f       0x29 /home/jacko/pebble-dev/PebbleSDK/arm-cs-tools/bin/../lib/gcc/arm-none-eabi/4.7.3/thumb2/crtend.o
 .ARM.attributes
                0x00000188       0x19 /home/jacko/pebble-dev/PebbleSDK/arm-cs-tools/bin/../lib/gcc/arm-none-eabi/4.7.3/thumb2/crtn.o

.comment        0x00000000       0x4e
 .comment       0x00000000       0x4e /home/jacko/pebble-dev/PebbleSDK/arm-cs-tools/bin/../lib/gcc/arm-none-eabi/4.7.3/thumb2/crtbegin.o
                                 0x4f (size before relaxing)
 .comment       0x00000000       0x4f src/log_clock.c.21.o
 .comment       0x00000000       0x4f basalt/appinfo.auto.c.21.o
 .comment       0x00000000       0x4f /home/jacko/pebble-dev/PebbleSDK/arm-cs-tools/bin/../lib/gcc/arm-none-eabi/4.7.3/thumb2/crtend.o

.debug_info     0x00000000     0x203c
 .debug_info    0x00000000     0x18cf src/log_clock.c.21.o
 .debug_info    0x000018cf      0x335 basalt/appinfo.auto.c.21.o
 .debug_info    0x00001c04       0xb4 /home/jacko/pebble-dev/PebbleSDK/arm-cs-tools/bin/../lib/gcc/arm-none-eabi/4.7.3/thumb2/libgcc.a(_arm_addsubdf3.o)
 .debug_info    0x00001cb8       0xb4 /home/jacko/pebble-dev/PebbleSDK/arm-cs-tools/bin/../lib/gcc/arm-none-eabi/4.7.3/thumb2/libgcc.a(_arm_muldivdf3.o)
 .debug_info    0x00001d6c       0xb4 /home/jacko/pebble-dev/PebbleSDK/arm-cs-tools/bin/../lib/gcc/arm-none-eabi/4.7.3/thumb2/libgcc.a(_arm_cmpdf2.o)
 .debug_info    0x00001e20       0xb4 /home/jacko/pebble-dev/PebbleSDK/arm-cs-tools/bin/../lib/gcc/arm-none-eabi/4.7.3/thumb2/libgcc.a(_arm_fixdfsi.o)
 .debug_info    0x00001ed4       0xb4 /home/jacko/pebble-dev/PebbleSDK/arm-cs-tools/bin/../lib/gcc/arm-none-eabi/4.7.3/thumb2/libgcc.a(_arm_truncdfsf2.o)
 .debug_info    0x00001f88       0xb4 /home/jacko/pebble-dev/PebbleSDK/arm-cs-tools/bin/../lib/gcc/arm-none-eabi/4.7.3/thumb2/libgcc.a(_arm_muldivsf3.o)

.debug_abbrev   0x00000000      0x537
 .debug_abbrev  0x00000000      0x421 src/log_clock.c.21.o
 .debug_abbrev  0x00000421       0x9e basalt/appinfo.auto.c.21.o
 .debug_abbrev  0x000004bf       0x14 /home/jacko/pebble-dev/PebbleSDK/arm-cs-tools/bin/../lib/gcc/arm-none-eabi/4.7.3/thumb2/libgcc.a(_arm_addsubdf3.o)
 .debug_abbrev  0x000004d3       0x14 /home/jacko/pebble-dev/PebbleSDK/arm-cs-tools/bin/../lib/gcc/arm-none-eabi/4.7.3/thumb2/libgcc.a(_arm_muldivdf3.o)
 .debug_abbrev  0x000004e7       0x14 /home/jacko/pebble-dev/PebbleSDK/arm-cs-tools/bin/../lib/gcc/arm-none-eabi/4.7.3/thumb2/libgcc.a(_arm_cmpdf2.o)
 .debug_abbrev  0x000004fb       0x14 /home/jacko/pebble-dev/PebbleSDK/arm-cs-tools/bin/../lib/gcc/arm-none-eabi/4.7.3/thumb2/libgcc.a(_arm_fixdfsi.o)
 .debug_abbrev  0x0000050f       0x14 /home/jacko/pebble-dev/PebbleSDK/arm-cs-tools/bin/../lib/gcc/arm-none-eabi/4.7.3/thumb2/libgcc.a(_arm_truncdfsf2.o)
 .debug_abbrev  0x00000523       0x14 /home/jacko/pebble-dev/PebbleSDK/arm-cs-tools/bin/../lib/gcc/arm-none-eabi/4.7.3/thumb2/libgcc.a(_arm_muldivsf3.o)

.debug_loc      0x00000000      0x924
 .debug_loc     0x00000000      0x924 src/log_clock.c.21.o

.debug_aranges  0x00000000      0x158
 .debug_aranges
                0x00000000       0x80 src/log_clock.c.21.o
 .debug_aranges
                0x00000080       0x18 basalt/appinfo.auto.c.21.o
 .debug_aranges
                0x00000098       0x20 /home/jacko/pebble-dev/PebbleSDK/arm-cs-tools/bin/../lib/gcc/arm-none-eabi/4.7.3/thumb2/libgcc.a(_arm_addsubdf3.o)
 .debug_aranges
                0x000000b8       0x20 /home/jacko/pebble-dev/PebbleSDK/arm-cs-tools/bin/../lib/gcc/arm-none-eabi/4.7.3/thumb2/libgcc.a(_arm_muldivdf3.o)
 .debug_aranges
                0x000000d8       0x20 /home/jacko/pebble-dev/PebbleSDK/arm-cs-tools/bin/../lib/gcc/arm-none-eabi/4.7.3/thumb2/libgcc.a(_arm_cmpdf2.o)
 .debug_aranges
                0x000000f8       0x20 /home/jacko/pebble-dev/PebbleSDK/arm-cs-tools/bin/../lib/gcc/arm-none-eabi/4.7.3/thumb2/libgcc.a(_arm_fixdfsi.o)
 .debug_aranges
                0x00000118       0x20 /home/jacko/pebble-dev/PebbleSDK/arm-cs-tools/bin/../lib/gcc/arm-none-eabi/4.7.3/thumb2/libgcc.a(_arm_truncdfsf2.o)
 .debug_aranges
                0x00000138       0x20 /home/jacko/pebble-dev/PebbleSDK/arm-cs-tools/bin/../lib/gcc/arm-none-eabi/4.7.3/thumb2/libgcc.a(_arm_muldivsf3.o)

.debug_ranges   0x00000000       0xd0
 .debug_ranges  0x00000000       0xd0 src/log_clock.c.21.o

.debug_line     0x00000000      0xd1f
 .debug_line    0x00000000      0x453 src/log_clock.c.21.o
 .debug_line    0x00000453      0x127 basalt/appinfo.auto.c.21.o
 .debug_line    0x0000057a      0x20a /home/jacko/pebble-dev/PebbleSDK/arm-cs-tools/bin/../lib/gcc/arm-none-eabi/4.7.3/thumb2/libgcc.a(_arm_addsubdf3.o)
 .debug_line    0x00000784      0x226 /home/jacko/pebble-dev/PebbleSDK/arm-cs-tools/bin/../lib/gcc/arm-none-eabi/4.7.3/thumb2/libgcc.a(_arm_muldivdf3.o)
 .debug_line    0x000009aa      0x10c /home/jacko/pebble-dev/PebbleSDK/arm-cs-tools/bin/../lib/gcc/arm-none-eabi/4.7.3/thumb2/libgcc.a(_arm_cmpdf2.o)
 .debug_line    0x00000ab6       0x86 /home/jacko/pebble-dev/PebbleSDK/arm-cs-tools/bin/../lib/gcc/arm-none-eabi/4.7.3/thumb2/libgcc.a(_arm_fixdfsi.o)
 .debug_line    0x00000b3c       0x9a /home/jacko/pebble-dev/PebbleSDK/arm-cs-tools/bin/../lib/gcc/arm-none-eabi/4.7.3/thumb2/libgcc.a(_arm_truncdfsf2.o)
 .debug_line    0x00000bd6      0x149 /home/jacko/pebble-dev/PebbleSDK/arm-cs-tools/bin/../lib/gcc/arm-none-eabi/4.7.3/thumb2/libgcc.a(_arm_muldivsf3.o)

.debug_str      0x00000000      0xdfe
 .debug_str     0x00000000      0xbad src/log_clock.c.21.o
                                0xc6a (size before relaxing)
 .debug_str     0x00000bad      0x251 basalt/appinfo.auto.c.21.o
                                0x351 (size before relaxing)

.debug_frame    0x00000000      0x184
 .debug_frame   0x00000000      0x184 src/log_clock.c.21.o
