Archive member included because of file (symbol)

/home/jacko/pebble-dev/PebbleSDK/Pebble/aplite/lib/libpebble.a(tmpvXKNpYpebble.o)
                              src/robomaze.c.13.o (app_event_loop)
/home/jacko/pebble-dev/PebbleSDK/arm-cs-tools/bin/../lib/gcc/arm-none-eabi/4.7.3/thumb2/libgcc.a(_arm_addsubdf3.o)
                              src/basik.c.13.o (__aeabi_dsub)
/home/jacko/pebble-dev/PebbleSDK/arm-cs-tools/bin/../lib/gcc/arm-none-eabi/4.7.3/thumb2/libgcc.a(_arm_muldivdf3.o)
                              src/basik.c.13.o (__aeabi_dmul)
/home/jacko/pebble-dev/PebbleSDK/arm-cs-tools/bin/../lib/gcc/arm-none-eabi/4.7.3/thumb2/libgcc.a(_arm_cmpdf2.o)
                              src/clock.c.13.o (__aeabi_dcmpeq)
/home/jacko/pebble-dev/PebbleSDK/arm-cs-tools/bin/../lib/gcc/arm-none-eabi/4.7.3/thumb2/libgcc.a(_arm_fixdfsi.o)
                              src/clock.c.13.o (__aeabi_d2iz)

Allocating common symbols
Common symbol       size              file

maze                0x435             src/robomaze.c.13.o
direction           0x1               src/game.c.13.o
score               0x4               src/game.c.13.o
level               0x4               src/game.c.13.o
buffer              0x8               src/display.c.13.o
hiscore             0x4               src/game.c.13.o
gAB                 0x1               src/game.c.13.o
con                 0x241             src/robomaze.c.13.o

Discarded input sections

 .text          0x00000000        0x0 /home/jacko/pebble-dev/PebbleSDK/arm-cs-tools/bin/../lib/gcc/arm-none-eabi/4.7.3/thumb2/crti.o
 .bss           0x00000000        0x0 /home/jacko/pebble-dev/PebbleSDK/arm-cs-tools/bin/../lib/gcc/arm-none-eabi/4.7.3/thumb2/crti.o
 .init          0x00000000        0x4 /home/jacko/pebble-dev/PebbleSDK/arm-cs-tools/bin/../lib/gcc/arm-none-eabi/4.7.3/thumb2/crti.o
 .fini          0x00000000        0x4 /home/jacko/pebble-dev/PebbleSDK/arm-cs-tools/bin/../lib/gcc/arm-none-eabi/4.7.3/thumb2/crti.o
 .text          0x00000000       0xc8 /home/jacko/pebble-dev/PebbleSDK/arm-cs-tools/bin/../lib/gcc/arm-none-eabi/4.7.3/thumb2/crtbegin.o
 .bss           0x00000000       0x1c /home/jacko/pebble-dev/PebbleSDK/arm-cs-tools/bin/../lib/gcc/arm-none-eabi/4.7.3/thumb2/crtbegin.o
 .init_array    0x00000000        0x4 /home/jacko/pebble-dev/PebbleSDK/arm-cs-tools/bin/../lib/gcc/arm-none-eabi/4.7.3/thumb2/crtbegin.o
 .fini_array    0x00000000        0x4 /home/jacko/pebble-dev/PebbleSDK/arm-cs-tools/bin/../lib/gcc/arm-none-eabi/4.7.3/thumb2/crtbegin.o
 .eh_frame      0x00000000        0x0 /home/jacko/pebble-dev/PebbleSDK/arm-cs-tools/bin/../lib/gcc/arm-none-eabi/4.7.3/thumb2/crtbegin.o
 .jcr           0x00000000        0x0 /home/jacko/pebble-dev/PebbleSDK/arm-cs-tools/bin/../lib/gcc/arm-none-eabi/4.7.3/thumb2/crtbegin.o
 .tm_clone_table
                0x00000000        0x0 /home/jacko/pebble-dev/PebbleSDK/arm-cs-tools/bin/../lib/gcc/arm-none-eabi/4.7.3/thumb2/crtbegin.o
 .text          0x00000000        0x0 src/basik.c.13.o
 .bss           0x00000000        0x0 src/basik.c.13.o
 .text          0x00000000        0x0 src/clock.c.13.o
 .bss           0x00000000        0x0 src/clock.c.13.o
 .text          0x00000000        0x0 src/display.c.13.o
 .bss           0x00000000        0x0 src/display.c.13.o
 .text.entry    0x00000000       0x54 src/display.c.13.o
 .text.valid    0x00000000       0x1c src/display.c.13.o
 .text          0x00000000        0x0 src/game.c.13.o
 .bss           0x00000000        0x0 src/game.c.13.o
 .text          0x00000000        0x0 src/robomaze.c.13.o
 .bss           0x00000000        0x0 src/robomaze.c.13.o
 .text          0x00000000        0x0 aplite/appinfo.auto.c.13.o
 .bss           0x00000000        0x0 aplite/appinfo.auto.c.13.o
 .bss           0x00000000        0x0 /home/jacko/pebble-dev/PebbleSDK/Pebble/aplite/lib/libpebble.a(tmpvXKNpYpebble.o)
 .text.accel_data_service_subscribe__deprecated
                0x00000000        0xc /home/jacko/pebble-dev/PebbleSDK/Pebble/aplite/lib/libpebble.a(tmpvXKNpYpebble.o)
 .text.accel_data_service_unsubscribe
                0x00000000        0xc /home/jacko/pebble-dev/PebbleSDK/Pebble/aplite/lib/libpebble.a(tmpvXKNpYpebble.o)
 .text.accel_service_peek
                0x00000000        0xc /home/jacko/pebble-dev/PebbleSDK/Pebble/aplite/lib/libpebble.a(tmpvXKNpYpebble.o)
 .text.accel_service_set_samples_per_update
                0x00000000        0xc /home/jacko/pebble-dev/PebbleSDK/Pebble/aplite/lib/libpebble.a(tmpvXKNpYpebble.o)
 .text.accel_service_set_sampling_rate
                0x00000000        0xc /home/jacko/pebble-dev/PebbleSDK/Pebble/aplite/lib/libpebble.a(tmpvXKNpYpebble.o)
 .text.accel_tap_service_subscribe
                0x00000000        0xc /home/jacko/pebble-dev/PebbleSDK/Pebble/aplite/lib/libpebble.a(tmpvXKNpYpebble.o)
 .text.accel_tap_service_unsubscribe
                0x00000000        0xc /home/jacko/pebble-dev/PebbleSDK/Pebble/aplite/lib/libpebble.a(tmpvXKNpYpebble.o)
[...]
Memory Configuration

Name             Origin             Length             Attributes
APP              0x00000000         0x00006000         xrw
*default*        0x00000000         0xffffffff

Linker script and memory map

LOAD /home/jacko/pebble-dev/PebbleSDK/arm-cs-tools/bin/../lib/gcc/arm-none-eabi/4.7.3/thumb2/crti.o
LOAD /home/jacko/pebble-dev/PebbleSDK/arm-cs-tools/bin/../lib/gcc/arm-none-eabi/4.7.3/thumb2/crtbegin.o
LOAD src/basik.c.13.o
LOAD src/clock.c.13.o
LOAD src/display.c.13.o
LOAD src/game.c.13.o
LOAD src/robomaze.c.13.o
LOAD aplite/appinfo.auto.c.13.o
LOAD /home/jacko/pebble-dev/PebbleSDK/Pebble/aplite/lib/libpebble.a
START GROUP
LOAD /home/jacko/pebble-dev/PebbleSDK/arm-cs-tools/bin/../lib/gcc/arm-none-eabi/4.7.3/thumb2/libgcc.a
LOAD /home/jacko/pebble-dev/PebbleSDK/arm-cs-tools/bin/../lib/gcc/arm-none-eabi/4.7.3/../../../../arm-none-eabi/lib/thumb2/libc.a
END GROUP
LOAD /home/jacko/pebble-dev/PebbleSDK/arm-cs-tools/bin/../lib/gcc/arm-none-eabi/4.7.3/thumb2/crtend.o
LOAD /home/jacko/pebble-dev/PebbleSDK/arm-cs-tools/bin/../lib/gcc/arm-none-eabi/4.7.3/thumb2/crtn.o

.header         0x00000000       0x82
 *(.pbl_header)
 .pbl_header    0x00000000       0x82 aplite/appinfo.auto.c.13.o
                0x00000000                __pbl_app_info

.note.gnu.build-id
                0x00000082       0x26
                0x00000082                PROVIDE (BUILD_ID, .)
 *(.note.gnu.build-id)
 *fill*         0x00000082        0x2 
 .note.gnu.build-id
                0x00000084       0x24 linker stubs

.text           0x000000a8     0x2e12
 *(.text)
 .text          0x000000a8       0x14 /home/jacko/pebble-dev/PebbleSDK/Pebble/aplite/lib/libpebble.a(tmpvXKNpYpebble.o)
 .text          0x000000bc      0x370 /home/jacko/pebble-dev/PebbleSDK/arm-cs-tools/bin/../lib/gcc/arm-none-eabi/4.7.3/thumb2/libgcc.a(_arm_addsubdf3.o)
                0x000000bc                __aeabi_drsub
                0x000000c4                __aeabi_dsub
                0x000000c4                __subdf3
                0x000000c8                __adddf3
                0x000000c8                __aeabi_dadd
                0x00000340                __aeabi_ui2d
                0x00000340                __floatunsidf
                0x00000360                __floatsidf
                0x00000360                __aeabi_i2d
                0x00000384                __extendsfdf2
                0x00000384                __aeabi_f2d
                0x000003c0                __aeabi_ul2d
                0x000003c0                __floatundidf
                0x000003d0                __floatdidf
                0x000003d0                __aeabi_l2d
 .text          0x0000042c      0x424 /home/jacko/pebble-dev/PebbleSDK/arm-cs-tools/bin/../lib/gcc/arm-none-eabi/4.7.3/thumb2/libgcc.a(_arm_muldivdf3.o)
                0x0000042c                __aeabi_dmul
                0x0000042c                __muldf3
                0x00000680                __aeabi_ddiv
                0x00000680                __divdf3
 .text          0x00000850      0x110 /home/jacko/pebble-dev/PebbleSDK/arm-cs-tools/bin/../lib/gcc/arm-none-eabi/4.7.3/thumb2/libgcc.a(_arm_cmpdf2.o)
                0x00000850                __gtdf2
                0x00000850                __gedf2
                0x00000858                __ltdf2
                0x00000858                __ledf2
                0x00000860                __cmpdf2
                0x00000860                __eqdf2
                0x00000860                __nedf2
                0x000008dc                __aeabi_cdrcmple
                0x000008ec                __aeabi_cdcmple
                0x000008ec                __aeabi_cdcmpeq
                0x000008fc                __aeabi_dcmpeq
                0x00000910                __aeabi_dcmplt
                0x00000924                __aeabi_dcmple
                0x00000938                __aeabi_dcmpge
                0x0000094c                __aeabi_dcmpgt
 .text          0x00000960       0x50 /home/jacko/pebble-dev/PebbleSDK/arm-cs-tools/bin/../lib/gcc/arm-none-eabi/4.7.3/thumb2/libgcc.a(_arm_fixdfsi.o)
                0x00000960                __fixdfsi
                0x00000960                __aeabi_d2iz
 *(.text.*)
 .text.load_basik
                0x000009b0       0x50 src/basik.c.13.o
                0x000009b0                load_basik
 .text.save_basik
                0x00000a00       0x48 src/basik.c.13.o
                0x00000a00                save_basik
 .text.tick_basik
                0x00000a48        0x2 src/basik.c.13.o
                0x00000a48                tick_basik
 .text.click_basik
                0x00000a4a        0x2 src/basik.c.13.o
                0x00000a4a                click_basik
 *fill*         0x00000a4c        0x4 
 .text.click_value
                0x00000a50      0x168 src/basik.c.13.o
                0x00000a50                click_value
 .text.reset_sw
                0x00000bb8       0x34 src/clock.c.13.o
 .text.draw_dp  0x00000bec       0x4c src/clock.c.13.o
 .text.draw     0x00000c38       0x98 src/clock.c.13.o
 .text.tock     0x00000cd0       0xae src/clock.c.13.o
 *fill*         0x00000d7e        0x2 
 .text.printint
                0x00000d80       0x64 src/clock.c.13.o
 *fill*         0x00000de4        0x4 
 .text.printreal
                0x00000de8      0x2e8 src/clock.c.13.o
 .text.save_clock
                0x000010d0       0x54 src/clock.c.13.o
                0x000010d0                save_clock
 .text.show_lvl
                0x00001124       0x20 src/clock.c.13.o
                0x00001124                show_lvl
 .text.tick_clock
                0x00001144      0x2d8 src/clock.c.13.o
                0x00001144                tick_clock
 .text.load_clock
                0x0000141c      0x144 src/clock.c.13.o
                0x0000141c                load_clock
 .text.click_clock
                0x00001560      0x108 src/clock.c.13.o
                0x00001560                click_clock
 .text.changed  0x00001668       0x8c src/display.c.13.o
 .text.get_at   0x000016f4      0x108 src/display.c.13.o
                0x000016f4                get_at
 .text.click_display
                0x000017fc      0x104 src/display.c.13.o
                0x000017fc                click_display
 .text.delay    0x00001900       0x50 src/game.c.13.o
 .text.evaluate
                0x00001950       0x48 src/game.c.13.o
 .text.activechaf
                0x00001998       0xa4 src/game.c.13.o
 .text.processmaze
                0x00001a3c       0x7c src/game.c.13.o
 .text.drawmaze
                0x00001ab8       0x7c src/game.c.13.o
 .text.xpand    0x00001b34       0x54 src/game.c.13.o
 .text.loadwall
                0x00001b88       0x58 src/game.c.13.o
 .text.loadchaf
                0x00001be0       0x40 src/game.c.13.o
 .text.makechar
                0x00001c20       0x98 src/game.c.13.o
 .text.reset    0x00001cb8       0x64 src/game.c.13.o
 .text.account  0x00001d1c       0x30 src/game.c.13.o
 .text.destroywall
                0x00001d4c       0xc4 src/game.c.13.o
 .text.makemaze
                0x00001e10       0x4c src/game.c.13.o
 .text.xydxy.isra.0
                0x00001e5c       0x16 src/game.c.13.o
 *fill*         0x00001e72        0x2 
 .text.drawchars
                0x00001e74       0x90 src/game.c.13.o
 .text.ready    0x00001f04       0x40 src/game.c.13.o
 .text.move     0x00001f44       0xec src/game.c.13.o
 .text.tick     0x00002030       0x10 src/game.c.13.o
                0x00002030                tick
 .text.click    0x00002040       0x40 src/game.c.13.o
                0x00002040                click
 .text.load     0x00002080      0x150 src/game.c.13.o
                0x00002080                load
 .text.save     0x000021d0      0x16c src/game.c.13.o
                0x000021d0                save
 .text.respond  0x0000233c      0x108 src/game.c.13.o
 .text.main_window_unload
                0x00002444       0x5c src/robomaze.c.13.o
 .text.main_window_load
                0x000024a0      0x278 src/robomaze.c.13.o
 .text.config_provider
                0x00002718       0x5c src/robomaze.c.13.o
 .text.get_map  0x00002774       0x40 src/robomaze.c.13.o
                0x00002774                get_map
 .text.put_map  0x000027b4       0x58 src/robomaze.c.13.o
                0x000027b4                put_map
 .text.layer_draw
                0x0000280c      0x244 src/robomaze.c.13.o
 .text.mark_dirty
                0x00002a50       0x54 src/robomaze.c.13.o
                0x00002a50                mark_dirty
 .text.handle_second_tick
                0x00002aa4       0x58 src/robomaze.c.13.o
 .text.clicks   0x00002afc       0x78 src/robomaze.c.13.o
 .text.long_click_handler
                0x00002b74        0x6 src/robomaze.c.13.o
 .text.single_click_handler
                0x00002b7a        0x6 src/robomaze.c.13.o
 .text.startup.main
                0x00002b80       0x68 src/robomaze.c.13.o
                0x00002b80                main
 .text.app_event_loop
                0x00002be8        0xc /home/jacko/pebble-dev/PebbleSDK/Pebble/aplite/lib/libpebble.a(tmpvXKNpYpebble.o)
                0x00002be8                app_event_loop
 .text.click_recognizer_get_button_id
                0x00002bf4        0xc /home/jacko/pebble-dev/PebbleSDK/Pebble/aplite/lib/libpebble.a(tmpvXKNpYpebble.o)
                0x00002bf4                click_recognizer_get_button_id
 .text.clock_is_24h_style
                0x00002c00        0xc /home/jacko/pebble-dev/PebbleSDK/Pebble/aplite/lib/libpebble.a(tmpvXKNpYpebble.o)
                0x00002c00                clock_is_24h_style
 .text.gbitmap_create_as_sub_bitmap
                0x00002c0c        0xc /home/jacko/pebble-dev/PebbleSDK/Pebble/aplite/lib/libpebble.a(tmpvXKNpYpebble.o)
                0x00002c0c                gbitmap_create_as_sub_bitmap
 .text.gbitmap_create_with_resource
                0x00002c18        0xc /home/jacko/pebble-dev/PebbleSDK/Pebble/aplite/lib/libpebble.a(tmpvXKNpYpebble.o)
                0x00002c18                gbitmap_create_with_resource
 .text.gbitmap_destroy
                0x00002c24        0xc /home/jacko/pebble-dev/PebbleSDK/Pebble/aplite/lib/libpebble.a(tmpvXKNpYpebble.o)
                0x00002c24                gbitmap_destroy
 .text.graphics_context_set_fill_color
                0x00002c30        0xc /home/jacko/pebble-dev/PebbleSDK/Pebble/aplite/lib/libpebble.a(tmpvXKNpYpebble.o)
                0x00002c30                graphics_context_set_fill_color
 .text.graphics_draw_bitmap_in_rect
                0x00002c3c        0xc /home/jacko/pebble-dev/PebbleSDK/Pebble/aplite/lib/libpebble.a(tmpvXKNpYpebble.o)
                0x00002c3c                graphics_draw_bitmap_in_rect
 .text.graphics_fill_rect
                0x00002c48        0xc /home/jacko/pebble-dev/PebbleSDK/Pebble/aplite/lib/libpebble.a(tmpvXKNpYpebble.o)
                0x00002c48                graphics_fill_rect
 .text.layer_add_child
                0x00002c54        0xc /home/jacko/pebble-dev/PebbleSDK/Pebble/aplite/lib/libpebble.a(tmpvXKNpYpebble.o)
                0x00002c54                layer_add_child
 .text.layer_create
                0x00002c60        0xc /home/jacko/pebble-dev/PebbleSDK/Pebble/aplite/lib/libpebble.a(tmpvXKNpYpebble.o)
                0x00002c60                layer_create
 .text.layer_destroy
                0x00002c6c        0xc /home/jacko/pebble-dev/PebbleSDK/Pebble/aplite/lib/libpebble.a(tmpvXKNpYpebble.o)
                0x00002c6c                layer_destroy
 .text.layer_get_bounds
                0x00002c78        0xc /home/jacko/pebble-dev/PebbleSDK/Pebble/aplite/lib/libpebble.a(tmpvXKNpYpebble.o)
                0x00002c78                layer_get_bounds
 .text.layer_mark_dirty
                0x00002c84        0xc /home/jacko/pebble-dev/PebbleSDK/Pebble/aplite/lib/libpebble.a(tmpvXKNpYpebble.o)
                0x00002c84                layer_mark_dirty
 .text.layer_set_bounds
                0x00002c90        0xc /home/jacko/pebble-dev/PebbleSDK/Pebble/aplite/lib/libpebble.a(tmpvXKNpYpebble.o)
                0x00002c90                layer_set_bounds
 .text.layer_set_update_proc
                0x00002c9c        0xc /home/jacko/pebble-dev/PebbleSDK/Pebble/aplite/lib/libpebble.a(tmpvXKNpYpebble.o)
                0x00002c9c                layer_set_update_proc
 .text.localtime
                0x00002ca8        0xc /home/jacko/pebble-dev/PebbleSDK/Pebble/aplite/lib/libpebble.a(tmpvXKNpYpebble.o)
                0x00002ca8                localtime
 .text.memset   0x00002cb4        0xc /home/jacko/pebble-dev/PebbleSDK/Pebble/aplite/lib/libpebble.a(tmpvXKNpYpebble.o)
                0x00002cb4                memset
 .text.persist_exists
                0x00002cc0        0xc /home/jacko/pebble-dev/PebbleSDK/Pebble/aplite/lib/libpebble.a(tmpvXKNpYpebble.o)
                0x00002cc0                persist_exists
 .text.persist_read_bool
                0x00002ccc        0xc /home/jacko/pebble-dev/PebbleSDK/Pebble/aplite/lib/libpebble.a(tmpvXKNpYpebble.o)
                0x00002ccc                persist_read_bool
 .text.persist_read_int
                0x00002cd8        0xc /home/jacko/pebble-dev/PebbleSDK/Pebble/aplite/lib/libpebble.a(tmpvXKNpYpebble.o)
                0x00002cd8                persist_read_int
 .text.persist_write_bool
                0x00002ce4        0xc /home/jacko/pebble-dev/PebbleSDK/Pebble/aplite/lib/libpebble.a(tmpvXKNpYpebble.o)
                0x00002ce4                persist_write_bool
 .text.persist_write_int
                0x00002cf0        0xc /home/jacko/pebble-dev/PebbleSDK/Pebble/aplite/lib/libpebble.a(tmpvXKNpYpebble.o)
                0x00002cf0                persist_write_int
 .text.rand     0x00002cfc        0xc /home/jacko/pebble-dev/PebbleSDK/Pebble/aplite/lib/libpebble.a(tmpvXKNpYpebble.o)
                0x00002cfc                rand
 .text.srand    0x00002d08        0xc /home/jacko/pebble-dev/PebbleSDK/Pebble/aplite/lib/libpebble.a(tmpvXKNpYpebble.o)
                0x00002d08                srand
 .text.tick_timer_service_subscribe
                0x00002d14        0xc /home/jacko/pebble-dev/PebbleSDK/Pebble/aplite/lib/libpebble.a(tmpvXKNpYpebble.o)
                0x00002d14                tick_timer_service_subscribe
 .text.time     0x00002d20        0xc /home/jacko/pebble-dev/PebbleSDK/Pebble/aplite/lib/libpebble.a(tmpvXKNpYpebble.o)
                0x00002d20                time
 .text.window_create
                0x00002d2c        0xc /home/jacko/pebble-dev/PebbleSDK/Pebble/aplite/lib/libpebble.a(tmpvXKNpYpebble.o)
                0x00002d2c                window_create
 .text.window_destroy
                0x00002d38        0xc /home/jacko/pebble-dev/PebbleSDK/Pebble/aplite/lib/libpebble.a(tmpvXKNpYpebble.o)
                0x00002d38                window_destroy
 .text.window_get_root_layer
                0x00002d44        0xc /home/jacko/pebble-dev/PebbleSDK/Pebble/aplite/lib/libpebble.a(tmpvXKNpYpebble.o)
                0x00002d44                window_get_root_layer
 .text.window_set_click_config_provider
                0x00002d50        0xc /home/jacko/pebble-dev/PebbleSDK/Pebble/aplite/lib/libpebble.a(tmpvXKNpYpebble.o)
                0x00002d50                window_set_click_config_provider
 .text.window_set_fullscreen
                0x00002d5c        0xc /home/jacko/pebble-dev/PebbleSDK/Pebble/aplite/lib/libpebble.a(tmpvXKNpYpebble.o)
                0x00002d5c                window_set_fullscreen
 .text.window_set_window_handlers
                0x00002d68        0xc /home/jacko/pebble-dev/PebbleSDK/Pebble/aplite/lib/libpebble.a(tmpvXKNpYpebble.o)
                0x00002d68                window_set_window_handlers
 .text.window_stack_push
                0x00002d74        0xc /home/jacko/pebble-dev/PebbleSDK/Pebble/aplite/lib/libpebble.a(tmpvXKNpYpebble.o)
                0x00002d74                window_stack_push
 .text.window_long_click_subscribe
                0x00002d80        0xc /home/jacko/pebble-dev/PebbleSDK/Pebble/aplite/lib/libpebble.a(tmpvXKNpYpebble.o)
                0x00002d80                window_long_click_subscribe
 .text.window_single_click_subscribe
                0x00002d8c        0xc /home/jacko/pebble-dev/PebbleSDK/Pebble/aplite/lib/libpebble.a(tmpvXKNpYpebble.o)
                0x00002d8c                window_single_click_subscribe
 .text.persist_read_data
                0x00002d98        0xc /home/jacko/pebble-dev/PebbleSDK/Pebble/aplite/lib/libpebble.a(tmpvXKNpYpebble.o)
                0x00002d98                persist_read_data
 .text.persist_write_data
                0x00002da4        0xc /home/jacko/pebble-dev/PebbleSDK/Pebble/aplite/lib/libpebble.a(tmpvXKNpYpebble.o)
                0x00002da4                persist_write_data
 *(.rodata)
 .rodata        0x00002db0       0x18 src/robomaze.c.13.o
 *(.rodata*)
 .rodata.delays
                0x00002dc8        0x7 src/clock.c.13.o
 .rodata.days   0x00002dcf       0x39 src/clock.c.13.o
 .rodata.pics   0x00002e08       0x42 src/clock.c.13.o
 .rodata.keys   0x00002e4a        0x7 src/clock.c.13.o
 .rodata.specials
                0x00002e51        0x8 src/display.c.13.o
 .rodata.doubles
                0x00002e59       0x28 src/display.c.13.o
 .rodata.defis  0x00002e81        0x8 src/game.c.13.o
 .rodata.offset
                0x00002e89        0x4 src/game.c.13.o
 .rodata.dir    0x00002e8d        0x5 src/game.c.13.o
 .rodata.orders
                0x00002e92       0x10 src/game.c.13.o
 .rodata.dxy    0x00002ea2        0x4 src/game.c.13.o
 .rodata.defchar
                0x00002ea6       0x14 src/game.c.13.o

.glue_7         0x00002ebc        0x0
 .glue_7        0x00000000        0x0 linker stubs

.glue_7t        0x00002ebc        0x0
 .glue_7t       0x00000000        0x0 linker stubs

.vfp11_veneer   0x00002ebc        0x0
 .vfp11_veneer  0x00000000        0x0 linker stubs

.v4_bx          0x00002ebc        0x0
 .v4_bx         0x00000000        0x0 linker stubs

.iplt           0x00002ebc        0x0
 .iplt          0x00000000        0x0 /home/jacko/pebble-dev/PebbleSDK/arm-cs-tools/bin/../lib/gcc/arm-none-eabi/4.7.3/thumb2/crtbegin.o

.rel.dyn        0x00002ebc        0x0
 .rel.iplt      0x00000000        0x0 /home/jacko/pebble-dev/PebbleSDK/arm-cs-tools/bin/../lib/gcc/arm-none-eabi/4.7.3/thumb2/crtbegin.o
 .rel.got       0x00000000        0x0 /home/jacko/pebble-dev/PebbleSDK/arm-cs-tools/bin/../lib/gcc/arm-none-eabi/4.7.3/thumb2/crtbegin.o

.data           0x00002ebc       0x38
 *(.data)
 .data          0x00002ebc        0x0 /home/jacko/pebble-dev/PebbleSDK/arm-cs-tools/bin/../lib/gcc/arm-none-eabi/4.7.3/thumb2/crti.o
 .data          0x00002ebc        0x4 /home/jacko/pebble-dev/PebbleSDK/arm-cs-tools/bin/../lib/gcc/arm-none-eabi/4.7.3/thumb2/crtbegin.o
                0x00002ebc                __dso_handle
 .data          0x00002ec0        0x0 src/basik.c.13.o
 .data          0x00002ec0        0x0 src/clock.c.13.o
 .data          0x00002ec0        0x0 src/display.c.13.o
 .data          0x00002ec0        0x0 src/game.c.13.o
 .data          0x00002ec0        0x0 src/robomaze.c.13.o
 .data          0x00002ec0        0x0 aplite/appinfo.auto.c.13.o
 .data          0x00002ec0        0x0 /home/jacko/pebble-dev/PebbleSDK/Pebble/aplite/lib/libpebble.a(tmpvXKNpYpebble.o)
 .data          0x00002ec0        0x0 /home/jacko/pebble-dev/PebbleSDK/arm-cs-tools/bin/../lib/gcc/arm-none-eabi/4.7.3/thumb2/libgcc.a(_arm_addsubdf3.o)
 .data          0x00002ec0        0x0 /home/jacko/pebble-dev/PebbleSDK/arm-cs-tools/bin/../lib/gcc/arm-none-eabi/4.7.3/thumb2/libgcc.a(_arm_muldivdf3.o)
 .data          0x00002ec0        0x0 /home/jacko/pebble-dev/PebbleSDK/arm-cs-tools/bin/../lib/gcc/arm-none-eabi/4.7.3/thumb2/libgcc.a(_arm_cmpdf2.o)
 .data          0x00002ec0        0x0 /home/jacko/pebble-dev/PebbleSDK/arm-cs-tools/bin/../lib/gcc/arm-none-eabi/4.7.3/thumb2/libgcc.a(_arm_fixdfsi.o)
 .data          0x00002ec0        0x0 /home/jacko/pebble-dev/PebbleSDK/arm-cs-tools/bin/../lib/gcc/arm-none-eabi/4.7.3/thumb2/crtend.o
 .data          0x00002ec0        0x0 /home/jacko/pebble-dev/PebbleSDK/arm-cs-tools/bin/../lib/gcc/arm-none-eabi/4.7.3/thumb2/crtn.o
 *(.data.*)
 .data.selector
                0x00002ec0        0x4 src/display.c.13.o
                0x00002ec0                selector
 .data.rel.local.state
                0x00002ec4        0x4 src/game.c.13.o
 .data.rel.local.oldstate
                0x00002ec8        0x4 src/game.c.13.o
 .data.rel.ro.local.fn
                0x00002ecc       0x28 src/game.c.13.o

.igot.plt       0x00002ef4        0x0
 .igot.plt      0x00000000        0x0 /home/jacko/pebble-dev/PebbleSDK/arm-cs-tools/bin/../lib/gcc/arm-none-eabi/4.7.3/thumb2/crtbegin.o

.got            0x00002ef4       0x38
 .got           0x00002ef4       0x38 /home/jacko/pebble-dev/PebbleSDK/arm-cs-tools/bin/../lib/gcc/arm-none-eabi/4.7.3/thumb2/crtbegin.o

.got.plt        0x00002f2c        0xc
 .got.plt       0x00002f2c        0xc /home/jacko/pebble-dev/PebbleSDK/arm-cs-tools/bin/../lib/gcc/arm-none-eabi/4.7.3/thumb2/crtbegin.o
                0x00002f2c                _GLOBAL_OFFSET_TABLE_

.bss            0x00002f38      0x943
 *(.bss)
 *(.bss.*)
 .bss.expo      0x00002f38        0x1 src/basik.c.13.o
 *fill*         0x00002f39        0x7 
 .bss.xx        0x00002f40        0x8 src/basik.c.13.o
 .bss.value     0x00002f48        0x8 src/basik.c.13.o
                0x00002f48                value
 .bss.error     0x00002f50        0x1 src/basik.c.13.o
                0x00002f50                error
 .bss.hold      0x00002f51        0x1 src/basik.c.13.o
 *fill*         0x00002f52        0x2 
 .bss.reg       0x00002f54       0x2c src/clock.c.13.o
 .bss.clickback
                0x00002f80        0x1 src/clock.c.13.o
 *fill*         0x00002f81        0x1 
 .bss.sw_butt   0x00002f82        0x2 src/clock.c.13.o
 .bss.dp        0x00002f84        0x1 src/clock.c.13.o
                0x00002f84                dp
 .bss.button_sec
                0x00002f85        0x1 src/clock.c.13.o
 .bss.mode      0x00002f86        0x1 src/clock.c.13.o
                0x00002f86                mode
 *fill*         0x00002f87        0x1 
 .bss.lap       0x00002f88       0x2c src/clock.c.13.o
 .bss.vidmode   0x00002fb4        0x1 src/display.c.13.o
                0x00002fb4                vidmode
 *fill*         0x00002fb5        0x3 
 .bss.cur       0x00002fb8        0x4 src/display.c.13.o
 .bss.pause     0x00002fbc        0x1 src/game.c.13.o
                0x00002fbc                pause
 .bss.ting      0x00002fbd       0x28 src/game.c.13.o
 *fill*         0x00002fe5        0x1 
 .bss.chaf      0x00002fe6       0x20 src/game.c.13.o
 .bss.success   0x00003006        0x1 src/game.c.13.o
 *fill*         0x00003007        0x1 
 .bss.countdown
                0x00003008        0x4 src/game.c.13.o
 .bss.compact   0x0000300c       0x3e src/game.c.13.o
 *fill*         0x0000304a        0x2 
 .bss.layer     0x0000304c        0x4 src/robomaze.c.13.o
 .bss.char_gfx  0x00003050      0x10c src/robomaze.c.13.o
 .bss.last      0x0000315c        0x1 src/robomaze.c.13.o
 *fill*         0x0000315d        0x3 
 .bss.seconds   0x00003160        0x4 src/robomaze.c.13.o
                0x00003160                seconds
 .bss.ticks     0x00003164        0x4 src/robomaze.c.13.o
 .bss.map       0x00003168        0x4 src/robomaze.c.13.o
 .bss.maze_gfx  0x0000316c       0x7c src/robomaze.c.13.o
 .bss.s_main_window
                0x000031e8        0x4 src/robomaze.c.13.o
 COMMON         0x000031ec        0x8 src/display.c.13.o
                0x000031ec                buffer
 COMMON         0x000031f4       0x11 src/game.c.13.o
                0x000031f4                direction
                0x000031f8                score
                0x000031fc                level
                0x00003200                hiscore
                0x00003204                gAB
 COMMON         0x00003205      0x676 src/robomaze.c.13.o
                0x00003205                maze
                0x0000363a                con

DISCARD
 libc.a(*)
 libm.a(*)
 libgcc.a(*)
 *(.eh_frame)
OUTPUT(/home/jacko/pebble-dev/examples/watchapps/RoboMaze/build/aplite/pebble-app.elf elf32-littlearm)

.ARM.attributes
                0x00000000       0x27
 .ARM.attributes
                0x00000000       0x19 /home/jacko/pebble-dev/PebbleSDK/arm-cs-tools/bin/../lib/gcc/arm-none-eabi/4.7.3/thumb2/crti.o
 .ARM.attributes
                0x00000019       0x29 /home/jacko/pebble-dev/PebbleSDK/arm-cs-tools/bin/../lib/gcc/arm-none-eabi/4.7.3/thumb2/crtbegin.o
 .ARM.attributes
                0x00000042       0x33 src/basik.c.13.o
 .ARM.attributes
                0x00000075       0x33 src/clock.c.13.o
 .ARM.attributes
                0x000000a8       0x33 src/display.c.13.o
 .ARM.attributes
                0x000000db       0x33 src/game.c.13.o
 .ARM.attributes
                0x0000010e       0x33 src/robomaze.c.13.o
 .ARM.attributes
                0x00000141       0x33 aplite/appinfo.auto.c.13.o
 .ARM.attributes
                0x00000174       0x21 /home/jacko/pebble-dev/PebbleSDK/Pebble/aplite/lib/libpebble.a(tmpvXKNpYpebble.o)
 .ARM.attributes
                0x00000195       0x19 /home/jacko/pebble-dev/PebbleSDK/arm-cs-tools/bin/../lib/gcc/arm-none-eabi/4.7.3/thumb2/libgcc.a(_arm_addsubdf3.o)
 .ARM.attributes
                0x000001ae       0x19 /home/jacko/pebble-dev/PebbleSDK/arm-cs-tools/bin/../lib/gcc/arm-none-eabi/4.7.3/thumb2/libgcc.a(_arm_muldivdf3.o)
 .ARM.attributes
                0x000001c7       0x19 /home/jacko/pebble-dev/PebbleSDK/arm-cs-tools/bin/../lib/gcc/arm-none-eabi/4.7.3/thumb2/libgcc.a(_arm_cmpdf2.o)
 .ARM.attributes
                0x000001e0       0x19 /home/jacko/pebble-dev/PebbleSDK/arm-cs-tools/bin/../lib/gcc/arm-none-eabi/4.7.3/thumb2/libgcc.a(_arm_fixdfsi.o)
 .ARM.attributes
                0x000001f9       0x29 /home/jacko/pebble-dev/PebbleSDK/arm-cs-tools/bin/../lib/gcc/arm-none-eabi/4.7.3/thumb2/crtend.o
 .ARM.attributes
                0x00000222       0x19 /home/jacko/pebble-dev/PebbleSDK/arm-cs-tools/bin/../lib/gcc/arm-none-eabi/4.7.3/thumb2/crtn.o

.comment        0x00000000       0x4e
 .comment       0x00000000       0x4e /home/jacko/pebble-dev/PebbleSDK/arm-cs-tools/bin/../lib/gcc/arm-none-eabi/4.7.3/thumb2/crtbegin.o
                                 0x4f (size before relaxing)
 .comment       0x00000000       0x4f src/basik.c.13.o
 .comment       0x00000000       0x4f src/clock.c.13.o
 .comment       0x00000000       0x4f src/display.c.13.o
 .comment       0x00000000       0x4f src/game.c.13.o
 .comment       0x00000000       0x4f src/robomaze.c.13.o
 .comment       0x00000000       0x4f aplite/appinfo.auto.c.13.o
 .comment       0x00000000       0x4f /home/jacko/pebble-dev/PebbleSDK/arm-cs-tools/bin/../lib/gcc/arm-none-eabi/4.7.3/thumb2/crtend.o

.debug_info     0x00000000     0x4113
 .debug_info    0x00000000      0x3cd src/basik.c.13.o
 .debug_info    0x000003cd      0xd69 src/clock.c.13.o
 .debug_info    0x00001136      0x30d src/display.c.13.o
 .debug_info    0x00001443     0x1215 src/game.c.13.o
 .debug_info    0x00002658     0x14de src/robomaze.c.13.o
 .debug_info    0x00003b36      0x30d aplite/appinfo.auto.c.13.o
 .debug_info    0x00003e43       0xb4 /home/jacko/pebble-dev/PebbleSDK/arm-cs-tools/bin/../lib/gcc/arm-none-eabi/4.7.3/thumb2/libgcc.a(_arm_addsubdf3.o)
 .debug_info    0x00003ef7       0xb4 /home/jacko/pebble-dev/PebbleSDK/arm-cs-tools/bin/../lib/gcc/arm-none-eabi/4.7.3/thumb2/libgcc.a(_arm_muldivdf3.o)
 .debug_info    0x00003fab       0xb4 /home/jacko/pebble-dev/PebbleSDK/arm-cs-tools/bin/../lib/gcc/arm-none-eabi/4.7.3/thumb2/libgcc.a(_arm_cmpdf2.o)
 .debug_info    0x0000405f       0xb4 /home/jacko/pebble-dev/PebbleSDK/arm-cs-tools/bin/../lib/gcc/arm-none-eabi/4.7.3/thumb2/libgcc.a(_arm_fixdfsi.o)

.debug_abbrev   0x00000000     0x106b
 .debug_abbrev  0x00000000      0x1e9 src/basik.c.13.o
 .debug_abbrev  0x000001e9      0x3cd src/clock.c.13.o
 .debug_abbrev  0x000005b6      0x1d1 src/display.c.13.o
 .debug_abbrev  0x00000787      0x3ed src/game.c.13.o
 .debug_abbrev  0x00000b74      0x409 src/robomaze.c.13.o
 .debug_abbrev  0x00000f7d       0x9e aplite/appinfo.auto.c.13.o
 .debug_abbrev  0x0000101b       0x14 /home/jacko/pebble-dev/PebbleSDK/arm-cs-tools/bin/../lib/gcc/arm-none-eabi/4.7.3/thumb2/libgcc.a(_arm_addsubdf3.o)
 .debug_abbrev  0x0000102f       0x14 /home/jacko/pebble-dev/PebbleSDK/arm-cs-tools/bin/../lib/gcc/arm-none-eabi/4.7.3/thumb2/libgcc.a(_arm_muldivdf3.o)
 .debug_abbrev  0x00001043       0x14 /home/jacko/pebble-dev/PebbleSDK/arm-cs-tools/bin/../lib/gcc/arm-none-eabi/4.7.3/thumb2/libgcc.a(_arm_cmpdf2.o)
 .debug_abbrev  0x00001057       0x14 /home/jacko/pebble-dev/PebbleSDK/arm-cs-tools/bin/../lib/gcc/arm-none-eabi/4.7.3/thumb2/libgcc.a(_arm_fixdfsi.o)

.debug_loc      0x00000000     0x1d4c
 .debug_loc     0x00000000      0x151 src/basik.c.13.o
 .debug_loc     0x00000151      0x8cf src/clock.c.13.o
 .debug_loc     0x00000a20      0x4c7 src/display.c.13.o
 .debug_loc     0x00000ee7      0x7ee src/game.c.13.o
 .debug_loc     0x000016d5      0x677 src/robomaze.c.13.o

.debug_aranges  0x00000000      0x2c8
 .debug_aranges
                0x00000000       0x40 src/basik.c.13.o
 .debug_aranges
                0x00000040       0x70 src/clock.c.13.o
 .debug_aranges
                0x000000b0       0x40 src/display.c.13.o
 .debug_aranges
                0x000000f0       0xc8 src/game.c.13.o
 .debug_aranges
                0x000001b8       0x78 src/robomaze.c.13.o
 .debug_aranges
                0x00000230       0x18 aplite/appinfo.auto.c.13.o
 .debug_aranges
                0x00000248       0x20 /home/jacko/pebble-dev/PebbleSDK/arm-cs-tools/bin/../lib/gcc/arm-none-eabi/4.7.3/thumb2/libgcc.a(_arm_addsubdf3.o)
 .debug_aranges
                0x00000268       0x20 /home/jacko/pebble-dev/PebbleSDK/arm-cs-tools/bin/../lib/gcc/arm-none-eabi/4.7.3/thumb2/libgcc.a(_arm_muldivdf3.o)
 .debug_aranges
                0x00000288       0x20 /home/jacko/pebble-dev/PebbleSDK/arm-cs-tools/bin/../lib/gcc/arm-none-eabi/4.7.3/thumb2/libgcc.a(_arm_cmpdf2.o)
 .debug_aranges
                0x000002a8       0x20 /home/jacko/pebble-dev/PebbleSDK/arm-cs-tools/bin/../lib/gcc/arm-none-eabi/4.7.3/thumb2/libgcc.a(_arm_fixdfsi.o)

.debug_ranges   0x00000000      0xab8
 .debug_ranges  0x00000000       0x30 src/basik.c.13.o
 .debug_ranges  0x00000030      0x150 src/clock.c.13.o
 .debug_ranges  0x00000180       0x60 src/display.c.13.o
 .debug_ranges  0x000001e0      0x5d0 src/game.c.13.o
 .debug_ranges  0x000007b0      0x308 src/robomaze.c.13.o

.debug_line     0x00000000     0x191e
 .debug_line    0x00000000      0x1ef src/basik.c.13.o
 .debug_line    0x000001ef      0x486 src/clock.c.13.o
 .debug_line    0x00000675      0x167 src/display.c.13.o
 .debug_line    0x000007dc      0x60a src/game.c.13.o
 .debug_line    0x00000de6      0x44f src/robomaze.c.13.o
 .debug_line    0x00001235      0x127 aplite/appinfo.auto.c.13.o
 .debug_line    0x0000135c      0x20a /home/jacko/pebble-dev/PebbleSDK/arm-cs-tools/bin/../lib/gcc/arm-none-eabi/4.7.3/thumb2/libgcc.a(_arm_addsubdf3.o)
 .debug_line    0x00001566      0x226 /home/jacko/pebble-dev/PebbleSDK/arm-cs-tools/bin/../lib/gcc/arm-none-eabi/4.7.3/thumb2/libgcc.a(_arm_muldivdf3.o)
 .debug_line    0x0000178c      0x10c /home/jacko/pebble-dev/PebbleSDK/arm-cs-tools/bin/../lib/gcc/arm-none-eabi/4.7.3/thumb2/libgcc.a(_arm_cmpdf2.o)
 .debug_line    0x00001898       0x86 /home/jacko/pebble-dev/PebbleSDK/arm-cs-tools/bin/../lib/gcc/arm-none-eabi/4.7.3/thumb2/libgcc.a(_arm_fixdfsi.o)

.debug_str      0x00000000      0xc4e
 .debug_str     0x00000000      0x1e4 src/basik.c.13.o
                                0x231 (size before relaxing)
 .debug_str     0x000001e4      0x1be src/clock.c.13.o
                                0x390 (size before relaxing)
 .debug_str     0x000003a2       0x71 src/display.c.13.o
                                0x1ae (size before relaxing)
 .debug_str     0x00000413      0x15b src/game.c.13.o
                                0x3a6 (size before relaxing)
 .debug_str     0x0000056e      0x582 src/robomaze.c.13.o
                                0x852 (size before relaxing)
 .debug_str     0x00000af0      0x15e aplite/appinfo.auto.c.13.o
                                0x2bf (size before relaxing)

.debug_frame    0x00000000      0x684
 .debug_frame   0x00000000       0x7c src/basik.c.13.o
 .debug_frame   0x0000007c      0x178 src/clock.c.13.o
 .debug_frame   0x000001f4       0x74 src/display.c.13.o
 .debug_frame   0x00000268      0x2c4 src/game.c.13.o
 .debug_frame   0x0000052c      0x158 src/robomaze.c.13.o
 /home/jacko/pebble-dev/PebbleSDK/Pebble/basalt/lib/libpebble.a(tmpIg2f7tpebble.o)
 .text.graphics_text_attributes_enable_screen_text_flow
                0x00000000        0xc /home/jacko/pebble-dev/PebbleSDK/Pebble/basalt/lib/libpebble.a(tmpIg2f7tpebble.o)
 .text.graphics_text_attributes_restore_default_paging
                0x00000000        0xc /home/jacko/pebble-dev/PebbleSDK/Pebble/basalt/lib/libpebble.a(tmpIg2f7tpebble.o)
 .text.graphics_text_attributes_restore_default_text_flow
                0x00000000        0xc /home/jacko/pebble-dev/PebbleSDK/Pebble/basalt/lib/libpebble.a(tmpIg2f7tpebble.o)
 .text.graphics_text_layout_get_content_size_with_attributes
                0x00000000        0xc /home/jacko/pebble-dev/PebbleSDK/Pebble/basalt/lib/libpebble.a(tmpIg2f7tpebble.o)
 .text.layer_convert_point_to_screen
                0x00000000        0xc /home/jacko/pebble-dev/PebbleSDK/Pebble/basalt/lib/libpebble.a(tmpIg2f7tpebble.o)
 .text.layer_convert_rect_to_screen
                0x00000000        0xc /home/jacko/pebble-dev/PebbleSDK/Pebble/basalt/lib/libpebble.a(tmpIg2f7tpebble.o)
 .text.scroll_layer_get_paging
                0x00000000        0xc /home/jacko/pebble-dev/PebbleSDK/Pebble/basalt/lib/libpebble.a(tmpIg2f7tpebble.o)
 .text.scroll_layer_set_paging
                0x00000000        0xc /home/jacko/pebble-dev/PebbleSDK/Pebble/basalt/lib/libpebble.a(tmpIg2f7tpebble.o)
 .text.text_layer_enable_screen_text_flow_and_paging
                0x00000000        0xc /home/jacko/pebble-dev/PebbleSDK/Pebble/basalt/lib/libpebble.a(tmpIg2f7tpebble.o)
 .text.text_layer_restore_default_text_flow_and_paging
                0x00000000        0xc /home/jacko/pebble-dev/PebbleSDK/Pebble/basalt/lib/libpebble.a(tmpIg2f7tpebble.o)
 .text.menu_layer_is_index_selected
                0x00000000        0xc /home/jacko/pebble-dev/PebbleSDK/Pebble/basalt/lib/libpebble.a(tmpIg2f7tpebble.o)
 .bss           0x00000000        0x0 /home/jacko/pebble-dev/PebbleSDK/arm-cs-tools/bin/../lib/gcc/arm-none-eabi/4.7.3/thumb2/libgcc.a(_arm_addsubdf3.o)
 .bss           0x00000000        0x0 /home/jacko/pebble-dev/PebbleSDK/arm-cs-tools/bin/../lib/gcc/arm-none-eabi/4.7.3/thumb2/libgcc.a(_arm_muldivdf3.o)
 .bss           0x00000000        0x0 /home/jacko/pebble-dev/PebbleSDK/arm-cs-tools/bin/../lib/gcc/arm-none-eabi/4.7.3/thumb2/libgcc.a(_arm_cmpdf2.o)
 .bss           0x00000000        0x0 /home/jacko/pebble-dev/PebbleSDK/arm-cs-tools/bin/../lib/gcc/arm-none-eabi/4.7.3/thumb2/libgcc.a(_arm_fixdfsi.o)
 .text          0x00000000        0x0 /home/jacko/pebble-dev/PebbleSDK/arm-cs-tools/bin/../lib/gcc/arm-none-eabi/4.7.3/thumb2/crtend.o
 .bss           0x00000000        0x0 /home/jacko/pebble-dev/PebbleSDK/arm-cs-tools/bin/../lib/gcc/arm-none-eabi/4.7.3/thumb2/crtend.o
 .eh_frame      0x00000000        0x4 /home/jacko/pebble-dev/PebbleSDK/arm-cs-tools/bin/../lib/gcc/arm-none-eabi/4.7.3/thumb2/crtend.o
 .jcr           0x00000000        0x4 /home/jacko/pebble-dev/PebbleSDK/arm-cs-tools/bin/../lib/gcc/arm-none-eabi/4.7.3/thumb2/crtend.o
 .tm_clone_table
                0x00000000        0x0 /home/jacko/pebble-dev/PebbleSDK/arm-cs-tools/bin/../lib/gcc/arm-none-eabi/4.7.3/thumb2/crtend.o
 .text          0x00000000        0x0 /home/jacko/pebble-dev/PebbleSDK/arm-cs-tools/bin/../lib/gcc/arm-none-eabi/4.7.3/thumb2/crtn.o
 .bss           0x00000000        0x0 /home/jacko/pebble-dev/PebbleSDK/arm-cs-tools/bin/../lib/gcc/arm-none-eabi/4.7.3/thumb2/crtn.o
 .init          0x00000000        0x8 /home/jacko/pebble-dev/PebbleSDK/arm-cs-tools/bin/../lib/gcc/arm-none-eabi/4.7.3/thumb2/crtn.o
 .fini          0x00000000        0x8 /home/jacko/pebble-dev/PebbleSDK/arm-cs-tools/bin/../lib/gcc/arm-none-eabi/4.7.3/thumb2/crtn.o

Memory Configuration

Name             Origin             Length             Attributes
APP              0x00000000         0x00010000         xrw
*default*        0x00000000         0xffffffff

Linker script and memory map

LOAD /home/jacko/pebble-dev/PebbleSDK/arm-cs-tools/bin/../lib/gcc/arm-none-eabi/4.7.3/thumb2/crti.o
LOAD /home/jacko/pebble-dev/PebbleSDK/arm-cs-tools/bin/../lib/gcc/arm-none-eabi/4.7.3/thumb2/crtbegin.o
LOAD src/basik.c.11.o
LOAD src/clock.c.11.o
LOAD src/display.c.11.o
LOAD src/game.c.11.o
LOAD src/robomaze.c.11.o
LOAD basalt/appinfo.auto.c.11.o
LOAD /home/jacko/pebble-dev/PebbleSDK/Pebble/basalt/lib/libpebble.a
START GROUP
LOAD /home/jacko/pebble-dev/PebbleSDK/arm-cs-tools/bin/../lib/gcc/arm-none-eabi/4.7.3/thumb2/libgcc.a
LOAD /home/jacko/pebble-dev/PebbleSDK/arm-cs-tools/bin/../lib/gcc/arm-none-eabi/4.7.3/../../../../arm-none-eabi/lib/thumb2/libc.a
END GROUP
LOAD /home/jacko/pebble-dev/PebbleSDK/arm-cs-tools/bin/../lib/gcc/arm-none-eabi/4.7.3/thumb2/crtend.o
LOAD /home/jacko/pebble-dev/PebbleSDK/arm-cs-tools/bin/../lib/gcc/arm-none-eabi/4.7.3/thumb2/crtn.o

.header         0x00000000       0x82
 *(.pbl_header)
 .pbl_header    0x00000000       0x82 basalt/appinfo.auto.c.11.o
                0x00000000                __pbl_app_info

.note.gnu.build-id
                0x00000082       0x26
                0x00000082                PROVIDE (BUILD_ID, .)
 *(.note.gnu.build-id)
 *fill*         0x00000082        0x2 
 .note.gnu.build-id
                0x00000084       0x24 linker stubs

.text           0x000000a8     0x2e06
 *(.text)
 .text          0x000000a8       0x14 /home/jacko/pebble-dev/PebbleSDK/Pebble/basalt/lib/libpebble.a(tmpIg2f7tpebble.o)
 .text          0x000000bc      0x370 /home/jacko/pebble-dev/PebbleSDK/arm-cs-tools/bin/../lib/gcc/arm-none-eabi/4.7.3/thumb2/libgcc.a(_arm_addsubdf3.o)
                0x000000bc                __aeabi_drsub
                0x000000c4                __aeabi_dsub
                0x000000c4                __subdf3
                0x000000c8                __adddf3
                0x000000c8                __aeabi_dadd
                0x00000340                __aeabi_ui2d
                0x00000340                __floatunsidf
                0x00000360                __floatsidf
                0x00000360                __aeabi_i2d
                0x00000384                __extendsfdf2
                0x00000384                __aeabi_f2d
                0x000003c0                __aeabi_ul2d
                0x000003c0                __floatundidf
                0x000003d0                __floatdidf
                0x000003d0                __aeabi_l2d
 .text          0x0000042c      0x424 /home/jacko/pebble-dev/PebbleSDK/arm-cs-tools/bin/../lib/gcc/arm-none-eabi/4.7.3/thumb2/libgcc.a(_arm_muldivdf3.o)
                0x0000042c                __aeabi_dmul
                0x0000042c                __muldf3
                0x00000680                __aeabi_ddiv
                0x00000680                __divdf3
 .text          0x00000850      0x110 /home/jacko/pebble-dev/PebbleSDK/arm-cs-tools/bin/../lib/gcc/arm-none-eabi/4.7.3/thumb2/libgcc.a(_arm_cmpdf2.o)
                0x00000850                __gtdf2
                0x00000850                __gedf2
                0x00000858                __ltdf2
                0x00000858                __ledf2
                0x00000860                __cmpdf2
                0x00000860                __eqdf2
                0x00000860                __nedf2
                0x000008dc                __aeabi_cdrcmple
                0x000008ec                __aeabi_cdcmple
                0x000008ec                __aeabi_cdcmpeq
                0x000008fc                __aeabi_dcmpeq
                0x00000910                __aeabi_dcmplt
                0x00000924                __aeabi_dcmple
                0x00000938                __aeabi_dcmpge
                0x0000094c                __aeabi_dcmpgt
 .text          0x00000960       0x50 /home/jacko/pebble-dev/PebbleSDK/arm-cs-tools/bin/../lib/gcc/arm-none-eabi/4.7.3/thumb2/libgcc.a(_arm_fixdfsi.o)
                0x00000960                __fixdfsi
                0x00000960                __aeabi_d2iz
 *(.text.*)
 .text.load_basik
                0x000009b0       0x50 src/basik.c.11.o
                0x000009b0                load_basik
 .text.save_basik
                0x00000a00       0x48 src/basik.c.11.o
                0x00000a00                save_basik
 .text.tick_basik
                0x00000a48        0x2 src/basik.c.11.o
                0x00000a48                tick_basik
 .text.click_basik
                0x00000a4a        0x2 src/basik.c.11.o
                0x00000a4a                click_basik
 *fill*         0x00000a4c        0x4 
 .text.click_value
                0x00000a50      0x168 src/basik.c.11.o
                0x00000a50                click_value
 .text.reset_sw
                0x00000bb8       0x34 src/clock.c.11.o
 .text.draw_dp  0x00000bec       0x4c src/clock.c.11.o
 .text.draw     0x00000c38       0x98 src/clock.c.11.o
 .text.tock     0x00000cd0       0xae src/clock.c.11.o
 *fill*         0x00000d7e        0x2 
 .text.printint
                0x00000d80       0x64 src/clock.c.11.o
 *fill*         0x00000de4        0x4 
 .text.printreal
                0x00000de8      0x2e8 src/clock.c.11.o
 .text.save_clock
                0x000010d0       0x54 src/clock.c.11.o
                0x000010d0                save_clock
 .text.show_lvl
                0x00001124       0x20 src/clock.c.11.o
                0x00001124                show_lvl
 .text.tick_clock
                0x00001144      0x2d8 src/clock.c.11.o
                0x00001144                tick_clock
 .text.load_clock
                0x0000141c      0x144 src/clock.c.11.o
                0x0000141c                load_clock
 .text.click_clock
                0x00001560      0x108 src/clock.c.11.o
                0x00001560                click_clock
 .text.changed  0x00001668       0x8c src/display.c.11.o
 .text.get_at   0x000016f4      0x108 src/display.c.11.o
                0x000016f4                get_at
 .text.click_display
                0x000017fc      0x104 src/display.c.11.o
                0x000017fc                click_display
 .text.delay    0x00001900       0x50 src/game.c.11.o
 .text.evaluate
                0x00001950       0x48 src/game.c.11.o
 .text.activechaf
                0x00001998       0xa4 src/game.c.11.o
 .text.processmaze
                0x00001a3c       0x7c src/game.c.11.o
 .text.drawmaze
                0x00001ab8       0x7c src/game.c.11.o
 .text.xpand    0x00001b34       0x54 src/game.c.11.o
 .text.loadwall
                0x00001b88       0x58 src/game.c.11.o
 .text.loadchaf
                0x00001be0       0x40 src/game.c.11.o
 .text.makechar
                0x00001c20       0x98 src/game.c.11.o
 .text.reset    0x00001cb8       0x64 src/game.c.11.o
 .text.account  0x00001d1c       0x30 src/game.c.11.o
 .text.destroywall
                0x00001d4c       0xc4 src/game.c.11.o
 .text.makemaze
                0x00001e10       0x4c src/game.c.11.o
 .text.xydxy.isra.0
                0x00001e5c       0x16 src/game.c.11.o
 *fill*         0x00001e72        0x2 
 .text.drawchars
                0x00001e74       0x90 src/game.c.11.o
 .text.ready    0x00001f04       0x40 src/game.c.11.o
 .text.move     0x00001f44       0xec src/game.c.11.o
 .text.tick     0x00002030       0x10 src/game.c.11.o
                0x00002030                tick
 .text.click    0x00002040       0x40 src/game.c.11.o
                0x00002040                click
 .text.load     0x00002080      0x150 src/game.c.11.o
                0x00002080                load
 .text.save     0x000021d0      0x16c src/game.c.11.o
                0x000021d0                save
 .text.respond  0x0000233c      0x108 src/game.c.11.o
 .text.main_window_unload
                0x00002444       0x5c src/robomaze.c.11.o
 .text.main_window_load
                0x000024a0      0x274 src/robomaze.c.11.o
 .text.config_provider
                0x00002714       0x5c src/robomaze.c.11.o
 .text.get_map  0x00002770       0x40 src/robomaze.c.11.o
                0x00002770                get_map
 .text.put_map  0x000027b0       0x58 src/robomaze.c.11.o
                0x000027b0                put_map
 .text.layer_draw
                0x00002808      0x248 src/robomaze.c.11.o
 .text.mark_dirty
                0x00002a50       0x54 src/robomaze.c.11.o
                0x00002a50                mark_dirty
 .text.handle_second_tick
                0x00002aa4       0x58 src/robomaze.c.11.o
 .text.clicks   0x00002afc       0x78 src/robomaze.c.11.o
 .text.long_click_handler
                0x00002b74        0x6 src/robomaze.c.11.o
 .text.single_click_handler
                0x00002b7a        0x6 src/robomaze.c.11.o
 .text.startup.main
                0x00002b80       0x68 src/robomaze.c.11.o
                0x00002b80                main
 .text.app_event_loop
                0x00002be8        0xc /home/jacko/pebble-dev/PebbleSDK/Pebble/basalt/lib/libpebble.a(tmpIg2f7tpebble.o)
                0x00002be8                app_event_loop
 .text.click_recognizer_get_button_id
                0x00002bf4        0xc /home/jacko/pebble-dev/PebbleSDK/Pebble/basalt/lib/libpebble.a(tmpIg2f7tpebble.o)
                0x00002bf4                click_recognizer_get_button_id
 .text.clock_is_24h_style
                0x00002c00        0xc /home/jacko/pebble-dev/PebbleSDK/Pebble/basalt/lib/libpebble.a(tmpIg2f7tpebble.o)
                0x00002c00                clock_is_24h_style
 .text.gbitmap_create_as_sub_bitmap
                0x00002c0c        0xc /home/jacko/pebble-dev/PebbleSDK/Pebble/basalt/lib/libpebble.a(tmpIg2f7tpebble.o)
                0x00002c0c                gbitmap_create_as_sub_bitmap
 .text.gbitmap_create_with_resource
                0x00002c18        0xc /home/jacko/pebble-dev/PebbleSDK/Pebble/basalt/lib/libpebble.a(tmpIg2f7tpebble.o)
                0x00002c18                gbitmap_create_with_resource
 .text.gbitmap_destroy
                0x00002c24        0xc /home/jacko/pebble-dev/PebbleSDK/Pebble/basalt/lib/libpebble.a(tmpIg2f7tpebble.o)
                0x00002c24                gbitmap_destroy
 .text.graphics_draw_bitmap_in_rect
                0x00002c30        0xc /home/jacko/pebble-dev/PebbleSDK/Pebble/basalt/lib/libpebble.a(tmpIg2f7tpebble.o)
                0x00002c30                graphics_draw_bitmap_in_rect
 .text.graphics_fill_rect
                0x00002c3c        0xc /home/jacko/pebble-dev/PebbleSDK/Pebble/basalt/lib/libpebble.a(tmpIg2f7tpebble.o)
                0x00002c3c                graphics_fill_rect
 .text.layer_add_child
                0x00002c48        0xc /home/jacko/pebble-dev/PebbleSDK/Pebble/basalt/lib/libpebble.a(tmpIg2f7tpebble.o)
                0x00002c48                layer_add_child
 .text.layer_create
                0x00002c54        0xc /home/jacko/pebble-dev/PebbleSDK/Pebble/basalt/lib/libpebble.a(tmpIg2f7tpebble.o)
                0x00002c54                layer_create
 .text.layer_destroy
                0x00002c60        0xc /home/jacko/pebble-dev/PebbleSDK/Pebble/basalt/lib/libpebble.a(tmpIg2f7tpebble.o)
                0x00002c60                layer_destroy
 .text.layer_get_bounds
                0x00002c6c        0xc /home/jacko/pebble-dev/PebbleSDK/Pebble/basalt/lib/libpebble.a(tmpIg2f7tpebble.o)
                0x00002c6c                layer_get_bounds
 .text.layer_mark_dirty
                0x00002c78        0xc /home/jacko/pebble-dev/PebbleSDK/Pebble/basalt/lib/libpebble.a(tmpIg2f7tpebble.o)
                0x00002c78                layer_mark_dirty
 .text.layer_set_bounds
                0x00002c84        0xc /home/jacko/pebble-dev/PebbleSDK/Pebble/basalt/lib/libpebble.a(tmpIg2f7tpebble.o)
                0x00002c84                layer_set_bounds
 .text.layer_set_update_proc
                0x00002c90        0xc /home/jacko/pebble-dev/PebbleSDK/Pebble/basalt/lib/libpebble.a(tmpIg2f7tpebble.o)
                0x00002c90                layer_set_update_proc
 .text.memset   0x00002c9c        0xc /home/jacko/pebble-dev/PebbleSDK/Pebble/basalt/lib/libpebble.a(tmpIg2f7tpebble.o)
                0x00002c9c                memset
 .text.persist_exists
                0x00002ca8        0xc /home/jacko/pebble-dev/PebbleSDK/Pebble/basalt/lib/libpebble.a(tmpIg2f7tpebble.o)
                0x00002ca8                persist_exists
 .text.persist_read_bool
                0x00002cb4        0xc /home/jacko/pebble-dev/PebbleSDK/Pebble/basalt/lib/libpebble.a(tmpIg2f7tpebble.o)
                0x00002cb4                persist_read_bool
 .text.persist_read_int
                0x00002cc0        0xc /home/jacko/pebble-dev/PebbleSDK/Pebble/basalt/lib/libpebble.a(tmpIg2f7tpebble.o)
                0x00002cc0                persist_read_int
 .text.persist_write_bool
                0x00002ccc        0xc /home/jacko/pebble-dev/PebbleSDK/Pebble/basalt/lib/libpebble.a(tmpIg2f7tpebble.o)
                0x00002ccc                persist_write_bool
 .text.persist_write_int
                0x00002cd8        0xc /home/jacko/pebble-dev/PebbleSDK/Pebble/basalt/lib/libpebble.a(tmpIg2f7tpebble.o)
                0x00002cd8                persist_write_int
 .text.rand     0x00002ce4        0xc /home/jacko/pebble-dev/PebbleSDK/Pebble/basalt/lib/libpebble.a(tmpIg2f7tpebble.o)
                0x00002ce4                rand
 .text.srand    0x00002cf0        0xc /home/jacko/pebble-dev/PebbleSDK/Pebble/basalt/lib/libpebble.a(tmpIg2f7tpebble.o)
                0x00002cf0                srand
 .text.tick_timer_service_subscribe
                0x00002cfc        0xc /home/jacko/pebble-dev/PebbleSDK/Pebble/basalt/lib/libpebble.a(tmpIg2f7tpebble.o)
                0x00002cfc                tick_timer_service_subscribe
 .text.window_create
                0x00002d08        0xc /home/jacko/pebble-dev/PebbleSDK/Pebble/basalt/lib/libpebble.a(tmpIg2f7tpebble.o)
                0x00002d08                window_create
 .text.window_destroy
                0x00002d14        0xc /home/jacko/pebble-dev/PebbleSDK/Pebble/basalt/lib/libpebble.a(tmpIg2f7tpebble.o)
                0x00002d14                window_destroy
 .text.window_get_root_layer
                0x00002d20        0xc /home/jacko/pebble-dev/PebbleSDK/Pebble/basalt/lib/libpebble.a(tmpIg2f7tpebble.o)
                0x00002d20                window_get_root_layer
 .text.window_set_click_config_provider
                0x00002d2c        0xc /home/jacko/pebble-dev/PebbleSDK/Pebble/basalt/lib/libpebble.a(tmpIg2f7tpebble.o)
                0x00002d2c                window_set_click_config_provider
 .text.window_set_window_handlers
                0x00002d38        0xc /home/jacko/pebble-dev/PebbleSDK/Pebble/basalt/lib/libpebble.a(tmpIg2f7tpebble.o)
                0x00002d38                window_set_window_handlers
 .text.window_stack_push
                0x00002d44        0xc /home/jacko/pebble-dev/PebbleSDK/Pebble/basalt/lib/libpebble.a(tmpIg2f7tpebble.o)
                0x00002d44                window_stack_push
 .text.window_long_click_subscribe
                0x00002d50        0xc /home/jacko/pebble-dev/PebbleSDK/Pebble/basalt/lib/libpebble.a(tmpIg2f7tpebble.o)
                0x00002d50                window_long_click_subscribe
 .text.window_single_click_subscribe
                0x00002d5c        0xc /home/jacko/pebble-dev/PebbleSDK/Pebble/basalt/lib/libpebble.a(tmpIg2f7tpebble.o)
                0x00002d5c                window_single_click_subscribe
 .text.persist_read_data
                0x00002d68        0xc /home/jacko/pebble-dev/PebbleSDK/Pebble/basalt/lib/libpebble.a(tmpIg2f7tpebble.o)
                0x00002d68                persist_read_data
 .text.persist_write_data
                0x00002d74        0xc /home/jacko/pebble-dev/PebbleSDK/Pebble/basalt/lib/libpebble.a(tmpIg2f7tpebble.o)
                0x00002d74                persist_write_data
 .text.graphics_context_set_fill_color
                0x00002d80        0xc /home/jacko/pebble-dev/PebbleSDK/Pebble/basalt/lib/libpebble.a(tmpIg2f7tpebble.o)
                0x00002d80                graphics_context_set_fill_color
 .text.localtime
                0x00002d8c        0xc /home/jacko/pebble-dev/PebbleSDK/Pebble/basalt/lib/libpebble.a(tmpIg2f7tpebble.o)
                0x00002d8c                localtime
 .text.time     0x00002d98        0xc /home/jacko/pebble-dev/PebbleSDK/Pebble/basalt/lib/libpebble.a(tmpIg2f7tpebble.o)
                0x00002d98                time
 *(.rodata)
 .rodata        0x00002da4       0x18 src/robomaze.c.11.o
 *(.rodata*)
 .rodata.delays
                0x00002dbc        0x7 src/clock.c.11.o
 .rodata.days   0x00002dc3       0x39 src/clock.c.11.o
 .rodata.pics   0x00002dfc       0x42 src/clock.c.11.o
 .rodata.keys   0x00002e3e        0x7 src/clock.c.11.o
 .rodata.specials
                0x00002e45        0x8 src/display.c.11.o
 .rodata.doubles
                0x00002e4d       0x28 src/display.c.11.o
 .rodata.defis  0x00002e75        0x8 src/game.c.11.o
 .rodata.offset
                0x00002e7d        0x4 src/game.c.11.o
 .rodata.dir    0x00002e81        0x5 src/game.c.11.o
 .rodata.orders
                0x00002e86       0x10 src/game.c.11.o
 .rodata.dxy    0x00002e96        0x4 src/game.c.11.o
 .rodata.defchar
                0x00002e9a       0x14 src/game.c.11.o

.glue_7         0x00002eb0        0x0
 .glue_7        0x00000000        0x0 linker stubs

.glue_7t        0x00002eb0        0x0
 .glue_7t       0x00000000        0x0 linker stubs

.vfp11_veneer   0x00002eb0        0x0
 .vfp11_veneer  0x00000000        0x0 linker stubs

.v4_bx          0x00002eb0        0x0
 .v4_bx         0x00000000        0x0 linker stubs

.iplt           0x00002eb0        0x0
 .iplt          0x00000000        0x0 /home/jacko/pebble-dev/PebbleSDK/arm-cs-tools/bin/../lib/gcc/arm-none-eabi/4.7.3/thumb2/crtbegin.o

.rel.dyn        0x00002eb0        0x0
 .rel.iplt      0x00000000        0x0 /home/jacko/pebble-dev/PebbleSDK/arm-cs-tools/bin/../lib/gcc/arm-none-eabi/4.7.3/thumb2/crtbegin.o
 .rel.got       0x00000000        0x0 /home/jacko/pebble-dev/PebbleSDK/arm-cs-tools/bin/../lib/gcc/arm-none-eabi/4.7.3/thumb2/crtbegin.o

.data           0x00002eb0       0x38
 *(.data)
 .data          0x00002eb0        0x0 /home/jacko/pebble-dev/PebbleSDK/arm-cs-tools/bin/../lib/gcc/arm-none-eabi/4.7.3/thumb2/crti.o
 .data          0x00002eb0        0x4 /home/jacko/pebble-dev/PebbleSDK/arm-cs-tools/bin/../lib/gcc/arm-none-eabi/4.7.3/thumb2/crtbegin.o
                0x00002eb0                __dso_handle
 .data          0x00002eb4        0x0 src/basik.c.11.o
 .data          0x00002eb4        0x0 src/clock.c.11.o
 .data          0x00002eb4        0x0 src/display.c.11.o
 .data          0x00002eb4        0x0 src/game.c.11.o
 .data          0x00002eb4        0x0 src/robomaze.c.11.o
 .data          0x00002eb4        0x0 basalt/appinfo.auto.c.11.o
 .data          0x00002eb4        0x0 /home/jacko/pebble-dev/PebbleSDK/Pebble/basalt/lib/libpebble.a(tmpIg2f7tpebble.o)
 .data          0x00002eb4        0x0 /home/jacko/pebble-dev/PebbleSDK/arm-cs-tools/bin/../lib/gcc/arm-none-eabi/4.7.3/thumb2/libgcc.a(_arm_addsubdf3.o)
 .data          0x00002eb4        0x0 /home/jacko/pebble-dev/PebbleSDK/arm-cs-tools/bin/../lib/gcc/arm-none-eabi/4.7.3/thumb2/libgcc.a(_arm_muldivdf3.o)
 .data          0x00002eb4        0x0 /home/jacko/pebble-dev/PebbleSDK/arm-cs-tools/bin/../lib/gcc/arm-none-eabi/4.7.3/thumb2/libgcc.a(_arm_cmpdf2.o)
 .data          0x00002eb4        0x0 /home/jacko/pebble-dev/PebbleSDK/arm-cs-tools/bin/../lib/gcc/arm-none-eabi/4.7.3/thumb2/libgcc.a(_arm_fixdfsi.o)
 .data          0x00002eb4        0x0 /home/jacko/pebble-dev/PebbleSDK/arm-cs-tools/bin/../lib/gcc/arm-none-eabi/4.7.3/thumb2/crtend.o
 .data          0x00002eb4        0x0 /home/jacko/pebble-dev/PebbleSDK/arm-cs-tools/bin/../lib/gcc/arm-none-eabi/4.7.3/thumb2/crtn.o
 *(.data.*)
 .data.selector
                0x00002eb4        0x4 src/display.c.11.o
                0x00002eb4                selector
 .data.rel.local.state
                0x00002eb8        0x4 src/game.c.11.o
 .data.rel.local.oldstate
                0x00002ebc        0x4 src/game.c.11.o
 .data.rel.ro.local.fn
                0x00002ec0       0x28 src/game.c.11.o

.igot.plt       0x00002ee8        0x0
 .igot.plt      0x00000000        0x0 /home/jacko/pebble-dev/PebbleSDK/arm-cs-tools/bin/../lib/gcc/arm-none-eabi/4.7.3/thumb2/crtbegin.o

.got            0x00002ee8       0x38
 .got           0x00002ee8       0x38 /home/jacko/pebble-dev/PebbleSDK/arm-cs-tools/bin/../lib/gcc/arm-none-eabi/4.7.3/thumb2/crtbegin.o

.got.plt        0x00002f20        0xc
 .got.plt       0x00002f20        0xc /home/jacko/pebble-dev/PebbleSDK/arm-cs-tools/bin/../lib/gcc/arm-none-eabi/4.7.3/thumb2/crtbegin.o
                0x00002f20                _GLOBAL_OFFSET_TABLE_

.bss            0x00002f30      0x94b
 *(.bss)
 *(.bss.*)
 .bss.expo      0x00002f30        0x1 src/basik.c.11.o
 *fill*         0x00002f31        0x7 
 .bss.xx        0x00002f38        0x8 src/basik.c.11.o
 .bss.value     0x00002f40        0x8 src/basik.c.11.o
                0x00002f40                value
 .bss.error     0x00002f48        0x1 src/basik.c.11.o
                0x00002f48                error
 .bss.hold      0x00002f49        0x1 src/basik.c.11.o
 *fill*         0x00002f4a        0x2 
 .bss.reg       0x00002f4c       0x30 src/clock.c.11.o
 .bss.clickback
                0x00002f7c        0x1 src/clock.c.11.o
 *fill*         0x00002f7d        0x1 
 .bss.sw_butt   0x00002f7e        0x2 src/clock.c.11.o
 .bss.dp        0x00002f80        0x1 src/clock.c.11.o
                0x00002f80                dp
 .bss.button_sec
                0x00002f81        0x1 src/clock.c.11.o
 .bss.mode      0x00002f82        0x1 src/clock.c.11.o
                0x00002f82                mode
 *fill*         0x00002f83        0x1 
 .bss.lap       0x00002f84       0x30 src/clock.c.11.o
 .bss.vidmode   0x00002fb4        0x1 src/display.c.11.o
                0x00002fb4                vidmode
 *fill*         0x00002fb5        0x3 
 .bss.cur       0x00002fb8        0x4 src/display.c.11.o
 .bss.pause     0x00002fbc        0x1 src/game.c.11.o
                0x00002fbc                pause
 .bss.ting      0x00002fbd       0x28 src/game.c.11.o
 *fill*         0x00002fe5        0x1 
 .bss.chaf      0x00002fe6       0x20 src/game.c.11.o
 .bss.success   0x00003006        0x1 src/game.c.11.o
 *fill*         0x00003007        0x1 
 .bss.countdown
                0x00003008        0x4 src/game.c.11.o
 .bss.compact   0x0000300c       0x3e src/game.c.11.o
 *fill*         0x0000304a        0x2 
 .bss.layer     0x0000304c        0x4 src/robomaze.c.11.o
 .bss.char_gfx  0x00003050      0x10c src/robomaze.c.11.o
 .bss.last      0x0000315c        0x1 src/robomaze.c.11.o
 *fill*         0x0000315d        0x3 
 .bss.seconds   0x00003160        0x4 src/robomaze.c.11.o
                0x00003160                seconds
 .bss.ticks     0x00003164        0x4 src/robomaze.c.11.o
 .bss.map       0x00003168        0x4 src/robomaze.c.11.o
 .bss.maze_gfx  0x0000316c       0x7c src/robomaze.c.11.o
 .bss.s_main_window
                0x000031e8        0x4 src/robomaze.c.11.o
 COMMON         0x000031ec        0x8 src/display.c.11.o
                0x000031ec                buffer
 COMMON         0x000031f4       0x11 src/game.c.11.o
                0x000031f4                direction
                0x000031f8                score
                0x000031fc                level
                0x00003200                hiscore
                0x00003204                gAB
 COMMON         0x00003205      0x676 src/robomaze.c.11.o
                0x00003205                maze
                0x0000363a                con

DISCARD
 libc.a(*)
 libm.a(*)
 libgcc.a(*)
 *(.eh_frame)
OUTPUT(/home/jacko/pebble-dev/examples/watchapps/RoboMaze/build/basalt/pebble-app.elf elf32-littlearm)

.ARM.attributes
                0x00000000       0x27
 .ARM.attributes
                0x00000000       0x19 /home/jacko/pebble-dev/PebbleSDK/arm-cs-tools/bin/../lib/gcc/arm-none-eabi/4.7.3/thumb2/crti.o
 .ARM.attributes
                0x00000019       0x29 /home/jacko/pebble-dev/PebbleSDK/arm-cs-tools/bin/../lib/gcc/arm-none-eabi/4.7.3/thumb2/crtbegin.o
 .ARM.attributes
                0x00000042       0x33 src/basik.c.11.o
 .ARM.attributes
                0x00000075       0x33 src/clock.c.11.o
 .ARM.attributes
                0x000000a8       0x33 src/display.c.11.o
 .ARM.attributes
                0x000000db       0x33 src/game.c.11.o
 .ARM.attributes
                0x0000010e       0x33 src/robomaze.c.11.o
 .ARM.attributes
                0x00000141       0x33 basalt/appinfo.auto.c.11.o
 .ARM.attributes
                0x00000174       0x21 /home/jacko/pebble-dev/PebbleSDK/Pebble/basalt/lib/libpebble.a(tmpIg2f7tpebble.o)
 .ARM.attributes
                0x00000195       0x19 /home/jacko/pebble-dev/PebbleSDK/arm-cs-tools/bin/../lib/gcc/arm-none-eabi/4.7.3/thumb2/libgcc.a(_arm_addsubdf3.o)
 .ARM.attributes
                0x000001ae       0x19 /home/jacko/pebble-dev/PebbleSDK/arm-cs-tools/bin/../lib/gcc/arm-none-eabi/4.7.3/thumb2/libgcc.a(_arm_muldivdf3.o)
 .ARM.attributes
                0x000001c7       0x19 /home/jacko/pebble-dev/PebbleSDK/arm-cs-tools/bin/../lib/gcc/arm-none-eabi/4.7.3/thumb2/libgcc.a(_arm_cmpdf2.o)
 .ARM.attributes
                0x000001e0       0x19 /home/jacko/pebble-dev/PebbleSDK/arm-cs-tools/bin/../lib/gcc/arm-none-eabi/4.7.3/thumb2/libgcc.a(_arm_fixdfsi.o)
 .ARM.attributes
                0x000001f9       0x29 /home/jacko/pebble-dev/PebbleSDK/arm-cs-tools/bin/../lib/gcc/arm-none-eabi/4.7.3/thumb2/crtend.o
 .ARM.attributes
                0x00000222       0x19 /home/jacko/pebble-dev/PebbleSDK/arm-cs-tools/bin/../lib/gcc/arm-none-eabi/4.7.3/thumb2/crtn.o

.comment        0x00000000       0x4e
 .comment       0x00000000       0x4e /home/jacko/pebble-dev/PebbleSDK/arm-cs-tools/bin/../lib/gcc/arm-none-eabi/4.7.3/thumb2/crtbegin.o
                                 0x4f (size before relaxing)
 .comment       0x00000000       0x4f src/basik.c.11.o
 .comment       0x00000000       0x4f src/clock.c.11.o
 .comment       0x00000000       0x4f src/display.c.11.o
 .comment       0x00000000       0x4f src/game.c.11.o
 .comment       0x00000000       0x4f src/robomaze.c.11.o
 .comment       0x00000000       0x4f basalt/appinfo.auto.c.11.o
 .comment       0x00000000       0x4f /home/jacko/pebble-dev/PebbleSDK/arm-cs-tools/bin/../lib/gcc/arm-none-eabi/4.7.3/thumb2/crtend.o

.debug_info     0x00000000     0x40d7
 .debug_info    0x00000000      0x3cd src/basik.c.11.o
 .debug_info    0x000003cd      0xd87 src/clock.c.11.o
 .debug_info    0x00001154      0x30d src/display.c.11.o
 .debug_info    0x00001461     0x1215 src/game.c.11.o
 .debug_info    0x00002676     0x1484 src/robomaze.c.11.o
 .debug_info    0x00003afa      0x30d basalt/appinfo.auto.c.11.o
 .debug_info    0x00003e07       0xb4 /home/jacko/pebble-dev/PebbleSDK/arm-cs-tools/bin/../lib/gcc/arm-none-eabi/4.7.3/thumb2/libgcc.a(_arm_addsubdf3.o)
 .debug_info    0x00003ebb       0xb4 /home/jacko/pebble-dev/PebbleSDK/arm-cs-tools/bin/../lib/gcc/arm-none-eabi/4.7.3/thumb2/libgcc.a(_arm_muldivdf3.o)
 .debug_info    0x00003f6f       0xb4 /home/jacko/pebble-dev/PebbleSDK/arm-cs-tools/bin/../lib/gcc/arm-none-eabi/4.7.3/thumb2/libgcc.a(_arm_cmpdf2.o)
 .debug_info    0x00004023       0xb4 /home/jacko/pebble-dev/PebbleSDK/arm-cs-tools/bin/../lib/gcc/arm-none-eabi/4.7.3/thumb2/libgcc.a(_arm_fixdfsi.o)

.debug_abbrev   0x00000000     0x1031
 .debug_abbrev  0x00000000      0x1e9 src/basik.c.11.o
 .debug_abbrev  0x000001e9      0x3b8 src/clock.c.11.o
 .debug_abbrev  0x000005a1      0x1d1 src/display.c.11.o
 .debug_abbrev  0x00000772      0x3ed src/game.c.11.o
 .debug_abbrev  0x00000b5f      0x3e4 src/robomaze.c.11.o
 .debug_abbrev  0x00000f43       0x9e basalt/appinfo.auto.c.11.o
 .debug_abbrev  0x00000fe1       0x14 /home/jacko/pebble-dev/PebbleSDK/arm-cs-tools/bin/../lib/gcc/arm-none-eabi/4.7.3/thumb2/libgcc.a(_arm_addsubdf3.o)
 .debug_abbrev  0x00000ff5       0x14 /home/jacko/pebble-dev/PebbleSDK/arm-cs-tools/bin/../lib/gcc/arm-none-eabi/4.7.3/thumb2/libgcc.a(_arm_muldivdf3.o)
 .debug_abbrev  0x00001009       0x14 /home/jacko/pebble-dev/PebbleSDK/arm-cs-tools/bin/../lib/gcc/arm-none-eabi/4.7.3/thumb2/libgcc.a(_arm_cmpdf2.o)
 .debug_abbrev  0x0000101d       0x14 /home/jacko/pebble-dev/PebbleSDK/arm-cs-tools/bin/../lib/gcc/arm-none-eabi/4.7.3/thumb2/libgcc.a(_arm_fixdfsi.o)

.debug_loc      0x00000000     0x1d32
 .debug_loc     0x00000000      0x151 src/basik.c.11.o
 .debug_loc     0x00000151      0x8cf src/clock.c.11.o
 .debug_loc     0x00000a20      0x4ad src/display.c.11.o
 .debug_loc     0x00000ecd      0x7ee src/game.c.11.o
 .debug_loc     0x000016bb      0x677 src/robomaze.c.11.o

.debug_aranges  0x00000000      0x2c8
 .debug_aranges
                0x00000000       0x40 src/basik.c.11.o
 .debug_aranges
                0x00000040       0x70 src/clock.c.11.o
 .debug_aranges
                0x000000b0       0x40 src/display.c.11.o
 .debug_aranges
                0x000000f0       0xc8 src/game.c.11.o
 .debug_aranges
                0x000001b8       0x78 src/robomaze.c.11.o
 .debug_aranges
                0x00000230       0x18 basalt/appinfo.auto.c.11.o
 .debug_aranges
                0x00000248       0x20 /home/jacko/pebble-dev/PebbleSDK/arm-cs-tools/bin/../lib/gcc/arm-none-eabi/4.7.3/thumb2/libgcc.a(_arm_addsubdf3.o)
 .debug_aranges
                0x00000268       0x20 /home/jacko/pebble-dev/PebbleSDK/arm-cs-tools/bin/../lib/gcc/arm-none-eabi/4.7.3/thumb2/libgcc.a(_arm_muldivdf3.o)
 .debug_aranges
                0x00000288       0x20 /home/jacko/pebble-dev/PebbleSDK/arm-cs-tools/bin/../lib/gcc/arm-none-eabi/4.7.3/thumb2/libgcc.a(_arm_cmpdf2.o)
 .debug_aranges
                0x000002a8       0x20 /home/jacko/pebble-dev/PebbleSDK/arm-cs-tools/bin/../lib/gcc/arm-none-eabi/4.7.3/thumb2/libgcc.a(_arm_fixdfsi.o)

.debug_ranges   0x00000000      0xab8
 .debug_ranges  0x00000000       0x30 src/basik.c.11.o
 .debug_ranges  0x00000030      0x150 src/clock.c.11.o
 .debug_ranges  0x00000180       0x60 src/display.c.11.o
 .debug_ranges  0x000001e0      0x5d0 src/game.c.11.o
 .debug_ranges  0x000007b0      0x308 src/robomaze.c.11.o

.debug_line     0x00000000     0x1906
 .debug_line    0x00000000      0x1ef src/basik.c.11.o
 .debug_line    0x000001ef      0x47c src/clock.c.11.o
 .debug_line    0x0000066b      0x167 src/display.c.11.o
 .debug_line    0x000007d2      0x60a src/game.c.11.o
 .debug_line    0x00000ddc      0x441 src/robomaze.c.11.o
 .debug_line    0x0000121d      0x127 basalt/appinfo.auto.c.11.o
 .debug_line    0x00001344      0x20a /home/jacko/pebble-dev/PebbleSDK/arm-cs-tools/bin/../lib/gcc/arm-none-eabi/4.7.3/thumb2/libgcc.a(_arm_addsubdf3.o)
 .debug_line    0x0000154e      0x226 /home/jacko/pebble-dev/PebbleSDK/arm-cs-tools/bin/../lib/gcc/arm-none-eabi/4.7.3/thumb2/libgcc.a(_arm_muldivdf3.o)
 .debug_line    0x00001774      0x10c /home/jacko/pebble-dev/PebbleSDK/arm-cs-tools/bin/../lib/gcc/arm-none-eabi/4.7.3/thumb2/libgcc.a(_arm_cmpdf2.o)
 .debug_line    0x00001880       0x86 /home/jacko/pebble-dev/PebbleSDK/arm-cs-tools/bin/../lib/gcc/arm-none-eabi/4.7.3/thumb2/libgcc.a(_arm_fixdfsi.o)

.debug_str      0x00000000      0xbf0
 .debug_str     0x00000000      0x1e4 src/basik.c.11.o
                                0x231 (size before relaxing)
 .debug_str     0x000001e4      0x1bc src/clock.c.11.o
                                0x38e (size before relaxing)
 .debug_str     0x000003a0       0x71 src/display.c.11.o
                                0x1ae (size before relaxing)
 .debug_str     0x00000411      0x15b src/game.c.11.o
                                0x3a6 (size before relaxing)
 .debug_str     0x0000056c      0x520 src/robomaze.c.11.o
                                0x7e1 (size before relaxing)
 .debug_str     0x00000a8c      0x164 basalt/appinfo.auto.c.11.o
                                0x2bf (size before relaxing)

.debug_frame    0x00000000      0x684
 .debug_frame   0x00000000       0x7c src/basik.c.11.o
 .debug_frame   0x0000007c      0x178 src/clock.c.11.o
 .debug_frame   0x000001f4       0x74 src/display.c.11.o
 .debug_frame   0x00000268      0x2c4 src/game.c.11.o
 .debug_frame   0x0000052c      0x158 src/robomaze.c.11.o
