Archive member included because of file (symbol)

/home/jacko/pebble-dev/PebbleSDK/Pebble/basalt/lib/libpebble.a(tmp2hEX61pebble.o)
                              src/robomaze.c.9.o (app_event_loop)
/home/jacko/pebble-dev/PebbleSDK/arm-cs-tools/bin/../lib/gcc/arm-none-eabi/4.7.3/thumb2/libgcc.a(_arm_addsubdf3.o)
                              src/basik.c.9.o (__aeabi_dsub)
/home/jacko/pebble-dev/PebbleSDK/arm-cs-tools/bin/../lib/gcc/arm-none-eabi/4.7.3/thumb2/libgcc.a(_arm_muldivdf3.o)
                              src/basik.c.9.o (__aeabi_dmul)
/home/jacko/pebble-dev/PebbleSDK/arm-cs-tools/bin/../lib/gcc/arm-none-eabi/4.7.3/thumb2/libgcc.a(_arm_cmpdf2.o)
                              src/clock.c.9.o (__aeabi_dcmpeq)
/home/jacko/pebble-dev/PebbleSDK/arm-cs-tools/bin/../lib/gcc/arm-none-eabi/4.7.3/thumb2/libgcc.a(_arm_fixdfsi.o)
                              src/clock.c.9.o (__aeabi_d2iz)

Allocating common symbols
Common symbol       size              file

maze                0x435             src/robomaze.c.9.o
direction           0x1               src/game.c.9.o
score               0x4               src/game.c.9.o
level               0x4               src/game.c.9.o
hiscore             0x4               src/game.c.9.o
gAB                 0x1               src/game.c.9.o
con                 0x241             src/robomaze.c.9.o

Discarded input sections

 .text          0x00000000        0x0 /home/jacko/pebble-dev/PebbleSDK/arm-cs-tools/bin/../lib/gcc/arm-none-eabi/4.7.3/thumb2/crti.o
 .bss           0x00000000        0x0 /home/jacko/pebble-dev/PebbleSDK/arm-cs-tools/bin/../lib/gcc/arm-none-eabi/4.7.3/thumb2/crti.o
 .init          0x00000000        0x4 /home/jacko/pebble-dev/PebbleSDK/arm-cs-tools/bin/../lib/gcc/arm-none-eabi/4.7.3/thumb2/crti.o
 .fini          0x00000000        0x4 /home/jacko/pebble-dev/PebbleSDK/arm-cs-tools/bin/../lib/gcc/arm-none-eabi/4.7.3/thumb2/crti.o
 .text          0x00000000       0xc8 /home/jacko/pebble-dev/PebbleSDK/arm-cs-tools/bin/../lib/gcc/arm-none-eabi/4.7.3/thumb2/crtbegin.o
 .bss           0x00000000       0x1c /home/jacko/pebble-dev/PebbleSDK/arm-cs-tools/bin/../lib/gcc/arm-none-eabi/4.7.3/thumb2/crtbegin.o
 .init_array    0x00000000        0x4 /home/jacko/pebble-dev/PebbleSDK/arm-cs-tools/bin/../lib/gcc/arm-none-eabi/4.7.3/thumb2/crtbegin.o
 .fini_array    0x00000000        0x4 /home/jacko/pebble-dev/PebbleSDK/arm-cs-tools/bin/../lib/gcc/arm-none-eabi/4.7.3/thumb2/crtbegin.o
 .eh_frame      0x00000000        0x0 /home/jacko/pebble-dev/PebbleSDK/arm-cs-tools/bin/../lib/gcc/arm-none-eabi/4.7.3/thumb2/crtbegin.o
 .jcr           0x00000000        0x0 /home/jacko/pebble-dev/PebbleSDK/arm-cs-tools/bin/../lib/gcc/arm-none-eabi/4.7.3/thumb2/crtbegin.o
 .tm_clone_table
                0x00000000        0x0 /home/jacko/pebble-dev/PebbleSDK/arm-cs-tools/bin/../lib/gcc/arm-none-eabi/4.7.3/thumb2/crtbegin.o
 .text          0x00000000        0x0 src/basik.c.9.o
 .bss           0x00000000        0x0 src/basik.c.9.o
 .text          0x00000000        0x0 src/clock.c.9.o
 .bss           0x00000000        0x0 src/clock.c.9.o
 .text          0x00000000        0x0 src/display.c.9.o
 .bss           0x00000000        0x0 src/display.c.9.o
 .text          0x00000000        0x0 src/game.c.9.o
 .bss           0x00000000        0x0 src/game.c.9.o
 .text          0x00000000        0x0 src/robomaze.c.9.o
 .bss           0x00000000        0x0 src/robomaze.c.9.o
 .text          0x00000000        0x0 basalt/appinfo.auto.c.9.o
 .bss           0x00000000        0x0 basalt/appinfo.auto.c.9.o
 .bss           0x00000000        0x0 /home/jacko/pebble-dev/PebbleSDK/Pebble/basalt/lib/libpebble.a(tmp2hEX61pebble.o)
 .text.accel_data_service_subscribe__deprecated
                0x00000000        0xc /home/jacko/pebble-dev/PebbleSDK/Pebble/basalt/lib/libpebble.a(tmp2hEX61pebble.o)
 .text.accel_data_service_unsubscribe
                0x00000000        0xc /home/jacko/pebble-dev/PebbleSDK/Pebble/basalt/lib/libpebble.a(tmp2hEX61pebble.o)
 .text.accel_service_peek
                0x00000000        0xc /home/jacko/pebble-dev/PebbleSDK/Pebble/basalt/lib/libpebble.a(tmp2hEX61pebble.o)
 .text.accel_service_set_samples_per_update
                0x00000000        0xc /home/jacko/pebble-dev/PebbleSDK/Pebble/basalt/lib/libpebble.a(tmp2hEX61pebble.o)
 .text.accel_service_set_sampling_rate
                0x00000000        0xc /home/jacko/pebble-dev/PebbleSDK/Pebble/basalt/lib/libpebble.a(tmp2hEX61pebble.o)
 .text.accel_tap_service_subscribe
                0x00000000        0xc /home/jacko/pebble-dev/PebbleSDK/Pebble/basalt/lib/libpebble.a(tmp2hEX61pebble.o)
 .text.accel_tap_service_unsubscribe
                0x00000000        0xc /home/jacko/pebble-dev/PebbleSDK/Pebble/basalt/lib/libpebble.a(tmp2hEX61pebble.o)
 .text.action_bar_layer_legacy2_add_to_window
                0x00000000        0xc /home/jacko/pebble-dev/PebbleSDK/Pebble/basalt/lib/libpebble.a(tmp2hEX61pebble.o)
 .text.action_bar_layer_legacy2_clear_icon
[...]
Memory Configuration

Name             Origin             Length             Attributes
APP              0x00000000         0x00010000         xrw
*default*        0x00000000         0xffffffff

Linker script and memory map

LOAD /home/jacko/pebble-dev/PebbleSDK/arm-cs-tools/bin/../lib/gcc/arm-none-eabi/4.7.3/thumb2/crti.o
LOAD /home/jacko/pebble-dev/PebbleSDK/arm-cs-tools/bin/../lib/gcc/arm-none-eabi/4.7.3/thumb2/crtbegin.o
LOAD src/basik.c.9.o
LOAD src/clock.c.9.o
LOAD src/display.c.9.o
LOAD src/game.c.9.o
LOAD src/robomaze.c.9.o
LOAD basalt/appinfo.auto.c.9.o
LOAD /home/jacko/pebble-dev/PebbleSDK/Pebble/basalt/lib/libpebble.a
START GROUP
LOAD /home/jacko/pebble-dev/PebbleSDK/arm-cs-tools/bin/../lib/gcc/arm-none-eabi/4.7.3/thumb2/libgcc.a
LOAD /home/jacko/pebble-dev/PebbleSDK/arm-cs-tools/bin/../lib/gcc/arm-none-eabi/4.7.3/../../../../arm-none-eabi/lib/thumb2/libc.a
END GROUP
LOAD /home/jacko/pebble-dev/PebbleSDK/arm-cs-tools/bin/../lib/gcc/arm-none-eabi/4.7.3/thumb2/crtend.o
LOAD /home/jacko/pebble-dev/PebbleSDK/arm-cs-tools/bin/../lib/gcc/arm-none-eabi/4.7.3/thumb2/crtn.o

.header         0x00000000       0x82
 *(.pbl_header)
 .pbl_header    0x00000000       0x82 basalt/appinfo.auto.c.9.o
                0x00000000                __pbl_app_info

.note.gnu.build-id
                0x00000082       0x26
                0x00000082                PROVIDE (BUILD_ID, .)
 *(.note.gnu.build-id)
 *fill*         0x00000082        0x2 
 .note.gnu.build-id
                0x00000084       0x24 linker stubs

.text           0x000000a8     0x2c22
 *(.text)
 .text          0x000000a8       0x14 /home/jacko/pebble-dev/PebbleSDK/Pebble/basalt/lib/libpebble.a(tmp2hEX61pebble.o)
 .text          0x000000bc      0x370 /home/jacko/pebble-dev/PebbleSDK/arm-cs-tools/bin/../lib/gcc/arm-none-eabi/4.7.3/thumb2/libgcc.a(_arm_addsubdf3.o)
                0x000000bc                __aeabi_drsub
                0x000000c4                __aeabi_dsub
                0x000000c4                __subdf3
                0x000000c8                __adddf3
                0x000000c8                __aeabi_dadd
                0x00000340                __aeabi_ui2d
                0x00000340                __floatunsidf
                0x00000360                __floatsidf
                0x00000360                __aeabi_i2d
                0x00000384                __extendsfdf2
                0x00000384                __aeabi_f2d
                0x000003c0                __aeabi_ul2d
                0x000003c0                __floatundidf
                0x000003d0                __floatdidf
                0x000003d0                __aeabi_l2d
 .text          0x0000042c      0x424 /home/jacko/pebble-dev/PebbleSDK/arm-cs-tools/bin/../lib/gcc/arm-none-eabi/4.7.3/thumb2/libgcc.a(_arm_muldivdf3.o)
                0x0000042c                __aeabi_dmul
                0x0000042c                __muldf3
                0x00000680                __aeabi_ddiv
                0x00000680                __divdf3
 .text          0x00000850      0x110 /home/jacko/pebble-dev/PebbleSDK/arm-cs-tools/bin/../lib/gcc/arm-none-eabi/4.7.3/thumb2/libgcc.a(_arm_cmpdf2.o)
                0x00000850                __gtdf2
                0x00000850                __gedf2
                0x00000858                __ltdf2
                0x00000858                __ledf2
                0x00000860                __cmpdf2
                0x00000860                __eqdf2
                0x00000860                __nedf2
                0x000008dc                __aeabi_cdrcmple
                0x000008ec                __aeabi_cdcmple
                0x000008ec                __aeabi_cdcmpeq
                0x000008fc                __aeabi_dcmpeq
                0x00000910                __aeabi_dcmplt
                0x00000924                __aeabi_dcmple
                0x00000938                __aeabi_dcmpge
                0x0000094c                __aeabi_dcmpgt
 .text          0x00000960       0x50 /home/jacko/pebble-dev/PebbleSDK/arm-cs-tools/bin/../lib/gcc/arm-none-eabi/4.7.3/thumb2/libgcc.a(_arm_fixdfsi.o)
                0x00000960                __fixdfsi
                0x00000960                __aeabi_d2iz
 *(.text.*)
 .text.load_basik
                0x000009b0       0x50 src/basik.c.9.o
                0x000009b0                load_basik
 .text.save_basik
                0x00000a00       0x48 src/basik.c.9.o
                0x00000a00                save_basik
 .text.tick_basik
                0x00000a48        0x2 src/basik.c.9.o
                0x00000a48                tick_basik
 .text.click_basik
                0x00000a4a        0x2 src/basik.c.9.o
                0x00000a4a                click_basik
 *fill*         0x00000a4c        0x4 
 .text.click_value
                0x00000a50      0x168 src/basik.c.9.o
                0x00000a50                click_value
 .text.reset_sw
                0x00000bb8       0x34 src/clock.c.9.o
 .text.clear    0x00000bec       0x38 src/clock.c.9.o
 .text.draw_dp  0x00000c24       0x4c src/clock.c.9.o
 .text.draw     0x00000c70       0x98 src/clock.c.9.o
 .text.tock     0x00000d08       0xa6 src/clock.c.9.o
 .text.printint
                0x00000dae       0x3e src/clock.c.9.o
 *fill*         0x00000dec        0x4 
 .text.printreal.constprop.0
                0x00000df0      0x238 src/clock.c.9.o
 .text.sci      0x00001028       0x88 src/clock.c.9.o
 .text.save_clock
                0x000010b0       0x54 src/clock.c.9.o
                0x000010b0                save_clock
 .text.show_lvl
                0x00001104       0x20 src/clock.c.9.o
                0x00001104                show_lvl
 .text.tick_clock
                0x00001124      0x28c src/clock.c.9.o
                0x00001124                tick_clock
 .text.load_clock
                0x000013b0      0x144 src/clock.c.9.o
                0x000013b0                load_clock
 .text.click_clock
                0x000014f4      0x108 src/clock.c.9.o
                0x000014f4                click_clock
 .text.changed  0x000015fc       0x8c src/display.c.9.o
 .text.get_at   0x00001688       0xac src/display.c.9.o
                0x00001688                get_at
 .text.delay    0x00001734       0x50 src/game.c.9.o
 .text.evaluate
                0x00001784       0x48 src/game.c.9.o
 .text.activechaf
                0x000017cc       0xa4 src/game.c.9.o
 .text.processmaze
                0x00001870       0x7c src/game.c.9.o
 .text.drawmaze
                0x000018ec       0x7c src/game.c.9.o
 .text.xpand    0x00001968       0x54 src/game.c.9.o
 .text.loadwall
                0x000019bc       0x58 src/game.c.9.o
 .text.loadchaf
                0x00001a14       0x40 src/game.c.9.o
 .text.makechar
                0x00001a54       0x98 src/game.c.9.o
 .text.reset    0x00001aec       0x64 src/game.c.9.o
 .text.account  0x00001b50       0x30 src/game.c.9.o
 .text.destroywall
                0x00001b80       0xc4 src/game.c.9.o
 .text.makemaze
                0x00001c44       0x4c src/game.c.9.o
 .text.xydxy.isra.0
                0x00001c90       0x16 src/game.c.9.o
 *fill*         0x00001ca6        0x2 
 .text.drawchars
                0x00001ca8       0x90 src/game.c.9.o
 .text.ready    0x00001d38       0x40 src/game.c.9.o
 .text.move     0x00001d78       0xec src/game.c.9.o
 .text.tick     0x00001e64       0x10 src/game.c.9.o
                0x00001e64                tick
 .text.click    0x00001e74       0x40 src/game.c.9.o
                0x00001e74                click
 .text.load     0x00001eb4      0x150 src/game.c.9.o
                0x00001eb4                load
 .text.save     0x00002004      0x16c src/game.c.9.o
                0x00002004                save
 .text.respond  0x00002170      0x108 src/game.c.9.o
 .text.main_window_unload
                0x00002278       0x5c src/robomaze.c.9.o
 .text.main_window_load
                0x000022d4      0x274 src/robomaze.c.9.o
 .text.config_provider
                0x00002548       0x5c src/robomaze.c.9.o
 .text.get_map  0x000025a4       0x40 src/robomaze.c.9.o
                0x000025a4                get_map
 .text.put_map  0x000025e4       0x58 src/robomaze.c.9.o
                0x000025e4                put_map
 .text.layer_draw
                0x0000263c      0x248 src/robomaze.c.9.o
 .text.mark_dirty
                0x00002884       0x54 src/robomaze.c.9.o
                0x00002884                mark_dirty
 .text.handle_second_tick
                0x000028d8       0x58 src/robomaze.c.9.o
 .text.clicks   0x00002930       0x60 src/robomaze.c.9.o
 .text.long_click_handler
                0x00002990        0x6 src/robomaze.c.9.o
 .text.single_click_handler
                0x00002996        0x6 src/robomaze.c.9.o
 .text.startup.main
                0x0000299c       0x68 src/robomaze.c.9.o
                0x0000299c                main
 .text.app_event_loop
                0x00002a04        0xc /home/jacko/pebble-dev/PebbleSDK/Pebble/basalt/lib/libpebble.a(tmp2hEX61pebble.o)
                0x00002a04                app_event_loop
 .text.click_recognizer_get_button_id
                0x00002a10        0xc /home/jacko/pebble-dev/PebbleSDK/Pebble/basalt/lib/libpebble.a(tmp2hEX61pebble.o)
                0x00002a10                click_recognizer_get_button_id
 .text.clock_is_24h_style
                0x00002a1c        0xc /home/jacko/pebble-dev/PebbleSDK/Pebble/basalt/lib/libpebble.a(tmp2hEX61pebble.o)
                0x00002a1c                clock_is_24h_style
 .text.gbitmap_create_as_sub_bitmap
                0x00002a28        0xc /home/jacko/pebble-dev/PebbleSDK/Pebble/basalt/lib/libpebble.a(tmp2hEX61pebble.o)
                0x00002a28                gbitmap_create_as_sub_bitmap
 .text.gbitmap_create_with_resource
                0x00002a34        0xc /home/jacko/pebble-dev/PebbleSDK/Pebble/basalt/lib/libpebble.a(tmp2hEX61pebble.o)
                0x00002a34                gbitmap_create_with_resource
 .text.gbitmap_destroy
                0x00002a40        0xc /home/jacko/pebble-dev/PebbleSDK/Pebble/basalt/lib/libpebble.a(tmp2hEX61pebble.o)
                0x00002a40                gbitmap_destroy
 .text.graphics_draw_bitmap_in_rect
                0x00002a4c        0xc /home/jacko/pebble-dev/PebbleSDK/Pebble/basalt/lib/libpebble.a(tmp2hEX61pebble.o)
                0x00002a4c                graphics_draw_bitmap_in_rect
 .text.graphics_fill_rect
                0x00002a58        0xc /home/jacko/pebble-dev/PebbleSDK/Pebble/basalt/lib/libpebble.a(tmp2hEX61pebble.o)
                0x00002a58                graphics_fill_rect
 .text.layer_add_child
                0x00002a64        0xc /home/jacko/pebble-dev/PebbleSDK/Pebble/basalt/lib/libpebble.a(tmp2hEX61pebble.o)
                0x00002a64                layer_add_child
 .text.layer_create
                0x00002a70        0xc /home/jacko/pebble-dev/PebbleSDK/Pebble/basalt/lib/libpebble.a(tmp2hEX61pebble.o)
                0x00002a70                layer_create
 .text.layer_destroy
                0x00002a7c        0xc /home/jacko/pebble-dev/PebbleSDK/Pebble/basalt/lib/libpebble.a(tmp2hEX61pebble.o)
                0x00002a7c                layer_destroy
 .text.layer_get_bounds
                0x00002a88        0xc /home/jacko/pebble-dev/PebbleSDK/Pebble/basalt/lib/libpebble.a(tmp2hEX61pebble.o)
                0x00002a88                layer_get_bounds
 .text.layer_mark_dirty
                0x00002a94        0xc /home/jacko/pebble-dev/PebbleSDK/Pebble/basalt/lib/libpebble.a(tmp2hEX61pebble.o)
                0x00002a94                layer_mark_dirty
 .text.layer_set_bounds
                0x00002aa0        0xc /home/jacko/pebble-dev/PebbleSDK/Pebble/basalt/lib/libpebble.a(tmp2hEX61pebble.o)
                0x00002aa0                layer_set_bounds
 .text.layer_set_update_proc
                0x00002aac        0xc /home/jacko/pebble-dev/PebbleSDK/Pebble/basalt/lib/libpebble.a(tmp2hEX61pebble.o)
                0x00002aac                layer_set_update_proc
 .text.memset   0x00002ab8        0xc /home/jacko/pebble-dev/PebbleSDK/Pebble/basalt/lib/libpebble.a(tmp2hEX61pebble.o)
                0x00002ab8                memset
 .text.persist_exists
                0x00002ac4        0xc /home/jacko/pebble-dev/PebbleSDK/Pebble/basalt/lib/libpebble.a(tmp2hEX61pebble.o)
                0x00002ac4                persist_exists
 .text.persist_read_bool
                0x00002ad0        0xc /home/jacko/pebble-dev/PebbleSDK/Pebble/basalt/lib/libpebble.a(tmp2hEX61pebble.o)
                0x00002ad0                persist_read_bool
 .text.persist_read_int
                0x00002adc        0xc /home/jacko/pebble-dev/PebbleSDK/Pebble/basalt/lib/libpebble.a(tmp2hEX61pebble.o)
                0x00002adc                persist_read_int
 .text.persist_write_bool
                0x00002ae8        0xc /home/jacko/pebble-dev/PebbleSDK/Pebble/basalt/lib/libpebble.a(tmp2hEX61pebble.o)
                0x00002ae8                persist_write_bool
 .text.persist_write_int
                0x00002af4        0xc /home/jacko/pebble-dev/PebbleSDK/Pebble/basalt/lib/libpebble.a(tmp2hEX61pebble.o)
                0x00002af4                persist_write_int
 .text.rand     0x00002b00        0xc /home/jacko/pebble-dev/PebbleSDK/Pebble/basalt/lib/libpebble.a(tmp2hEX61pebble.o)
                0x00002b00                rand
 .text.srand    0x00002b0c        0xc /home/jacko/pebble-dev/PebbleSDK/Pebble/basalt/lib/libpebble.a(tmp2hEX61pebble.o)
                0x00002b0c                srand
 .text.tick_timer_service_subscribe
                0x00002b18        0xc /home/jacko/pebble-dev/PebbleSDK/Pebble/basalt/lib/libpebble.a(tmp2hEX61pebble.o)
                0x00002b18                tick_timer_service_subscribe
 .text.window_create
                0x00002b24        0xc /home/jacko/pebble-dev/PebbleSDK/Pebble/basalt/lib/libpebble.a(tmp2hEX61pebble.o)
                0x00002b24                window_create
 .text.window_destroy
                0x00002b30        0xc /home/jacko/pebble-dev/PebbleSDK/Pebble/basalt/lib/libpebble.a(tmp2hEX61pebble.o)
                0x00002b30                window_destroy
 .text.window_get_root_layer
                0x00002b3c        0xc /home/jacko/pebble-dev/PebbleSDK/Pebble/basalt/lib/libpebble.a(tmp2hEX61pebble.o)
                0x00002b3c                window_get_root_layer
 .text.window_set_click_config_provider
                0x00002b48        0xc /home/jacko/pebble-dev/PebbleSDK/Pebble/basalt/lib/libpebble.a(tmp2hEX61pebble.o)
                0x00002b48                window_set_click_config_provider
 .text.window_set_window_handlers
                0x00002b54        0xc /home/jacko/pebble-dev/PebbleSDK/Pebble/basalt/lib/libpebble.a(tmp2hEX61pebble.o)
                0x00002b54                window_set_window_handlers
 .text.window_stack_push
                0x00002b60        0xc /home/jacko/pebble-dev/PebbleSDK/Pebble/basalt/lib/libpebble.a(tmp2hEX61pebble.o)
                0x00002b60                window_stack_push
 .text.window_long_click_subscribe
                0x00002b6c        0xc /home/jacko/pebble-dev/PebbleSDK/Pebble/basalt/lib/libpebble.a(tmp2hEX61pebble.o)
                0x00002b6c                window_long_click_subscribe
 .text.window_single_click_subscribe
                0x00002b78        0xc /home/jacko/pebble-dev/PebbleSDK/Pebble/basalt/lib/libpebble.a(tmp2hEX61pebble.o)
                0x00002b78                window_single_click_subscribe
 .text.persist_read_data
                0x00002b84        0xc /home/jacko/pebble-dev/PebbleSDK/Pebble/basalt/lib/libpebble.a(tmp2hEX61pebble.o)
                0x00002b84                persist_read_data
 .text.persist_write_data
                0x00002b90        0xc /home/jacko/pebble-dev/PebbleSDK/Pebble/basalt/lib/libpebble.a(tmp2hEX61pebble.o)
                0x00002b90                persist_write_data
 .text.graphics_context_set_fill_color
                0x00002b9c        0xc /home/jacko/pebble-dev/PebbleSDK/Pebble/basalt/lib/libpebble.a(tmp2hEX61pebble.o)
                0x00002b9c                graphics_context_set_fill_color
 .text.localtime
                0x00002ba8        0xc /home/jacko/pebble-dev/PebbleSDK/Pebble/basalt/lib/libpebble.a(tmp2hEX61pebble.o)
                0x00002ba8                localtime
 .text.time     0x00002bb4        0xc /home/jacko/pebble-dev/PebbleSDK/Pebble/basalt/lib/libpebble.a(tmp2hEX61pebble.o)
                0x00002bb4                time
 *(.rodata)
 .rodata        0x00002bc0       0x18 src/robomaze.c.9.o
 *(.rodata*)
 .rodata.delays
                0x00002bd8        0x7 src/clock.c.9.o
 .rodata.days   0x00002bdf       0x39 src/clock.c.9.o
 .rodata.pics   0x00002c18       0x42 src/clock.c.9.o
 .rodata.keys   0x00002c5a        0x7 src/clock.c.9.o
 .rodata.specials
                0x00002c61        0x8 src/display.c.9.o
 .rodata.doubles
                0x00002c69       0x28 src/display.c.9.o
 .rodata.defis  0x00002c91        0x8 src/game.c.9.o
 .rodata.offset
                0x00002c99        0x4 src/game.c.9.o
 .rodata.dir    0x00002c9d        0x5 src/game.c.9.o
 .rodata.orders
                0x00002ca2       0x10 src/game.c.9.o
 .rodata.dxy    0x00002cb2        0x4 src/game.c.9.o
 .rodata.defchar
                0x00002cb6       0x14 src/game.c.9.o

.glue_7         0x00002ccc        0x0
 .glue_7        0x00000000        0x0 linker stubs

.glue_7t        0x00002ccc        0x0
 .glue_7t       0x00000000        0x0 linker stubs

.vfp11_veneer   0x00002ccc        0x0
 .vfp11_veneer  0x00000000        0x0 linker stubs

.v4_bx          0x00002ccc        0x0
 .v4_bx         0x00000000        0x0 linker stubs

.iplt           0x00002ccc        0x0
 .iplt          0x00000000        0x0 /home/jacko/pebble-dev/PebbleSDK/arm-cs-tools/bin/../lib/gcc/arm-none-eabi/4.7.3/thumb2/crtbegin.o

.rel.dyn        0x00002ccc        0x0
 .rel.iplt      0x00000000        0x0 /home/jacko/pebble-dev/PebbleSDK/arm-cs-tools/bin/../lib/gcc/arm-none-eabi/4.7.3/thumb2/crtbegin.o
 .rel.got       0x00000000        0x0 /home/jacko/pebble-dev/PebbleSDK/arm-cs-tools/bin/../lib/gcc/arm-none-eabi/4.7.3/thumb2/crtbegin.o

.data           0x00002ccc       0x38
 *(.data)
 .data          0x00002ccc        0x0 /home/jacko/pebble-dev/PebbleSDK/arm-cs-tools/bin/../lib/gcc/arm-none-eabi/4.7.3/thumb2/crti.o
 .data          0x00002ccc        0x4 /home/jacko/pebble-dev/PebbleSDK/arm-cs-tools/bin/../lib/gcc/arm-none-eabi/4.7.3/thumb2/crtbegin.o
                0x00002ccc                __dso_handle
 .data          0x00002cd0        0x0 src/basik.c.9.o
 .data          0x00002cd0        0x0 src/clock.c.9.o
 .data          0x00002cd0        0x0 src/display.c.9.o
 .data          0x00002cd0        0x0 src/game.c.9.o
 .data          0x00002cd0        0x0 src/robomaze.c.9.o
 .data          0x00002cd0        0x0 basalt/appinfo.auto.c.9.o
 .data          0x00002cd0        0x0 /home/jacko/pebble-dev/PebbleSDK/Pebble/basalt/lib/libpebble.a(tmp2hEX61pebble.o)
 .data          0x00002cd0        0x0 /home/jacko/pebble-dev/PebbleSDK/arm-cs-tools/bin/../lib/gcc/arm-none-eabi/4.7.3/thumb2/libgcc.a(_arm_addsubdf3.o)
 .data          0x00002cd0        0x0 /home/jacko/pebble-dev/PebbleSDK/arm-cs-tools/bin/../lib/gcc/arm-none-eabi/4.7.3/thumb2/libgcc.a(_arm_muldivdf3.o)
 .data          0x00002cd0        0x0 /home/jacko/pebble-dev/PebbleSDK/arm-cs-tools/bin/../lib/gcc/arm-none-eabi/4.7.3/thumb2/libgcc.a(_arm_cmpdf2.o)
 .data          0x00002cd0        0x0 /home/jacko/pebble-dev/PebbleSDK/arm-cs-tools/bin/../lib/gcc/arm-none-eabi/4.7.3/thumb2/libgcc.a(_arm_fixdfsi.o)
 .data          0x00002cd0        0x0 /home/jacko/pebble-dev/PebbleSDK/arm-cs-tools/bin/../lib/gcc/arm-none-eabi/4.7.3/thumb2/crtend.o
 .data          0x00002cd0        0x0 /home/jacko/pebble-dev/PebbleSDK/arm-cs-tools/bin/../lib/gcc/arm-none-eabi/4.7.3/thumb2/crtn.o
 *(.data.*)
 .data.selector
                0x00002cd0        0x1 src/display.c.9.o
                0x00002cd0                selector
 *fill*         0x00002cd1        0x3 
 .data.rel.local.state
                0x00002cd4        0x4 src/game.c.9.o
 .data.rel.local.oldstate
                0x00002cd8        0x4 src/game.c.9.o
 .data.rel.ro.local.fn
                0x00002cdc       0x28 src/game.c.9.o

.igot.plt       0x00002d04        0x0
 .igot.plt      0x00000000        0x0 /home/jacko/pebble-dev/PebbleSDK/arm-cs-tools/bin/../lib/gcc/arm-none-eabi/4.7.3/thumb2/crtbegin.o

.got            0x00002d04       0x34
 .got           0x00002d04       0x34 /home/jacko/pebble-dev/PebbleSDK/arm-cs-tools/bin/../lib/gcc/arm-none-eabi/4.7.3/thumb2/crtbegin.o

.got.plt        0x00002d38        0xc
 .got.plt       0x00002d38        0xc /home/jacko/pebble-dev/PebbleSDK/arm-cs-tools/bin/../lib/gcc/arm-none-eabi/4.7.3/thumb2/crtbegin.o
                0x00002d38                _GLOBAL_OFFSET_TABLE_

.bss            0x00002d48      0x93b
 *(.bss)
 *(.bss.*)
 .bss.expo      0x00002d48        0x1 src/basik.c.9.o
 *fill*         0x00002d49        0x7 
 .bss.xx        0x00002d50        0x8 src/basik.c.9.o
 .bss.value     0x00002d58        0x8 src/basik.c.9.o
                0x00002d58                value
 .bss.error     0x00002d60        0x1 src/basik.c.9.o
                0x00002d60                error
 .bss.hold      0x00002d61        0x1 src/basik.c.9.o
 *fill*         0x00002d62        0x2 
 .bss.reg       0x00002d64       0x30 src/clock.c.9.o
 .bss.clickback
                0x00002d94        0x1 src/clock.c.9.o
 *fill*         0x00002d95        0x1 
 .bss.sw_butt   0x00002d96        0x2 src/clock.c.9.o
 .bss.dp        0x00002d98        0x1 src/clock.c.9.o
 .bss.button_sec
                0x00002d99        0x1 src/clock.c.9.o
 .bss.mode      0x00002d9a        0x1 src/clock.c.9.o
                0x00002d9a                mode
 *fill*         0x00002d9b        0x1 
 .bss.lap       0x00002d9c       0x30 src/clock.c.9.o
 .bss.vidmode   0x00002dcc        0x1 src/display.c.9.o
                0x00002dcc                vidmode
 .bss.pause     0x00002dcd        0x1 src/game.c.9.o
                0x00002dcd                pause
 .bss.ting      0x00002dce       0x28 src/game.c.9.o
 .bss.chaf      0x00002df6       0x20 src/game.c.9.o
 .bss.success   0x00002e16        0x1 src/game.c.9.o
 *fill*         0x00002e17        0x1 
 .bss.countdown
                0x00002e18        0x4 src/game.c.9.o
 .bss.compact   0x00002e1c       0x3e src/game.c.9.o
 *fill*         0x00002e5a        0x2 
 .bss.layer     0x00002e5c        0x4 src/robomaze.c.9.o
 .bss.char_gfx  0x00002e60      0x10c src/robomaze.c.9.o
 .bss.last      0x00002f6c        0x1 src/robomaze.c.9.o
 *fill*         0x00002f6d        0x3 
 .bss.seconds   0x00002f70        0x4 src/robomaze.c.9.o
                0x00002f70                seconds
 .bss.ticks     0x00002f74        0x4 src/robomaze.c.9.o
 .bss.map       0x00002f78        0x4 src/robomaze.c.9.o
 .bss.maze_gfx  0x00002f7c       0x7c src/robomaze.c.9.o
 .bss.s_main_window
                0x00002ff8        0x4 src/robomaze.c.9.o
 COMMON         0x00002ffc       0x11 src/game.c.9.o
                0x00002ffc                direction
                0x00003000                score
                0x00003004                level
                0x00003008                hiscore
                0x0000300c                gAB
 COMMON         0x0000300d      0x676 src/robomaze.c.9.o
                0x0000300d                maze
                0x00003442                con

DISCARD
 libc.a(*)
 libm.a(*)
 libgcc.a(*)
 *(.eh_frame)
OUTPUT(/home/jacko/pebble-dev/examples/watchapps/RoboMaze/build/basalt/pebble-app.elf elf32-littlearm)

.ARM.attributes
                0x00000000       0x27
 .ARM.attributes
                0x00000000       0x19 /home/jacko/pebble-dev/PebbleSDK/arm-cs-tools/bin/../lib/gcc/arm-none-eabi/4.7.3/thumb2/crti.o
 .ARM.attributes
                0x00000019       0x29 /home/jacko/pebble-dev/PebbleSDK/arm-cs-tools/bin/../lib/gcc/arm-none-eabi/4.7.3/thumb2/crtbegin.o
 .ARM.attributes
                0x00000042       0x33 src/basik.c.9.o
 .ARM.attributes
                0x00000075       0x33 src/clock.c.9.o
 .ARM.attributes
                0x000000a8       0x33 src/display.c.9.o
 .ARM.attributes
                0x000000db       0x33 src/game.c.9.o
 .ARM.attributes
                0x0000010e       0x33 src/robomaze.c.9.o
 .ARM.attributes
                0x00000141       0x33 basalt/appinfo.auto.c.9.o
 .ARM.attributes
                0x00000174       0x21 /home/jacko/pebble-dev/PebbleSDK/Pebble/basalt/lib/libpebble.a(tmp2hEX61pebble.o)
 .ARM.attributes
                0x00000195       0x19 /home/jacko/pebble-dev/PebbleSDK/arm-cs-tools/bin/../lib/gcc/arm-none-eabi/4.7.3/thumb2/libgcc.a(_arm_addsubdf3.o)
 .ARM.attributes
                0x000001ae       0x19 /home/jacko/pebble-dev/PebbleSDK/arm-cs-tools/bin/../lib/gcc/arm-none-eabi/4.7.3/thumb2/libgcc.a(_arm_muldivdf3.o)
 .ARM.attributes
                0x000001c7       0x19 /home/jacko/pebble-dev/PebbleSDK/arm-cs-tools/bin/../lib/gcc/arm-none-eabi/4.7.3/thumb2/libgcc.a(_arm_cmpdf2.o)
 .ARM.attributes
                0x000001e0       0x19 /home/jacko/pebble-dev/PebbleSDK/arm-cs-tools/bin/../lib/gcc/arm-none-eabi/4.7.3/thumb2/libgcc.a(_arm_fixdfsi.o)
 .ARM.attributes
                0x000001f9       0x29 /home/jacko/pebble-dev/PebbleSDK/arm-cs-tools/bin/../lib/gcc/arm-none-eabi/4.7.3/thumb2/crtend.o
 .ARM.attributes
                0x00000222       0x19 /home/jacko/pebble-dev/PebbleSDK/arm-cs-tools/bin/../lib/gcc/arm-none-eabi/4.7.3/thumb2/crtn.o

.comment        0x00000000       0x4e
 .comment       0x00000000       0x4e /home/jacko/pebble-dev/PebbleSDK/arm-cs-tools/bin/../lib/gcc/arm-none-eabi/4.7.3/thumb2/crtbegin.o
                                 0x4f (size before relaxing)
 .comment       0x00000000       0x4f src/basik.c.9.o
 .comment       0x00000000       0x4f src/clock.c.9.o
 .comment       0x00000000       0x4f src/display.c.9.o
 .comment       0x00000000       0x4f src/game.c.9.o
 .comment       0x00000000       0x4f src/robomaze.c.9.o
 .comment       0x00000000       0x4f basalt/appinfo.auto.c.9.o
 .comment       0x00000000       0x4f /home/jacko/pebble-dev/PebbleSDK/arm-cs-tools/bin/../lib/gcc/arm-none-eabi/4.7.3/thumb2/crtend.o

.debug_info     0x00000000     0x3fd8
 .debug_info    0x00000000      0x3cd src/basik.c.9.o
 .debug_info    0x000003cd      0xded src/clock.c.9.o
 .debug_info    0x000011ba      0x1db src/display.c.9.o
 .debug_info    0x00001395     0x1215 src/game.c.9.o
 .debug_info    0x000025aa     0x1451 src/robomaze.c.9.o
 .debug_info    0x000039fb      0x30d basalt/appinfo.auto.c.9.o
 .debug_info    0x00003d08       0xb4 /home/jacko/pebble-dev/PebbleSDK/arm-cs-tools/bin/../lib/gcc/arm-none-eabi/4.7.3/thumb2/libgcc.a(_arm_addsubdf3.o)
 .debug_info    0x00003dbc       0xb4 /home/jacko/pebble-dev/PebbleSDK/arm-cs-tools/bin/../lib/gcc/arm-none-eabi/4.7.3/thumb2/libgcc.a(_arm_muldivdf3.o)
 .debug_info    0x00003e70       0xb4 /home/jacko/pebble-dev/PebbleSDK/arm-cs-tools/bin/../lib/gcc/arm-none-eabi/4.7.3/thumb2/libgcc.a(_arm_cmpdf2.o)
 .debug_info    0x00003f24       0xb4 /home/jacko/pebble-dev/PebbleSDK/arm-cs-tools/bin/../lib/gcc/arm-none-eabi/4.7.3/thumb2/libgcc.a(_arm_fixdfsi.o)

.debug_abbrev   0x00000000      0xf52
 .debug_abbrev  0x00000000      0x1e9 src/basik.c.9.o
 .debug_abbrev  0x000001e9      0x3aa src/clock.c.9.o
 .debug_abbrev  0x00000593      0x100 src/display.c.9.o
 .debug_abbrev  0x00000693      0x3ed src/game.c.9.o
 .debug_abbrev  0x00000a80      0x3e4 src/robomaze.c.9.o
 .debug_abbrev  0x00000e64       0x9e basalt/appinfo.auto.c.9.o
 .debug_abbrev  0x00000f02       0x14 /home/jacko/pebble-dev/PebbleSDK/arm-cs-tools/bin/../lib/gcc/arm-none-eabi/4.7.3/thumb2/libgcc.a(_arm_addsubdf3.o)
 .debug_abbrev  0x00000f16       0x14 /home/jacko/pebble-dev/PebbleSDK/arm-cs-tools/bin/../lib/gcc/arm-none-eabi/4.7.3/thumb2/libgcc.a(_arm_muldivdf3.o)
 .debug_abbrev  0x00000f2a       0x14 /home/jacko/pebble-dev/PebbleSDK/arm-cs-tools/bin/../lib/gcc/arm-none-eabi/4.7.3/thumb2/libgcc.a(_arm_cmpdf2.o)
 .debug_abbrev  0x00000f3e       0x14 /home/jacko/pebble-dev/PebbleSDK/arm-cs-tools/bin/../lib/gcc/arm-none-eabi/4.7.3/thumb2/libgcc.a(_arm_fixdfsi.o)

.debug_loc      0x00000000     0x1b49
 .debug_loc     0x00000000      0x151 src/basik.c.9.o
 .debug_loc     0x00000151      0x939 src/clock.c.9.o
 .debug_loc     0x00000a8a      0x25a src/display.c.9.o
 .debug_loc     0x00000ce4      0x7ee src/game.c.9.o
 .debug_loc     0x000014d2      0x677 src/robomaze.c.9.o

.debug_aranges  0x00000000      0x2c0
 .debug_aranges
                0x00000000       0x40 src/basik.c.9.o
 .debug_aranges
                0x00000040       0x80 src/clock.c.9.o
 .debug_aranges
                0x000000c0       0x28 src/display.c.9.o
 .debug_aranges
                0x000000e8       0xc8 src/game.c.9.o
 .debug_aranges
                0x000001b0       0x78 src/robomaze.c.9.o
 .debug_aranges
                0x00000228       0x18 basalt/appinfo.auto.c.9.o
 .debug_aranges
                0x00000240       0x20 /home/jacko/pebble-dev/PebbleSDK/arm-cs-tools/bin/../lib/gcc/arm-none-eabi/4.7.3/thumb2/libgcc.a(_arm_addsubdf3.o)
 .debug_aranges
                0x00000260       0x20 /home/jacko/pebble-dev/PebbleSDK/arm-cs-tools/bin/../lib/gcc/arm-none-eabi/4.7.3/thumb2/libgcc.a(_arm_muldivdf3.o)
 .debug_aranges
                0x00000280       0x20 /home/jacko/pebble-dev/PebbleSDK/arm-cs-tools/bin/../lib/gcc/arm-none-eabi/4.7.3/thumb2/libgcc.a(_arm_cmpdf2.o)
 .debug_aranges
                0x000002a0       0x20 /home/jacko/pebble-dev/PebbleSDK/arm-cs-tools/bin/../lib/gcc/arm-none-eabi/4.7.3/thumb2/libgcc.a(_arm_fixdfsi.o)

.debug_ranges   0x00000000      0xa48
 .debug_ranges  0x00000000       0x30 src/basik.c.9.o
 .debug_ranges  0x00000030      0x110 src/clock.c.9.o
 .debug_ranges  0x00000140       0x30 src/display.c.9.o
 .debug_ranges  0x00000170      0x5d0 src/game.c.9.o
 .debug_ranges  0x00000740      0x308 src/robomaze.c.9.o

.debug_line     0x00000000     0x181c
 .debug_line    0x00000000      0x1ef src/basik.c.9.o
 .debug_line    0x000001ef      0x463 src/clock.c.9.o
 .debug_line    0x00000652       0x98 src/display.c.9.o
 .debug_line    0x000006ea      0x60a src/game.c.9.o
 .debug_line    0x00000cf4      0x43f src/robomaze.c.9.o
 .debug_line    0x00001133      0x127 basalt/appinfo.auto.c.9.o
 .debug_line    0x0000125a      0x20a /home/jacko/pebble-dev/PebbleSDK/arm-cs-tools/bin/../lib/gcc/arm-none-eabi/4.7.3/thumb2/libgcc.a(_arm_addsubdf3.o)
 .debug_line    0x00001464      0x226 /home/jacko/pebble-dev/PebbleSDK/arm-cs-tools/bin/../lib/gcc/arm-none-eabi/4.7.3/thumb2/libgcc.a(_arm_muldivdf3.o)
 .debug_line    0x0000168a      0x10c /home/jacko/pebble-dev/PebbleSDK/arm-cs-tools/bin/../lib/gcc/arm-none-eabi/4.7.3/thumb2/libgcc.a(_arm_cmpdf2.o)
 .debug_line    0x00001796       0x86 /home/jacko/pebble-dev/PebbleSDK/arm-cs-tools/bin/../lib/gcc/arm-none-eabi/4.7.3/thumb2/libgcc.a(_arm_fixdfsi.o)

.debug_str      0x00000000      0xbbb
 .debug_str     0x00000000      0x1e4 src/basik.c.9.o
                                0x231 (size before relaxing)
 .debug_str     0x000001e4      0x1b0 src/clock.c.9.o
                                0x382 (size before relaxing)
 .debug_str     0x00000394       0x3a src/display.c.9.o
                                0x11f (size before relaxing)
 .debug_str     0x000003ce      0x169 src/game.c.9.o
                                0x3a6 (size before relaxing)
 .debug_str     0x00000537      0x520 src/robomaze.c.9.o
                                0x7d3 (size before relaxing)
 .debug_str     0x00000a57      0x164 basalt/appinfo.auto.c.9.o
                                0x2bf (size before relaxing)

.debug_frame    0x00000000      0x684
 .debug_frame   0x00000000       0x7c src/basik.c.9.o
 .debug_frame   0x0000007c      0x1b0 src/clock.c.9.o
 .debug_frame   0x0000022c       0x3c src/display.c.9.o
 .debug_frame   0x00000268      0x2c4 src/game.c.9.o
 .debug_frame   0x0000052c      0x158 src/robomaze.c.9.o
