Archive member included because of file (symbol)

/home/jacko/pebble-dev/PebbleSDK/Pebble/basalt/lib/libpebble.a(tmpIg2f7tpebble.o)
                              src/robomaze.c.11.o (app_event_loop)
/home/jacko/pebble-dev/PebbleSDK/arm-cs-tools/bin/../lib/gcc/arm-none-eabi/4.7.3/thumb2/libgcc.a(_arm_addsubdf3.o)
                              src/basik.c.11.o (__aeabi_dsub)
/home/jacko/pebble-dev/PebbleSDK/arm-cs-tools/bin/../lib/gcc/arm-none-eabi/4.7.3/thumb2/libgcc.a(_arm_muldivdf3.o)
                              src/basik.c.11.o (__aeabi_dmul)
/home/jacko/pebble-dev/PebbleSDK/arm-cs-tools/bin/../lib/gcc/arm-none-eabi/4.7.3/thumb2/libgcc.a(_arm_cmpdf2.o)
                              src/clock.c.11.o (__aeabi_dcmpeq)
/home/jacko/pebble-dev/PebbleSDK/arm-cs-tools/bin/../lib/gcc/arm-none-eabi/4.7.3/thumb2/libgcc.a(_arm_fixdfsi.o)
                              src/clock.c.11.o (__aeabi_d2iz)

Allocating common symbols
Common symbol       size              file

maze                0x435             src/robomaze.c.11.o
direction           0x1               src/game.c.11.o
score               0x4               src/game.c.11.o
level               0x4               src/game.c.11.o
hiscore             0x4               src/game.c.11.o
gAB                 0x1               src/game.c.11.o
con                 0x241             src/robomaze.c.11.o

Discarded input sections

 .text          0x00000000        0x0 /home/jacko/pebble-dev/PebbleSDK/arm-cs-tools/bin/../lib/gcc/arm-none-eabi/4.7.3/thumb2/crti.o
 .bss           0x00000000        0x0 /home/jacko/pebble-dev/PebbleSDK/arm-cs-tools/bin/../lib/gcc/arm-none-eabi/4.7.3/thumb2/crti.o
 .init          0x00000000        0x4 /home/jacko/pebble-dev/PebbleSDK/arm-cs-tools/bin/../lib/gcc/arm-none-eabi/4.7.3/thumb2/crti.o
 .fini          0x00000000        0x4 /home/jacko/pebble-dev/PebbleSDK/arm-cs-tools/bin/../lib/gcc/arm-none-eabi/4.7.3/thumb2/crti.o
 .text          0x00000000       0xc8 /home/jacko/pebble-dev/PebbleSDK/arm-cs-tools/bin/../lib/gcc/arm-none-eabi/4.7.3/thumb2/crtbegin.o
 .bss           0x00000000       0x1c /home/jacko/pebble-dev/PebbleSDK/arm-cs-tools/bin/../lib/gcc/arm-none-eabi/4.7.3/thumb2/crtbegin.o
 .init_array    0x00000000        0x4 /home/jacko/pebble-dev/PebbleSDK/arm-cs-tools/bin/../lib/gcc/arm-none-eabi/4.7.3/thumb2/crtbegin.o
 .fini_array    0x00000000        0x4 /home/jacko/pebble-dev/PebbleSDK/arm-cs-tools/bin/../lib/gcc/arm-none-eabi/4.7.3/thumb2/crtbegin.o
 .eh_frame      0x00000000        0x0 /home/jacko/pebble-dev/PebbleSDK/arm-cs-tools/bin/../lib/gcc/arm-none-eabi/4.7.3/thumb2/crtbegin.o
 .jcr           0x00000000        0x0 /home/jacko/pebble-dev/PebbleSDK/arm-cs-tools/bin/../lib/gcc/arm-none-eabi/4.7.3/thumb2/crtbegin.o
 .tm_clone_table
                0x00000000        0x0 /home/jacko/pebble-dev/PebbleSDK/arm-cs-tools/bin/../lib/gcc/arm-none-eabi/4.7.3/thumb2/crtbegin.o
 .text          0x00000000        0x0 src/basik.c.11.o
 .bss           0x00000000        0x0 src/basik.c.11.o
 .text          0x00000000        0x0 src/clock.c.11.o
 .bss           0x00000000        0x0 src/clock.c.11.o
 .text          0x00000000        0x0 src/display.c.11.o
 .bss           0x00000000        0x0 src/display.c.11.o
 .text          0x00000000        0x0 src/game.c.11.o
 .bss           0x00000000        0x0 src/game.c.11.o
 .text          0x00000000        0x0 src/robomaze.c.11.o
 .bss           0x00000000        0x0 src/robomaze.c.11.o
 .text          0x00000000        0x0 basalt/appinfo.auto.c.11.o
 .bss           0x00000000        0x0 basalt/appinfo.auto.c.11.o
 .bss           0x00000000        0x0 /home/jacko/pebble-dev/PebbleSDK/Pebble/basalt/lib/libpebble.a(tmpIg2f7tpebble.o)
 .text.accel_data_service_subscribe__deprecated
                0x00000000        0xc /home/jacko/pebble-dev/PebbleSDK/Pebble/basalt/lib/libpebble.a(tmpIg2f7tpebble.o)
 .text.accel_data_service_unsubscribe
                0x00000000        0xc /home/jacko/pebble-dev/PebbleSDK/Pebble/basalt/lib/libpebble.a(tmpIg2f7tpebble.o)
 .text.accel_service_peek
                0x00000000        0xc /home/jacko/pebble-dev/PebbleSDK/Pebble/basalt/lib/libpebble.a(tmpIg2f7tpebble.o)
 .text.accel_service_set_samples_per_update
                0x00000000        0xc /home/jacko/pebble-dev/PebbleSDK/Pebble/basalt/lib/libpebble.a(tmpIg2f7tpebble.o)
 .text.accel_service_set_sampling_rate
                0x00000000        0xc /home/jacko/pebble-dev/PebbleSDK/Pebble/basalt/lib/libpebble.a(tmpIg2f7tpebble.o)
 .text.accel_tap_service_subscribe
                0x00000000        0xc /home/jacko/pebble-dev/PebbleSDK/Pebble/basalt/lib/libpebble.a(tmpIg2f7tpebble.o)
 .text.accel_tap_service_unsubscribe
                0x00000000        0xc /home/jacko/pebble-dev/PebbleSDK/Pebble/basalt/lib/libpebble.a(tmpIg2f7tpebble.o)
 .text.action_bar_layer_legacy2_add_to_window
                0x00000000        0xc /home/jacko/pebble-dev/PebbleSDK/Pebble/basalt/lib/libpebble.a(tmpIg2f7tpebble.o)
[...]
Memory Configuration

Name             Origin             Length             Attributes
APP              0x00000000         0x00010000         xrw
*default*        0x00000000         0xffffffff

Linker script and memory map

LOAD /home/jacko/pebble-dev/PebbleSDK/arm-cs-tools/bin/../lib/gcc/arm-none-eabi/4.7.3/thumb2/crti.o
LOAD /home/jacko/pebble-dev/PebbleSDK/arm-cs-tools/bin/../lib/gcc/arm-none-eabi/4.7.3/thumb2/crtbegin.o
LOAD src/basik.c.11.o
LOAD src/clock.c.11.o
LOAD src/display.c.11.o
LOAD src/game.c.11.o
LOAD src/robomaze.c.11.o
LOAD basalt/appinfo.auto.c.11.o
LOAD /home/jacko/pebble-dev/PebbleSDK/Pebble/basalt/lib/libpebble.a
START GROUP
LOAD /home/jacko/pebble-dev/PebbleSDK/arm-cs-tools/bin/../lib/gcc/arm-none-eabi/4.7.3/thumb2/libgcc.a
LOAD /home/jacko/pebble-dev/PebbleSDK/arm-cs-tools/bin/../lib/gcc/arm-none-eabi/4.7.3/../../../../arm-none-eabi/lib/thumb2/libc.a
END GROUP
LOAD /home/jacko/pebble-dev/PebbleSDK/arm-cs-tools/bin/../lib/gcc/arm-none-eabi/4.7.3/thumb2/crtend.o
LOAD /home/jacko/pebble-dev/PebbleSDK/arm-cs-tools/bin/../lib/gcc/arm-none-eabi/4.7.3/thumb2/crtn.o

.header         0x00000000       0x82
 *(.pbl_header)
 .pbl_header    0x00000000       0x82 basalt/appinfo.auto.c.11.o
                0x00000000                __pbl_app_info

.note.gnu.build-id
                0x00000082       0x26
                0x00000082                PROVIDE (BUILD_ID, .)
 *(.note.gnu.build-id)
 *fill*         0x00000082        0x2 
 .note.gnu.build-id
                0x00000084       0x24 linker stubs

.text           0x000000a8     0x2c12
 *(.text)
 .text          0x000000a8       0x14 /home/jacko/pebble-dev/PebbleSDK/Pebble/basalt/lib/libpebble.a(tmpIg2f7tpebble.o)
 .text          0x000000bc      0x370 /home/jacko/pebble-dev/PebbleSDK/arm-cs-tools/bin/../lib/gcc/arm-none-eabi/4.7.3/thumb2/libgcc.a(_arm_addsubdf3.o)
                0x000000bc                __aeabi_drsub
                0x000000c4                __aeabi_dsub
                0x000000c4                __subdf3
                0x000000c8                __adddf3
                0x000000c8                __aeabi_dadd
                0x00000340                __aeabi_ui2d
                0x00000340                __floatunsidf
                0x00000360                __floatsidf
                0x00000360                __aeabi_i2d
                0x00000384                __extendsfdf2
                0x00000384                __aeabi_f2d
                0x000003c0                __aeabi_ul2d
                0x000003c0                __floatundidf
                0x000003d0                __floatdidf
                0x000003d0                __aeabi_l2d
 .text          0x0000042c      0x424 /home/jacko/pebble-dev/PebbleSDK/arm-cs-tools/bin/../lib/gcc/arm-none-eabi/4.7.3/thumb2/libgcc.a(_arm_muldivdf3.o)
                0x0000042c                __aeabi_dmul
                0x0000042c                __muldf3
                0x00000680                __aeabi_ddiv
                0x00000680                __divdf3
 .text          0x00000850      0x110 /home/jacko/pebble-dev/PebbleSDK/arm-cs-tools/bin/../lib/gcc/arm-none-eabi/4.7.3/thumb2/libgcc.a(_arm_cmpdf2.o)
                0x00000850                __gtdf2
                0x00000850                __gedf2
                0x00000858                __ltdf2
                0x00000858                __ledf2
                0x00000860                __cmpdf2
                0x00000860                __eqdf2
                0x00000860                __nedf2
                0x000008dc                __aeabi_cdrcmple
                0x000008ec                __aeabi_cdcmple
                0x000008ec                __aeabi_cdcmpeq
                0x000008fc                __aeabi_dcmpeq
                0x00000910                __aeabi_dcmplt
                0x00000924                __aeabi_dcmple
                0x00000938                __aeabi_dcmpge
                0x0000094c                __aeabi_dcmpgt
 .text          0x00000960       0x50 /home/jacko/pebble-dev/PebbleSDK/arm-cs-tools/bin/../lib/gcc/arm-none-eabi/4.7.3/thumb2/libgcc.a(_arm_fixdfsi.o)
                0x00000960                __fixdfsi
                0x00000960                __aeabi_d2iz
 *(.text.*)
 .text.load_basik
                0x000009b0       0x50 src/basik.c.11.o
                0x000009b0                load_basik
 .text.save_basik
                0x00000a00       0x48 src/basik.c.11.o
                0x00000a00                save_basik
 .text.tick_basik
                0x00000a48        0x2 src/basik.c.11.o
                0x00000a48                tick_basik
 .text.click_basik
                0x00000a4a        0x2 src/basik.c.11.o
                0x00000a4a                click_basik
 *fill*         0x00000a4c        0x4 
 .text.click_value
                0x00000a50      0x168 src/basik.c.11.o
                0x00000a50                click_value
 .text.reset_sw
                0x00000bb8       0x34 src/clock.c.11.o
 .text.draw_dp  0x00000bec       0x4c src/clock.c.11.o
 .text.draw     0x00000c38       0x98 src/clock.c.11.o
 .text.tock     0x00000cd0       0xae src/clock.c.11.o
 *fill*         0x00000d7e        0x2 
 .text.printint
                0x00000d80       0x60 src/clock.c.11.o
 .text.printreal
                0x00000de0      0x258 src/clock.c.11.o
 .text.save_clock
                0x00001038       0x54 src/clock.c.11.o
                0x00001038                save_clock
 .text.show_lvl
                0x0000108c       0x20 src/clock.c.11.o
                0x0000108c                show_lvl
 .text.tick_clock
                0x000010ac      0x2d8 src/clock.c.11.o
                0x000010ac                tick_clock
 .text.load_clock
                0x00001384      0x144 src/clock.c.11.o
                0x00001384                load_clock
 .text.click_clock
                0x000014c8      0x108 src/clock.c.11.o
                0x000014c8                click_clock
 .text.changed  0x000015d0       0x8c src/display.c.11.o
 .text.get_at   0x0000165c       0xac src/display.c.11.o
                0x0000165c                get_at
 .text.click_display
                0x00001708        0x2 src/display.c.11.o
                0x00001708                click_display
 *fill*         0x0000170a        0x2 
 .text.delay    0x0000170c       0x50 src/game.c.11.o
 .text.evaluate
                0x0000175c       0x48 src/game.c.11.o
 .text.activechaf
                0x000017a4       0xa4 src/game.c.11.o
 .text.processmaze
                0x00001848       0x7c src/game.c.11.o
 .text.drawmaze
                0x000018c4       0x7c src/game.c.11.o
 .text.xpand    0x00001940       0x54 src/game.c.11.o
 .text.loadwall
                0x00001994       0x58 src/game.c.11.o
 .text.loadchaf
                0x000019ec       0x40 src/game.c.11.o
 .text.makechar
                0x00001a2c       0x98 src/game.c.11.o
 .text.reset    0x00001ac4       0x64 src/game.c.11.o
 .text.account  0x00001b28       0x30 src/game.c.11.o
 .text.destroywall
                0x00001b58       0xc4 src/game.c.11.o
 .text.makemaze
                0x00001c1c       0x4c src/game.c.11.o
 .text.xydxy.isra.0
                0x00001c68       0x16 src/game.c.11.o
 *fill*         0x00001c7e        0x2 
 .text.drawchars
                0x00001c80       0x90 src/game.c.11.o
 .text.ready    0x00001d10       0x40 src/game.c.11.o
 .text.move     0x00001d50       0xec src/game.c.11.o
 .text.tick     0x00001e3c       0x10 src/game.c.11.o
                0x00001e3c                tick
 .text.click    0x00001e4c       0x40 src/game.c.11.o
                0x00001e4c                click
 .text.load     0x00001e8c      0x150 src/game.c.11.o
                0x00001e8c                load
 .text.save     0x00001fdc      0x16c src/game.c.11.o
                0x00001fdc                save
 .text.respond  0x00002148      0x108 src/game.c.11.o
 .text.main_window_unload
                0x00002250       0x5c src/robomaze.c.11.o
 .text.main_window_load
                0x000022ac      0x274 src/robomaze.c.11.o
 .text.config_provider
                0x00002520       0x5c src/robomaze.c.11.o
 .text.get_map  0x0000257c       0x40 src/robomaze.c.11.o
                0x0000257c                get_map
 .text.put_map  0x000025bc       0x58 src/robomaze.c.11.o
                0x000025bc                put_map
 .text.layer_draw
                0x00002614      0x248 src/robomaze.c.11.o
 .text.mark_dirty
                0x0000285c       0x54 src/robomaze.c.11.o
                0x0000285c                mark_dirty
 .text.handle_second_tick
                0x000028b0       0x58 src/robomaze.c.11.o
 .text.clicks   0x00002908       0x78 src/robomaze.c.11.o
 .text.long_click_handler
                0x00002980        0x6 src/robomaze.c.11.o
 .text.single_click_handler
                0x00002986        0x6 src/robomaze.c.11.o
 .text.startup.main
                0x0000298c       0x68 src/robomaze.c.11.o
                0x0000298c                main
 .text.app_event_loop
                0x000029f4        0xc /home/jacko/pebble-dev/PebbleSDK/Pebble/basalt/lib/libpebble.a(tmpIg2f7tpebble.o)
                0x000029f4                app_event_loop
 .text.click_recognizer_get_button_id
                0x00002a00        0xc /home/jacko/pebble-dev/PebbleSDK/Pebble/basalt/lib/libpebble.a(tmpIg2f7tpebble.o)
                0x00002a00                click_recognizer_get_button_id
 .text.clock_is_24h_style
                0x00002a0c        0xc /home/jacko/pebble-dev/PebbleSDK/Pebble/basalt/lib/libpebble.a(tmpIg2f7tpebble.o)
                0x00002a0c                clock_is_24h_style
 .text.gbitmap_create_as_sub_bitmap
                0x00002a18        0xc /home/jacko/pebble-dev/PebbleSDK/Pebble/basalt/lib/libpebble.a(tmpIg2f7tpebble.o)
                0x00002a18                gbitmap_create_as_sub_bitmap
 .text.gbitmap_create_with_resource
                0x00002a24        0xc /home/jacko/pebble-dev/PebbleSDK/Pebble/basalt/lib/libpebble.a(tmpIg2f7tpebble.o)
                0x00002a24                gbitmap_create_with_resource
 .text.gbitmap_destroy
                0x00002a30        0xc /home/jacko/pebble-dev/PebbleSDK/Pebble/basalt/lib/libpebble.a(tmpIg2f7tpebble.o)
                0x00002a30                gbitmap_destroy
 .text.graphics_draw_bitmap_in_rect
                0x00002a3c        0xc /home/jacko/pebble-dev/PebbleSDK/Pebble/basalt/lib/libpebble.a(tmpIg2f7tpebble.o)
                0x00002a3c                graphics_draw_bitmap_in_rect
 .text.graphics_fill_rect
                0x00002a48        0xc /home/jacko/pebble-dev/PebbleSDK/Pebble/basalt/lib/libpebble.a(tmpIg2f7tpebble.o)
                0x00002a48                graphics_fill_rect
 .text.layer_add_child
                0x00002a54        0xc /home/jacko/pebble-dev/PebbleSDK/Pebble/basalt/lib/libpebble.a(tmpIg2f7tpebble.o)
                0x00002a54                layer_add_child
 .text.layer_create
                0x00002a60        0xc /home/jacko/pebble-dev/PebbleSDK/Pebble/basalt/lib/libpebble.a(tmpIg2f7tpebble.o)
                0x00002a60                layer_create
 .text.layer_destroy
                0x00002a6c        0xc /home/jacko/pebble-dev/PebbleSDK/Pebble/basalt/lib/libpebble.a(tmpIg2f7tpebble.o)
                0x00002a6c                layer_destroy
 .text.layer_get_bounds
                0x00002a78        0xc /home/jacko/pebble-dev/PebbleSDK/Pebble/basalt/lib/libpebble.a(tmpIg2f7tpebble.o)
                0x00002a78                layer_get_bounds
 .text.layer_mark_dirty
                0x00002a84        0xc /home/jacko/pebble-dev/PebbleSDK/Pebble/basalt/lib/libpebble.a(tmpIg2f7tpebble.o)
                0x00002a84                layer_mark_dirty
 .text.layer_set_bounds
                0x00002a90        0xc /home/jacko/pebble-dev/PebbleSDK/Pebble/basalt/lib/libpebble.a(tmpIg2f7tpebble.o)
                0x00002a90                layer_set_bounds
 .text.layer_set_update_proc
                0x00002a9c        0xc /home/jacko/pebble-dev/PebbleSDK/Pebble/basalt/lib/libpebble.a(tmpIg2f7tpebble.o)
                0x00002a9c                layer_set_update_proc
 .text.memset   0x00002aa8        0xc /home/jacko/pebble-dev/PebbleSDK/Pebble/basalt/lib/libpebble.a(tmpIg2f7tpebble.o)
                0x00002aa8                memset
 .text.persist_exists
                0x00002ab4        0xc /home/jacko/pebble-dev/PebbleSDK/Pebble/basalt/lib/libpebble.a(tmpIg2f7tpebble.o)
                0x00002ab4                persist_exists
 .text.persist_read_bool
                0x00002ac0        0xc /home/jacko/pebble-dev/PebbleSDK/Pebble/basalt/lib/libpebble.a(tmpIg2f7tpebble.o)
                0x00002ac0                persist_read_bool
 .text.persist_read_int
                0x00002acc        0xc /home/jacko/pebble-dev/PebbleSDK/Pebble/basalt/lib/libpebble.a(tmpIg2f7tpebble.o)
                0x00002acc                persist_read_int
 .text.persist_write_bool
                0x00002ad8        0xc /home/jacko/pebble-dev/PebbleSDK/Pebble/basalt/lib/libpebble.a(tmpIg2f7tpebble.o)
                0x00002ad8                persist_write_bool
 .text.persist_write_int
                0x00002ae4        0xc /home/jacko/pebble-dev/PebbleSDK/Pebble/basalt/lib/libpebble.a(tmpIg2f7tpebble.o)
                0x00002ae4                persist_write_int
 .text.rand     0x00002af0        0xc /home/jacko/pebble-dev/PebbleSDK/Pebble/basalt/lib/libpebble.a(tmpIg2f7tpebble.o)
                0x00002af0                rand
 .text.srand    0x00002afc        0xc /home/jacko/pebble-dev/PebbleSDK/Pebble/basalt/lib/libpebble.a(tmpIg2f7tpebble.o)
                0x00002afc                srand
 .text.tick_timer_service_subscribe
                0x00002b08        0xc /home/jacko/pebble-dev/PebbleSDK/Pebble/basalt/lib/libpebble.a(tmpIg2f7tpebble.o)
                0x00002b08                tick_timer_service_subscribe
 .text.window_create
                0x00002b14        0xc /home/jacko/pebble-dev/PebbleSDK/Pebble/basalt/lib/libpebble.a(tmpIg2f7tpebble.o)
                0x00002b14                window_create
 .text.window_destroy
                0x00002b20        0xc /home/jacko/pebble-dev/PebbleSDK/Pebble/basalt/lib/libpebble.a(tmpIg2f7tpebble.o)
                0x00002b20                window_destroy
 .text.window_get_root_layer
                0x00002b2c        0xc /home/jacko/pebble-dev/PebbleSDK/Pebble/basalt/lib/libpebble.a(tmpIg2f7tpebble.o)
                0x00002b2c                window_get_root_layer
 .text.window_set_click_config_provider
                0x00002b38        0xc /home/jacko/pebble-dev/PebbleSDK/Pebble/basalt/lib/libpebble.a(tmpIg2f7tpebble.o)
                0x00002b38                window_set_click_config_provider
 .text.window_set_window_handlers
                0x00002b44        0xc /home/jacko/pebble-dev/PebbleSDK/Pebble/basalt/lib/libpebble.a(tmpIg2f7tpebble.o)
                0x00002b44                window_set_window_handlers
 .text.window_stack_push
                0x00002b50        0xc /home/jacko/pebble-dev/PebbleSDK/Pebble/basalt/lib/libpebble.a(tmpIg2f7tpebble.o)
                0x00002b50                window_stack_push
 .text.window_long_click_subscribe
                0x00002b5c        0xc /home/jacko/pebble-dev/PebbleSDK/Pebble/basalt/lib/libpebble.a(tmpIg2f7tpebble.o)
                0x00002b5c                window_long_click_subscribe
 .text.window_single_click_subscribe
                0x00002b68        0xc /home/jacko/pebble-dev/PebbleSDK/Pebble/basalt/lib/libpebble.a(tmpIg2f7tpebble.o)
                0x00002b68                window_single_click_subscribe
 .text.persist_read_data
                0x00002b74        0xc /home/jacko/pebble-dev/PebbleSDK/Pebble/basalt/lib/libpebble.a(tmpIg2f7tpebble.o)
                0x00002b74                persist_read_data
 .text.persist_write_data
                0x00002b80        0xc /home/jacko/pebble-dev/PebbleSDK/Pebble/basalt/lib/libpebble.a(tmpIg2f7tpebble.o)
                0x00002b80                persist_write_data
 .text.graphics_context_set_fill_color
                0x00002b8c        0xc /home/jacko/pebble-dev/PebbleSDK/Pebble/basalt/lib/libpebble.a(tmpIg2f7tpebble.o)
                0x00002b8c                graphics_context_set_fill_color
 .text.localtime
                0x00002b98        0xc /home/jacko/pebble-dev/PebbleSDK/Pebble/basalt/lib/libpebble.a(tmpIg2f7tpebble.o)
                0x00002b98                localtime
 .text.time     0x00002ba4        0xc /home/jacko/pebble-dev/PebbleSDK/Pebble/basalt/lib/libpebble.a(tmpIg2f7tpebble.o)
                0x00002ba4                time
 *(.rodata)
 .rodata        0x00002bb0       0x18 src/robomaze.c.11.o
 *(.rodata*)
 .rodata.delays
                0x00002bc8        0x7 src/clock.c.11.o
 .rodata.days   0x00002bcf       0x39 src/clock.c.11.o
 .rodata.pics   0x00002c08       0x42 src/clock.c.11.o
 .rodata.keys   0x00002c4a        0x7 src/clock.c.11.o
 .rodata.specials
                0x00002c51        0x8 src/display.c.11.o
 .rodata.doubles
                0x00002c59       0x28 src/display.c.11.o
 .rodata.defis  0x00002c81        0x8 src/game.c.11.o
 .rodata.offset
                0x00002c89        0x4 src/game.c.11.o
 .rodata.dir    0x00002c8d        0x5 src/game.c.11.o
 .rodata.orders
                0x00002c92       0x10 src/game.c.11.o
 .rodata.dxy    0x00002ca2        0x4 src/game.c.11.o
 .rodata.defchar
                0x00002ca6       0x14 src/game.c.11.o

.glue_7         0x00002cbc        0x0
 .glue_7        0x00000000        0x0 linker stubs

.glue_7t        0x00002cbc        0x0
 .glue_7t       0x00000000        0x0 linker stubs

.vfp11_veneer   0x00002cbc        0x0
 .vfp11_veneer  0x00000000        0x0 linker stubs

.v4_bx          0x00002cbc        0x0
 .v4_bx         0x00000000        0x0 linker stubs

.iplt           0x00002cbc        0x0
 .iplt          0x00000000        0x0 /home/jacko/pebble-dev/PebbleSDK/arm-cs-tools/bin/../lib/gcc/arm-none-eabi/4.7.3/thumb2/crtbegin.o

.rel.dyn        0x00002cbc        0x0
 .rel.iplt      0x00000000        0x0 /home/jacko/pebble-dev/PebbleSDK/arm-cs-tools/bin/../lib/gcc/arm-none-eabi/4.7.3/thumb2/crtbegin.o
 .rel.got       0x00000000        0x0 /home/jacko/pebble-dev/PebbleSDK/arm-cs-tools/bin/../lib/gcc/arm-none-eabi/4.7.3/thumb2/crtbegin.o

.data           0x00002cbc       0x38
 *(.data)
 .data          0x00002cbc        0x0 /home/jacko/pebble-dev/PebbleSDK/arm-cs-tools/bin/../lib/gcc/arm-none-eabi/4.7.3/thumb2/crti.o
 .data          0x00002cbc        0x4 /home/jacko/pebble-dev/PebbleSDK/arm-cs-tools/bin/../lib/gcc/arm-none-eabi/4.7.3/thumb2/crtbegin.o
                0x00002cbc                __dso_handle
 .data          0x00002cc0        0x0 src/basik.c.11.o
 .data          0x00002cc0        0x0 src/clock.c.11.o
 .data          0x00002cc0        0x0 src/display.c.11.o
 .data          0x00002cc0        0x0 src/game.c.11.o
 .data          0x00002cc0        0x0 src/robomaze.c.11.o
 .data          0x00002cc0        0x0 basalt/appinfo.auto.c.11.o
 .data          0x00002cc0        0x0 /home/jacko/pebble-dev/PebbleSDK/Pebble/basalt/lib/libpebble.a(tmpIg2f7tpebble.o)
 .data          0x00002cc0        0x0 /home/jacko/pebble-dev/PebbleSDK/arm-cs-tools/bin/../lib/gcc/arm-none-eabi/4.7.3/thumb2/libgcc.a(_arm_addsubdf3.o)
 .data          0x00002cc0        0x0 /home/jacko/pebble-dev/PebbleSDK/arm-cs-tools/bin/../lib/gcc/arm-none-eabi/4.7.3/thumb2/libgcc.a(_arm_muldivdf3.o)
 .data          0x00002cc0        0x0 /home/jacko/pebble-dev/PebbleSDK/arm-cs-tools/bin/../lib/gcc/arm-none-eabi/4.7.3/thumb2/libgcc.a(_arm_cmpdf2.o)
 .data          0x00002cc0        0x0 /home/jacko/pebble-dev/PebbleSDK/arm-cs-tools/bin/../lib/gcc/arm-none-eabi/4.7.3/thumb2/libgcc.a(_arm_fixdfsi.o)
 .data          0x00002cc0        0x0 /home/jacko/pebble-dev/PebbleSDK/arm-cs-tools/bin/../lib/gcc/arm-none-eabi/4.7.3/thumb2/crtend.o
 .data          0x00002cc0        0x0 /home/jacko/pebble-dev/PebbleSDK/arm-cs-tools/bin/../lib/gcc/arm-none-eabi/4.7.3/thumb2/crtn.o
 *(.data.*)
 .data.selector
                0x00002cc0        0x1 src/display.c.11.o
                0x00002cc0                selector
 *fill*         0x00002cc1        0x3 
 .data.rel.local.state
                0x00002cc4        0x4 src/game.c.11.o
 .data.rel.local.oldstate
                0x00002cc8        0x4 src/game.c.11.o
 .data.rel.ro.local.fn
                0x00002ccc       0x28 src/game.c.11.o

.igot.plt       0x00002cf4        0x0
 .igot.plt      0x00000000        0x0 /home/jacko/pebble-dev/PebbleSDK/arm-cs-tools/bin/../lib/gcc/arm-none-eabi/4.7.3/thumb2/crtbegin.o

.got            0x00002cf4       0x34
 .got           0x00002cf4       0x34 /home/jacko/pebble-dev/PebbleSDK/arm-cs-tools/bin/../lib/gcc/arm-none-eabi/4.7.3/thumb2/crtbegin.o

.got.plt        0x00002d28        0xc
 .got.plt       0x00002d28        0xc /home/jacko/pebble-dev/PebbleSDK/arm-cs-tools/bin/../lib/gcc/arm-none-eabi/4.7.3/thumb2/crtbegin.o
                0x00002d28                _GLOBAL_OFFSET_TABLE_

.bss            0x00002d38      0x93b
 *(.bss)
 *(.bss.*)
 .bss.expo      0x00002d38        0x1 src/basik.c.11.o
 *fill*         0x00002d39        0x7 
 .bss.xx        0x00002d40        0x8 src/basik.c.11.o
 .bss.value     0x00002d48        0x8 src/basik.c.11.o
                0x00002d48                value
 .bss.error     0x00002d50        0x1 src/basik.c.11.o
                0x00002d50                error
 .bss.hold      0x00002d51        0x1 src/basik.c.11.o
 *fill*         0x00002d52        0x2 
 .bss.reg       0x00002d54       0x30 src/clock.c.11.o
 .bss.clickback
                0x00002d84        0x1 src/clock.c.11.o
 *fill*         0x00002d85        0x1 
 .bss.sw_butt   0x00002d86        0x2 src/clock.c.11.o
 .bss.dp        0x00002d88        0x1 src/clock.c.11.o
 .bss.button_sec
                0x00002d89        0x1 src/clock.c.11.o
 .bss.mode      0x00002d8a        0x1 src/clock.c.11.o
                0x00002d8a                mode
 *fill*         0x00002d8b        0x1 
 .bss.lap       0x00002d8c       0x30 src/clock.c.11.o
 .bss.vidmode   0x00002dbc        0x1 src/display.c.11.o
                0x00002dbc                vidmode
 .bss.pause     0x00002dbd        0x1 src/game.c.11.o
                0x00002dbd                pause
 .bss.ting      0x00002dbe       0x28 src/game.c.11.o
 .bss.chaf      0x00002de6       0x20 src/game.c.11.o
 .bss.success   0x00002e06        0x1 src/game.c.11.o
 *fill*         0x00002e07        0x1 
 .bss.countdown
                0x00002e08        0x4 src/game.c.11.o
 .bss.compact   0x00002e0c       0x3e src/game.c.11.o
 *fill*         0x00002e4a        0x2 
 .bss.layer     0x00002e4c        0x4 src/robomaze.c.11.o
 .bss.char_gfx  0x00002e50      0x10c src/robomaze.c.11.o
 .bss.last      0x00002f5c        0x1 src/robomaze.c.11.o
 *fill*         0x00002f5d        0x3 
 .bss.seconds   0x00002f60        0x4 src/robomaze.c.11.o
                0x00002f60                seconds
 .bss.ticks     0x00002f64        0x4 src/robomaze.c.11.o
 .bss.map       0x00002f68        0x4 src/robomaze.c.11.o
 .bss.maze_gfx  0x00002f6c       0x7c src/robomaze.c.11.o
 .bss.s_main_window
                0x00002fe8        0x4 src/robomaze.c.11.o
 COMMON         0x00002fec       0x11 src/game.c.11.o
                0x00002fec                direction
                0x00002ff0                score
                0x00002ff4                level
                0x00002ff8                hiscore
                0x00002ffc                gAB
 COMMON         0x00002ffd      0x676 src/robomaze.c.11.o
                0x00002ffd                maze
                0x00003432                con

DISCARD
 libc.a(*)
 libm.a(*)
 libgcc.a(*)
 *(.eh_frame)
OUTPUT(/home/jacko/pebble-dev/examples/watchapps/RoboMaze/build/basalt/pebble-app.elf elf32-littlearm)

.ARM.attributes
                0x00000000       0x27
 .ARM.attributes
                0x00000000       0x19 /home/jacko/pebble-dev/PebbleSDK/arm-cs-tools/bin/../lib/gcc/arm-none-eabi/4.7.3/thumb2/crti.o
 .ARM.attributes
                0x00000019       0x29 /home/jacko/pebble-dev/PebbleSDK/arm-cs-tools/bin/../lib/gcc/arm-none-eabi/4.7.3/thumb2/crtbegin.o
 .ARM.attributes
                0x00000042       0x33 src/basik.c.11.o
 .ARM.attributes
                0x00000075       0x33 src/clock.c.11.o
 .ARM.attributes
                0x000000a8       0x33 src/display.c.11.o
 .ARM.attributes
                0x000000db       0x33 src/game.c.11.o
 .ARM.attributes
                0x0000010e       0x33 src/robomaze.c.11.o
 .ARM.attributes
                0x00000141       0x33 basalt/appinfo.auto.c.11.o
 .ARM.attributes
                0x00000174       0x21 /home/jacko/pebble-dev/PebbleSDK/Pebble/basalt/lib/libpebble.a(tmpIg2f7tpebble.o)
 .ARM.attributes
                0x00000195       0x19 /home/jacko/pebble-dev/PebbleSDK/arm-cs-tools/bin/../lib/gcc/arm-none-eabi/4.7.3/thumb2/libgcc.a(_arm_addsubdf3.o)
 .ARM.attributes
                0x000001ae       0x19 /home/jacko/pebble-dev/PebbleSDK/arm-cs-tools/bin/../lib/gcc/arm-none-eabi/4.7.3/thumb2/libgcc.a(_arm_muldivdf3.o)
 .ARM.attributes
                0x000001c7       0x19 /home/jacko/pebble-dev/PebbleSDK/arm-cs-tools/bin/../lib/gcc/arm-none-eabi/4.7.3/thumb2/libgcc.a(_arm_cmpdf2.o)
 .ARM.attributes
                0x000001e0       0x19 /home/jacko/pebble-dev/PebbleSDK/arm-cs-tools/bin/../lib/gcc/arm-none-eabi/4.7.3/thumb2/libgcc.a(_arm_fixdfsi.o)
 .ARM.attributes
                0x000001f9       0x29 /home/jacko/pebble-dev/PebbleSDK/arm-cs-tools/bin/../lib/gcc/arm-none-eabi/4.7.3/thumb2/crtend.o
 .ARM.attributes
                0x00000222       0x19 /home/jacko/pebble-dev/PebbleSDK/arm-cs-tools/bin/../lib/gcc/arm-none-eabi/4.7.3/thumb2/crtn.o

.comment        0x00000000       0x4e
 .comment       0x00000000       0x4e /home/jacko/pebble-dev/PebbleSDK/arm-cs-tools/bin/../lib/gcc/arm-none-eabi/4.7.3/thumb2/crtbegin.o
                                 0x4f (size before relaxing)
 .comment       0x00000000       0x4f src/basik.c.11.o
 .comment       0x00000000       0x4f src/clock.c.11.o
 .comment       0x00000000       0x4f src/display.c.11.o
 .comment       0x00000000       0x4f src/game.c.11.o
 .comment       0x00000000       0x4f src/robomaze.c.11.o
 .comment       0x00000000       0x4f basalt/appinfo.auto.c.11.o
 .comment       0x00000000       0x4f /home/jacko/pebble-dev/PebbleSDK/arm-cs-tools/bin/../lib/gcc/arm-none-eabi/4.7.3/thumb2/crtend.o

.debug_info     0x00000000     0x401e
 .debug_info    0x00000000      0x3cd src/basik.c.11.o
 .debug_info    0x000003cd      0xd9a src/clock.c.11.o
 .debug_info    0x00001167      0x241 src/display.c.11.o
 .debug_info    0x000013a8     0x1215 src/game.c.11.o
 .debug_info    0x000025bd     0x1484 src/robomaze.c.11.o
 .debug_info    0x00003a41      0x30d basalt/appinfo.auto.c.11.o
 .debug_info    0x00003d4e       0xb4 /home/jacko/pebble-dev/PebbleSDK/arm-cs-tools/bin/../lib/gcc/arm-none-eabi/4.7.3/thumb2/libgcc.a(_arm_addsubdf3.o)
 .debug_info    0x00003e02       0xb4 /home/jacko/pebble-dev/PebbleSDK/arm-cs-tools/bin/../lib/gcc/arm-none-eabi/4.7.3/thumb2/libgcc.a(_arm_muldivdf3.o)
 .debug_info    0x00003eb6       0xb4 /home/jacko/pebble-dev/PebbleSDK/arm-cs-tools/bin/../lib/gcc/arm-none-eabi/4.7.3/thumb2/libgcc.a(_arm_cmpdf2.o)
 .debug_info    0x00003f6a       0xb4 /home/jacko/pebble-dev/PebbleSDK/arm-cs-tools/bin/../lib/gcc/arm-none-eabi/4.7.3/thumb2/libgcc.a(_arm_fixdfsi.o)

.debug_abbrev   0x00000000      0xfa4
 .debug_abbrev  0x00000000      0x1e9 src/basik.c.11.o
 .debug_abbrev  0x000001e9      0x3b0 src/clock.c.11.o
 .debug_abbrev  0x00000599      0x14c src/display.c.11.o
 .debug_abbrev  0x000006e5      0x3ed src/game.c.11.o
 .debug_abbrev  0x00000ad2      0x3e4 src/robomaze.c.11.o
 .debug_abbrev  0x00000eb6       0x9e basalt/appinfo.auto.c.11.o
 .debug_abbrev  0x00000f54       0x14 /home/jacko/pebble-dev/PebbleSDK/arm-cs-tools/bin/../lib/gcc/arm-none-eabi/4.7.3/thumb2/libgcc.a(_arm_addsubdf3.o)
 .debug_abbrev  0x00000f68       0x14 /home/jacko/pebble-dev/PebbleSDK/arm-cs-tools/bin/../lib/gcc/arm-none-eabi/4.7.3/thumb2/libgcc.a(_arm_muldivdf3.o)
 .debug_abbrev  0x00000f7c       0x14 /home/jacko/pebble-dev/PebbleSDK/arm-cs-tools/bin/../lib/gcc/arm-none-eabi/4.7.3/thumb2/libgcc.a(_arm_cmpdf2.o)
 .debug_abbrev  0x00000f90       0x14 /home/jacko/pebble-dev/PebbleSDK/arm-cs-tools/bin/../lib/gcc/arm-none-eabi/4.7.3/thumb2/libgcc.a(_arm_fixdfsi.o)

.debug_loc      0x00000000     0x1aa5
 .debug_loc     0x00000000      0x151 src/basik.c.11.o
 .debug_loc     0x00000151      0x87b src/clock.c.11.o
 .debug_loc     0x000009cc      0x274 src/display.c.11.o
 .debug_loc     0x00000c40      0x7ee src/game.c.11.o
 .debug_loc     0x0000142e      0x677 src/robomaze.c.11.o

.debug_aranges  0x00000000      0x2b8
 .debug_aranges
                0x00000000       0x40 src/basik.c.11.o
 .debug_aranges
                0x00000040       0x70 src/clock.c.11.o
 .debug_aranges
                0x000000b0       0x30 src/display.c.11.o
 .debug_aranges
                0x000000e0       0xc8 src/game.c.11.o
 .debug_aranges
                0x000001a8       0x78 src/robomaze.c.11.o
 .debug_aranges
                0x00000220       0x18 basalt/appinfo.auto.c.11.o
 .debug_aranges
                0x00000238       0x20 /home/jacko/pebble-dev/PebbleSDK/arm-cs-tools/bin/../lib/gcc/arm-none-eabi/4.7.3/thumb2/libgcc.a(_arm_addsubdf3.o)
 .debug_aranges
                0x00000258       0x20 /home/jacko/pebble-dev/PebbleSDK/arm-cs-tools/bin/../lib/gcc/arm-none-eabi/4.7.3/thumb2/libgcc.a(_arm_muldivdf3.o)
 .debug_aranges
                0x00000278       0x20 /home/jacko/pebble-dev/PebbleSDK/arm-cs-tools/bin/../lib/gcc/arm-none-eabi/4.7.3/thumb2/libgcc.a(_arm_cmpdf2.o)
 .debug_aranges
                0x00000298       0x20 /home/jacko/pebble-dev/PebbleSDK/arm-cs-tools/bin/../lib/gcc/arm-none-eabi/4.7.3/thumb2/libgcc.a(_arm_fixdfsi.o)

.debug_ranges   0x00000000      0xac0
 .debug_ranges  0x00000000       0x30 src/basik.c.11.o
 .debug_ranges  0x00000030      0x180 src/clock.c.11.o
 .debug_ranges  0x000001b0       0x38 src/display.c.11.o
 .debug_ranges  0x000001e8      0x5d0 src/game.c.11.o
 .debug_ranges  0x000007b8      0x308 src/robomaze.c.11.o

.debug_line     0x00000000     0x185e
 .debug_line    0x00000000      0x1ef src/basik.c.11.o
 .debug_line    0x000001ef      0x450 src/clock.c.11.o
 .debug_line    0x0000063f       0xeb src/display.c.11.o
 .debug_line    0x0000072a      0x60a src/game.c.11.o
 .debug_line    0x00000d34      0x441 src/robomaze.c.11.o
 .debug_line    0x00001175      0x127 basalt/appinfo.auto.c.11.o
 .debug_line    0x0000129c      0x20a /home/jacko/pebble-dev/PebbleSDK/arm-cs-tools/bin/../lib/gcc/arm-none-eabi/4.7.3/thumb2/libgcc.a(_arm_addsubdf3.o)
 .debug_line    0x000014a6      0x226 /home/jacko/pebble-dev/PebbleSDK/arm-cs-tools/bin/../lib/gcc/arm-none-eabi/4.7.3/thumb2/libgcc.a(_arm_muldivdf3.o)
 .debug_line    0x000016cc      0x10c /home/jacko/pebble-dev/PebbleSDK/arm-cs-tools/bin/../lib/gcc/arm-none-eabi/4.7.3/thumb2/libgcc.a(_arm_cmpdf2.o)
 .debug_line    0x000017d8       0x86 /home/jacko/pebble-dev/PebbleSDK/arm-cs-tools/bin/../lib/gcc/arm-none-eabi/4.7.3/thumb2/libgcc.a(_arm_fixdfsi.o)

.debug_str      0x00000000      0xbcf
 .debug_str     0x00000000      0x1e4 src/basik.c.11.o
                                0x231 (size before relaxing)
 .debug_str     0x000001e4      0x1b6 src/clock.c.11.o
                                0x388 (size before relaxing)
 .debug_str     0x0000039a       0x53 src/display.c.11.o
                                0x190 (size before relaxing)
 .debug_str     0x000003ed      0x169 src/game.c.11.o
                                0x3a6 (size before relaxing)
 .debug_str     0x00000556      0x515 src/robomaze.c.11.o
                                0x7e1 (size before relaxing)
 .debug_str     0x00000a6b      0x164 basalt/appinfo.auto.c.11.o
                                0x2bf (size before relaxing)

.debug_frame    0x00000000      0x65c
 .debug_frame   0x00000000       0x7c src/basik.c.11.o
 .debug_frame   0x0000007c      0x178 src/clock.c.11.o
 .debug_frame   0x000001f4       0x4c src/display.c.11.o
 .debug_frame   0x00000240      0x2c4 src/game.c.11.o
 .debug_frame   0x00000504      0x158 src/robomaze.c.11.o
