Archive member included because of file (symbol)

/home/jacko/pebble-dev/PebbleSDK/Pebble/aplite/lib/libpebble.a(tmpQA9vUTpebble.o)
                              src/robomaze.c.24.o (app_event_loop)

Allocating common symbols
Common symbol       size              file

maze                0x435             src/robomaze.c.24.o
con                 0x241             src/robomaze.c.24.o

Discarded input sections

 .text          0x00000000        0x0 /home/jacko/pebble-dev/PebbleSDK/arm-cs-tools/bin/../lib/gcc/arm-none-eabi/4.7.3/thumb2/crti.o
 .bss           0x00000000        0x0 /home/jacko/pebble-dev/PebbleSDK/arm-cs-tools/bin/../lib/gcc/arm-none-eabi/4.7.3/thumb2/crti.o
 .init          0x00000000        0x4 /home/jacko/pebble-dev/PebbleSDK/arm-cs-tools/bin/../lib/gcc/arm-none-eabi/4.7.3/thumb2/crti.o
 .fini          0x00000000        0x4 /home/jacko/pebble-dev/PebbleSDK/arm-cs-tools/bin/../lib/gcc/arm-none-eabi/4.7.3/thumb2/crti.o
 .text          0x00000000       0xc8 /home/jacko/pebble-dev/PebbleSDK/arm-cs-tools/bin/../lib/gcc/arm-none-eabi/4.7.3/thumb2/crtbegin.o
 .bss           0x00000000       0x1c /home/jacko/pebble-dev/PebbleSDK/arm-cs-tools/bin/../lib/gcc/arm-none-eabi/4.7.3/thumb2/crtbegin.o
 .init_array    0x00000000        0x4 /home/jacko/pebble-dev/PebbleSDK/arm-cs-tools/bin/../lib/gcc/arm-none-eabi/4.7.3/thumb2/crtbegin.o
 .fini_array    0x00000000        0x4 /home/jacko/pebble-dev/PebbleSDK/arm-cs-tools/bin/../lib/gcc/arm-none-eabi/4.7.3/thumb2/crtbegin.o
 .eh_frame      0x00000000        0x0 /home/jacko/pebble-dev/PebbleSDK/arm-cs-tools/bin/../lib/gcc/arm-none-eabi/4.7.3/thumb2/crtbegin.o
 .jcr           0x00000000        0x0 /home/jacko/pebble-dev/PebbleSDK/arm-cs-tools/bin/../lib/gcc/arm-none-eabi/4.7.3/thumb2/crtbegin.o
 .tm_clone_table
                0x00000000        0x0 /home/jacko/pebble-dev/PebbleSDK/arm-cs-tools/bin/../lib/gcc/arm-none-eabi/4.7.3/thumb2/crtbegin.o
 .text          0x00000000        0x0 src/basik.c.24.o
 .bss           0x00000000        0x0 src/basik.c.24.o
 .text.click_basik
                0x00000000        0x2 src/basik.c.24.o
 .text          0x00000000        0x0 src/clock.c.24.o
 .bss           0x00000000        0x0 src/clock.c.24.o
 .text.click_clock
                0x00000000        0x2 src/clock.c.24.o
 .text          0x00000000        0x0 src/game.c.24.o
 .bss           0x00000000        0x0 src/game.c.24.o
 .text.click    0x00000000        0x2 src/game.c.24.o
 .text          0x00000000        0x0 src/robomaze.c.24.o
 .bss           0x00000000        0x0 src/robomaze.c.24.o
 .text          0x00000000        0x0 aplite/appinfo.auto.c.24.o
 .bss           0x00000000        0x0 aplite/appinfo.auto.c.24.o
 .bss           0x00000000        0x0 /home/jacko/pebble-dev/PebbleSDK/Pebble/aplite/lib/libpebble.a(tmpQA9vUTpebble.o)
 .text.accel_data_service_subscribe__deprecated
                0x00000000        0xc /home/jacko/pebble-dev/PebbleSDK/Pebble/aplite/lib/libpebble.a(tmpQA9vUTpebble.o)
 .text.accel_data_service_unsubscribe
                0x00000000        0xc /home/jacko/pebble-dev/PebbleSDK/Pebble/aplite/lib/libpebble.a(tmpQA9vUTpebble.o)
 .text.accel_service_peek
                0x00000000        0xc /home/jacko/pebble-dev/PebbleSDK/Pebble/aplite/lib/libpebble.a(tmpQA9vUTpebble.o)
 .text.accel_service_set_samples_per_update
                0x00000000        0xc /home/jacko/pebble-dev/PebbleSDK/Pebble/aplite/lib/libpebble.a(tmpQA9vUTpebble.o)
 .text.accel_service_set_sampling_rate
                0x00000000        0xc /home/jacko/pebble-dev/PebbleSDK/Pebble/aplite/lib/libpebble.a(tmpQA9vUTpebble.o)
 .text.accel_tap_service_subscribe
                0x00000000        0xc /home/jacko/pebble-dev/PebbleSDK/Pebble/aplite/lib/libpebble.a(tmpQA9vUTpebble.o)
 .text.accel_tap_service_unsubscribe
                0x00000000        0xc /home/jacko/pebble-dev/PebbleSDK/Pebble/aplite/lib/libpebble.a(tmpQA9vUTpebble.o)
 .text.action_bar_layer_add_to_window
                0x00000000        0xc /home/jacko/pebble-dev/PebbleSDK/Pebble/aplite/lib/libpebble.a(tmpQA9vUTpebble.o)
 .text.action_bar_layer_clear_icon
                0x00000000        0xc /home/jacko/pebble-dev/PebbleSDK/Pebble/aplite/lib/libpebble.a(tmpQA9vUTpebble.o)
 .text.action_bar_layer_create
                0x00000000        0xc /home/jacko/pebble-dev/PebbleSDK/Pebble/aplite/lib/libpebble.a(tmpQA9vUTpebble.o)
 .text.action_bar_layer_destroy
                0x00000000        0xc /home/jacko/pebble-dev/PebbleSDK/Pebble/aplite/lib/libpebble.a(tmpQA9vUTpebble.o)
 .text.action_bar_layer_get_layer
                0x00000000        0xc /home/jacko/pebble-dev/PebbleSDK/Pebble/aplite/lib/libpebble.a(tmpQA9vUTpebble.o)
 .text.action_bar_layer_remove_from_window
                0x00000000        0xc /home/jacko/pebble-dev/PebbleSDK/Pebble/aplite/lib/libpebble.a(tmpQA9vUTpebble.o)
 .text.action_bar_layer_set_background_color
                0x00000000        0xc /home/jacko/pebble-dev/PebbleSDK/Pebble/aplite/lib/libpebble.a(tmpQA9vUTpebble.o)
 .text.action_bar_layer_set_click_config_provider
                0x00000000        0xc /home/jacko/pebble-dev/PebbleSDK/Pebble/aplite/lib/libpebble.a(tmpQA9vUTpebble.o)
 .text.action_bar_layer_set_context
                0x00000000        0xc /home/jacko/pebble-dev/PebbleSDK/Pebble/aplite/lib/libpebble.a(tmpQA9vUTpebble.o)
 .text.action_bar_layer_set_icon
                0x00000000        0xc /home/jacko/pebble-dev/PebbleSDK/Pebble/aplite/lib/libpebble.a(tmpQA9vUTpebble.o)
 .text.animation_create
                0x00000000        0xc /home/jacko/pebble-dev/PebbleSDK/Pebble/aplite/lib/libpebble.a(tmpQA9vUTpebble.o)
 .text.animation_destroy
                0x00000000        0xc /home/jacko/pebble-dev/PebbleSDK/Pebble/aplite/lib/libpebble.a(tmpQA9vUTpebble.o)
 .text.animation_get_context
                0x00000000        0xc /home/jacko/pebble-dev/PebbleSDK/Pebble/aplite/lib/libpebble.a(tmpQA9vUTpebble.o)
 .text.animation_is_scheduled
                0x00000000        0xc /home/jacko/pebble-dev/PebbleSDK/Pebble/aplite/lib/libpebble.a(tmpQA9vUTpebble.o)
 .text.animation_schedule
                0x00000000        0xc /home/jacko/pebble-dev/PebbleSDK/Pebble/aplite/lib/libpebble.a(tmpQA9vUTpebble.o)
 .text.animation_set_curve
                0x00000000        0xc /home/jacko/pebble-dev/PebbleSDK/Pebble/aplite/lib/libpebble.a(tmpQA9vUTpebble.o)
 .text.animation_set_delay
                0x00000000        0xc /home/jacko/pebble-dev/PebbleSDK/Pebble/aplite/lib/libpebble.a(tmpQA9vUTpebble.o)
 .text.animation_set_duration
                0x00000000        0xc /home/jacko/pebble-dev/PebbleSDK/Pebble/aplite/lib/libpebble.a(tmpQA9vUTpebble.o)
 .text.animation_set_handlers
                0x00000000        0xc /home/jacko/pebble-dev/PebbleSDK/Pebble/aplite/lib/libpebble.a(tmpQA9vUTpebble.o)
 .text.animation_set_implementation
                0x00000000        0xc /home/jacko/pebble-dev/PebbleSDK/Pebble/aplite/lib/libpebble.a(tmpQA9vUTpebble.o)
 .text.animation_unschedule
                0x00000000        0xc /home/jacko/pebble-dev/PebbleSDK/Pebble/aplite/lib/libpebble.a(tmpQA9vUTpebble.o)
 .text.animation_unschedule_all
                0x00000000        0xc /home/jacko/pebble-dev/PebbleSDK/Pebble/aplite/lib/libpebble.a(tmpQA9vUTpebble.o)
 .text.app_comm_get_sniff_interval
                0x00000000        0xc /home/jacko/pebble-dev/PebbleSDK/Pebble/aplite/lib/libpebble.a(tmpQA9vUTpebble.o)
 .text.app_comm_set_sniff_interval
                0x00000000        0xc /home/jacko/pebble-dev/PebbleSDK/Pebble/aplite/lib/libpebble.a(tmpQA9vUTpebble.o)
 .text.app_log  0x00000000        0xc /home/jacko/pebble-dev/PebbleSDK/Pebble/aplite/lib/libpebble.a(tmpQA9vUTpebble.o)
 .text.app_message_deregister_callbacks
                0x00000000        0xc /home/jacko/pebble-dev/PebbleSDK/Pebble/aplite/lib/libpebble.a(tmpQA9vUTpebble.o)
 .text.app_message_open
                0x00000000        0xc /home/jacko/pebble-dev/PebbleSDK/Pebble/aplite/lib/libpebble.a(tmpQA9vUTpebble.o)
 .text.app_sync_deinit
                0x00000000        0xc /home/jacko/pebble-dev/PebbleSDK/Pebble/aplite/lib/libpebble.a(tmpQA9vUTpebble.o)
 .text.app_sync_get
                0x00000000        0xc /home/jacko/pebble-dev/PebbleSDK/Pebble/aplite/lib/libpebble.a(tmpQA9vUTpebble.o)
 .text.app_sync_init
                0x00000000        0xc /home/jacko/pebble-dev/PebbleSDK/Pebble/aplite/lib/libpebble.a(tmpQA9vUTpebble.o)
 .text.app_sync_set
                0x00000000        0xc /home/jacko/pebble-dev/PebbleSDK/Pebble/aplite/lib/libpebble.a(tmpQA9vUTpebble.o)
 .text.app_timer_cancel
                0x00000000        0xc /home/jacko/pebble-dev/PebbleSDK/Pebble/aplite/lib/libpebble.a(tmpQA9vUTpebble.o)
 .text.app_timer_register
                0x00000000        0xc /home/jacko/pebble-dev/PebbleSDK/Pebble/aplite/lib/libpebble.a(tmpQA9vUTpebble.o)
 .text.app_timer_reschedule
                0x00000000        0xc /home/jacko/pebble-dev/PebbleSDK/Pebble/aplite/lib/libpebble.a(tmpQA9vUTpebble.o)
 .text.atan2_lookup
                0x00000000        0xc /home/jacko/pebble-dev/PebbleSDK/Pebble/aplite/lib/libpebble.a(tmpQA9vUTpebble.o)
 .text.atoi     0x00000000        0xc /home/jacko/pebble-dev/PebbleSDK/Pebble/aplite/lib/libpebble.a(tmpQA9vUTpebble.o)
 .text.atol     0x00000000        0xc /home/jacko/pebble-dev/PebbleSDK/Pebble/aplite/lib/libpebble.a(tmpQA9vUTpebble.o)
 .text.battery_state_service_peek
                0x00000000        0xc /home/jacko/pebble-dev/PebbleSDK/Pebble/aplite/lib/libpebble.a(tmpQA9vUTpebble.o)
 .text.battery_state_service_subscribe
                0x00000000        0xc /home/jacko/pebble-dev/PebbleSDK/Pebble/aplite/lib/libpebble.a(tmpQA9vUTpebble.o)
 .text.battery_state_service_unsubscribe
                0x00000000        0xc /home/jacko/pebble-dev/PebbleSDK/Pebble/aplite/lib/libpebble.a(tmpQA9vUTpebble.o)
 .text.bitmap_layer_create
                0x00000000        0xc /home/jacko/pebble-dev/PebbleSDK/Pebble/aplite/lib/libpebble.a(tmpQA9vUTpebble.o)
 .text.bitmap_layer_destroy
                0x00000000        0xc /home/jacko/pebble-dev/PebbleSDK/Pebble/aplite/lib/libpebble.a(tmpQA9vUTpebble.o)
 .text.bitmap_layer_get_layer
                0x00000000        0xc /home/jacko/pebble-dev/PebbleSDK/Pebble/aplite/lib/libpebble.a(tmpQA9vUTpebble.o)
 .text.bitmap_layer_set_alignment
                0x00000000        0xc /home/jacko/pebble-dev/PebbleSDK/Pebble/aplite/lib/libpebble.a(tmpQA9vUTpebble.o)
 .text.bitmap_layer_set_background_color
                0x00000000        0xc /home/jacko/pebble-dev/PebbleSDK/Pebble/aplite/lib/libpebble.a(tmpQA9vUTpebble.o)
 .text.bitmap_layer_set_bitmap
                0x00000000        0xc /home/jacko/pebble-dev/PebbleSDK/Pebble/aplite/lib/libpebble.a(tmpQA9vUTpebble.o)
 .text.bitmap_layer_set_compositing_mode
                0x00000000        0xc /home/jacko/pebble-dev/PebbleSDK/Pebble/aplite/lib/libpebble.a(tmpQA9vUTpebble.o)
 .text.bluetooth_connection_service_peek
                0x00000000        0xc /home/jacko/pebble-dev/PebbleSDK/Pebble/aplite/lib/libpebble.a(tmpQA9vUTpebble.o)
 .text.bluetooth_connection_service_subscribe
                0x00000000        0xc /home/jacko/pebble-dev/PebbleSDK/Pebble/aplite/lib/libpebble.a(tmpQA9vUTpebble.o)
 .text.bluetooth_connection_service_unsubscribe
                0x00000000        0xc /home/jacko/pebble-dev/PebbleSDK/Pebble/aplite/lib/libpebble.a(tmpQA9vUTpebble.o)
 .text.click_number_of_clicks_counted
                0x00000000        0xc /home/jacko/pebble-dev/PebbleSDK/Pebble/aplite/lib/libpebble.a(tmpQA9vUTpebble.o)
 .text.click_recognizer_get_button_id
                0x00000000        0xc /home/jacko/pebble-dev/PebbleSDK/Pebble/aplite/lib/libpebble.a(tmpQA9vUTpebble.o)
 .text.clock_copy_time_string
                0x00000000        0xc /home/jacko/pebble-dev/PebbleSDK/Pebble/aplite/lib/libpebble.a(tmpQA9vUTpebble.o)
 .text.clock_is_24h_style
                0x00000000        0xc /home/jacko/pebble-dev/PebbleSDK/Pebble/aplite/lib/libpebble.a(tmpQA9vUTpebble.o)
 .text.cos_lookup
                0x00000000        0xc /home/jacko/pebble-dev/PebbleSDK/Pebble/aplite/lib/libpebble.a(tmpQA9vUTpebble.o)
 .text.data_logging_create
                0x00000000        0xc /home/jacko/pebble-dev/PebbleSDK/Pebble/aplite/lib/libpebble.a(tmpQA9vUTpebble.o)
 .text.data_logging_finish
                0x00000000        0xc /home/jacko/pebble-dev/PebbleSDK/Pebble/aplite/lib/libpebble.a(tmpQA9vUTpebble.o)
 .text.data_logging_log
                0x00000000        0xc /home/jacko/pebble-dev/PebbleSDK/Pebble/aplite/lib/libpebble.a(tmpQA9vUTpebble.o)
 .text.dict_calc_buffer_size
                0x00000000        0xc /home/jacko/pebble-dev/PebbleSDK/Pebble/aplite/lib/libpebble.a(tmpQA9vUTpebble.o)
 .text.dict_calc_buffer_size_from_tuplets
                0x00000000        0xc /home/jacko/pebble-dev/PebbleSDK/Pebble/aplite/lib/libpebble.a(tmpQA9vUTpebble.o)
 .text.dict_find
                0x00000000        0xc /home/jacko/pebble-dev/PebbleSDK/Pebble/aplite/lib/libpebble.a(tmpQA9vUTpebble.o)
 .text.dict_merge
                0x00000000        0xc /home/jacko/pebble-dev/PebbleSDK/Pebble/aplite/lib/libpebble.a(tmpQA9vUTpebble.o)
 .text.dict_read_begin_from_buffer
                0x00000000        0xc /home/jacko/pebble-dev/PebbleSDK/Pebble/aplite/lib/libpebble.a(tmpQA9vUTpebble.o)
 .text.dict_read_first
                0x00000000        0xc /home/jacko/pebble-dev/PebbleSDK/Pebble/aplite/lib/libpebble.a(tmpQA9vUTpebble.o)
 .text.dict_read_next
                0x00000000        0xc /home/jacko/pebble-dev/PebbleSDK/Pebble/aplite/lib/libpebble.a(tmpQA9vUTpebble.o)
 .text.dict_serialize_tuplets
                0x00000000        0xc /home/jacko/pebble-dev/PebbleSDK/Pebble/aplite/lib/libpebble.a(tmpQA9vUTpebble.o)
 .text.dict_serialize_tuplets_to_buffer__deprecated
                0x00000000        0xc /home/jacko/pebble-dev/PebbleSDK/Pebble/aplite/lib/libpebble.a(tmpQA9vUTpebble.o)
 .text.dict_serialize_tuplets_to_buffer_with_iter
                0x00000000        0xc /home/jacko/pebble-dev/PebbleSDK/Pebble/aplite/lib/libpebble.a(tmpQA9vUTpebble.o)
 .text.dict_write_begin
                0x00000000        0xc /home/jacko/pebble-dev/PebbleSDK/Pebble/aplite/lib/libpebble.a(tmpQA9vUTpebble.o)
 .text.dict_write_cstring
                0x00000000        0xc /home/jacko/pebble-dev/PebbleSDK/Pebble/aplite/lib/libpebble.a(tmpQA9vUTpebble.o)
 .text.dict_write_data
                0x00000000        0xc /home/jacko/pebble-dev/PebbleSDK/Pebble/aplite/lib/libpebble.a(tmpQA9vUTpebble.o)
 .text.dict_write_end
                0x00000000        0xc /home/jacko/pebble-dev/PebbleSDK/Pebble/aplite/lib/libpebble.a(tmpQA9vUTpebble.o)
 .text.dict_write_int
                0x00000000        0xc /home/jacko/pebble-dev/PebbleSDK/Pebble/aplite/lib/libpebble.a(tmpQA9vUTpebble.o)
 .text.dict_write_int16
                0x00000000        0xc /home/jacko/pebble-dev/PebbleSDK/Pebble/aplite/lib/libpebble.a(tmpQA9vUTpebble.o)
 .text.dict_write_int32
                0x00000000        0xc /home/jacko/pebble-dev/PebbleSDK/Pebble/aplite/lib/libpebble.a(tmpQA9vUTpebble.o)
 .text.dict_write_int8
                0x00000000        0xc /home/jacko/pebble-dev/PebbleSDK/Pebble/aplite/lib/libpebble.a(tmpQA9vUTpebble.o)
 .text.dict_write_tuplet
                0x00000000        0xc /home/jacko/pebble-dev/PebbleSDK/Pebble/aplite/lib/libpebble.a(tmpQA9vUTpebble.o)
 .text.dict_write_uint16
                0x00000000        0xc /home/jacko/pebble-dev/PebbleSDK/Pebble/aplite/lib/libpebble.a(tmpQA9vUTpebble.o)
 .text.dict_write_uint32
                0x00000000        0xc /home/jacko/pebble-dev/PebbleSDK/Pebble/aplite/lib/libpebble.a(tmpQA9vUTpebble.o)
 .text.dict_write_uint8
                0x00000000        0xc /home/jacko/pebble-dev/PebbleSDK/Pebble/aplite/lib/libpebble.a(tmpQA9vUTpebble.o)
 .text.fonts_get_system_font
                0x00000000        0xc /home/jacko/pebble-dev/PebbleSDK/Pebble/aplite/lib/libpebble.a(tmpQA9vUTpebble.o)
 .text.fonts_load_custom_font
                0x00000000        0xc /home/jacko/pebble-dev/PebbleSDK/Pebble/aplite/lib/libpebble.a(tmpQA9vUTpebble.o)
 .text.fonts_unload_custom_font
                0x00000000        0xc /home/jacko/pebble-dev/PebbleSDK/Pebble/aplite/lib/libpebble.a(tmpQA9vUTpebble.o)
 .text.free     0x00000000        0xc /home/jacko/pebble-dev/PebbleSDK/Pebble/aplite/lib/libpebble.a(tmpQA9vUTpebble.o)
 .text.gbitmap_create_with_data
                0x00000000        0xc /home/jacko/pebble-dev/PebbleSDK/Pebble/aplite/lib/libpebble.a(tmpQA9vUTpebble.o)
 .text.gmtime   0x00000000        0xc /home/jacko/pebble-dev/PebbleSDK/Pebble/aplite/lib/libpebble.a(tmpQA9vUTpebble.o)
 .text.gpath_create
                0x00000000        0xc /home/jacko/pebble-dev/PebbleSDK/Pebble/aplite/lib/libpebble.a(tmpQA9vUTpebble.o)
 .text.gpath_destroy
                0x00000000        0xc /home/jacko/pebble-dev/PebbleSDK/Pebble/aplite/lib/libpebble.a(tmpQA9vUTpebble.o)
 .text.gpath_draw_filled_legacy
                0x00000000        0xc /home/jacko/pebble-dev/PebbleSDK/Pebble/aplite/lib/libpebble.a(tmpQA9vUTpebble.o)
 .text.gpath_draw_outline
                0x00000000        0xc /home/jacko/pebble-dev/PebbleSDK/Pebble/aplite/lib/libpebble.a(tmpQA9vUTpebble.o)
 .text.gpath_move_to
                0x00000000        0xc /home/jacko/pebble-dev/PebbleSDK/Pebble/aplite/lib/libpebble.a(tmpQA9vUTpebble.o)
 .text.gpath_rotate_to
                0x00000000        0xc /home/jacko/pebble-dev/PebbleSDK/Pebble/aplite/lib/libpebble.a(tmpQA9vUTpebble.o)
 .text.gpoint_equal
                0x00000000        0xc /home/jacko/pebble-dev/PebbleSDK/Pebble/aplite/lib/libpebble.a(tmpQA9vUTpebble.o)
 .text.graphics_context_set_compositing_mode
                0x00000000        0xc /home/jacko/pebble-dev/PebbleSDK/Pebble/aplite/lib/libpebble.a(tmpQA9vUTpebble.o)
 .text.graphics_context_set_stroke_color
                0x00000000        0xc /home/jacko/pebble-dev/PebbleSDK/Pebble/aplite/lib/libpebble.a(tmpQA9vUTpebble.o)
 .text.graphics_context_set_text_color
                0x00000000        0xc /home/jacko/pebble-dev/PebbleSDK/Pebble/aplite/lib/libpebble.a(tmpQA9vUTpebble.o)
 .text.graphics_draw_circle
                0x00000000        0xc /home/jacko/pebble-dev/PebbleSDK/Pebble/aplite/lib/libpebble.a(tmpQA9vUTpebble.o)
 .text.graphics_draw_line
                0x00000000        0xc /home/jacko/pebble-dev/PebbleSDK/Pebble/aplite/lib/libpebble.a(tmpQA9vUTpebble.o)
 .text.graphics_draw_pixel
                0x00000000        0xc /home/jacko/pebble-dev/PebbleSDK/Pebble/aplite/lib/libpebble.a(tmpQA9vUTpebble.o)
 .text.graphics_draw_rect
                0x00000000        0xc /home/jacko/pebble-dev/PebbleSDK/Pebble/aplite/lib/libpebble.a(tmpQA9vUTpebble.o)
 .text.graphics_draw_round_rect
                0x00000000        0xc /home/jacko/pebble-dev/PebbleSDK/Pebble/aplite/lib/libpebble.a(tmpQA9vUTpebble.o)
 .text.graphics_fill_circle
                0x00000000        0xc /home/jacko/pebble-dev/PebbleSDK/Pebble/aplite/lib/libpebble.a(tmpQA9vUTpebble.o)
 .text.graphics_text_layout_get_max_used_size
                0x00000000        0xc /home/jacko/pebble-dev/PebbleSDK/Pebble/aplite/lib/libpebble.a(tmpQA9vUTpebble.o)
 .text.grect_align
                0x00000000        0xc /home/jacko/pebble-dev/PebbleSDK/Pebble/aplite/lib/libpebble.a(tmpQA9vUTpebble.o)
 .text.grect_center_point
                0x00000000        0xc /home/jacko/pebble-dev/PebbleSDK/Pebble/aplite/lib/libpebble.a(tmpQA9vUTpebble.o)
 .text.grect_clip
                0x00000000        0xc /home/jacko/pebble-dev/PebbleSDK/Pebble/aplite/lib/libpebble.a(tmpQA9vUTpebble.o)
 .text.grect_contains_point
                0x00000000        0xc /home/jacko/pebble-dev/PebbleSDK/Pebble/aplite/lib/libpebble.a(tmpQA9vUTpebble.o)
 .text.grect_crop
                0x00000000        0xc /home/jacko/pebble-dev/PebbleSDK/Pebble/aplite/lib/libpebble.a(tmpQA9vUTpebble.o)
 .text.grect_equal
                0x00000000        0xc /home/jacko/pebble-dev/PebbleSDK/Pebble/aplite/lib/libpebble.a(tmpQA9vUTpebble.o)
 .text.grect_is_empty
                0x00000000        0xc /home/jacko/pebble-dev/PebbleSDK/Pebble/aplite/lib/libpebble.a(tmpQA9vUTpebble.o)
 .text.grect_standardize
                0x00000000        0xc /home/jacko/pebble-dev/PebbleSDK/Pebble/aplite/lib/libpebble.a(tmpQA9vUTpebble.o)
 .text.gsize_equal
                0x00000000        0xc /home/jacko/pebble-dev/PebbleSDK/Pebble/aplite/lib/libpebble.a(tmpQA9vUTpebble.o)
 .text.inverter_layer_create
                0x00000000        0xc /home/jacko/pebble-dev/PebbleSDK/Pebble/aplite/lib/libpebble.a(tmpQA9vUTpebble.o)
 .text.inverter_layer_destroy
                0x00000000        0xc /home/jacko/pebble-dev/PebbleSDK/Pebble/aplite/lib/libpebble.a(tmpQA9vUTpebble.o)
 .text.inverter_layer_get_layer
                0x00000000        0xc /home/jacko/pebble-dev/PebbleSDK/Pebble/aplite/lib/libpebble.a(tmpQA9vUTpebble.o)
 .text.layer_create_with_data
                0x00000000        0xc /home/jacko/pebble-dev/PebbleSDK/Pebble/aplite/lib/libpebble.a(tmpQA9vUTpebble.o)
 .text.layer_get_clips
                0x00000000        0xc /home/jacko/pebble-dev/PebbleSDK/Pebble/aplite/lib/libpebble.a(tmpQA9vUTpebble.o)
 .text.layer_get_data
                0x00000000        0xc /home/jacko/pebble-dev/PebbleSDK/Pebble/aplite/lib/libpebble.a(tmpQA9vUTpebble.o)
 .text.layer_get_hidden
                0x00000000        0xc /home/jacko/pebble-dev/PebbleSDK/Pebble/aplite/lib/libpebble.a(tmpQA9vUTpebble.o)
 .text.layer_get_window
                0x00000000        0xc /home/jacko/pebble-dev/PebbleSDK/Pebble/aplite/lib/libpebble.a(tmpQA9vUTpebble.o)
 .text.layer_insert_above_sibling
                0x00000000        0xc /home/jacko/pebble-dev/PebbleSDK/Pebble/aplite/lib/libpebble.a(tmpQA9vUTpebble.o)
 .text.layer_insert_below_sibling
                0x00000000        0xc /home/jacko/pebble-dev/PebbleSDK/Pebble/aplite/lib/libpebble.a(tmpQA9vUTpebble.o)
 .text.layer_remove_child_layers
                0x00000000        0xc /home/jacko/pebble-dev/PebbleSDK/Pebble/aplite/lib/libpebble.a(tmpQA9vUTpebble.o)
 .text.layer_remove_from_parent
                0x00000000        0xc /home/jacko/pebble-dev/PebbleSDK/Pebble/aplite/lib/libpebble.a(tmpQA9vUTpebble.o)
 .text.layer_set_clips
                0x00000000        0xc /home/jacko/pebble-dev/PebbleSDK/Pebble/aplite/lib/libpebble.a(tmpQA9vUTpebble.o)
 .text.layer_set_frame
                0x00000000        0xc /home/jacko/pebble-dev/PebbleSDK/Pebble/aplite/lib/libpebble.a(tmpQA9vUTpebble.o)
 .text.layer_set_hidden
                0x00000000        0xc /home/jacko/pebble-dev/PebbleSDK/Pebble/aplite/lib/libpebble.a(tmpQA9vUTpebble.o)
 .text.light_enable
                0x00000000        0xc /home/jacko/pebble-dev/PebbleSDK/Pebble/aplite/lib/libpebble.a(tmpQA9vUTpebble.o)
 .text.light_enable_interaction
                0x00000000        0xc /home/jacko/pebble-dev/PebbleSDK/Pebble/aplite/lib/libpebble.a(tmpQA9vUTpebble.o)
 .text.localtime
                0x00000000        0xc /home/jacko/pebble-dev/PebbleSDK/Pebble/aplite/lib/libpebble.a(tmpQA9vUTpebble.o)
 .text.malloc   0x00000000        0xc /home/jacko/pebble-dev/PebbleSDK/Pebble/aplite/lib/libpebble.a(tmpQA9vUTpebble.o)
 .text.memcpy   0x00000000        0xc /home/jacko/pebble-dev/PebbleSDK/Pebble/aplite/lib/libpebble.a(tmpQA9vUTpebble.o)
 .text.memmove  0x00000000        0xc /home/jacko/pebble-dev/PebbleSDK/Pebble/aplite/lib/libpebble.a(tmpQA9vUTpebble.o)
 .text.menu_cell_basic_draw
                0x00000000        0xc /home/jacko/pebble-dev/PebbleSDK/Pebble/aplite/lib/libpebble.a(tmpQA9vUTpebble.o)
 .text.menu_cell_basic_header_draw
                0x00000000        0xc /home/jacko/pebble-dev/PebbleSDK/Pebble/aplite/lib/libpebble.a(tmpQA9vUTpebble.o)
 .text.menu_cell_title_draw
                0x00000000        0xc /home/jacko/pebble-dev/PebbleSDK/Pebble/aplite/lib/libpebble.a(tmpQA9vUTpebble.o)
 .text.menu_index_compare
                0x00000000        0xc /home/jacko/pebble-dev/PebbleSDK/Pebble/aplite/lib/libpebble.a(tmpQA9vUTpebble.o)
 .text.menu_layer_create
                0x00000000        0xc /home/jacko/pebble-dev/PebbleSDK/Pebble/aplite/lib/libpebble.a(tmpQA9vUTpebble.o)
 .text.menu_layer_destroy
                0x00000000        0xc /home/jacko/pebble-dev/PebbleSDK/Pebble/aplite/lib/libpebble.a(tmpQA9vUTpebble.o)
 .text.menu_layer_get_layer
                0x00000000        0xc /home/jacko/pebble-dev/PebbleSDK/Pebble/aplite/lib/libpebble.a(tmpQA9vUTpebble.o)
 .text.menu_layer_get_scroll_layer
                0x00000000        0xc /home/jacko/pebble-dev/PebbleSDK/Pebble/aplite/lib/libpebble.a(tmpQA9vUTpebble.o)
 .text.menu_layer_get_selected_index
                0x00000000        0xc /home/jacko/pebble-dev/PebbleSDK/Pebble/aplite/lib/libpebble.a(tmpQA9vUTpebble.o)
 .text.menu_layer_reload_data
                0x00000000        0xc /home/jacko/pebble-dev/PebbleSDK/Pebble/aplite/lib/libpebble.a(tmpQA9vUTpebble.o)
 .text.menu_layer_set_callbacks__deprecated
                0x00000000        0xc /home/jacko/pebble-dev/PebbleSDK/Pebble/aplite/lib/libpebble.a(tmpQA9vUTpebble.o)
 .text.menu_layer_set_click_config_onto_window
                0x00000000        0xc /home/jacko/pebble-dev/PebbleSDK/Pebble/aplite/lib/libpebble.a(tmpQA9vUTpebble.o)
 .text.menu_layer_set_selected_index
                0x00000000        0xc /home/jacko/pebble-dev/PebbleSDK/Pebble/aplite/lib/libpebble.a(tmpQA9vUTpebble.o)
 .text.menu_layer_set_selected_next
                0x00000000        0xc /home/jacko/pebble-dev/PebbleSDK/Pebble/aplite/lib/libpebble.a(tmpQA9vUTpebble.o)
 .text.number_window_create
                0x00000000        0xc /home/jacko/pebble-dev/PebbleSDK/Pebble/aplite/lib/libpebble.a(tmpQA9vUTpebble.o)
 .text.number_window_destroy
                0x00000000        0xc /home/jacko/pebble-dev/PebbleSDK/Pebble/aplite/lib/libpebble.a(tmpQA9vUTpebble.o)
 .text.number_window_get_value
                0x00000000        0xc /home/jacko/pebble-dev/PebbleSDK/Pebble/aplite/lib/libpebble.a(tmpQA9vUTpebble.o)
 .text.number_window_set_label
                0x00000000        0xc /home/jacko/pebble-dev/PebbleSDK/Pebble/aplite/lib/libpebble.a(tmpQA9vUTpebble.o)
 .text.number_window_set_max
                0x00000000        0xc /home/jacko/pebble-dev/PebbleSDK/Pebble/aplite/lib/libpebble.a(tmpQA9vUTpebble.o)
 .text.number_window_set_min
                0x00000000        0xc /home/jacko/pebble-dev/PebbleSDK/Pebble/aplite/lib/libpebble.a(tmpQA9vUTpebble.o)
 .text.number_window_set_step_size
                0x00000000        0xc /home/jacko/pebble-dev/PebbleSDK/Pebble/aplite/lib/libpebble.a(tmpQA9vUTpebble.o)
 .text.number_window_set_value
                0x00000000        0xc /home/jacko/pebble-dev/PebbleSDK/Pebble/aplite/lib/libpebble.a(tmpQA9vUTpebble.o)
 .text.persist_delete
                0x00000000        0xc /home/jacko/pebble-dev/PebbleSDK/Pebble/aplite/lib/libpebble.a(tmpQA9vUTpebble.o)
 .text.persist_exists
                0x00000000        0xc /home/jacko/pebble-dev/PebbleSDK/Pebble/aplite/lib/libpebble.a(tmpQA9vUTpebble.o)
 .text.persist_get_size
                0x00000000        0xc /home/jacko/pebble-dev/PebbleSDK/Pebble/aplite/lib/libpebble.a(tmpQA9vUTpebble.o)
 .text.persist_read_bool
                0x00000000        0xc /home/jacko/pebble-dev/PebbleSDK/Pebble/aplite/lib/libpebble.a(tmpQA9vUTpebble.o)
 .text.persist_read_data__deprecated
                0x00000000        0xc /home/jacko/pebble-dev/PebbleSDK/Pebble/aplite/lib/libpebble.a(tmpQA9vUTpebble.o)
 .text.persist_read_int
                0x00000000        0xc /home/jacko/pebble-dev/PebbleSDK/Pebble/aplite/lib/libpebble.a(tmpQA9vUTpebble.o)
 .text.persist_read_string__deprecated
                0x00000000        0xc /home/jacko/pebble-dev/PebbleSDK/Pebble/aplite/lib/libpebble.a(tmpQA9vUTpebble.o)
 .text.persist_write_bool
                0x00000000        0xc /home/jacko/pebble-dev/PebbleSDK/Pebble/aplite/lib/libpebble.a(tmpQA9vUTpebble.o)
 .text.persist_write_data__deprecated
                0x00000000        0xc /home/jacko/pebble-dev/PebbleSDK/Pebble/aplite/lib/libpebble.a(tmpQA9vUTpebble.o)
 .text.persist_write_int
                0x00000000        0xc /home/jacko/pebble-dev/PebbleSDK/Pebble/aplite/lib/libpebble.a(tmpQA9vUTpebble.o)
 .text.persist_write_string
                0x00000000        0xc /home/jacko/pebble-dev/PebbleSDK/Pebble/aplite/lib/libpebble.a(tmpQA9vUTpebble.o)
 .text.property_animation_create
                0x00000000        0xc /home/jacko/pebble-dev/PebbleSDK/Pebble/aplite/lib/libpebble.a(tmpQA9vUTpebble.o)
 .text.property_animation_create_layer_frame
                0x00000000        0xc /home/jacko/pebble-dev/PebbleSDK/Pebble/aplite/lib/libpebble.a(tmpQA9vUTpebble.o)
 .text.property_animation_destroy
                0x00000000        0xc /home/jacko/pebble-dev/PebbleSDK/Pebble/aplite/lib/libpebble.a(tmpQA9vUTpebble.o)
 .text.property_animation_update_gpoint
                0x00000000        0xc /home/jacko/pebble-dev/PebbleSDK/Pebble/aplite/lib/libpebble.a(tmpQA9vUTpebble.o)
 .text.property_animation_update_grect
                0x00000000        0xc /home/jacko/pebble-dev/PebbleSDK/Pebble/aplite/lib/libpebble.a(tmpQA9vUTpebble.o)
 .text.property_animation_update_int16
                0x00000000        0xc /home/jacko/pebble-dev/PebbleSDK/Pebble/aplite/lib/libpebble.a(tmpQA9vUTpebble.o)
 .text.psleep   0x00000000        0xc /home/jacko/pebble-dev/PebbleSDK/Pebble/aplite/lib/libpebble.a(tmpQA9vUTpebble.o)
 .text.rand     0x00000000        0xc /home/jacko/pebble-dev/PebbleSDK/Pebble/aplite/lib/libpebble.a(tmpQA9vUTpebble.o)
 .text.resource_get_handle
                0x00000000        0xc /home/jacko/pebble-dev/PebbleSDK/Pebble/aplite/lib/libpebble.a(tmpQA9vUTpebble.o)
 .text.resource_load
                0x00000000        0xc /home/jacko/pebble-dev/PebbleSDK/Pebble/aplite/lib/libpebble.a(tmpQA9vUTpebble.o)
 .text.resource_load_byte_range
                0x00000000        0xc /home/jacko/pebble-dev/PebbleSDK/Pebble/aplite/lib/libpebble.a(tmpQA9vUTpebble.o)
 .text.resource_size
                0x00000000        0xc /home/jacko/pebble-dev/PebbleSDK/Pebble/aplite/lib/libpebble.a(tmpQA9vUTpebble.o)
 .text.rot_bitmap_layer_create
                0x00000000        0xc /home/jacko/pebble-dev/PebbleSDK/Pebble/aplite/lib/libpebble.a(tmpQA9vUTpebble.o)
 .text.rot_bitmap_layer_destroy
                0x00000000        0xc /home/jacko/pebble-dev/PebbleSDK/Pebble/aplite/lib/libpebble.a(tmpQA9vUTpebble.o)
 .text.rot_bitmap_layer_increment_angle
                0x00000000        0xc /home/jacko/pebble-dev/PebbleSDK/Pebble/aplite/lib/libpebble.a(tmpQA9vUTpebble.o)
 .text.rot_bitmap_layer_set_angle
                0x00000000        0xc /home/jacko/pebble-dev/PebbleSDK/Pebble/aplite/lib/libpebble.a(tmpQA9vUTpebble.o)
 .text.rot_bitmap_layer_set_corner_clip_color
                0x00000000        0xc /home/jacko/pebble-dev/PebbleSDK/Pebble/aplite/lib/libpebble.a(tmpQA9vUTpebble.o)
 .text.rot_bitmap_set_compositing_mode
                0x00000000        0xc /home/jacko/pebble-dev/PebbleSDK/Pebble/aplite/lib/libpebble.a(tmpQA9vUTpebble.o)
 .text.rot_bitmap_set_src_ic
                0x00000000        0xc /home/jacko/pebble-dev/PebbleSDK/Pebble/aplite/lib/libpebble.a(tmpQA9vUTpebble.o)
 .text.scroll_layer_add_child
                0x00000000        0xc /home/jacko/pebble-dev/PebbleSDK/Pebble/aplite/lib/libpebble.a(tmpQA9vUTpebble.o)
 .text.scroll_layer_create
                0x00000000        0xc /home/jacko/pebble-dev/PebbleSDK/Pebble/aplite/lib/libpebble.a(tmpQA9vUTpebble.o)
 .text.scroll_layer_destroy
                0x00000000        0xc /home/jacko/pebble-dev/PebbleSDK/Pebble/aplite/lib/libpebble.a(tmpQA9vUTpebble.o)
 .text.scroll_layer_get_content_offset
                0x00000000        0xc /home/jacko/pebble-dev/PebbleSDK/Pebble/aplite/lib/libpebble.a(tmpQA9vUTpebble.o)
 .text.scroll_layer_get_content_size
                0x00000000        0xc /home/jacko/pebble-dev/PebbleSDK/Pebble/aplite/lib/libpebble.a(tmpQA9vUTpebble.o)
 .text.scroll_layer_get_layer
                0x00000000        0xc /home/jacko/pebble-dev/PebbleSDK/Pebble/aplite/lib/libpebble.a(tmpQA9vUTpebble.o)
 .text.scroll_layer_get_shadow_hidden
                0x00000000        0xc /home/jacko/pebble-dev/PebbleSDK/Pebble/aplite/lib/libpebble.a(tmpQA9vUTpebble.o)
 .text.scroll_layer_scroll_down_click_handler
                0x00000000        0xc /home/jacko/pebble-dev/PebbleSDK/Pebble/aplite/lib/libpebble.a(tmpQA9vUTpebble.o)
 .text.scroll_layer_scroll_up_click_handler
                0x00000000        0xc /home/jacko/pebble-dev/PebbleSDK/Pebble/aplite/lib/libpebble.a(tmpQA9vUTpebble.o)
 .text.scroll_layer_set_callbacks
                0x00000000        0xc /home/jacko/pebble-dev/PebbleSDK/Pebble/aplite/lib/libpebble.a(tmpQA9vUTpebble.o)
 .text.scroll_layer_set_click_config_onto_window
                0x00000000        0xc /home/jacko/pebble-dev/PebbleSDK/Pebble/aplite/lib/libpebble.a(tmpQA9vUTpebble.o)
 .text.scroll_layer_set_content_offset
                0x00000000        0xc /home/jacko/pebble-dev/PebbleSDK/Pebble/aplite/lib/libpebble.a(tmpQA9vUTpebble.o)
 .text.scroll_layer_set_content_size
                0x00000000        0xc /home/jacko/pebble-dev/PebbleSDK/Pebble/aplite/lib/libpebble.a(tmpQA9vUTpebble.o)
 .text.scroll_layer_set_context
                0x00000000        0xc /home/jacko/pebble-dev/PebbleSDK/Pebble/aplite/lib/libpebble.a(tmpQA9vUTpebble.o)
 .text.scroll_layer_set_frame
                0x00000000        0xc /home/jacko/pebble-dev/PebbleSDK/Pebble/aplite/lib/libpebble.a(tmpQA9vUTpebble.o)
 .text.scroll_layer_set_shadow_hidden
                0x00000000        0xc /home/jacko/pebble-dev/PebbleSDK/Pebble/aplite/lib/libpebble.a(tmpQA9vUTpebble.o)
 .text.simple_menu_layer_get_selected_index
                0x00000000        0xc /home/jacko/pebble-dev/PebbleSDK/Pebble/aplite/lib/libpebble.a(tmpQA9vUTpebble.o)
 .text.simple_menu_layer_set_selected_index
                0x00000000        0xc /home/jacko/pebble-dev/PebbleSDK/Pebble/aplite/lib/libpebble.a(tmpQA9vUTpebble.o)
 .text.sin_lookup
                0x00000000        0xc /home/jacko/pebble-dev/PebbleSDK/Pebble/aplite/lib/libpebble.a(tmpQA9vUTpebble.o)
 .text.snprintf
                0x00000000        0xc /home/jacko/pebble-dev/PebbleSDK/Pebble/aplite/lib/libpebble.a(tmpQA9vUTpebble.o)
 .text.srand    0x00000000        0xc /home/jacko/pebble-dev/PebbleSDK/Pebble/aplite/lib/libpebble.a(tmpQA9vUTpebble.o)
 .text.strcat   0x00000000        0xc /home/jacko/pebble-dev/PebbleSDK/Pebble/aplite/lib/libpebble.a(tmpQA9vUTpebble.o)
 .text.strcmp   0x00000000        0xc /home/jacko/pebble-dev/PebbleSDK/Pebble/aplite/lib/libpebble.a(tmpQA9vUTpebble.o)
 .text.strcpy   0x00000000        0xc /home/jacko/pebble-dev/PebbleSDK/Pebble/aplite/lib/libpebble.a(tmpQA9vUTpebble.o)
 .text.strftime
                0x00000000        0xc /home/jacko/pebble-dev/PebbleSDK/Pebble/aplite/lib/libpebble.a(tmpQA9vUTpebble.o)
 .text.strlen   0x00000000        0xc /home/jacko/pebble-dev/PebbleSDK/Pebble/aplite/lib/libpebble.a(tmpQA9vUTpebble.o)
 .text.strncat  0x00000000        0xc /home/jacko/pebble-dev/PebbleSDK/Pebble/aplite/lib/libpebble.a(tmpQA9vUTpebble.o)
 .text.strncmp  0x00000000        0xc /home/jacko/pebble-dev/PebbleSDK/Pebble/aplite/lib/libpebble.a(tmpQA9vUTpebble.o)
 .text.strncpy  0x00000000        0xc /home/jacko/pebble-dev/PebbleSDK/Pebble/aplite/lib/libpebble.a(tmpQA9vUTpebble.o)
 .text.text_layer_create
                0x00000000        0xc /home/jacko/pebble-dev/PebbleSDK/Pebble/aplite/lib/libpebble.a(tmpQA9vUTpebble.o)
 .text.text_layer_destroy
                0x00000000        0xc /home/jacko/pebble-dev/PebbleSDK/Pebble/aplite/lib/libpebble.a(tmpQA9vUTpebble.o)
 .text.text_layer_get_content_size
                0x00000000        0xc /home/jacko/pebble-dev/PebbleSDK/Pebble/aplite/lib/libpebble.a(tmpQA9vUTpebble.o)
 .text.text_layer_get_layer
                0x00000000        0xc /home/jacko/pebble-dev/PebbleSDK/Pebble/aplite/lib/libpebble.a(tmpQA9vUTpebble.o)
 .text.text_layer_get_text
                0x00000000        0xc /home/jacko/pebble-dev/PebbleSDK/Pebble/aplite/lib/libpebble.a(tmpQA9vUTpebble.o)
 .text.text_layer_set_background_color
                0x00000000        0xc /home/jacko/pebble-dev/PebbleSDK/Pebble/aplite/lib/libpebble.a(tmpQA9vUTpebble.o)
 .text.text_layer_set_font
                0x00000000        0xc /home/jacko/pebble-dev/PebbleSDK/Pebble/aplite/lib/libpebble.a(tmpQA9vUTpebble.o)
 .text.text_layer_set_overflow_mode
                0x00000000        0xc /home/jacko/pebble-dev/PebbleSDK/Pebble/aplite/lib/libpebble.a(tmpQA9vUTpebble.o)
 .text.text_layer_set_size
                0x00000000        0xc /home/jacko/pebble-dev/PebbleSDK/Pebble/aplite/lib/libpebble.a(tmpQA9vUTpebble.o)
 .text.text_layer_set_text
                0x00000000        0xc /home/jacko/pebble-dev/PebbleSDK/Pebble/aplite/lib/libpebble.a(tmpQA9vUTpebble.o)
 .text.text_layer_set_text_alignment
                0x00000000        0xc /home/jacko/pebble-dev/PebbleSDK/Pebble/aplite/lib/libpebble.a(tmpQA9vUTpebble.o)
 .text.text_layer_set_text_color
                0x00000000        0xc /home/jacko/pebble-dev/PebbleSDK/Pebble/aplite/lib/libpebble.a(tmpQA9vUTpebble.o)
 .text.tick_timer_service_unsubscribe
                0x00000000        0xc /home/jacko/pebble-dev/PebbleSDK/Pebble/aplite/lib/libpebble.a(tmpQA9vUTpebble.o)
 .text.time     0x00000000        0xc /home/jacko/pebble-dev/PebbleSDK/Pebble/aplite/lib/libpebble.a(tmpQA9vUTpebble.o)
 .text.time_ms  0x00000000        0xc /home/jacko/pebble-dev/PebbleSDK/Pebble/aplite/lib/libpebble.a(tmpQA9vUTpebble.o)
 .text.vibes_cancel
                0x00000000        0xc /home/jacko/pebble-dev/PebbleSDK/Pebble/aplite/lib/libpebble.a(tmpQA9vUTpebble.o)
 .text.vibes_double_pulse
                0x00000000        0xc /home/jacko/pebble-dev/PebbleSDK/Pebble/aplite/lib/libpebble.a(tmpQA9vUTpebble.o)
 .text.vibes_enqueue_custom_pattern
                0x00000000        0xc /home/jacko/pebble-dev/PebbleSDK/Pebble/aplite/lib/libpebble.a(tmpQA9vUTpebble.o)
 .text.vibes_long_pulse
                0x00000000        0xc /home/jacko/pebble-dev/PebbleSDK/Pebble/aplite/lib/libpebble.a(tmpQA9vUTpebble.o)
 .text.vibes_short_pulse
                0x00000000        0xc /home/jacko/pebble-dev/PebbleSDK/Pebble/aplite/lib/libpebble.a(tmpQA9vUTpebble.o)
 .text.window_get_click_config_provider
                0x00000000        0xc /home/jacko/pebble-dev/PebbleSDK/Pebble/aplite/lib/libpebble.a(tmpQA9vUTpebble.o)
 .text.window_get_fullscreen
                0x00000000        0xc /home/jacko/pebble-dev/PebbleSDK/Pebble/aplite/lib/libpebble.a(tmpQA9vUTpebble.o)
 .text.window_is_loaded
                0x00000000        0xc /home/jacko/pebble-dev/PebbleSDK/Pebble/aplite/lib/libpebble.a(tmpQA9vUTpebble.o)
 .text.window_set_background_color
                0x00000000        0xc /home/jacko/pebble-dev/PebbleSDK/Pebble/aplite/lib/libpebble.a(tmpQA9vUTpebble.o)
 .text.window_set_click_config_provider_with_context
                0x00000000        0xc /home/jacko/pebble-dev/PebbleSDK/Pebble/aplite/lib/libpebble.a(tmpQA9vUTpebble.o)
 .text.window_set_status_bar_icon
                0x00000000        0xc /home/jacko/pebble-dev/PebbleSDK/Pebble/aplite/lib/libpebble.a(tmpQA9vUTpebble.o)
 .text.window_stack_contains_window
                0x00000000        0xc /home/jacko/pebble-dev/PebbleSDK/Pebble/aplite/lib/libpebble.a(tmpQA9vUTpebble.o)
 .text.window_stack_get_top_window
                0x00000000        0xc /home/jacko/pebble-dev/PebbleSDK/Pebble/aplite/lib/libpebble.a(tmpQA9vUTpebble.o)
 .text.window_stack_pop
                0x00000000        0xc /home/jacko/pebble-dev/PebbleSDK/Pebble/aplite/lib/libpebble.a(tmpQA9vUTpebble.o)
 .text.window_stack_pop_all
                0x00000000        0xc /home/jacko/pebble-dev/PebbleSDK/Pebble/aplite/lib/libpebble.a(tmpQA9vUTpebble.o)
 .text.window_stack_remove
                0x00000000        0xc /home/jacko/pebble-dev/PebbleSDK/Pebble/aplite/lib/libpebble.a(tmpQA9vUTpebble.o)
 .text.app_focus_service_subscribe
                0x00000000        0xc /home/jacko/pebble-dev/PebbleSDK/Pebble/aplite/lib/libpebble.a(tmpQA9vUTpebble.o)
 .text.app_focus_service_unsubscribe
                0x00000000        0xc /home/jacko/pebble-dev/PebbleSDK/Pebble/aplite/lib/libpebble.a(tmpQA9vUTpebble.o)
 .text.window_get_user_data
                0x00000000        0xc /home/jacko/pebble-dev/PebbleSDK/Pebble/aplite/lib/libpebble.a(tmpQA9vUTpebble.o)
 .text.window_set_user_data
                0x00000000        0xc /home/jacko/pebble-dev/PebbleSDK/Pebble/aplite/lib/libpebble.a(tmpQA9vUTpebble.o)
 .text.app_message_get_context
                0x00000000        0xc /home/jacko/pebble-dev/PebbleSDK/Pebble/aplite/lib/libpebble.a(tmpQA9vUTpebble.o)
 .text.app_message_inbox_size_maximum
                0x00000000        0xc /home/jacko/pebble-dev/PebbleSDK/Pebble/aplite/lib/libpebble.a(tmpQA9vUTpebble.o)
 .text.app_message_outbox_begin
                0x00000000        0xc /home/jacko/pebble-dev/PebbleSDK/Pebble/aplite/lib/libpebble.a(tmpQA9vUTpebble.o)
 .text.app_message_outbox_send
                0x00000000        0xc /home/jacko/pebble-dev/PebbleSDK/Pebble/aplite/lib/libpebble.a(tmpQA9vUTpebble.o)
 .text.app_message_outbox_size_maximum
                0x00000000        0xc /home/jacko/pebble-dev/PebbleSDK/Pebble/aplite/lib/libpebble.a(tmpQA9vUTpebble.o)
 .text.app_message_register_inbox_dropped
                0x00000000        0xc /home/jacko/pebble-dev/PebbleSDK/Pebble/aplite/lib/libpebble.a(tmpQA9vUTpebble.o)
 .text.app_message_register_inbox_received
                0x00000000        0xc /home/jacko/pebble-dev/PebbleSDK/Pebble/aplite/lib/libpebble.a(tmpQA9vUTpebble.o)
 .text.app_message_register_outbox_failed
                0x00000000        0xc /home/jacko/pebble-dev/PebbleSDK/Pebble/aplite/lib/libpebble.a(tmpQA9vUTpebble.o)
 .text.app_message_register_outbox_sent
                0x00000000        0xc /home/jacko/pebble-dev/PebbleSDK/Pebble/aplite/lib/libpebble.a(tmpQA9vUTpebble.o)
 .text.app_message_set_context
                0x00000000        0xc /home/jacko/pebble-dev/PebbleSDK/Pebble/aplite/lib/libpebble.a(tmpQA9vUTpebble.o)
 .text.window_multi_click_subscribe
                0x00000000        0xc /home/jacko/pebble-dev/PebbleSDK/Pebble/aplite/lib/libpebble.a(tmpQA9vUTpebble.o)
 .text.window_raw_click_subscribe
                0x00000000        0xc /home/jacko/pebble-dev/PebbleSDK/Pebble/aplite/lib/libpebble.a(tmpQA9vUTpebble.o)
 .text.window_set_click_context
                0x00000000        0xc /home/jacko/pebble-dev/PebbleSDK/Pebble/aplite/lib/libpebble.a(tmpQA9vUTpebble.o)
 .text.window_single_repeating_click_subscribe
                0x00000000        0xc /home/jacko/pebble-dev/PebbleSDK/Pebble/aplite/lib/libpebble.a(tmpQA9vUTpebble.o)
 .text.graphics_draw_text
                0x00000000        0xc /home/jacko/pebble-dev/PebbleSDK/Pebble/aplite/lib/libpebble.a(tmpQA9vUTpebble.o)
 .text.dict_serialize_tuplets_to_buffer
                0x00000000        0xc /home/jacko/pebble-dev/PebbleSDK/Pebble/aplite/lib/libpebble.a(tmpQA9vUTpebble.o)
 .text.persist_read_data
                0x00000000        0xc /home/jacko/pebble-dev/PebbleSDK/Pebble/aplite/lib/libpebble.a(tmpQA9vUTpebble.o)
 .text.persist_read_string
                0x00000000        0xc /home/jacko/pebble-dev/PebbleSDK/Pebble/aplite/lib/libpebble.a(tmpQA9vUTpebble.o)
 .text.dict_size
                0x00000000        0xc /home/jacko/pebble-dev/PebbleSDK/Pebble/aplite/lib/libpebble.a(tmpQA9vUTpebble.o)
 .text.graphics_text_layout_get_content_size
                0x00000000        0xc /home/jacko/pebble-dev/PebbleSDK/Pebble/aplite/lib/libpebble.a(tmpQA9vUTpebble.o)
 .text.simple_menu_layer_get_menu_layer
                0x00000000        0xc /home/jacko/pebble-dev/PebbleSDK/Pebble/aplite/lib/libpebble.a(tmpQA9vUTpebble.o)
 .text.accel_data_service_subscribe
                0x00000000        0xc /home/jacko/pebble-dev/PebbleSDK/Pebble/aplite/lib/libpebble.a(tmpQA9vUTpebble.o)
 .text.calloc   0x00000000        0xc /home/jacko/pebble-dev/PebbleSDK/Pebble/aplite/lib/libpebble.a(tmpQA9vUTpebble.o)
 .text.bitmap_layer_get_bitmap
                0x00000000        0xc /home/jacko/pebble-dev/PebbleSDK/Pebble/aplite/lib/libpebble.a(tmpQA9vUTpebble.o)
 .text.menu_layer_set_callbacks
                0x00000000        0xc /home/jacko/pebble-dev/PebbleSDK/Pebble/aplite/lib/libpebble.a(tmpQA9vUTpebble.o)
 .text.window_get_click_config_context
                0x00000000        0xc /home/jacko/pebble-dev/PebbleSDK/Pebble/aplite/lib/libpebble.a(tmpQA9vUTpebble.o)
 .text.number_window_get_window
                0x00000000        0xc /home/jacko/pebble-dev/PebbleSDK/Pebble/aplite/lib/libpebble.a(tmpQA9vUTpebble.o)
 .text.realloc  0x00000000        0xc /home/jacko/pebble-dev/PebbleSDK/Pebble/aplite/lib/libpebble.a(tmpQA9vUTpebble.o)
 .text.__gbitmap_create_blank
                0x00000000        0xc /home/jacko/pebble-dev/PebbleSDK/Pebble/aplite/lib/libpebble.a(tmpQA9vUTpebble.o)
 .text.click_recognizer_is_repeating
                0x00000000        0xc /home/jacko/pebble-dev/PebbleSDK/Pebble/aplite/lib/libpebble.a(tmpQA9vUTpebble.o)
 .text.accel_raw_data_service_subscribe
                0x00000000        0xc /home/jacko/pebble-dev/PebbleSDK/Pebble/aplite/lib/libpebble.a(tmpQA9vUTpebble.o)
 .text.app_worker_is_running
                0x00000000        0xc /home/jacko/pebble-dev/PebbleSDK/Pebble/aplite/lib/libpebble.a(tmpQA9vUTpebble.o)
 .text.app_worker_kill
                0x00000000        0xc /home/jacko/pebble-dev/PebbleSDK/Pebble/aplite/lib/libpebble.a(tmpQA9vUTpebble.o)
 .text.app_worker_launch
                0x00000000        0xc /home/jacko/pebble-dev/PebbleSDK/Pebble/aplite/lib/libpebble.a(tmpQA9vUTpebble.o)
 .text.app_worker_message_subscribe
                0x00000000        0xc /home/jacko/pebble-dev/PebbleSDK/Pebble/aplite/lib/libpebble.a(tmpQA9vUTpebble.o)
 .text.app_worker_message_unsubscribe
                0x00000000        0xc /home/jacko/pebble-dev/PebbleSDK/Pebble/aplite/lib/libpebble.a(tmpQA9vUTpebble.o)
 .text.app_worker_send_message
                0x00000000        0xc /home/jacko/pebble-dev/PebbleSDK/Pebble/aplite/lib/libpebble.a(tmpQA9vUTpebble.o)
 .text.worker_event_loop
                0x00000000        0xc /home/jacko/pebble-dev/PebbleSDK/Pebble/aplite/lib/libpebble.a(tmpQA9vUTpebble.o)
 .text.worker_launch_app
                0x00000000        0xc /home/jacko/pebble-dev/PebbleSDK/Pebble/aplite/lib/libpebble.a(tmpQA9vUTpebble.o)
 .text.heap_bytes_free
                0x00000000        0xc /home/jacko/pebble-dev/PebbleSDK/Pebble/aplite/lib/libpebble.a(tmpQA9vUTpebble.o)
 .text.heap_bytes_used
                0x00000000        0xc /home/jacko/pebble-dev/PebbleSDK/Pebble/aplite/lib/libpebble.a(tmpQA9vUTpebble.o)
 .text.compass_service_peek
                0x00000000        0xc /home/jacko/pebble-dev/PebbleSDK/Pebble/aplite/lib/libpebble.a(tmpQA9vUTpebble.o)
 .text.compass_service_set_heading_filter
                0x00000000        0xc /home/jacko/pebble-dev/PebbleSDK/Pebble/aplite/lib/libpebble.a(tmpQA9vUTpebble.o)
 .text.compass_service_subscribe
                0x00000000        0xc /home/jacko/pebble-dev/PebbleSDK/Pebble/aplite/lib/libpebble.a(tmpQA9vUTpebble.o)
 .text.compass_service_unsubscribe
                0x00000000        0xc /home/jacko/pebble-dev/PebbleSDK/Pebble/aplite/lib/libpebble.a(tmpQA9vUTpebble.o)
 .text.uuid_equal
                0x00000000        0xc /home/jacko/pebble-dev/PebbleSDK/Pebble/aplite/lib/libpebble.a(tmpQA9vUTpebble.o)
 .text.uuid_to_string
                0x00000000        0xc /home/jacko/pebble-dev/PebbleSDK/Pebble/aplite/lib/libpebble.a(tmpQA9vUTpebble.o)
 .text.gpath_draw_filled
                0x00000000        0xc /home/jacko/pebble-dev/PebbleSDK/Pebble/aplite/lib/libpebble.a(tmpQA9vUTpebble.o)
 .text.animation_set_custom_curve
                0x00000000        0xc /home/jacko/pebble-dev/PebbleSDK/Pebble/aplite/lib/libpebble.a(tmpQA9vUTpebble.o)
 .text.watch_info_get_color
                0x00000000        0xc /home/jacko/pebble-dev/PebbleSDK/Pebble/aplite/lib/libpebble.a(tmpQA9vUTpebble.o)
 .text.watch_info_get_firmware_version
                0x00000000        0xc /home/jacko/pebble-dev/PebbleSDK/Pebble/aplite/lib/libpebble.a(tmpQA9vUTpebble.o)
 .text.watch_info_get_model
                0x00000000        0xc /home/jacko/pebble-dev/PebbleSDK/Pebble/aplite/lib/libpebble.a(tmpQA9vUTpebble.o)
 .text.graphics_capture_frame_buffer
                0x00000000        0xc /home/jacko/pebble-dev/PebbleSDK/Pebble/aplite/lib/libpebble.a(tmpQA9vUTpebble.o)
 .text.graphics_frame_buffer_is_captured
                0x00000000        0xc /home/jacko/pebble-dev/PebbleSDK/Pebble/aplite/lib/libpebble.a(tmpQA9vUTpebble.o)
 .text.graphics_release_frame_buffer
                0x00000000        0xc /home/jacko/pebble-dev/PebbleSDK/Pebble/aplite/lib/libpebble.a(tmpQA9vUTpebble.o)
 .text.clock_to_timestamp
                0x00000000        0xc /home/jacko/pebble-dev/PebbleSDK/Pebble/aplite/lib/libpebble.a(tmpQA9vUTpebble.o)
 .text.launch_reason
                0x00000000        0xc /home/jacko/pebble-dev/PebbleSDK/Pebble/aplite/lib/libpebble.a(tmpQA9vUTpebble.o)
 .text.wakeup_cancel
                0x00000000        0xc /home/jacko/pebble-dev/PebbleSDK/Pebble/aplite/lib/libpebble.a(tmpQA9vUTpebble.o)
 .text.wakeup_cancel_all
                0x00000000        0xc /home/jacko/pebble-dev/PebbleSDK/Pebble/aplite/lib/libpebble.a(tmpQA9vUTpebble.o)
 .text.wakeup_get_launch_event
                0x00000000        0xc /home/jacko/pebble-dev/PebbleSDK/Pebble/aplite/lib/libpebble.a(tmpQA9vUTpebble.o)
 .text.wakeup_query
                0x00000000        0xc /home/jacko/pebble-dev/PebbleSDK/Pebble/aplite/lib/libpebble.a(tmpQA9vUTpebble.o)
 .text.wakeup_schedule
                0x00000000        0xc /home/jacko/pebble-dev/PebbleSDK/Pebble/aplite/lib/libpebble.a(tmpQA9vUTpebble.o)
 .text.wakeup_service_subscribe
                0x00000000        0xc /home/jacko/pebble-dev/PebbleSDK/Pebble/aplite/lib/libpebble.a(tmpQA9vUTpebble.o)
 .text.clock_is_timezone_set
                0x00000000        0xc /home/jacko/pebble-dev/PebbleSDK/Pebble/aplite/lib/libpebble.a(tmpQA9vUTpebble.o)
 .text.i18n_get_system_locale
                0x00000000        0xc /home/jacko/pebble-dev/PebbleSDK/Pebble/aplite/lib/libpebble.a(tmpQA9vUTpebble.o)
 .text._localeconv_r
                0x00000000        0xc /home/jacko/pebble-dev/PebbleSDK/Pebble/aplite/lib/libpebble.a(tmpQA9vUTpebble.o)
 .text.setlocale
                0x00000000        0xc /home/jacko/pebble-dev/PebbleSDK/Pebble/aplite/lib/libpebble.a(tmpQA9vUTpebble.o)
 .text.mktime   0x00000000        0xc /home/jacko/pebble-dev/PebbleSDK/Pebble/aplite/lib/libpebble.a(tmpQA9vUTpebble.o)
 .text          0x00000000        0x0 /home/jacko/pebble-dev/PebbleSDK/arm-cs-tools/bin/../lib/gcc/arm-none-eabi/4.7.3/thumb2/crtend.o
 .bss           0x00000000        0x0 /home/jacko/pebble-dev/PebbleSDK/arm-cs-tools/bin/../lib/gcc/arm-none-eabi/4.7.3/thumb2/crtend.o
 .eh_frame      0x00000000        0x4 /home/jacko/pebble-dev/PebbleSDK/arm-cs-tools/bin/../lib/gcc/arm-none-eabi/4.7.3/thumb2/crtend.o
 .jcr           0x00000000        0x4 /home/jacko/pebble-dev/PebbleSDK/arm-cs-tools/bin/../lib/gcc/arm-none-eabi/4.7.3/thumb2/crtend.o
 .tm_clone_table
                0x00000000        0x0 /home/jacko/pebble-dev/PebbleSDK/arm-cs-tools/bin/../lib/gcc/arm-none-eabi/4.7.3/thumb2/crtend.o
 .text          0x00000000        0x0 /home/jacko/pebble-dev/PebbleSDK/arm-cs-tools/bin/../lib/gcc/arm-none-eabi/4.7.3/thumb2/crtn.o
 .bss           0x00000000        0x0 /home/jacko/pebble-dev/PebbleSDK/arm-cs-tools/bin/../lib/gcc/arm-none-eabi/4.7.3/thumb2/crtn.o
 .init          0x00000000        0x8 /home/jacko/pebble-dev/PebbleSDK/arm-cs-tools/bin/../lib/gcc/arm-none-eabi/4.7.3/thumb2/crtn.o
 .fini          0x00000000        0x8 /home/jacko/pebble-dev/PebbleSDK/arm-cs-tools/bin/../lib/gcc/arm-none-eabi/4.7.3/thumb2/crtn.o

Memory Configuration

Name             Origin             Length             Attributes
APP              0x00000000         0x00006000         xrw
*default*        0x00000000         0xffffffff

Linker script and memory map

LOAD /home/jacko/pebble-dev/PebbleSDK/arm-cs-tools/bin/../lib/gcc/arm-none-eabi/4.7.3/thumb2/crti.o
LOAD /home/jacko/pebble-dev/PebbleSDK/arm-cs-tools/bin/../lib/gcc/arm-none-eabi/4.7.3/thumb2/crtbegin.o
LOAD src/basik.c.24.o
LOAD src/clock.c.24.o
LOAD src/game.c.24.o
LOAD src/robomaze.c.24.o
LOAD aplite/appinfo.auto.c.24.o
LOAD /home/jacko/pebble-dev/PebbleSDK/Pebble/aplite/lib/libpebble.a
START GROUP
LOAD /home/jacko/pebble-dev/PebbleSDK/arm-cs-tools/bin/../lib/gcc/arm-none-eabi/4.7.3/thumb2/libgcc.a
LOAD /home/jacko/pebble-dev/PebbleSDK/arm-cs-tools/bin/../lib/gcc/arm-none-eabi/4.7.3/../../../../arm-none-eabi/lib/thumb2/libc.a
END GROUP
LOAD /home/jacko/pebble-dev/PebbleSDK/arm-cs-tools/bin/../lib/gcc/arm-none-eabi/4.7.3/thumb2/crtend.o
LOAD /home/jacko/pebble-dev/PebbleSDK/arm-cs-tools/bin/../lib/gcc/arm-none-eabi/4.7.3/thumb2/crtn.o

.header         0x00000000       0x82
 *(.pbl_header)
 .pbl_header    0x00000000       0x82 aplite/appinfo.auto.c.24.o
                0x00000000                __pbl_app_info

.note.gnu.build-id
                0x00000082       0x26
                0x00000082                PROVIDE (BUILD_ID, .)
 *(.note.gnu.build-id)
 *fill*         0x00000082        0x2 
 .note.gnu.build-id
                0x00000084       0x24 linker stubs

.text           0x000000a8      0xbc8
 *(.text)
 .text          0x000000a8       0x14 /home/jacko/pebble-dev/PebbleSDK/Pebble/aplite/lib/libpebble.a(tmpQA9vUTpebble.o)
 *(.text.*)
 .text.load_basik
                0x000000bc        0x2 src/basik.c.24.o
                0x000000bc                load_basik
 .text.save_basik
                0x000000be        0x2 src/basik.c.24.o
                0x000000be                save_basik
 .text.tick_basik
                0x000000c0        0x2 src/basik.c.24.o
                0x000000c0                tick_basik
 .text.load_clock
                0x000000c2        0x2 src/clock.c.24.o
                0x000000c2                load_clock
 .text.save_clock
                0x000000c4        0x2 src/clock.c.24.o
                0x000000c4                save_clock
 .text.tick_clock
                0x000000c6        0x2 src/clock.c.24.o
                0x000000c6                tick_clock
 .text.load     0x000000c8       0xa0 src/game.c.24.o
                0x000000c8                load
 .text.save     0x00000168       0x90 src/game.c.24.o
                0x00000168                save
 .text.tick     0x000001f8        0x2 src/game.c.24.o
                0x000001f8                tick
 .text.single_click_handler
                0x000001fa        0x2 src/robomaze.c.24.o
 .text.long_click_handler
                0x000001fc        0x2 src/robomaze.c.24.o
 .text.long_click_release_handler
                0x000001fe        0x2 src/robomaze.c.24.o
 .text.handle_second_tick
                0x00000200       0x2c src/robomaze.c.24.o
 .text.menu_window_unload
                0x0000022c       0x24 src/robomaze.c.24.o
 .text.special_select_callback
                0x00000250       0x68 src/robomaze.c.24.o
 .text.menu_select_callback
                0x000002b8       0x30 src/robomaze.c.24.o
 .text.menu_window_load
                0x000002e8      0x10c src/robomaze.c.24.o
 .text.main_window_unload
                0x000003f4       0x5c src/robomaze.c.24.o
 .text.main_window_load
                0x00000450      0x214 src/robomaze.c.24.o
 .text.config_provider
                0x00000664       0x64 src/robomaze.c.24.o
 .text.get_map  0x000006c8       0x40 src/robomaze.c.24.o
                0x000006c8                get_map
 .text.put_map  0x00000708       0x54 src/robomaze.c.24.o
                0x00000708                put_map
 .text.layer_draw
                0x0000075c      0x230 src/robomaze.c.24.o
 .text.startup.main
                0x0000098c       0xb0 src/robomaze.c.24.o
                0x0000098c                main
 .text.app_event_loop
                0x00000a3c        0xc /home/jacko/pebble-dev/PebbleSDK/Pebble/aplite/lib/libpebble.a(tmpQA9vUTpebble.o)
                0x00000a3c                app_event_loop
 .text.gbitmap_create_as_sub_bitmap
                0x00000a48        0xc /home/jacko/pebble-dev/PebbleSDK/Pebble/aplite/lib/libpebble.a(tmpQA9vUTpebble.o)
                0x00000a48                gbitmap_create_as_sub_bitmap
 .text.gbitmap_create_with_resource
                0x00000a54        0xc /home/jacko/pebble-dev/PebbleSDK/Pebble/aplite/lib/libpebble.a(tmpQA9vUTpebble.o)
                0x00000a54                gbitmap_create_with_resource
 .text.gbitmap_destroy
                0x00000a60        0xc /home/jacko/pebble-dev/PebbleSDK/Pebble/aplite/lib/libpebble.a(tmpQA9vUTpebble.o)
                0x00000a60                gbitmap_destroy
 .text.graphics_context_set_fill_color
                0x00000a6c        0xc /home/jacko/pebble-dev/PebbleSDK/Pebble/aplite/lib/libpebble.a(tmpQA9vUTpebble.o)
                0x00000a6c                graphics_context_set_fill_color
 .text.graphics_draw_bitmap_in_rect
                0x00000a78        0xc /home/jacko/pebble-dev/PebbleSDK/Pebble/aplite/lib/libpebble.a(tmpQA9vUTpebble.o)
                0x00000a78                graphics_draw_bitmap_in_rect
 .text.graphics_fill_rect
                0x00000a84        0xc /home/jacko/pebble-dev/PebbleSDK/Pebble/aplite/lib/libpebble.a(tmpQA9vUTpebble.o)
                0x00000a84                graphics_fill_rect
 .text.layer_add_child
                0x00000a90        0xc /home/jacko/pebble-dev/PebbleSDK/Pebble/aplite/lib/libpebble.a(tmpQA9vUTpebble.o)
                0x00000a90                layer_add_child
 .text.layer_create
                0x00000a9c        0xc /home/jacko/pebble-dev/PebbleSDK/Pebble/aplite/lib/libpebble.a(tmpQA9vUTpebble.o)
                0x00000a9c                layer_create
 .text.layer_destroy
                0x00000aa8        0xc /home/jacko/pebble-dev/PebbleSDK/Pebble/aplite/lib/libpebble.a(tmpQA9vUTpebble.o)
                0x00000aa8                layer_destroy
 .text.layer_get_bounds
                0x00000ab4        0xc /home/jacko/pebble-dev/PebbleSDK/Pebble/aplite/lib/libpebble.a(tmpQA9vUTpebble.o)
                0x00000ab4                layer_get_bounds
 .text.layer_get_frame
                0x00000ac0        0xc /home/jacko/pebble-dev/PebbleSDK/Pebble/aplite/lib/libpebble.a(tmpQA9vUTpebble.o)
                0x00000ac0                layer_get_frame
 .text.layer_mark_dirty
                0x00000acc        0xc /home/jacko/pebble-dev/PebbleSDK/Pebble/aplite/lib/libpebble.a(tmpQA9vUTpebble.o)
                0x00000acc                layer_mark_dirty
 .text.layer_set_bounds
                0x00000ad8        0xc /home/jacko/pebble-dev/PebbleSDK/Pebble/aplite/lib/libpebble.a(tmpQA9vUTpebble.o)
                0x00000ad8                layer_set_bounds
 .text.layer_set_update_proc
                0x00000ae4        0xc /home/jacko/pebble-dev/PebbleSDK/Pebble/aplite/lib/libpebble.a(tmpQA9vUTpebble.o)
                0x00000ae4                layer_set_update_proc
 .text.memset   0x00000af0        0xc /home/jacko/pebble-dev/PebbleSDK/Pebble/aplite/lib/libpebble.a(tmpQA9vUTpebble.o)
                0x00000af0                memset
 .text.simple_menu_layer_create
                0x00000afc        0xc /home/jacko/pebble-dev/PebbleSDK/Pebble/aplite/lib/libpebble.a(tmpQA9vUTpebble.o)
                0x00000afc                simple_menu_layer_create
 .text.simple_menu_layer_destroy
                0x00000b08        0xc /home/jacko/pebble-dev/PebbleSDK/Pebble/aplite/lib/libpebble.a(tmpQA9vUTpebble.o)
                0x00000b08                simple_menu_layer_destroy
 .text.simple_menu_layer_get_layer
                0x00000b14        0xc /home/jacko/pebble-dev/PebbleSDK/Pebble/aplite/lib/libpebble.a(tmpQA9vUTpebble.o)
                0x00000b14                simple_menu_layer_get_layer
 .text.tick_timer_service_subscribe
                0x00000b20        0xc /home/jacko/pebble-dev/PebbleSDK/Pebble/aplite/lib/libpebble.a(tmpQA9vUTpebble.o)
                0x00000b20                tick_timer_service_subscribe
 .text.window_create
                0x00000b2c        0xc /home/jacko/pebble-dev/PebbleSDK/Pebble/aplite/lib/libpebble.a(tmpQA9vUTpebble.o)
                0x00000b2c                window_create
 .text.window_destroy
                0x00000b38        0xc /home/jacko/pebble-dev/PebbleSDK/Pebble/aplite/lib/libpebble.a(tmpQA9vUTpebble.o)
                0x00000b38                window_destroy
 .text.window_get_root_layer
                0x00000b44        0xc /home/jacko/pebble-dev/PebbleSDK/Pebble/aplite/lib/libpebble.a(tmpQA9vUTpebble.o)
                0x00000b44                window_get_root_layer
 .text.window_set_click_config_provider
                0x00000b50        0xc /home/jacko/pebble-dev/PebbleSDK/Pebble/aplite/lib/libpebble.a(tmpQA9vUTpebble.o)
                0x00000b50                window_set_click_config_provider
 .text.window_set_fullscreen
                0x00000b5c        0xc /home/jacko/pebble-dev/PebbleSDK/Pebble/aplite/lib/libpebble.a(tmpQA9vUTpebble.o)
                0x00000b5c                window_set_fullscreen
 .text.window_set_window_handlers
                0x00000b68        0xc /home/jacko/pebble-dev/PebbleSDK/Pebble/aplite/lib/libpebble.a(tmpQA9vUTpebble.o)
                0x00000b68                window_set_window_handlers
 .text.window_stack_push
                0x00000b74        0xc /home/jacko/pebble-dev/PebbleSDK/Pebble/aplite/lib/libpebble.a(tmpQA9vUTpebble.o)
                0x00000b74                window_stack_push
 .text.window_long_click_subscribe
                0x00000b80        0xc /home/jacko/pebble-dev/PebbleSDK/Pebble/aplite/lib/libpebble.a(tmpQA9vUTpebble.o)
                0x00000b80                window_long_click_subscribe
 .text.window_single_click_subscribe
                0x00000b8c        0xc /home/jacko/pebble-dev/PebbleSDK/Pebble/aplite/lib/libpebble.a(tmpQA9vUTpebble.o)
                0x00000b8c                window_single_click_subscribe
 .text.persist_write_data
                0x00000b98        0xc /home/jacko/pebble-dev/PebbleSDK/Pebble/aplite/lib/libpebble.a(tmpQA9vUTpebble.o)
                0x00000b98                persist_write_data
 *(.rodata)
 .rodata        0x00000ba4       0x18 src/robomaze.c.24.o
 *(.rodata*)
 .rodata.str1.1
                0x00000bbc       0xb4 src/robomaze.c.24.o
                                 0xc1 (size before relaxing)

.glue_7         0x00000c70        0x0
 .glue_7        0x00000000        0x0 linker stubs

.glue_7t        0x00000c70        0x0
 .glue_7t       0x00000000        0x0 linker stubs

.vfp11_veneer   0x00000c70        0x0
 .vfp11_veneer  0x00000000        0x0 linker stubs

.v4_bx          0x00000c70        0x0
 .v4_bx         0x00000000        0x0 linker stubs

.iplt           0x00000c70        0x0
 .iplt          0x00000000        0x0 /home/jacko/pebble-dev/PebbleSDK/arm-cs-tools/bin/../lib/gcc/arm-none-eabi/4.7.3/thumb2/crtbegin.o

.rel.dyn        0x00000c70        0x0
 .rel.iplt      0x00000000        0x0 /home/jacko/pebble-dev/PebbleSDK/arm-cs-tools/bin/../lib/gcc/arm-none-eabi/4.7.3/thumb2/crtbegin.o
 .rel.got       0x00000000        0x0 /home/jacko/pebble-dev/PebbleSDK/arm-cs-tools/bin/../lib/gcc/arm-none-eabi/4.7.3/thumb2/crtbegin.o

.data           0x00000c70       0x10
 *(.data)
 .data          0x00000c70        0x0 /home/jacko/pebble-dev/PebbleSDK/arm-cs-tools/bin/../lib/gcc/arm-none-eabi/4.7.3/thumb2/crti.o
 .data          0x00000c70        0x4 /home/jacko/pebble-dev/PebbleSDK/arm-cs-tools/bin/../lib/gcc/arm-none-eabi/4.7.3/thumb2/crtbegin.o
                0x00000c70                __dso_handle
 .data          0x00000c74        0x0 src/basik.c.24.o
 .data          0x00000c74        0x0 src/clock.c.24.o
 .data          0x00000c74        0x0 src/game.c.24.o
 .data          0x00000c74        0xc src/robomaze.c.24.o
 .data          0x00000c80        0x0 aplite/appinfo.auto.c.24.o
 .data          0x00000c80        0x0 /home/jacko/pebble-dev/PebbleSDK/Pebble/aplite/lib/libpebble.a(tmpQA9vUTpebble.o)
 .data          0x00000c80        0x0 /home/jacko/pebble-dev/PebbleSDK/arm-cs-tools/bin/../lib/gcc/arm-none-eabi/4.7.3/thumb2/crtend.o
 .data          0x00000c80        0x0 /home/jacko/pebble-dev/PebbleSDK/arm-cs-tools/bin/../lib/gcc/arm-none-eabi/4.7.3/thumb2/crtn.o
 *(.data.*)

.igot.plt       0x00000c80        0x0
 .igot.plt      0x00000000        0x0 /home/jacko/pebble-dev/PebbleSDK/arm-cs-tools/bin/../lib/gcc/arm-none-eabi/4.7.3/thumb2/crtbegin.o

.got            0x00000c80        0x8
 .got           0x00000c80        0x8 /home/jacko/pebble-dev/PebbleSDK/arm-cs-tools/bin/../lib/gcc/arm-none-eabi/4.7.3/thumb2/crtbegin.o

.got.plt        0x00000c88        0xc
 .got.plt       0x00000c88        0xc /home/jacko/pebble-dev/PebbleSDK/arm-cs-tools/bin/../lib/gcc/arm-none-eabi/4.7.3/thumb2/crtbegin.o
                0x00000c88                _GLOBAL_OFFSET_TABLE_

.bss            0x00000c94      0x832
 *(.bss)
 *(.bss.*)
 .bss.layer     0x00000c94        0x4 src/robomaze.c.24.o
 .bss.s_menu_sections
                0x00000c98       0x18 src/robomaze.c.24.o
 .bss.pause     0x00000cb0        0x1 src/robomaze.c.24.o
                0x00000cb0                pause
 *fill*         0x00000cb1        0x3 
 .bss.char_gfx  0x00000cb4       0xc0 src/robomaze.c.24.o
 .bss.map       0x00000d74        0x4 src/robomaze.c.24.o
 .bss.s_second_menu_items
                0x00000d78       0x10 src/robomaze.c.24.o
 .bss.seconds   0x00000d88        0x4 src/robomaze.c.24.o
                0x00000d88                seconds
 .bss.s_simple_menu_layer
                0x00000d8c        0x4 src/robomaze.c.24.o
 .bss.s_special_flag
                0x00000d90        0x1 src/robomaze.c.24.o
 *fill*         0x00000d91        0x3 
 .bss.s_menu_icon_image
                0x00000d94        0x4 src/robomaze.c.24.o
 .bss.s_menu_window
                0x00000d98        0x4 src/robomaze.c.24.o
 .bss.s_first_menu_items
                0x00000d9c       0x30 src/robomaze.c.24.o
 .bss.maze_gfx  0x00000dcc       0x7c src/robomaze.c.24.o
 .bss.s_main_window
                0x00000e48        0x4 src/robomaze.c.24.o
 .bss.s_hit_count
                0x00000e4c        0x4 src/robomaze.c.24.o
 COMMON         0x00000e50      0x676 src/robomaze.c.24.o
                0x00000e50                maze
                0x00001285                con

DISCARD
 libc.a(*)
 libm.a(*)
 libgcc.a(*)
 *(.eh_frame)
OUTPUT(/home/jacko/pebble-dev/examples/watchapps/RoboMaze/build/aplite/pebble-app.elf elf32-littlearm)

.ARM.attributes
                0x00000000       0x27
 .ARM.attributes
                0x00000000       0x19 /home/jacko/pebble-dev/PebbleSDK/arm-cs-tools/bin/../lib/gcc/arm-none-eabi/4.7.3/thumb2/crti.o
 .ARM.attributes
                0x00000019       0x29 /home/jacko/pebble-dev/PebbleSDK/arm-cs-tools/bin/../lib/gcc/arm-none-eabi/4.7.3/thumb2/crtbegin.o
 .ARM.attributes
                0x00000042       0x33 src/basik.c.24.o
 .ARM.attributes
                0x00000075       0x33 src/clock.c.24.o
 .ARM.attributes
                0x000000a8       0x33 src/game.c.24.o
 .ARM.attributes
                0x000000db       0x33 src/robomaze.c.24.o
 .ARM.attributes
                0x0000010e       0x33 aplite/appinfo.auto.c.24.o
 .ARM.attributes
                0x00000141       0x21 /home/jacko/pebble-dev/PebbleSDK/Pebble/aplite/lib/libpebble.a(tmpQA9vUTpebble.o)
 .ARM.attributes
                0x00000162       0x29 /home/jacko/pebble-dev/PebbleSDK/arm-cs-tools/bin/../lib/gcc/arm-none-eabi/4.7.3/thumb2/crtend.o
 .ARM.attributes
                0x0000018b       0x19 /home/jacko/pebble-dev/PebbleSDK/arm-cs-tools/bin/../lib/gcc/arm-none-eabi/4.7.3/thumb2/crtn.o

.comment        0x00000000       0x4e
 .comment       0x00000000       0x4e /home/jacko/pebble-dev/PebbleSDK/arm-cs-tools/bin/../lib/gcc/arm-none-eabi/4.7.3/thumb2/crtbegin.o
                                 0x4f (size before relaxing)
 .comment       0x00000000       0x4f src/basik.c.24.o
 .comment       0x00000000       0x4f src/clock.c.24.o
 .comment       0x00000000       0x4f src/game.c.24.o
 .comment       0x00000000       0x4f src/robomaze.c.24.o
 .comment       0x00000000       0x4f aplite/appinfo.auto.c.24.o
 .comment       0x00000000       0x4f /home/jacko/pebble-dev/PebbleSDK/arm-cs-tools/bin/../lib/gcc/arm-none-eabi/4.7.3/thumb2/crtend.o

.debug_info     0x00000000     0x1f7f
 .debug_info    0x00000000       0xd5 src/basik.c.24.o
 .debug_info    0x000000d5       0xd5 src/clock.c.24.o
 .debug_info    0x000001aa      0x2f0 src/game.c.24.o
 .debug_info    0x0000049a     0x17d1 src/robomaze.c.24.o
 .debug_info    0x00001c6b      0x314 aplite/appinfo.auto.c.24.o

.debug_abbrev   0x00000000      0x6b6
 .debug_abbrev  0x00000000       0x42 src/basik.c.24.o
 .debug_abbrev  0x00000042       0x42 src/clock.c.24.o
 .debug_abbrev  0x00000084      0x14e src/game.c.24.o
 .debug_abbrev  0x000001d2      0x446 src/robomaze.c.24.o
 .debug_abbrev  0x00000618       0x9e aplite/appinfo.auto.c.24.o

.debug_aranges  0x00000000      0x150
 .debug_aranges
                0x00000000       0x38 src/basik.c.24.o
 .debug_aranges
                0x00000038       0x38 src/clock.c.24.o
 .debug_aranges
                0x00000070       0x38 src/game.c.24.o
 .debug_aranges
                0x000000a8       0x90 src/robomaze.c.24.o
 .debug_aranges
                0x00000138       0x18 aplite/appinfo.auto.c.24.o

.debug_ranges   0x00000000      0x418
 .debug_ranges  0x00000000       0x28 src/basik.c.24.o
 .debug_ranges  0x00000028       0x28 src/clock.c.24.o
 .debug_ranges  0x00000050       0xa8 src/game.c.24.o
 .debug_ranges  0x000000f8      0x320 src/robomaze.c.24.o

.debug_line     0x00000000      0x85d
 .debug_line    0x00000000       0x69 src/basik.c.24.o
 .debug_line    0x00000069       0x69 src/clock.c.24.o
 .debug_line    0x000000d2      0x224 src/game.c.24.o
 .debug_line    0x000002f6      0x440 src/robomaze.c.24.o
 .debug_line    0x00000736      0x127 aplite/appinfo.auto.c.24.o

.debug_str      0x00000000      0xacc
 .debug_str     0x00000000       0xe0 src/basik.c.24.o
                                0x119 (size before relaxing)
 .debug_str     0x000000e0       0x3c src/clock.c.24.o
                                0x119 (size before relaxing)
 .debug_str     0x0000011c       0x62 src/game.c.24.o
                                0x149 (size before relaxing)
 .debug_str     0x0000017e      0x7e9 src/robomaze.c.24.o
                                0x9d3 (size before relaxing)
 .debug_str     0x00000967      0x165 aplite/appinfo.auto.c.24.o
                                0x2c5 (size before relaxing)

.debug_frame    0x00000000      0x2c4
 .debug_frame   0x00000000       0x50 src/basik.c.24.o
 .debug_frame   0x00000050       0x50 src/clock.c.24.o
 .debug_frame   0x000000a0       0x7c src/game.c.24.o
 .debug_frame   0x0000011c      0x1a8 src/robomaze.c.24.o

.debug_loc      0x00000000      0x975
 .debug_loc     0x00000000      0x180 src/game.c.24.o
 .debug_loc     0x00000180      0x7f5 src/robomaze.c.24.o
c /home/jacko/pebble-dev/PebbleSDK/Pebble/basalt/lib/libpebble.a(tmpTNRbtApebble.o)
 .text.gdraw_command_sequence_clone
                0x00000000        0xc /home/jacko/pebble-dev/PebbleSDK/Pebble/basalt/lib/libpebble.a(tmpTNRbtApebble.o)
 .text.gdraw_command_sequence_create_with_resource
                0x00000000        0xc /home/jacko/pebble-dev/PebbleSDK/Pebble/basalt/lib/libpebble.a(tmpTNRbtApebble.o)
 .text.gdraw_command_sequence_destroy
                0x00000000        0xc /home/jacko/pebble-dev/PebbleSDK/Pebble/basalt/lib/libpebble.a(tmpTNRbtApebble.o)
 .text.gdraw_command_sequence_get_bounds_size
                0x00000000        0xc /home/jacko/pebble-dev/PebbleSDK/Pebble/basalt/lib/libpebble.a(tmpTNRbtApebble.o)
 .text.gdraw_command_sequence_get_frame_by_elapsed
                0x00000000        0xc /home/jacko/pebble-dev/PebbleSDK/Pebble/basalt/lib/libpebble.a(tmpTNRbtApebble.o)
 .text.gdraw_command_sequence_get_frame_by_index
                0x00000000        0xc /home/jacko/pebble-dev/PebbleSDK/Pebble/basalt/lib/libpebble.a(tmpTNRbtApebble.o)
 .text.gdraw_command_sequence_get_num_frames
                0x00000000        0xc /home/jacko/pebble-dev/PebbleSDK/Pebble/basalt/lib/libpebble.a(tmpTNRbtApebble.o)
 .text.gdraw_command_sequence_get_play_count
                0x00000000        0xc /home/jacko/pebble-dev/PebbleSDK/Pebble/basalt/lib/libpebble.a(tmpTNRbtApebble.o)
 .text.gdraw_command_sequence_get_total_duration
                0x00000000        0xc /home/jacko/pebble-dev/PebbleSDK/Pebble/basalt/lib/libpebble.a(tmpTNRbtApebble.o)
 .text.gdraw_command_sequence_set_bounds_size
                0x00000000        0xc /home/jacko/pebble-dev/PebbleSDK/Pebble/basalt/lib/libpebble.a(tmpTNRbtApebble.o)
 .text.gdraw_command_sequence_set_play_count
                0x00000000        0xc /home/jacko/pebble-dev/PebbleSDK/Pebble/basalt/lib/libpebble.a(tmpTNRbtApebble.o)
 .text.gdraw_command_set_fill_color
                0x00000000        0xc /home/jacko/pebble-dev/PebbleSDK/Pebble/basalt/lib/libpebble.a(tmpTNRbtApebble.o)
 .text.gdraw_command_set_hidden
                0x00000000        0xc /home/jacko/pebble-dev/PebbleSDK/Pebble/basalt/lib/libpebble.a(tmpTNRbtApebble.o)
 .text.gdraw_command_set_path_open
                0x00000000        0xc /home/jacko/pebble-dev/PebbleSDK/Pebble/basalt/lib/libpebble.a(tmpTNRbtApebble.o)
 .text.gdraw_command_set_point
                0x00000000        0xc /home/jacko/pebble-dev/PebbleSDK/Pebble/basalt/lib/libpebble.a(tmpTNRbtApebble.o)
 .text.gdraw_command_set_radius
                0x00000000        0xc /home/jacko/pebble-dev/PebbleSDK/Pebble/basalt/lib/libpebble.a(tmpTNRbtApebble.o)
 .text.gdraw_command_set_stroke_color
                0x00000000        0xc /home/jacko/pebble-dev/PebbleSDK/Pebble/basalt/lib/libpebble.a(tmpTNRbtApebble.o)
 .text.gdraw_command_set_stroke_width
                0x00000000        0xc /home/jacko/pebble-dev/PebbleSDK/Pebble/basalt/lib/libpebble.a(tmpTNRbtApebble.o)
 .text.property_animation_create_bounds_origin
                0x00000000        0xc /home/jacko/pebble-dev/PebbleSDK/Pebble/basalt/lib/libpebble.a(tmpTNRbtApebble.o)
 .text.property_animation_update_uint32
                0x00000000        0xc /home/jacko/pebble-dev/PebbleSDK/Pebble/basalt/lib/libpebble.a(tmpTNRbtApebble.o)
 .text.gpath_draw_outline_open
                0x00000000        0xc /home/jacko/pebble-dev/PebbleSDK/Pebble/basalt/lib/libpebble.a(tmpTNRbtApebble.o)
 .text.time     0x00000000        0xc /home/jacko/pebble-dev/PebbleSDK/Pebble/basalt/lib/libpebble.a(tmpTNRbtApebble.o)
 .text.menu_layer_set_highlight_colors
                0x00000000        0xc /home/jacko/pebble-dev/PebbleSDK/Pebble/basalt/lib/libpebble.a(tmpTNRbtApebble.o)
 .text.menu_layer_set_normal_colors
                0x00000000        0xc /home/jacko/pebble-dev/PebbleSDK/Pebble/basalt/lib/libpebble.a(tmpTNRbtApebble.o)
 .text.menu_layer_set_callbacks
                0x00000000        0xc /home/jacko/pebble-dev/PebbleSDK/Pebble/basalt/lib/libpebble.a(tmpTNRbtApebble.o)
 .text.menu_layer_pad_bottom_enable
                0x00000000        0xc /home/jacko/pebble-dev/PebbleSDK/Pebble/basalt/lib/libpebble.a(tmpTNRbtApebble.o)
 .text.status_bar_layer_create
                0x00000000        0xc /home/jacko/pebble-dev/PebbleSDK/Pebble/basalt/lib/libpebble.a(tmpTNRbtApebble.o)
 .text.status_bar_layer_destroy
                0x00000000        0xc /home/jacko/pebble-dev/PebbleSDK/Pebble/basalt/lib/libpebble.a(tmpTNRbtApebble.o)
 .text.status_bar_layer_get_background_color
                0x00000000        0xc /home/jacko/pebble-dev/PebbleSDK/Pebble/basalt/lib/libpebble.a(tmpTNRbtApebble.o)
 .text.status_bar_layer_get_foreground_color
                0x00000000        0xc /home/jacko/pebble-dev/PebbleSDK/Pebble/basalt/lib/libpebble.a(tmpTNRbtApebble.o)
 .text.status_bar_layer_get_layer
                0x00000000        0xc /home/jacko/pebble-dev/PebbleSDK/Pebble/basalt/lib/libpebble.a(tmpTNRbtApebble.o)
 .text.status_bar_layer_set_colors
                0x00000000        0xc /home/jacko/pebble-dev/PebbleSDK/Pebble/basalt/lib/libpebble.a(tmpTNRbtApebble.o)
 .text.status_bar_layer_set_separator_mode
                0x00000000        0xc /home/jacko/pebble-dev/PebbleSDK/Pebble/basalt/lib/libpebble.a(tmpTNRbtApebble.o)
 .text          0x00000000        0x0 /home/jacko/pebble-dev/PebbleSDK/arm-cs-tools/bin/../lib/gcc/arm-none-eabi/4.7.3/thumb2/crtend.o
 .bss           0x00000000        0x0 /home/jacko/pebble-dev/PebbleSDK/arm-cs-tools/bin/../lib/gcc/arm-none-eabi/4.7.3/thumb2/crtend.o
 .eh_frame      0x00000000        0x4 /home/jacko/pebble-dev/PebbleSDK/arm-cs-tools/bin/../lib/gcc/arm-none-eabi/4.7.3/thumb2/crtend.o
 .jcr           0x00000000        0x4 /home/jacko/pebble-dev/PebbleSDK/arm-cs-tools/bin/../lib/gcc/arm-none-eabi/4.7.3/thumb2/crtend.o
 .tm_clone_table
                0x00000000        0x0 /home/jacko/pebble-dev/PebbleSDK/arm-cs-tools/bin/../lib/gcc/arm-none-eabi/4.7.3/thumb2/crtend.o
 .text          0x00000000        0x0 /home/jacko/pebble-dev/PebbleSDK/arm-cs-tools/bin/../lib/gcc/arm-none-eabi/4.7.3/thumb2/crtn.o
 .bss           0x00000000        0x0 /home/jacko/pebble-dev/PebbleSDK/arm-cs-tools/bin/../lib/gcc/arm-none-eabi/4.7.3/thumb2/crtn.o
 .init          0x00000000        0x8 /home/jacko/pebble-dev/PebbleSDK/arm-cs-tools/bin/../lib/gcc/arm-none-eabi/4.7.3/thumb2/crtn.o
 .fini          0x00000000        0x8 /home/jacko/pebble-dev/PebbleSDK/arm-cs-tools/bin/../lib/gcc/arm-none-eabi/4.7.3/thumb2/crtn.o

Memory Configuration

Name             Origin             Length             Attributes
APP              0x00000000         0x00010000         xrw
*default*        0x00000000         0xffffffff

Linker script and memory map

LOAD /home/jacko/pebble-dev/PebbleSDK/arm-cs-tools/bin/../lib/gcc/arm-none-eabi/4.7.3/thumb2/crti.o
LOAD /home/jacko/pebble-dev/PebbleSDK/arm-cs-tools/bin/../lib/gcc/arm-none-eabi/4.7.3/thumb2/crtbegin.o
LOAD src/basik.c.23.o
LOAD src/clock.c.23.o
LOAD src/game.c.23.o
LOAD src/robomaze.c.23.o
LOAD basalt/appinfo.auto.c.23.o
LOAD /home/jacko/pebble-dev/PebbleSDK/Pebble/basalt/lib/libpebble.a
START GROUP
LOAD /home/jacko/pebble-dev/PebbleSDK/arm-cs-tools/bin/../lib/gcc/arm-none-eabi/4.7.3/thumb2/libgcc.a
LOAD /home/jacko/pebble-dev/PebbleSDK/arm-cs-tools/bin/../lib/gcc/arm-none-eabi/4.7.3/../../../../arm-none-eabi/lib/thumb2/libc.a
END GROUP
LOAD /home/jacko/pebble-dev/PebbleSDK/arm-cs-tools/bin/../lib/gcc/arm-none-eabi/4.7.3/thumb2/crtend.o
LOAD /home/jacko/pebble-dev/PebbleSDK/arm-cs-tools/bin/../lib/gcc/arm-none-eabi/4.7.3/thumb2/crtn.o

.header         0x00000000       0x82
 *(.pbl_header)
 .pbl_header    0x00000000       0x82 basalt/appinfo.auto.c.23.o
                0x00000000                __pbl_app_info

.note.gnu.build-id
                0x00000082       0x26
                0x00000082                PROVIDE (BUILD_ID, .)
 *(.note.gnu.build-id)
 *fill*         0x00000082        0x2 
 .note.gnu.build-id
                0x00000084       0x24 linker stubs

.text           0x000000a8      0xbb8
 *(.text)
 .text          0x000000a8       0x14 /home/jacko/pebble-dev/PebbleSDK/Pebble/basalt/lib/libpebble.a(tmpTNRbtApebble.o)
 *(.text.*)
 .text.load_basik
                0x000000bc        0x2 src/basik.c.23.o
                0x000000bc                load_basik
 .text.save_basik
                0x000000be        0x2 src/basik.c.23.o
                0x000000be                save_basik
 .text.tick_basik
                0x000000c0        0x2 src/basik.c.23.o
                0x000000c0                tick_basik
 .text.load_clock
                0x000000c2        0x2 src/clock.c.23.o
                0x000000c2                load_clock
 .text.save_clock
                0x000000c4        0x2 src/clock.c.23.o
                0x000000c4                save_clock
 .text.tick_clock
                0x000000c6        0x2 src/clock.c.23.o
                0x000000c6                tick_clock
 .text.load     0x000000c8       0xa0 src/game.c.23.o
                0x000000c8                load
 .text.save     0x00000168       0x90 src/game.c.23.o
                0x00000168                save
 .text.tick     0x000001f8        0x2 src/game.c.23.o
                0x000001f8                tick
 .text.single_click_handler
                0x000001fa        0x2 src/robomaze.c.23.o
 .text.long_click_handler
                0x000001fc        0x2 src/robomaze.c.23.o
 .text.long_click_release_handler
                0x000001fe        0x2 src/robomaze.c.23.o
 .text.handle_second_tick
                0x00000200       0x2c src/robomaze.c.23.o
 .text.menu_window_unload
                0x0000022c       0x24 src/robomaze.c.23.o
 .text.special_select_callback
                0x00000250       0x68 src/robomaze.c.23.o
 .text.menu_select_callback
                0x000002b8       0x30 src/robomaze.c.23.o
 .text.menu_window_load
                0x000002e8      0x10c src/robomaze.c.23.o
 .text.main_window_unload
                0x000003f4       0x5c src/robomaze.c.23.o
 .text.main_window_load
                0x00000450      0x210 src/robomaze.c.23.o
 .text.config_provider
                0x00000660       0x64 src/robomaze.c.23.o
 .text.get_map  0x000006c4       0x40 src/robomaze.c.23.o
                0x000006c4                get_map
 .text.put_map  0x00000704       0x54 src/robomaze.c.23.o
                0x00000704                put_map
 .text.layer_draw
                0x00000758      0x230 src/robomaze.c.23.o
 .text.startup.main
                0x00000988       0xb0 src/robomaze.c.23.o
                0x00000988                main
 .text.app_event_loop
                0x00000a38        0xc /home/jacko/pebble-dev/PebbleSDK/Pebble/basalt/lib/libpebble.a(tmpTNRbtApebble.o)
                0x00000a38                app_event_loop
 .text.gbitmap_create_as_sub_bitmap
                0x00000a44        0xc /home/jacko/pebble-dev/PebbleSDK/Pebble/basalt/lib/libpebble.a(tmpTNRbtApebble.o)
                0x00000a44                gbitmap_create_as_sub_bitmap
 .text.gbitmap_create_with_resource
                0x00000a50        0xc /home/jacko/pebble-dev/PebbleSDK/Pebble/basalt/lib/libpebble.a(tmpTNRbtApebble.o)
                0x00000a50                gbitmap_create_with_resource
 .text.gbitmap_destroy
                0x00000a5c        0xc /home/jacko/pebble-dev/PebbleSDK/Pebble/basalt/lib/libpebble.a(tmpTNRbtApebble.o)
                0x00000a5c                gbitmap_destroy
 .text.graphics_draw_bitmap_in_rect
                0x00000a68        0xc /home/jacko/pebble-dev/PebbleSDK/Pebble/basalt/lib/libpebble.a(tmpTNRbtApebble.o)
                0x00000a68                graphics_draw_bitmap_in_rect
 .text.graphics_fill_rect
                0x00000a74        0xc /home/jacko/pebble-dev/PebbleSDK/Pebble/basalt/lib/libpebble.a(tmpTNRbtApebble.o)
                0x00000a74                graphics_fill_rect
 .text.layer_add_child
                0x00000a80        0xc /home/jacko/pebble-dev/PebbleSDK/Pebble/basalt/lib/libpebble.a(tmpTNRbtApebble.o)
                0x00000a80                layer_add_child
 .text.layer_create
                0x00000a8c        0xc /home/jacko/pebble-dev/PebbleSDK/Pebble/basalt/lib/libpebble.a(tmpTNRbtApebble.o)
                0x00000a8c                layer_create
 .text.layer_destroy
                0x00000a98        0xc /home/jacko/pebble-dev/PebbleSDK/Pebble/basalt/lib/libpebble.a(tmpTNRbtApebble.o)
                0x00000a98                layer_destroy
 .text.layer_get_bounds
                0x00000aa4        0xc /home/jacko/pebble-dev/PebbleSDK/Pebble/basalt/lib/libpebble.a(tmpTNRbtApebble.o)
                0x00000aa4                layer_get_bounds
 .text.layer_get_frame
                0x00000ab0        0xc /home/jacko/pebble-dev/PebbleSDK/Pebble/basalt/lib/libpebble.a(tmpTNRbtApebble.o)
                0x00000ab0                layer_get_frame
 .text.layer_mark_dirty
                0x00000abc        0xc /home/jacko/pebble-dev/PebbleSDK/Pebble/basalt/lib/libpebble.a(tmpTNRbtApebble.o)
                0x00000abc                layer_mark_dirty
 .text.layer_set_bounds
                0x00000ac8        0xc /home/jacko/pebble-dev/PebbleSDK/Pebble/basalt/lib/libpebble.a(tmpTNRbtApebble.o)
                0x00000ac8                layer_set_bounds
 .text.layer_set_update_proc
                0x00000ad4        0xc /home/jacko/pebble-dev/PebbleSDK/Pebble/basalt/lib/libpebble.a(tmpTNRbtApebble.o)
                0x00000ad4                layer_set_update_proc
 .text.memset   0x00000ae0        0xc /home/jacko/pebble-dev/PebbleSDK/Pebble/basalt/lib/libpebble.a(tmpTNRbtApebble.o)
                0x00000ae0                memset
 .text.simple_menu_layer_create
                0x00000aec        0xc /home/jacko/pebble-dev/PebbleSDK/Pebble/basalt/lib/libpebble.a(tmpTNRbtApebble.o)
                0x00000aec                simple_menu_layer_create
 .text.simple_menu_layer_destroy
                0x00000af8        0xc /home/jacko/pebble-dev/PebbleSDK/Pebble/basalt/lib/libpebble.a(tmpTNRbtApebble.o)
                0x00000af8                simple_menu_layer_destroy
 .text.simple_menu_layer_get_layer
                0x00000b04        0xc /home/jacko/pebble-dev/PebbleSDK/Pebble/basalt/lib/libpebble.a(tmpTNRbtApebble.o)
                0x00000b04                simple_menu_layer_get_layer
 .text.tick_timer_service_subscribe
                0x00000b10        0xc /home/jacko/pebble-dev/PebbleSDK/Pebble/basalt/lib/libpebble.a(tmpTNRbtApebble.o)
                0x00000b10                tick_timer_service_subscribe
 .text.window_create
                0x00000b1c        0xc /home/jacko/pebble-dev/PebbleSDK/Pebble/basalt/lib/libpebble.a(tmpTNRbtApebble.o)
                0x00000b1c                window_create
 .text.window_destroy
                0x00000b28        0xc /home/jacko/pebble-dev/PebbleSDK/Pebble/basalt/lib/libpebble.a(tmpTNRbtApebble.o)
                0x00000b28                window_destroy
 .text.window_get_root_layer
                0x00000b34        0xc /home/jacko/pebble-dev/PebbleSDK/Pebble/basalt/lib/libpebble.a(tmpTNRbtApebble.o)
                0x00000b34                window_get_root_layer
 .text.window_set_click_config_provider
                0x00000b40        0xc /home/jacko/pebble-dev/PebbleSDK/Pebble/basalt/lib/libpebble.a(tmpTNRbtApebble.o)
                0x00000b40                window_set_click_config_provider
 .text.window_set_window_handlers
                0x00000b4c        0xc /home/jacko/pebble-dev/PebbleSDK/Pebble/basalt/lib/libpebble.a(tmpTNRbtApebble.o)
                0x00000b4c                window_set_window_handlers
 .text.window_stack_push
                0x00000b58        0xc /home/jacko/pebble-dev/PebbleSDK/Pebble/basalt/lib/libpebble.a(tmpTNRbtApebble.o)
                0x00000b58                window_stack_push
 .text.window_long_click_subscribe
                0x00000b64        0xc /home/jacko/pebble-dev/PebbleSDK/Pebble/basalt/lib/libpebble.a(tmpTNRbtApebble.o)
                0x00000b64                window_long_click_subscribe
 .text.window_single_click_subscribe
                0x00000b70        0xc /home/jacko/pebble-dev/PebbleSDK/Pebble/basalt/lib/libpebble.a(tmpTNRbtApebble.o)
                0x00000b70                window_single_click_subscribe
 .text.persist_write_data
                0x00000b7c        0xc /home/jacko/pebble-dev/PebbleSDK/Pebble/basalt/lib/libpebble.a(tmpTNRbtApebble.o)
                0x00000b7c                persist_write_data
 .text.graphics_context_set_fill_color
                0x00000b88        0xc /home/jacko/pebble-dev/PebbleSDK/Pebble/basalt/lib/libpebble.a(tmpTNRbtApebble.o)
                0x00000b88                graphics_context_set_fill_color
 *(.rodata)
 .rodata        0x00000b94       0x18 src/robomaze.c.23.o
 *(.rodata*)
 .rodata.str1.1
                0x00000bac       0xb4 src/robomaze.c.23.o
                                 0xc1 (size before relaxing)

.glue_7         0x00000c60        0x0
 .glue_7        0x00000000        0x0 linker stubs

.glue_7t        0x00000c60        0x0
 .glue_7t       0x00000000        0x0 linker stubs

.vfp11_veneer   0x00000c60        0x0
 .vfp11_veneer  0x00000000        0x0 linker stubs

.v4_bx          0x00000c60        0x0
 .v4_bx         0x00000000        0x0 linker stubs

.iplt           0x00000c60        0x0
 .iplt          0x00000000        0x0 /home/jacko/pebble-dev/PebbleSDK/arm-cs-tools/bin/../lib/gcc/arm-none-eabi/4.7.3/thumb2/crtbegin.o

.rel.dyn        0x00000c60        0x0
 .rel.iplt      0x00000000        0x0 /home/jacko/pebble-dev/PebbleSDK/arm-cs-tools/bin/../lib/gcc/arm-none-eabi/4.7.3/thumb2/crtbegin.o
 .rel.got       0x00000000        0x0 /home/jacko/pebble-dev/PebbleSDK/arm-cs-tools/bin/../lib/gcc/arm-none-eabi/4.7.3/thumb2/crtbegin.o

.data           0x00000c60       0x10
 *(.data)
 .data          0x00000c60        0x0 /home/jacko/pebble-dev/PebbleSDK/arm-cs-tools/bin/../lib/gcc/arm-none-eabi/4.7.3/thumb2/crti.o
 .data          0x00000c60        0x4 /home/jacko/pebble-dev/PebbleSDK/arm-cs-tools/bin/../lib/gcc/arm-none-eabi/4.7.3/thumb2/crtbegin.o
                0x00000c60                __dso_handle
 .data          0x00000c64        0x0 src/basik.c.23.o
 .data          0x00000c64        0x0 src/clock.c.23.o
 .data          0x00000c64        0x0 src/game.c.23.o
 .data          0x00000c64        0xc src/robomaze.c.23.o
 .data          0x00000c70        0x0 basalt/appinfo.auto.c.23.o
 .data          0x00000c70        0x0 /home/jacko/pebble-dev/PebbleSDK/Pebble/basalt/lib/libpebble.a(tmpTNRbtApebble.o)
 .data          0x00000c70        0x0 /home/jacko/pebble-dev/PebbleSDK/arm-cs-tools/bin/../lib/gcc/arm-none-eabi/4.7.3/thumb2/crtend.o
 .data          0x00000c70        0x0 /home/jacko/pebble-dev/PebbleSDK/arm-cs-tools/bin/../lib/gcc/arm-none-eabi/4.7.3/thumb2/crtn.o
 *(.data.*)

.igot.plt       0x00000c70        0x0
 .igot.plt      0x00000000        0x0 /home/jacko/pebble-dev/PebbleSDK/arm-cs-tools/bin/../lib/gcc/arm-none-eabi/4.7.3/thumb2/crtbegin.o

.got            0x00000c70        0x8
 .got           0x00000c70        0x8 /home/jacko/pebble-dev/PebbleSDK/arm-cs-tools/bin/../lib/gcc/arm-none-eabi/4.7.3/thumb2/crtbegin.o

.got.plt        0x00000c78        0xc
 .got.plt       0x00000c78        0xc /home/jacko/pebble-dev/PebbleSDK/arm-cs-tools/bin/../lib/gcc/arm-none-eabi/4.7.3/thumb2/crtbegin.o
                0x00000c78                _GLOBAL_OFFSET_TABLE_

.bss            0x00000c84      0x832
 *(.bss)
 *(.bss.*)
 .bss.layer     0x00000c84        0x4 src/robomaze.c.23.o
 .bss.s_menu_sections
                0x00000c88       0x18 src/robomaze.c.23.o
 .bss.pause     0x00000ca0        0x1 src/robomaze.c.23.o
                0x00000ca0                pause
 *fill*         0x00000ca1        0x3 
 .bss.char_gfx  0x00000ca4       0xc0 src/robomaze.c.23.o
 .bss.map       0x00000d64        0x4 src/robomaze.c.23.o
 .bss.s_second_menu_items
                0x00000d68       0x10 src/robomaze.c.23.o
 .bss.seconds   0x00000d78        0x4 src/robomaze.c.23.o
                0x00000d78                seconds
 .bss.s_simple_menu_layer
                0x00000d7c        0x4 src/robomaze.c.23.o
 .bss.s_special_flag
                0x00000d80        0x1 src/robomaze.c.23.o
 *fill*         0x00000d81        0x3 
 .bss.s_menu_icon_image
                0x00000d84        0x4 src/robomaze.c.23.o
 .bss.s_menu_window
                0x00000d88        0x4 src/robomaze.c.23.o
 .bss.s_first_menu_items
                0x00000d8c       0x30 src/robomaze.c.23.o
 .bss.maze_gfx  0x00000dbc       0x7c src/robomaze.c.23.o
 .bss.s_main_window
                0x00000e38        0x4 src/robomaze.c.23.o
 .bss.s_hit_count
                0x00000e3c        0x4 src/robomaze.c.23.o
 COMMON         0x00000e40      0x676 src/robomaze.c.23.o
                0x00000e40                maze
                0x00001275                con

DISCARD
 libc.a(*)
 libm.a(*)
 libgcc.a(*)
 *(.eh_frame)
OUTPUT(/home/jacko/pebble-dev/examples/watchapps/RoboMaze/build/basalt/pebble-app.elf elf32-littlearm)

.ARM.attributes
                0x00000000       0x27
 .ARM.attributes
                0x00000000       0x19 /home/jacko/pebble-dev/PebbleSDK/arm-cs-tools/bin/../lib/gcc/arm-none-eabi/4.7.3/thumb2/crti.o
 .ARM.attributes
                0x00000019       0x29 /home/jacko/pebble-dev/PebbleSDK/arm-cs-tools/bin/../lib/gcc/arm-none-eabi/4.7.3/thumb2/crtbegin.o
 .ARM.attributes
                0x00000042       0x33 src/basik.c.23.o
 .ARM.attributes
                0x00000075       0x33 src/clock.c.23.o
 .ARM.attributes
                0x000000a8       0x33 src/game.c.23.o
 .ARM.attributes
                0x000000db       0x33 src/robomaze.c.23.o
 .ARM.attributes
                0x0000010e       0x33 basalt/appinfo.auto.c.23.o
 .ARM.attributes
                0x00000141       0x21 /home/jacko/pebble-dev/PebbleSDK/Pebble/basalt/lib/libpebble.a(tmpTNRbtApebble.o)
 .ARM.attributes
                0x00000162       0x29 /home/jacko/pebble-dev/PebbleSDK/arm-cs-tools/bin/../lib/gcc/arm-none-eabi/4.7.3/thumb2/crtend.o
 .ARM.attributes
                0x0000018b       0x19 /home/jacko/pebble-dev/PebbleSDK/arm-cs-tools/bin/../lib/gcc/arm-none-eabi/4.7.3/thumb2/crtn.o

.comment        0x00000000       0x4e
 .comment       0x00000000       0x4e /home/jacko/pebble-dev/PebbleSDK/arm-cs-tools/bin/../lib/gcc/arm-none-eabi/4.7.3/thumb2/crtbegin.o
                                 0x4f (size before relaxing)
 .comment       0x00000000       0x4f src/basik.c.23.o
 .comment       0x00000000       0x4f src/clock.c.23.o
 .comment       0x00000000       0x4f src/game.c.23.o
 .comment       0x00000000       0x4f src/robomaze.c.23.o
 .comment       0x00000000       0x4f basalt/appinfo.auto.c.23.o
 .comment       0x00000000       0x4f /home/jacko/pebble-dev/PebbleSDK/arm-cs-tools/bin/../lib/gcc/arm-none-eabi/4.7.3/thumb2/crtend.o

.debug_info     0x00000000     0x1f25
 .debug_info    0x00000000       0xd5 src/basik.c.23.o
 .debug_info    0x000000d5       0xd5 src/clock.c.23.o
 .debug_info    0x000001aa      0x2f0 src/game.c.23.o
 .debug_info    0x0000049a     0x1777 src/robomaze.c.23.o
 .debug_info    0x00001c11      0x314 basalt/appinfo.auto.c.23.o

.debug_abbrev   0x00000000      0x691
 .debug_abbrev  0x00000000       0x42 src/basik.c.23.o
 .debug_abbrev  0x00000042       0x42 src/clock.c.23.o
 .debug_abbrev  0x00000084      0x14e src/game.c.23.o
 .debug_abbrev  0x000001d2      0x421 src/robomaze.c.23.o
 .debug_abbrev  0x000005f3       0x9e basalt/appinfo.auto.c.23.o

.debug_aranges  0x00000000      0x150
 .debug_aranges
                0x00000000       0x38 src/basik.c.23.o
 .debug_aranges
                0x00000038       0x38 src/clock.c.23.o
 .debug_aranges
                0x00000070       0x38 src/game.c.23.o
 .debug_aranges
                0x000000a8       0x90 src/robomaze.c.23.o
 .debug_aranges
                0x00000138       0x18 basalt/appinfo.auto.c.23.o

.debug_ranges   0x00000000      0x418
 .debug_ranges  0x00000000       0x28 src/basik.c.23.o
 .debug_ranges  0x00000028       0x28 src/clock.c.23.o
 .debug_ranges  0x00000050       0xa8 src/game.c.23.o
 .debug_ranges  0x000000f8      0x320 src/robomaze.c.23.o

.debug_line     0x00000000      0x84f
 .debug_line    0x00000000       0x69 src/basik.c.23.o
 .debug_line    0x00000069       0x69 src/clock.c.23.o
 .debug_line    0x000000d2      0x224 src/game.c.23.o
 .debug_line    0x000002f6      0x432 src/robomaze.c.23.o
 .debug_line    0x00000728      0x127 basalt/appinfo.auto.c.23.o

.debug_str      0x00000000      0xa6e
 .debug_str     0x00000000       0xe0 src/basik.c.23.o
                                0x119 (size before relaxing)
 .debug_str     0x000000e0       0x3c src/clock.c.23.o
                                0x119 (size before relaxing)
 .debug_str     0x0000011c       0x62 src/game.c.23.o
                                0x149 (size before relaxing)
 .debug_str     0x0000017e      0x785 src/robomaze.c.23.o
                                0x962 (size before relaxing)
 .debug_str     0x00000903      0x16b basalt/appinfo.auto.c.23.o
                                0x2c5 (size before relaxing)

.debug_frame    0x00000000      0x2c4
 .debug_frame   0x00000000       0x50 src/basik.c.23.o
 .debug_frame   0x00000050       0x50 src/clock.c.23.o
 .debug_frame   0x000000a0       0x7c src/game.c.23.o
 .debug_frame   0x0000011c      0x1a8 src/robomaze.c.23.o

.debug_loc      0x00000000      0x975
 .debug_loc     0x00000000      0x180 src/game.c.23.o
 .debug_loc     0x00000180      0x7f5 src/robomaze.c.23.o
