Archive member included because of file (symbol)

/home/jacko/pebble-dev/PebbleSDK/Pebble/aplite/lib/libpebble.a(tmpDuxwpQpebble.o)
                              src/robomaze.c.11.o (app_event_loop)
/home/jacko/pebble-dev/PebbleSDK/arm-cs-tools/bin/../lib/gcc/arm-none-eabi/4.7.3/thumb2/libgcc.a(_arm_addsubdf3.o)
                              src/basik.c.11.o (__aeabi_dsub)
/home/jacko/pebble-dev/PebbleSDK/arm-cs-tools/bin/../lib/gcc/arm-none-eabi/4.7.3/thumb2/libgcc.a(_arm_muldivdf3.o)
                              src/basik.c.11.o (__aeabi_dmul)
/home/jacko/pebble-dev/PebbleSDK/arm-cs-tools/bin/../lib/gcc/arm-none-eabi/4.7.3/thumb2/libgcc.a(_arm_cmpdf2.o)
                              src/clock.c.11.o (__aeabi_dcmpeq)
/home/jacko/pebble-dev/PebbleSDK/arm-cs-tools/bin/../lib/gcc/arm-none-eabi/4.7.3/thumb2/libgcc.a(_arm_fixdfsi.o)
                              src/clock.c.11.o (__aeabi_d2iz)

Allocating common symbols
Common symbol       size              file

maze                0x435             src/robomaze.c.11.o
direction           0x1               src/game.c.11.o
score               0x4               src/game.c.11.o
level               0x4               src/game.c.11.o
hiscore             0x4               src/game.c.11.o
gAB                 0x1               src/game.c.11.o
con                 0x241             src/robomaze.c.11.o

Discarded input sections

 .text          0x00000000        0x0 /home/jacko/pebble-dev/PebbleSDK/arm-cs-tools/bin/../lib/gcc/arm-none-eabi/4.7.3/thumb2/crti.o
 .bss           0x00000000        0x0 /home/jacko/pebble-dev/PebbleSDK/arm-cs-tools/bin/../lib/gcc/arm-none-eabi/4.7.3/thumb2/crti.o
 .init          0x00000000        0x4 /home/jacko/pebble-dev/PebbleSDK/arm-cs-tools/bin/../lib/gcc/arm-none-eabi/4.7.3/thumb2/crti.o
 .fini          0x00000000        0x4 /home/jacko/pebble-dev/PebbleSDK/arm-cs-tools/bin/../lib/gcc/arm-none-eabi/4.7.3/thumb2/crti.o
 .text          0x00000000       0xc8 /home/jacko/pebble-dev/PebbleSDK/arm-cs-tools/bin/../lib/gcc/arm-none-eabi/4.7.3/thumb2/crtbegin.o
 .bss           0x00000000       0x1c /home/jacko/pebble-dev/PebbleSDK/arm-cs-tools/bin/../lib/gcc/arm-none-eabi/4.7.3/thumb2/crtbegin.o
 .init_array    0x00000000        0x4 /home/jacko/pebble-dev/PebbleSDK/arm-cs-tools/bin/../lib/gcc/arm-none-eabi/4.7.3/thumb2/crtbegin.o
 .fini_array    0x00000000        0x4 /home/jacko/pebble-dev/PebbleSDK/arm-cs-tools/bin/../lib/gcc/arm-none-eabi/4.7.3/thumb2/crtbegin.o
 .eh_frame      0x00000000        0x0 /home/jacko/pebble-dev/PebbleSDK/arm-cs-tools/bin/../lib/gcc/arm-none-eabi/4.7.3/thumb2/crtbegin.o
 .jcr           0x00000000        0x0 /home/jacko/pebble-dev/PebbleSDK/arm-cs-tools/bin/../lib/gcc/arm-none-eabi/4.7.3/thumb2/crtbegin.o
 .tm_clone_table
                0x00000000        0x0 /home/jacko/pebble-dev/PebbleSDK/arm-cs-tools/bin/../lib/gcc/arm-none-eabi/4.7.3/thumb2/crtbegin.o
 .text          0x00000000        0x0 src/basik.c.11.o
 .bss           0x00000000        0x0 src/basik.c.11.o
 .text          0x00000000        0x0 src/clock.c.11.o
 .bss           0x00000000        0x0 src/clock.c.11.o
 .text          0x00000000        0x0 src/game.c.11.o
 .bss           0x00000000        0x0 src/game.c.11.o
 .text          0x00000000        0x0 src/robomaze.c.11.o
 .bss           0x00000000        0x0 src/robomaze.c.11.o
 .text          0x00000000        0x0 aplite/appinfo.auto.c.11.o
 .bss           0x00000000        0x0 aplite/appinfo.auto.c.11.o
 .bss           0x00000000        0x0 /home/jacko/pebble-dev/PebbleSDK/Pebble/aplite/lib/libpebble.a(tmpDuxwpQpebble.o)
 .text.accel_data_service_subscribe__deprecated
                0x00000000        0xc /home/jacko/pebble-dev/PebbleSDK/Pebble/aplite/lib/libpebble.a(tmpDuxwpQpebble.o)
 .text.accel_data_service_unsubscribe
                0x00000000        0xc /home/jacko/pebble-dev/PebbleSDK/Pebble/aplite/lib/libpebble.a(tmpDuxwpQpebble.o)
 .text.accel_service_peek
                0x00000000        0xc /home/jacko/pebble-dev/PebbleSDK/Pebble/aplite/lib/libpebble.a(tmpDuxwpQpebble.o)
 .text.accel_service_set_samples_per_update
                0x00000000        0xc /home/jacko/pebble-dev/PebbleSDK/Pebble/aplite/lib/libpebble.a(tmpDuxwpQpebble.o)
 .text.accel_service_set_sampling_rate
                0x00000000        0xc /home/jacko/pebble-dev/PebbleSDK/Pebble/aplite/lib/libpebble.a(tmpDuxwpQpebble.o)
 .text.accel_tap_service_subscribe
                0x00000000        0xc /home/jacko/pebble-dev/PebbleSDK/Pebble/aplite/lib/libpebble.a(tmpDuxwpQpebble.o)
 .text.accel_tap_service_unsubscribe
                0x00000000        0xc /home/jacko/pebble-dev/PebbleSDK/Pebble/aplite/lib/libpebble.a(tmpDuxwpQpebble.o)
 .text.action_bar_layer_add_to_window
                0x00000000        0xc /home/jacko/pebble-dev/PebbleSDK/Pebble/aplite/lib/libpebble.a(tmpDuxwpQpebble.o)
 .text.action_bar_layer_clear_icon
[...]
Memory Configuration

Name             Origin             Length             Attributes
APP              0x00000000         0x00006000         xrw
*default*        0x00000000         0xffffffff

Linker script and memory map

LOAD /home/jacko/pebble-dev/PebbleSDK/arm-cs-tools/bin/../lib/gcc/arm-none-eabi/4.7.3/thumb2/crti.o
LOAD /home/jacko/pebble-dev/PebbleSDK/arm-cs-tools/bin/../lib/gcc/arm-none-eabi/4.7.3/thumb2/crtbegin.o
LOAD src/basik.c.11.o
LOAD src/clock.c.11.o
LOAD src/game.c.11.o
LOAD src/robomaze.c.11.o
LOAD aplite/appinfo.auto.c.11.o
LOAD /home/jacko/pebble-dev/PebbleSDK/Pebble/aplite/lib/libpebble.a
START GROUP
LOAD /home/jacko/pebble-dev/PebbleSDK/arm-cs-tools/bin/../lib/gcc/arm-none-eabi/4.7.3/thumb2/libgcc.a
LOAD /home/jacko/pebble-dev/PebbleSDK/arm-cs-tools/bin/../lib/gcc/arm-none-eabi/4.7.3/../../../../arm-none-eabi/lib/thumb2/libc.a
END GROUP
LOAD /home/jacko/pebble-dev/PebbleSDK/arm-cs-tools/bin/../lib/gcc/arm-none-eabi/4.7.3/thumb2/crtend.o
LOAD /home/jacko/pebble-dev/PebbleSDK/arm-cs-tools/bin/../lib/gcc/arm-none-eabi/4.7.3/thumb2/crtn.o

.header         0x00000000       0x82
 *(.pbl_header)
 .pbl_header    0x00000000       0x82 aplite/appinfo.auto.c.11.o
                0x00000000                __pbl_app_info

.note.gnu.build-id
                0x00000082       0x26
                0x00000082                PROVIDE (BUILD_ID, .)
 *(.note.gnu.build-id)
 *fill*         0x00000082        0x2 
 .note.gnu.build-id
                0x00000084       0x24 linker stubs

.text           0x000000a8     0x2ab2
 *(.text)
 .text          0x000000a8       0x14 /home/jacko/pebble-dev/PebbleSDK/Pebble/aplite/lib/libpebble.a(tmpDuxwpQpebble.o)
 .text          0x000000bc      0x370 /home/jacko/pebble-dev/PebbleSDK/arm-cs-tools/bin/../lib/gcc/arm-none-eabi/4.7.3/thumb2/libgcc.a(_arm_addsubdf3.o)
                0x000000bc                __aeabi_drsub
                0x000000c4                __aeabi_dsub
                0x000000c4                __subdf3
                0x000000c8                __adddf3
                0x000000c8                __aeabi_dadd
                0x00000340                __aeabi_ui2d
                0x00000340                __floatunsidf
                0x00000360                __floatsidf
                0x00000360                __aeabi_i2d
                0x00000384                __extendsfdf2
                0x00000384                __aeabi_f2d
                0x000003c0                __aeabi_ul2d
                0x000003c0                __floatundidf
                0x000003d0                __floatdidf
                0x000003d0                __aeabi_l2d
 .text          0x0000042c      0x424 /home/jacko/pebble-dev/PebbleSDK/arm-cs-tools/bin/../lib/gcc/arm-none-eabi/4.7.3/thumb2/libgcc.a(_arm_muldivdf3.o)
                0x0000042c                __aeabi_dmul
                0x0000042c                __muldf3
                0x00000680                __aeabi_ddiv
                0x00000680                __divdf3
 .text          0x00000850      0x110 /home/jacko/pebble-dev/PebbleSDK/arm-cs-tools/bin/../lib/gcc/arm-none-eabi/4.7.3/thumb2/libgcc.a(_arm_cmpdf2.o)
                0x00000850                __gtdf2
                0x00000850                __gedf2
                0x00000858                __ltdf2
                0x00000858                __ledf2
                0x00000860                __cmpdf2
                0x00000860                __eqdf2
                0x00000860                __nedf2
                0x000008dc                __aeabi_cdrcmple
                0x000008ec                __aeabi_cdcmple
                0x000008ec                __aeabi_cdcmpeq
                0x000008fc                __aeabi_dcmpeq
                0x00000910                __aeabi_dcmplt
                0x00000924                __aeabi_dcmple
                0x00000938                __aeabi_dcmpge
                0x0000094c                __aeabi_dcmpgt
 .text          0x00000960       0x50 /home/jacko/pebble-dev/PebbleSDK/arm-cs-tools/bin/../lib/gcc/arm-none-eabi/4.7.3/thumb2/libgcc.a(_arm_fixdfsi.o)
                0x00000960                __fixdfsi
                0x00000960                __aeabi_d2iz
 *(.text.*)
 .text.load_basik
                0x000009b0       0x50 src/basik.c.11.o
                0x000009b0                load_basik
 .text.save_basik
                0x00000a00       0x48 src/basik.c.11.o
                0x00000a00                save_basik
 .text.tick_basik
                0x00000a48        0x2 src/basik.c.11.o
                0x00000a48                tick_basik
 .text.click_basik
                0x00000a4a        0x2 src/basik.c.11.o
                0x00000a4a                click_basik
 *fill*         0x00000a4c        0x4 
 .text.click_value
                0x00000a50      0x168 src/basik.c.11.o
                0x00000a50                click_value
 .text.reset_sw
                0x00000bb8       0x34 src/clock.c.11.o
 .text.clear    0x00000bec       0x38 src/clock.c.11.o
 .text.draw_dp  0x00000c24       0x4c src/clock.c.11.o
 .text.draw     0x00000c70       0x98 src/clock.c.11.o
 .text.tock     0x00000d08       0xa6 src/clock.c.11.o
 .text.printint
                0x00000dae       0x3e src/clock.c.11.o
 *fill*         0x00000dec        0x4 
 .text.printreal.constprop.0
                0x00000df0      0x238 src/clock.c.11.o
 .text.sci      0x00001028       0x88 src/clock.c.11.o
 .text.save_clock
                0x000010b0       0x54 src/clock.c.11.o
                0x000010b0                save_clock
 .text.show_lvl
                0x00001104       0x20 src/clock.c.11.o
                0x00001104                show_lvl
 .text.tick_clock
                0x00001124      0x28c src/clock.c.11.o
                0x00001124                tick_clock
 .text.load_clock
                0x000013b0      0x144 src/clock.c.11.o
                0x000013b0                load_clock
 .text.click_clock
                0x000014f4      0x108 src/clock.c.11.o
                0x000014f4                click_clock
 .text.delay    0x000015fc       0x50 src/game.c.11.o
 .text.evaluate
                0x0000164c       0x48 src/game.c.11.o
 .text.activechaf
                0x00001694       0xa4 src/game.c.11.o
 .text.processmaze
                0x00001738       0x7c src/game.c.11.o
 .text.drawmaze
                0x000017b4       0x7c src/game.c.11.o
 .text.xpand    0x00001830       0x54 src/game.c.11.o
 .text.loadwall
                0x00001884       0x58 src/game.c.11.o
 .text.loadchaf
                0x000018dc       0x40 src/game.c.11.o
 .text.makechar
                0x0000191c       0x98 src/game.c.11.o
 .text.reset    0x000019b4       0x64 src/game.c.11.o
 .text.account  0x00001a18       0x30 src/game.c.11.o
 .text.destroywall
                0x00001a48       0xc4 src/game.c.11.o
 .text.makemaze
                0x00001b0c       0x4c src/game.c.11.o
 .text.xydxy.isra.0
                0x00001b58       0x16 src/game.c.11.o
 *fill*         0x00001b6e        0x2 
 .text.drawchars
                0x00001b70       0x90 src/game.c.11.o
 .text.ready    0x00001c00       0x40 src/game.c.11.o
 .text.move     0x00001c40       0xec src/game.c.11.o
 .text.tick     0x00001d2c       0x10 src/game.c.11.o
                0x00001d2c                tick
 .text.click    0x00001d3c       0x40 src/game.c.11.o
                0x00001d3c                click
 .text.load     0x00001d7c      0x150 src/game.c.11.o
                0x00001d7c                load
 .text.save     0x00001ecc      0x16c src/game.c.11.o
                0x00001ecc                save
 .text.respond  0x00002038      0x108 src/game.c.11.o
 .text.main_window_unload
                0x00002140       0x5c src/robomaze.c.11.o
 .text.main_window_load
                0x0000219c      0x278 src/robomaze.c.11.o
 .text.config_provider
                0x00002414       0x5c src/robomaze.c.11.o
 .text.get_map  0x00002470       0x40 src/robomaze.c.11.o
                0x00002470                get_map
 .text.put_map  0x000024b0       0x58 src/robomaze.c.11.o
                0x000024b0                put_map
 .text.layer_draw
                0x00002508      0x230 src/robomaze.c.11.o
 .text.mark_dirty
                0x00002738       0x54 src/robomaze.c.11.o
                0x00002738                mark_dirty
 .text.handle_second_tick
                0x0000278c       0x58 src/robomaze.c.11.o
 .text.clicks   0x000027e4       0x60 src/robomaze.c.11.o
 .text.long_click_handler
                0x00002844        0x6 src/robomaze.c.11.o
 .text.single_click_handler
                0x0000284a        0x6 src/robomaze.c.11.o
 .text.startup.main
                0x00002850       0x68 src/robomaze.c.11.o
                0x00002850                main
 .text.app_event_loop
                0x000028b8        0xc /home/jacko/pebble-dev/PebbleSDK/Pebble/aplite/lib/libpebble.a(tmpDuxwpQpebble.o)
                0x000028b8                app_event_loop
 .text.click_recognizer_get_button_id
                0x000028c4        0xc /home/jacko/pebble-dev/PebbleSDK/Pebble/aplite/lib/libpebble.a(tmpDuxwpQpebble.o)
                0x000028c4                click_recognizer_get_button_id
 .text.clock_is_24h_style
                0x000028d0        0xc /home/jacko/pebble-dev/PebbleSDK/Pebble/aplite/lib/libpebble.a(tmpDuxwpQpebble.o)
                0x000028d0                clock_is_24h_style
 .text.gbitmap_create_as_sub_bitmap
                0x000028dc        0xc /home/jacko/pebble-dev/PebbleSDK/Pebble/aplite/lib/libpebble.a(tmpDuxwpQpebble.o)
                0x000028dc                gbitmap_create_as_sub_bitmap
 .text.gbitmap_create_with_resource
                0x000028e8        0xc /home/jacko/pebble-dev/PebbleSDK/Pebble/aplite/lib/libpebble.a(tmpDuxwpQpebble.o)
                0x000028e8                gbitmap_create_with_resource
 .text.gbitmap_destroy
                0x000028f4        0xc /home/jacko/pebble-dev/PebbleSDK/Pebble/aplite/lib/libpebble.a(tmpDuxwpQpebble.o)
                0x000028f4                gbitmap_destroy
 .text.graphics_context_set_fill_color
                0x00002900        0xc /home/jacko/pebble-dev/PebbleSDK/Pebble/aplite/lib/libpebble.a(tmpDuxwpQpebble.o)
                0x00002900                graphics_context_set_fill_color
 .text.graphics_draw_bitmap_in_rect
                0x0000290c        0xc /home/jacko/pebble-dev/PebbleSDK/Pebble/aplite/lib/libpebble.a(tmpDuxwpQpebble.o)
                0x0000290c                graphics_draw_bitmap_in_rect
 .text.graphics_fill_rect
                0x00002918        0xc /home/jacko/pebble-dev/PebbleSDK/Pebble/aplite/lib/libpebble.a(tmpDuxwpQpebble.o)
                0x00002918                graphics_fill_rect
 .text.layer_add_child
                0x00002924        0xc /home/jacko/pebble-dev/PebbleSDK/Pebble/aplite/lib/libpebble.a(tmpDuxwpQpebble.o)
                0x00002924                layer_add_child
 .text.layer_create
                0x00002930        0xc /home/jacko/pebble-dev/PebbleSDK/Pebble/aplite/lib/libpebble.a(tmpDuxwpQpebble.o)
                0x00002930                layer_create
 .text.layer_destroy
                0x0000293c        0xc /home/jacko/pebble-dev/PebbleSDK/Pebble/aplite/lib/libpebble.a(tmpDuxwpQpebble.o)
                0x0000293c                layer_destroy
 .text.layer_get_bounds
                0x00002948        0xc /home/jacko/pebble-dev/PebbleSDK/Pebble/aplite/lib/libpebble.a(tmpDuxwpQpebble.o)
                0x00002948                layer_get_bounds
 .text.layer_mark_dirty
                0x00002954        0xc /home/jacko/pebble-dev/PebbleSDK/Pebble/aplite/lib/libpebble.a(tmpDuxwpQpebble.o)
                0x00002954                layer_mark_dirty
 .text.layer_set_bounds
                0x00002960        0xc /home/jacko/pebble-dev/PebbleSDK/Pebble/aplite/lib/libpebble.a(tmpDuxwpQpebble.o)
                0x00002960                layer_set_bounds
 .text.layer_set_update_proc
                0x0000296c        0xc /home/jacko/pebble-dev/PebbleSDK/Pebble/aplite/lib/libpebble.a(tmpDuxwpQpebble.o)
                0x0000296c                layer_set_update_proc
 .text.localtime
                0x00002978        0xc /home/jacko/pebble-dev/PebbleSDK/Pebble/aplite/lib/libpebble.a(tmpDuxwpQpebble.o)
                0x00002978                localtime
 .text.memset   0x00002984        0xc /home/jacko/pebble-dev/PebbleSDK/Pebble/aplite/lib/libpebble.a(tmpDuxwpQpebble.o)
                0x00002984                memset
 .text.persist_exists
                0x00002990        0xc /home/jacko/pebble-dev/PebbleSDK/Pebble/aplite/lib/libpebble.a(tmpDuxwpQpebble.o)
                0x00002990                persist_exists
 .text.persist_read_bool
                0x0000299c        0xc /home/jacko/pebble-dev/PebbleSDK/Pebble/aplite/lib/libpebble.a(tmpDuxwpQpebble.o)
                0x0000299c                persist_read_bool
 .text.persist_read_int
                0x000029a8        0xc /home/jacko/pebble-dev/PebbleSDK/Pebble/aplite/lib/libpebble.a(tmpDuxwpQpebble.o)
                0x000029a8                persist_read_int
 .text.persist_write_bool
                0x000029b4        0xc /home/jacko/pebble-dev/PebbleSDK/Pebble/aplite/lib/libpebble.a(tmpDuxwpQpebble.o)
                0x000029b4                persist_write_bool
 .text.persist_write_int
                0x000029c0        0xc /home/jacko/pebble-dev/PebbleSDK/Pebble/aplite/lib/libpebble.a(tmpDuxwpQpebble.o)
                0x000029c0                persist_write_int
 .text.rand     0x000029cc        0xc /home/jacko/pebble-dev/PebbleSDK/Pebble/aplite/lib/libpebble.a(tmpDuxwpQpebble.o)
                0x000029cc                rand
 .text.srand    0x000029d8        0xc /home/jacko/pebble-dev/PebbleSDK/Pebble/aplite/lib/libpebble.a(tmpDuxwpQpebble.o)
                0x000029d8                srand
 .text.tick_timer_service_subscribe
                0x000029e4        0xc /home/jacko/pebble-dev/PebbleSDK/Pebble/aplite/lib/libpebble.a(tmpDuxwpQpebble.o)
                0x000029e4                tick_timer_service_subscribe
 .text.time     0x000029f0        0xc /home/jacko/pebble-dev/PebbleSDK/Pebble/aplite/lib/libpebble.a(tmpDuxwpQpebble.o)
                0x000029f0                time
 .text.window_create
                0x000029fc        0xc /home/jacko/pebble-dev/PebbleSDK/Pebble/aplite/lib/libpebble.a(tmpDuxwpQpebble.o)
                0x000029fc                window_create
 .text.window_destroy
                0x00002a08        0xc /home/jacko/pebble-dev/PebbleSDK/Pebble/aplite/lib/libpebble.a(tmpDuxwpQpebble.o)
                0x00002a08                window_destroy
 .text.window_get_root_layer
                0x00002a14        0xc /home/jacko/pebble-dev/PebbleSDK/Pebble/aplite/lib/libpebble.a(tmpDuxwpQpebble.o)
                0x00002a14                window_get_root_layer
 .text.window_set_click_config_provider
                0x00002a20        0xc /home/jacko/pebble-dev/PebbleSDK/Pebble/aplite/lib/libpebble.a(tmpDuxwpQpebble.o)
                0x00002a20                window_set_click_config_provider
 .text.window_set_fullscreen
                0x00002a2c        0xc /home/jacko/pebble-dev/PebbleSDK/Pebble/aplite/lib/libpebble.a(tmpDuxwpQpebble.o)
                0x00002a2c                window_set_fullscreen
 .text.window_set_window_handlers
                0x00002a38        0xc /home/jacko/pebble-dev/PebbleSDK/Pebble/aplite/lib/libpebble.a(tmpDuxwpQpebble.o)
                0x00002a38                window_set_window_handlers
 .text.window_stack_push
                0x00002a44        0xc /home/jacko/pebble-dev/PebbleSDK/Pebble/aplite/lib/libpebble.a(tmpDuxwpQpebble.o)
                0x00002a44                window_stack_push
 .text.window_long_click_subscribe
                0x00002a50        0xc /home/jacko/pebble-dev/PebbleSDK/Pebble/aplite/lib/libpebble.a(tmpDuxwpQpebble.o)
                0x00002a50                window_long_click_subscribe
 .text.window_single_click_subscribe
                0x00002a5c        0xc /home/jacko/pebble-dev/PebbleSDK/Pebble/aplite/lib/libpebble.a(tmpDuxwpQpebble.o)
                0x00002a5c                window_single_click_subscribe
 .text.persist_read_data
                0x00002a68        0xc /home/jacko/pebble-dev/PebbleSDK/Pebble/aplite/lib/libpebble.a(tmpDuxwpQpebble.o)
                0x00002a68                persist_read_data
 .text.persist_write_data
                0x00002a74        0xc /home/jacko/pebble-dev/PebbleSDK/Pebble/aplite/lib/libpebble.a(tmpDuxwpQpebble.o)
                0x00002a74                persist_write_data
 *(.rodata)
 .rodata        0x00002a80       0x18 src/robomaze.c.11.o
 *(.rodata*)
 .rodata.delays
                0x00002a98        0x7 src/clock.c.11.o
 .rodata.days   0x00002a9f       0x39 src/clock.c.11.o
 .rodata.pics   0x00002ad8       0x42 src/clock.c.11.o
 .rodata.keys   0x00002b1a        0x7 src/clock.c.11.o
 .rodata.defis  0x00002b21        0x8 src/game.c.11.o
 .rodata.offset
                0x00002b29        0x4 src/game.c.11.o
 .rodata.dir    0x00002b2d        0x5 src/game.c.11.o
 .rodata.orders
                0x00002b32       0x10 src/game.c.11.o
 .rodata.dxy    0x00002b42        0x4 src/game.c.11.o
 .rodata.defchar
                0x00002b46       0x14 src/game.c.11.o

.glue_7         0x00002b5c        0x0
 .glue_7        0x00000000        0x0 linker stubs

.glue_7t        0x00002b5c        0x0
 .glue_7t       0x00000000        0x0 linker stubs

.vfp11_veneer   0x00002b5c        0x0
 .vfp11_veneer  0x00000000        0x0 linker stubs

.v4_bx          0x00002b5c        0x0
 .v4_bx         0x00000000        0x0 linker stubs

.iplt           0x00002b5c        0x0
 .iplt          0x00000000        0x0 /home/jacko/pebble-dev/PebbleSDK/arm-cs-tools/bin/../lib/gcc/arm-none-eabi/4.7.3/thumb2/crtbegin.o

.rel.dyn        0x00002b5c        0x0
 .rel.iplt      0x00000000        0x0 /home/jacko/pebble-dev/PebbleSDK/arm-cs-tools/bin/../lib/gcc/arm-none-eabi/4.7.3/thumb2/crtbegin.o
 .rel.got       0x00000000        0x0 /home/jacko/pebble-dev/PebbleSDK/arm-cs-tools/bin/../lib/gcc/arm-none-eabi/4.7.3/thumb2/crtbegin.o

.data           0x00002b5c       0x34
 *(.data)
 .data          0x00002b5c        0x0 /home/jacko/pebble-dev/PebbleSDK/arm-cs-tools/bin/../lib/gcc/arm-none-eabi/4.7.3/thumb2/crti.o
 .data          0x00002b5c        0x4 /home/jacko/pebble-dev/PebbleSDK/arm-cs-tools/bin/../lib/gcc/arm-none-eabi/4.7.3/thumb2/crtbegin.o
                0x00002b5c                __dso_handle
 .data          0x00002b60        0x0 src/basik.c.11.o
 .data          0x00002b60        0x0 src/clock.c.11.o
 .data          0x00002b60        0x0 src/game.c.11.o
 .data          0x00002b60        0x0 src/robomaze.c.11.o
 .data          0x00002b60        0x0 aplite/appinfo.auto.c.11.o
 .data          0x00002b60        0x0 /home/jacko/pebble-dev/PebbleSDK/Pebble/aplite/lib/libpebble.a(tmpDuxwpQpebble.o)
 .data          0x00002b60        0x0 /home/jacko/pebble-dev/PebbleSDK/arm-cs-tools/bin/../lib/gcc/arm-none-eabi/4.7.3/thumb2/libgcc.a(_arm_addsubdf3.o)
 .data          0x00002b60        0x0 /home/jacko/pebble-dev/PebbleSDK/arm-cs-tools/bin/../lib/gcc/arm-none-eabi/4.7.3/thumb2/libgcc.a(_arm_muldivdf3.o)
 .data          0x00002b60        0x0 /home/jacko/pebble-dev/PebbleSDK/arm-cs-tools/bin/../lib/gcc/arm-none-eabi/4.7.3/thumb2/libgcc.a(_arm_cmpdf2.o)
 .data          0x00002b60        0x0 /home/jacko/pebble-dev/PebbleSDK/arm-cs-tools/bin/../lib/gcc/arm-none-eabi/4.7.3/thumb2/libgcc.a(_arm_fixdfsi.o)
 .data          0x00002b60        0x0 /home/jacko/pebble-dev/PebbleSDK/arm-cs-tools/bin/../lib/gcc/arm-none-eabi/4.7.3/thumb2/crtend.o
 .data          0x00002b60        0x0 /home/jacko/pebble-dev/PebbleSDK/arm-cs-tools/bin/../lib/gcc/arm-none-eabi/4.7.3/thumb2/crtn.o
 *(.data.*)
 .data.rel.local.state
                0x00002b60        0x4 src/game.c.11.o
 .data.rel.local.oldstate
                0x00002b64        0x4 src/game.c.11.o
 .data.rel.ro.local.fn
                0x00002b68       0x28 src/game.c.11.o

.igot.plt       0x00002b90        0x0
 .igot.plt      0x00000000        0x0 /home/jacko/pebble-dev/PebbleSDK/arm-cs-tools/bin/../lib/gcc/arm-none-eabi/4.7.3/thumb2/crtbegin.o

.got            0x00002b90       0x30
 .got           0x00002b90       0x30 /home/jacko/pebble-dev/PebbleSDK/arm-cs-tools/bin/../lib/gcc/arm-none-eabi/4.7.3/thumb2/crtbegin.o

.got.plt        0x00002bc0        0xc
 .got.plt       0x00002bc0        0xc /home/jacko/pebble-dev/PebbleSDK/arm-cs-tools/bin/../lib/gcc/arm-none-eabi/4.7.3/thumb2/crtbegin.o
                0x00002bc0                _GLOBAL_OFFSET_TABLE_

.bss            0x00002bd0      0x933
 *(.bss)
 *(.bss.*)
 .bss.expo      0x00002bd0        0x1 src/basik.c.11.o
 *fill*         0x00002bd1        0x7 
 .bss.xx        0x00002bd8        0x8 src/basik.c.11.o
 .bss.value     0x00002be0        0x8 src/basik.c.11.o
                0x00002be0                value
 .bss.error     0x00002be8        0x1 src/basik.c.11.o
                0x00002be8                error
 .bss.hold      0x00002be9        0x1 src/basik.c.11.o
 *fill*         0x00002bea        0x2 
 .bss.reg       0x00002bec       0x2c src/clock.c.11.o
 .bss.clickback
                0x00002c18        0x1 src/clock.c.11.o
 *fill*         0x00002c19        0x1 
 .bss.sw_butt   0x00002c1a        0x2 src/clock.c.11.o
 .bss.dp        0x00002c1c        0x1 src/clock.c.11.o
 .bss.button_sec
                0x00002c1d        0x1 src/clock.c.11.o
 .bss.mode      0x00002c1e        0x1 src/clock.c.11.o
                0x00002c1e                mode
 *fill*         0x00002c1f        0x1 
 .bss.lap       0x00002c20       0x2c src/clock.c.11.o
 .bss.pause     0x00002c4c        0x1 src/game.c.11.o
                0x00002c4c                pause
 .bss.ting      0x00002c4d       0x28 src/game.c.11.o
 *fill*         0x00002c75        0x1 
 .bss.chaf      0x00002c76       0x20 src/game.c.11.o
 .bss.success   0x00002c96        0x1 src/game.c.11.o
 *fill*         0x00002c97        0x1 
 .bss.countdown
                0x00002c98        0x4 src/game.c.11.o
 .bss.compact   0x00002c9c       0x3e src/game.c.11.o
 *fill*         0x00002cda        0x2 
 .bss.layer     0x00002cdc        0x4 src/robomaze.c.11.o
 .bss.char_gfx  0x00002ce0      0x10c src/robomaze.c.11.o
 .bss.last      0x00002dec        0x1 src/robomaze.c.11.o
 *fill*         0x00002ded        0x3 
 .bss.seconds   0x00002df0        0x4 src/robomaze.c.11.o
                0x00002df0                seconds
 .bss.ticks     0x00002df4        0x4 src/robomaze.c.11.o
 .bss.map       0x00002df8        0x4 src/robomaze.c.11.o
 .bss.maze_gfx  0x00002dfc       0x7c src/robomaze.c.11.o
 .bss.s_main_window
                0x00002e78        0x4 src/robomaze.c.11.o
 COMMON         0x00002e7c       0x11 src/game.c.11.o
                0x00002e7c                direction
                0x00002e80                score
                0x00002e84                level
                0x00002e88                hiscore
                0x00002e8c                gAB
 COMMON         0x00002e8d      0x676 src/robomaze.c.11.o
                0x00002e8d                maze
                0x000032c2                con

DISCARD
 libc.a(*)
 libm.a(*)
 libgcc.a(*)
 *(.eh_frame)
OUTPUT(/home/jacko/pebble-dev/examples/watchapps/RoboMaze/build/aplite/pebble-app.elf elf32-littlearm)

.ARM.attributes
                0x00000000       0x27
 .ARM.attributes
                0x00000000       0x19 /home/jacko/pebble-dev/PebbleSDK/arm-cs-tools/bin/../lib/gcc/arm-none-eabi/4.7.3/thumb2/crti.o
 .ARM.attributes
                0x00000019       0x29 /home/jacko/pebble-dev/PebbleSDK/arm-cs-tools/bin/../lib/gcc/arm-none-eabi/4.7.3/thumb2/crtbegin.o
 .ARM.attributes
                0x00000042       0x33 src/basik.c.11.o
 .ARM.attributes
                0x00000075       0x33 src/clock.c.11.o
 .ARM.attributes
                0x000000a8       0x33 src/game.c.11.o
 .ARM.attributes
                0x000000db       0x33 src/robomaze.c.11.o
 .ARM.attributes
                0x0000010e       0x33 aplite/appinfo.auto.c.11.o
 .ARM.attributes
                0x00000141       0x21 /home/jacko/pebble-dev/PebbleSDK/Pebble/aplite/lib/libpebble.a(tmpDuxwpQpebble.o)
 .ARM.attributes
                0x00000162       0x19 /home/jacko/pebble-dev/PebbleSDK/arm-cs-tools/bin/../lib/gcc/arm-none-eabi/4.7.3/thumb2/libgcc.a(_arm_addsubdf3.o)
 .ARM.attributes
                0x0000017b       0x19 /home/jacko/pebble-dev/PebbleSDK/arm-cs-tools/bin/../lib/gcc/arm-none-eabi/4.7.3/thumb2/libgcc.a(_arm_muldivdf3.o)
 .ARM.attributes
                0x00000194       0x19 /home/jacko/pebble-dev/PebbleSDK/arm-cs-tools/bin/../lib/gcc/arm-none-eabi/4.7.3/thumb2/libgcc.a(_arm_cmpdf2.o)
 .ARM.attributes
                0x000001ad       0x19 /home/jacko/pebble-dev/PebbleSDK/arm-cs-tools/bin/../lib/gcc/arm-none-eabi/4.7.3/thumb2/libgcc.a(_arm_fixdfsi.o)
 .ARM.attributes
                0x000001c6       0x29 /home/jacko/pebble-dev/PebbleSDK/arm-cs-tools/bin/../lib/gcc/arm-none-eabi/4.7.3/thumb2/crtend.o
 .ARM.attributes
                0x000001ef       0x19 /home/jacko/pebble-dev/PebbleSDK/arm-cs-tools/bin/../lib/gcc/arm-none-eabi/4.7.3/thumb2/crtn.o

.comment        0x00000000       0x4e
 .comment       0x00000000       0x4e /home/jacko/pebble-dev/PebbleSDK/arm-cs-tools/bin/../lib/gcc/arm-none-eabi/4.7.3/thumb2/crtbegin.o
                                 0x4f (size before relaxing)
 .comment       0x00000000       0x4f src/basik.c.11.o
 .comment       0x00000000       0x4f src/clock.c.11.o
 .comment       0x00000000       0x4f src/game.c.11.o
 .comment       0x00000000       0x4f src/robomaze.c.11.o
 .comment       0x00000000       0x4f aplite/appinfo.auto.c.11.o
 .comment       0x00000000       0x4f /home/jacko/pebble-dev/PebbleSDK/arm-cs-tools/bin/../lib/gcc/arm-none-eabi/4.7.3/thumb2/crtend.o

.debug_info     0x00000000     0x3dfd
 .debug_info    0x00000000      0x3cd src/basik.c.11.o
 .debug_info    0x000003cd      0xdcf src/clock.c.11.o
 .debug_info    0x0000119c     0x1215 src/game.c.11.o
 .debug_info    0x000023b1     0x146f src/robomaze.c.11.o
 .debug_info    0x00003820      0x30d aplite/appinfo.auto.c.11.o
 .debug_info    0x00003b2d       0xb4 /home/jacko/pebble-dev/PebbleSDK/arm-cs-tools/bin/../lib/gcc/arm-none-eabi/4.7.3/thumb2/libgcc.a(_arm_addsubdf3.o)
 .debug_info    0x00003be1       0xb4 /home/jacko/pebble-dev/PebbleSDK/arm-cs-tools/bin/../lib/gcc/arm-none-eabi/4.7.3/thumb2/libgcc.a(_arm_muldivdf3.o)
 .debug_info    0x00003c95       0xb4 /home/jacko/pebble-dev/PebbleSDK/arm-cs-tools/bin/../lib/gcc/arm-none-eabi/4.7.3/thumb2/libgcc.a(_arm_cmpdf2.o)
 .debug_info    0x00003d49       0xb4 /home/jacko/pebble-dev/PebbleSDK/arm-cs-tools/bin/../lib/gcc/arm-none-eabi/4.7.3/thumb2/libgcc.a(_arm_fixdfsi.o)

.debug_abbrev   0x00000000      0xe8c
 .debug_abbrev  0x00000000      0x1e9 src/basik.c.11.o
 .debug_abbrev  0x000001e9      0x3bf src/clock.c.11.o
 .debug_abbrev  0x000005a8      0x3ed src/game.c.11.o
 .debug_abbrev  0x00000995      0x409 src/robomaze.c.11.o
 .debug_abbrev  0x00000d9e       0x9e aplite/appinfo.auto.c.11.o
 .debug_abbrev  0x00000e3c       0x14 /home/jacko/pebble-dev/PebbleSDK/arm-cs-tools/bin/../lib/gcc/arm-none-eabi/4.7.3/thumb2/libgcc.a(_arm_addsubdf3.o)
 .debug_abbrev  0x00000e50       0x14 /home/jacko/pebble-dev/PebbleSDK/arm-cs-tools/bin/../lib/gcc/arm-none-eabi/4.7.3/thumb2/libgcc.a(_arm_muldivdf3.o)
 .debug_abbrev  0x00000e64       0x14 /home/jacko/pebble-dev/PebbleSDK/arm-cs-tools/bin/../lib/gcc/arm-none-eabi/4.7.3/thumb2/libgcc.a(_arm_cmpdf2.o)
 .debug_abbrev  0x00000e78       0x14 /home/jacko/pebble-dev/PebbleSDK/arm-cs-tools/bin/../lib/gcc/arm-none-eabi/4.7.3/thumb2/libgcc.a(_arm_fixdfsi.o)

.debug_loc      0x00000000     0x18ef
 .debug_loc     0x00000000      0x151 src/basik.c.11.o
 .debug_loc     0x00000151      0x939 src/clock.c.11.o
 .debug_loc     0x00000a8a      0x7ee src/game.c.11.o
 .debug_loc     0x00001278      0x677 src/robomaze.c.11.o

.debug_aranges  0x00000000      0x298
 .debug_aranges
                0x00000000       0x40 src/basik.c.11.o
 .debug_aranges
                0x00000040       0x80 src/clock.c.11.o
 .debug_aranges
                0x000000c0       0xc8 src/game.c.11.o
 .debug_aranges
                0x00000188       0x78 src/robomaze.c.11.o
 .debug_aranges
                0x00000200       0x18 aplite/appinfo.auto.c.11.o
 .debug_aranges
                0x00000218       0x20 /home/jacko/pebble-dev/PebbleSDK/arm-cs-tools/bin/../lib/gcc/arm-none-eabi/4.7.3/thumb2/libgcc.a(_arm_addsubdf3.o)
 .debug_aranges
                0x00000238       0x20 /home/jacko/pebble-dev/PebbleSDK/arm-cs-tools/bin/../lib/gcc/arm-none-eabi/4.7.3/thumb2/libgcc.a(_arm_muldivdf3.o)
 .debug_aranges
                0x00000258       0x20 /home/jacko/pebble-dev/PebbleSDK/arm-cs-tools/bin/../lib/gcc/arm-none-eabi/4.7.3/thumb2/libgcc.a(_arm_cmpdf2.o)
 .debug_aranges
                0x00000278       0x20 /home/jacko/pebble-dev/PebbleSDK/arm-cs-tools/bin/../lib/gcc/arm-none-eabi/4.7.3/thumb2/libgcc.a(_arm_fixdfsi.o)

.debug_ranges   0x00000000      0xa18
 .debug_ranges  0x00000000       0x30 src/basik.c.11.o
 .debug_ranges  0x00000030      0x110 src/clock.c.11.o
 .debug_ranges  0x00000140      0x5d0 src/game.c.11.o
 .debug_ranges  0x00000710      0x308 src/robomaze.c.11.o

.debug_line     0x00000000     0x178c
 .debug_line    0x00000000      0x1ef src/basik.c.11.o
 .debug_line    0x000001ef      0x46d src/clock.c.11.o
 .debug_line    0x0000065c      0x60a src/game.c.11.o
 .debug_line    0x00000c66      0x43d src/robomaze.c.11.o
 .debug_line    0x000010a3      0x127 aplite/appinfo.auto.c.11.o
 .debug_line    0x000011ca      0x20a /home/jacko/pebble-dev/PebbleSDK/arm-cs-tools/bin/../lib/gcc/arm-none-eabi/4.7.3/thumb2/libgcc.a(_arm_addsubdf3.o)
 .debug_line    0x000013d4      0x226 /home/jacko/pebble-dev/PebbleSDK/arm-cs-tools/bin/../lib/gcc/arm-none-eabi/4.7.3/thumb2/libgcc.a(_arm_muldivdf3.o)
 .debug_line    0x000015fa      0x10c /home/jacko/pebble-dev/PebbleSDK/arm-cs-tools/bin/../lib/gcc/arm-none-eabi/4.7.3/thumb2/libgcc.a(_arm_cmpdf2.o)
 .debug_line    0x00001706       0x86 /home/jacko/pebble-dev/PebbleSDK/arm-cs-tools/bin/../lib/gcc/arm-none-eabi/4.7.3/thumb2/libgcc.a(_arm_fixdfsi.o)

.debug_str      0x00000000      0xbe4
 .debug_str     0x00000000      0x1e4 src/basik.c.11.o
                                0x231 (size before relaxing)
 .debug_str     0x000001e4      0x1b7 src/clock.c.11.o
                                0x384 (size before relaxing)
 .debug_str     0x0000039b      0x169 src/game.c.11.o
                                0x3a6 (size before relaxing)
 .debug_str     0x00000504      0x582 src/robomaze.c.11.o
                                0x835 (size before relaxing)
 .debug_str     0x00000a86      0x15e aplite/appinfo.auto.c.11.o
                                0x2bf (size before relaxing)

.debug_frame    0x00000000      0x648
 .debug_frame   0x00000000       0x7c src/basik.c.11.o
 .debug_frame   0x0000007c      0x1b0 src/clock.c.11.o
 .debug_frame   0x0000022c      0x2c4 src/game.c.11.o
 .debug_frame   0x000004f0      0x158 src/robomaze.c.11.o
/arm-cs-tools/bin/../lib/gcc/arm-none-eabi/4.7.3/../../../../arm-none-eabi/lib/thumb2/libc.a
END GROUP
LOAD /home/jacko/pebble-dev/PebbleSDK/arm-cs-tools/bin/../lib/gcc/arm-none-eabi/4.7.3/thumb2/crtend.o
LOAD /home/jacko/pebble-dev/PebbleSDK/arm-cs-tools/bin/../lib/gcc/arm-none-eabi/4.7.3/thumb2/crtn.o

.header         0x00000000       0x82
 *(.pbl_header)
 .pbl_header    0x00000000       0x82 basalt/appinfo.auto.c.9.o
                0x00000000                __pbl_app_info

.note.gnu.build-id
                0x00000082       0x26
                0x00000082                PROVIDE (BUILD_ID, .)
 *(.note.gnu.build-id)
 *fill*         0x00000082        0x2 
 .note.gnu.build-id
                0x00000084       0x24 linker stubs

.text           0x000000a8     0x2aa2
 *(.text)
 .text          0x000000a8       0x14 /home/jacko/pebble-dev/PebbleSDK/Pebble/basalt/lib/libpebble.a(tmp2hEX61pebble.o)
 .text          0x000000bc      0x370 /home/jacko/pebble-dev/PebbleSDK/arm-cs-tools/bin/../lib/gcc/arm-none-eabi/4.7.3/thumb2/libgcc.a(_arm_addsubdf3.o)
                0x000000bc                __aeabi_drsub
                0x000000c4                __aeabi_dsub
                0x000000c4                __subdf3
                0x000000c8                __adddf3
                0x000000c8                __aeabi_dadd
                0x00000340                __aeabi_ui2d
                0x00000340                __floatunsidf
                0x00000360                __floatsidf
                0x00000360                __aeabi_i2d
                0x00000384                __extendsfdf2
                0x00000384                __aeabi_f2d
                0x000003c0                __aeabi_ul2d
                0x000003c0                __floatundidf
                0x000003d0                __floatdidf
                0x000003d0                __aeabi_l2d
 .text          0x0000042c      0x424 /home/jacko/pebble-dev/PebbleSDK/arm-cs-tools/bin/../lib/gcc/arm-none-eabi/4.7.3/thumb2/libgcc.a(_arm_muldivdf3.o)
                0x0000042c                __aeabi_dmul
                0x0000042c                __muldf3
                0x00000680                __aeabi_ddiv
                0x00000680                __divdf3
 .text          0x00000850      0x110 /home/jacko/pebble-dev/PebbleSDK/arm-cs-tools/bin/../lib/gcc/arm-none-eabi/4.7.3/thumb2/libgcc.a(_arm_cmpdf2.o)
                0x00000850                __gtdf2
                0x00000850                __gedf2
                0x00000858                __ltdf2
                0x00000858                __ledf2
                0x00000860                __cmpdf2
                0x00000860                __eqdf2
                0x00000860                __nedf2
                0x000008dc                __aeabi_cdrcmple
                0x000008ec                __aeabi_cdcmple
                0x000008ec                __aeabi_cdcmpeq
                0x000008fc                __aeabi_dcmpeq
                0x00000910                __aeabi_dcmplt
                0x00000924                __aeabi_dcmple
                0x00000938                __aeabi_dcmpge
                0x0000094c                __aeabi_dcmpgt
 .text          0x00000960       0x50 /home/jacko/pebble-dev/PebbleSDK/arm-cs-tools/bin/../lib/gcc/arm-none-eabi/4.7.3/thumb2/libgcc.a(_arm_fixdfsi.o)
                0x00000960                __fixdfsi
                0x00000960                __aeabi_d2iz
 *(.text.*)
 .text.load_basik
                0x000009b0       0x50 src/basik.c.9.o
                0x000009b0                load_basik
 .text.save_basik
                0x00000a00       0x48 src/basik.c.9.o
                0x00000a00                save_basik
 .text.tick_basik
                0x00000a48        0x2 src/basik.c.9.o
                0x00000a48                tick_basik
 .text.click_basik
                0x00000a4a        0x2 src/basik.c.9.o
                0x00000a4a                click_basik
 *fill*         0x00000a4c        0x4 
 .text.click_value
                0x00000a50      0x168 src/basik.c.9.o
                0x00000a50                click_value
 .text.reset_sw
                0x00000bb8       0x34 src/clock.c.9.o
 .text.clear    0x00000bec       0x38 src/clock.c.9.o
 .text.draw_dp  0x00000c24       0x4c src/clock.c.9.o
 .text.draw     0x00000c70       0x98 src/clock.c.9.o
 .text.tock     0x00000d08       0xa6 src/clock.c.9.o
 .text.printint
                0x00000dae       0x3e src/clock.c.9.o
 *fill*         0x00000dec        0x4 
 .text.printreal.constprop.0
                0x00000df0      0x238 src/clock.c.9.o
 .text.sci      0x00001028       0x88 src/clock.c.9.o
 .text.save_clock
                0x000010b0       0x54 src/clock.c.9.o
                0x000010b0                save_clock
 .text.show_lvl
                0x00001104       0x20 src/clock.c.9.o
                0x00001104                show_lvl
 .text.tick_clock
                0x00001124      0x28c src/clock.c.9.o
                0x00001124                tick_clock
 .text.load_clock
                0x000013b0      0x144 src/clock.c.9.o
                0x000013b0                load_clock
 .text.click_clock
                0x000014f4      0x108 src/clock.c.9.o
                0x000014f4                click_clock
 .text.delay    0x000015fc       0x50 src/game.c.9.o
 .text.evaluate
                0x0000164c       0x48 src/game.c.9.o
 .text.activechaf
                0x00001694       0xa4 src/game.c.9.o
 .text.processmaze
                0x00001738       0x7c src/game.c.9.o
 .text.drawmaze
                0x000017b4       0x7c src/game.c.9.o
 .text.xpand    0x00001830       0x54 src/game.c.9.o
 .text.loadwall
                0x00001884       0x58 src/game.c.9.o
 .text.loadchaf
                0x000018dc       0x40 src/game.c.9.o
 .text.makechar
                0x0000191c       0x98 src/game.c.9.o
 .text.reset    0x000019b4       0x64 src/game.c.9.o
 .text.account  0x00001a18       0x30 src/game.c.9.o
 .text.destroywall
                0x00001a48       0xc4 src/game.c.9.o
 .text.makemaze
                0x00001b0c       0x4c src/game.c.9.o
 .text.xydxy.isra.0
                0x00001b58       0x16 src/game.c.9.o
 *fill*         0x00001b6e        0x2 
 .text.drawchars
                0x00001b70       0x90 src/game.c.9.o
 .text.ready    0x00001c00       0x40 src/game.c.9.o
 .text.move     0x00001c40       0xec src/game.c.9.o
 .text.tick     0x00001d2c       0x10 src/game.c.9.o
                0x00001d2c                tick
 .text.click    0x00001d3c       0x40 src/game.c.9.o
                0x00001d3c                click
 .text.load     0x00001d7c      0x150 src/game.c.9.o
                0x00001d7c                load
 .text.save     0x00001ecc      0x16c src/game.c.9.o
                0x00001ecc                save
 .text.respond  0x00002038      0x108 src/game.c.9.o
 .text.main_window_unload
                0x00002140       0x5c src/robomaze.c.9.o
 .text.main_window_load
                0x0000219c      0x274 src/robomaze.c.9.o
 .text.config_provider
                0x00002410       0x5c src/robomaze.c.9.o
 .text.get_map  0x0000246c       0x40 src/robomaze.c.9.o
                0x0000246c                get_map
 .text.put_map  0x000024ac       0x58 src/robomaze.c.9.o
                0x000024ac                put_map
 .text.layer_draw
                0x00002504      0x230 src/robomaze.c.9.o
 .text.mark_dirty
                0x00002734       0x54 src/robomaze.c.9.o
                0x00002734                mark_dirty
 .text.handle_second_tick
                0x00002788       0x58 src/robomaze.c.9.o
 .text.clicks   0x000027e0       0x60 src/robomaze.c.9.o
 .text.long_click_handler
                0x00002840        0x6 src/robomaze.c.9.o
 .text.single_click_handler
                0x00002846        0x6 src/robomaze.c.9.o
 .text.startup.main
                0x0000284c       0x68 src/robomaze.c.9.o
                0x0000284c                main
 .text.app_event_loop
                0x000028b4        0xc /home/jacko/pebble-dev/PebbleSDK/Pebble/basalt/lib/libpebble.a(tmp2hEX61pebble.o)
                0x000028b4                app_event_loop
 .text.click_recognizer_get_button_id
                0x000028c0        0xc /home/jacko/pebble-dev/PebbleSDK/Pebble/basalt/lib/libpebble.a(tmp2hEX61pebble.o)
                0x000028c0                click_recognizer_get_button_id
 .text.clock_is_24h_style
                0x000028cc        0xc /home/jacko/pebble-dev/PebbleSDK/Pebble/basalt/lib/libpebble.a(tmp2hEX61pebble.o)
                0x000028cc                clock_is_24h_style
 .text.gbitmap_create_as_sub_bitmap
                0x000028d8        0xc /home/jacko/pebble-dev/PebbleSDK/Pebble/basalt/lib/libpebble.a(tmp2hEX61pebble.o)
                0x000028d8                gbitmap_create_as_sub_bitmap
 .text.gbitmap_create_with_resource
                0x000028e4        0xc /home/jacko/pebble-dev/PebbleSDK/Pebble/basalt/lib/libpebble.a(tmp2hEX61pebble.o)
                0x000028e4                gbitmap_create_with_resource
 .text.gbitmap_destroy
                0x000028f0        0xc /home/jacko/pebble-dev/PebbleSDK/Pebble/basalt/lib/libpebble.a(tmp2hEX61pebble.o)
                0x000028f0                gbitmap_destroy
 .text.graphics_draw_bitmap_in_rect
                0x000028fc        0xc /home/jacko/pebble-dev/PebbleSDK/Pebble/basalt/lib/libpebble.a(tmp2hEX61pebble.o)
                0x000028fc                graphics_draw_bitmap_in_rect
 .text.graphics_fill_rect
                0x00002908        0xc /home/jacko/pebble-dev/PebbleSDK/Pebble/basalt/lib/libpebble.a(tmp2hEX61pebble.o)
                0x00002908                graphics_fill_rect
 .text.layer_add_child
                0x00002914        0xc /home/jacko/pebble-dev/PebbleSDK/Pebble/basalt/lib/libpebble.a(tmp2hEX61pebble.o)
                0x00002914                layer_add_child
 .text.layer_create
                0x00002920        0xc /home/jacko/pebble-dev/PebbleSDK/Pebble/basalt/lib/libpebble.a(tmp2hEX61pebble.o)
                0x00002920                layer_create
 .text.layer_destroy
                0x0000292c        0xc /home/jacko/pebble-dev/PebbleSDK/Pebble/basalt/lib/libpebble.a(tmp2hEX61pebble.o)
                0x0000292c                layer_destroy
 .text.layer_get_bounds
                0x00002938        0xc /home/jacko/pebble-dev/PebbleSDK/Pebble/basalt/lib/libpebble.a(tmp2hEX61pebble.o)
                0x00002938                layer_get_bounds
 .text.layer_mark_dirty
                0x00002944        0xc /home/jacko/pebble-dev/PebbleSDK/Pebble/basalt/lib/libpebble.a(tmp2hEX61pebble.o)
                0x00002944                layer_mark_dirty
 .text.layer_set_bounds
                0x00002950        0xc /home/jacko/pebble-dev/PebbleSDK/Pebble/basalt/lib/libpebble.a(tmp2hEX61pebble.o)
                0x00002950                layer_set_bounds
 .text.layer_set_update_proc
                0x0000295c        0xc /home/jacko/pebble-dev/PebbleSDK/Pebble/basalt/lib/libpebble.a(tmp2hEX61pebble.o)
                0x0000295c                layer_set_update_proc
 .text.memset   0x00002968        0xc /home/jacko/pebble-dev/PebbleSDK/Pebble/basalt/lib/libpebble.a(tmp2hEX61pebble.o)
                0x00002968                memset
 .text.persist_exists
                0x00002974        0xc /home/jacko/pebble-dev/PebbleSDK/Pebble/basalt/lib/libpebble.a(tmp2hEX61pebble.o)
                0x00002974                persist_exists
 .text.persist_read_bool
                0x00002980        0xc /home/jacko/pebble-dev/PebbleSDK/Pebble/basalt/lib/libpebble.a(tmp2hEX61pebble.o)
                0x00002980                persist_read_bool
 .text.persist_read_int
                0x0000298c        0xc /home/jacko/pebble-dev/PebbleSDK/Pebble/basalt/lib/libpebble.a(tmp2hEX61pebble.o)
                0x0000298c                persist_read_int
 .text.persist_write_bool
                0x00002998        0xc /home/jacko/pebble-dev/PebbleSDK/Pebble/basalt/lib/libpebble.a(tmp2hEX61pebble.o)
                0x00002998                persist_write_bool
 .text.persist_write_int
                0x000029a4        0xc /home/jacko/pebble-dev/PebbleSDK/Pebble/basalt/lib/libpebble.a(tmp2hEX61pebble.o)
                0x000029a4                persist_write_int
 .text.rand     0x000029b0        0xc /home/jacko/pebble-dev/PebbleSDK/Pebble/basalt/lib/libpebble.a(tmp2hEX61pebble.o)
                0x000029b0                rand
 .text.srand    0x000029bc        0xc /home/jacko/pebble-dev/PebbleSDK/Pebble/basalt/lib/libpebble.a(tmp2hEX61pebble.o)
                0x000029bc                srand
 .text.tick_timer_service_subscribe
                0x000029c8        0xc /home/jacko/pebble-dev/PebbleSDK/Pebble/basalt/lib/libpebble.a(tmp2hEX61pebble.o)
                0x000029c8                tick_timer_service_subscribe
 .text.window_create
                0x000029d4        0xc /home/jacko/pebble-dev/PebbleSDK/Pebble/basalt/lib/libpebble.a(tmp2hEX61pebble.o)
                0x000029d4                window_create
 .text.window_destroy
                0x000029e0        0xc /home/jacko/pebble-dev/PebbleSDK/Pebble/basalt/lib/libpebble.a(tmp2hEX61pebble.o)
                0x000029e0                window_destroy
 .text.window_get_root_layer
                0x000029ec        0xc /home/jacko/pebble-dev/PebbleSDK/Pebble/basalt/lib/libpebble.a(tmp2hEX61pebble.o)
                0x000029ec                window_get_root_layer
 .text.window_set_click_config_provider
                0x000029f8        0xc /home/jacko/pebble-dev/PebbleSDK/Pebble/basalt/lib/libpebble.a(tmp2hEX61pebble.o)
                0x000029f8                window_set_click_config_provider
 .text.window_set_window_handlers
                0x00002a04        0xc /home/jacko/pebble-dev/PebbleSDK/Pebble/basalt/lib/libpebble.a(tmp2hEX61pebble.o)
                0x00002a04                window_set_window_handlers
 .text.window_stack_push
                0x00002a10        0xc /home/jacko/pebble-dev/PebbleSDK/Pebble/basalt/lib/libpebble.a(tmp2hEX61pebble.o)
                0x00002a10                window_stack_push
 .text.window_long_click_subscribe
                0x00002a1c        0xc /home/jacko/pebble-dev/PebbleSDK/Pebble/basalt/lib/libpebble.a(tmp2hEX61pebble.o)
                0x00002a1c                window_long_click_subscribe
 .text.window_single_click_subscribe
                0x00002a28        0xc /home/jacko/pebble-dev/PebbleSDK/Pebble/basalt/lib/libpebble.a(tmp2hEX61pebble.o)
                0x00002a28                window_single_click_subscribe
 .text.persist_read_data
                0x00002a34        0xc /home/jacko/pebble-dev/PebbleSDK/Pebble/basalt/lib/libpebble.a(tmp2hEX61pebble.o)
                0x00002a34                persist_read_data
 .text.persist_write_data
                0x00002a40        0xc /home/jacko/pebble-dev/PebbleSDK/Pebble/basalt/lib/libpebble.a(tmp2hEX61pebble.o)
                0x00002a40                persist_write_data
 .text.graphics_context_set_fill_color
                0x00002a4c        0xc /home/jacko/pebble-dev/PebbleSDK/Pebble/basalt/lib/libpebble.a(tmp2hEX61pebble.o)
                0x00002a4c                graphics_context_set_fill_color
 .text.localtime
                0x00002a58        0xc /home/jacko/pebble-dev/PebbleSDK/Pebble/basalt/lib/libpebble.a(tmp2hEX61pebble.o)
                0x00002a58                localtime
 .text.time     0x00002a64        0xc /home/jacko/pebble-dev/PebbleSDK/Pebble/basalt/lib/libpebble.a(tmp2hEX61pebble.o)
                0x00002a64                time
 *(.rodata)
 .rodata        0x00002a70       0x18 src/robomaze.c.9.o
 *(.rodata*)
 .rodata.delays
                0x00002a88        0x7 src/clock.c.9.o
 .rodata.days   0x00002a8f       0x39 src/clock.c.9.o
 .rodata.pics   0x00002ac8       0x42 src/clock.c.9.o
 .rodata.keys   0x00002b0a        0x7 src/clock.c.9.o
 .rodata.defis  0x00002b11        0x8 src/game.c.9.o
 .rodata.offset
                0x00002b19        0x4 src/game.c.9.o
 .rodata.dir    0x00002b1d        0x5 src/game.c.9.o
 .rodata.orders
                0x00002b22       0x10 src/game.c.9.o
 .rodata.dxy    0x00002b32        0x4 src/game.c.9.o
 .rodata.defchar
                0x00002b36       0x14 src/game.c.9.o

.glue_7         0x00002b4c        0x0
 .glue_7        0x00000000        0x0 linker stubs

.glue_7t        0x00002b4c        0x0
 .glue_7t       0x00000000        0x0 linker stubs

.vfp11_veneer   0x00002b4c        0x0
 .vfp11_veneer  0x00000000        0x0 linker stubs

.v4_bx          0x00002b4c        0x0
 .v4_bx         0x00000000        0x0 linker stubs

.iplt           0x00002b4c        0x0
 .iplt          0x00000000        0x0 /home/jacko/pebble-dev/PebbleSDK/arm-cs-tools/bin/../lib/gcc/arm-none-eabi/4.7.3/thumb2/crtbegin.o

.rel.dyn        0x00002b4c        0x0
 .rel.iplt      0x00000000        0x0 /home/jacko/pebble-dev/PebbleSDK/arm-cs-tools/bin/../lib/gcc/arm-none-eabi/4.7.3/thumb2/crtbegin.o
 .rel.got       0x00000000        0x0 /home/jacko/pebble-dev/PebbleSDK/arm-cs-tools/bin/../lib/gcc/arm-none-eabi/4.7.3/thumb2/crtbegin.o

.data           0x00002b4c       0x34
 *(.data)
 .data          0x00002b4c        0x0 /home/jacko/pebble-dev/PebbleSDK/arm-cs-tools/bin/../lib/gcc/arm-none-eabi/4.7.3/thumb2/crti.o
 .data          0x00002b4c        0x4 /home/jacko/pebble-dev/PebbleSDK/arm-cs-tools/bin/../lib/gcc/arm-none-eabi/4.7.3/thumb2/crtbegin.o
                0x00002b4c                __dso_handle
 .data          0x00002b50        0x0 src/basik.c.9.o
 .data          0x00002b50        0x0 src/clock.c.9.o
 .data          0x00002b50        0x0 src/game.c.9.o
 .data          0x00002b50        0x0 src/robomaze.c.9.o
 .data          0x00002b50        0x0 basalt/appinfo.auto.c.9.o
 .data          0x00002b50        0x0 /home/jacko/pebble-dev/PebbleSDK/Pebble/basalt/lib/libpebble.a(tmp2hEX61pebble.o)
 .data          0x00002b50        0x0 /home/jacko/pebble-dev/PebbleSDK/arm-cs-tools/bin/../lib/gcc/arm-none-eabi/4.7.3/thumb2/libgcc.a(_arm_addsubdf3.o)
 .data          0x00002b50        0x0 /home/jacko/pebble-dev/PebbleSDK/arm-cs-tools/bin/../lib/gcc/arm-none-eabi/4.7.3/thumb2/libgcc.a(_arm_muldivdf3.o)
 .data          0x00002b50        0x0 /home/jacko/pebble-dev/PebbleSDK/arm-cs-tools/bin/../lib/gcc/arm-none-eabi/4.7.3/thumb2/libgcc.a(_arm_cmpdf2.o)
 .data          0x00002b50        0x0 /home/jacko/pebble-dev/PebbleSDK/arm-cs-tools/bin/../lib/gcc/arm-none-eabi/4.7.3/thumb2/libgcc.a(_arm_fixdfsi.o)
 .data          0x00002b50        0x0 /home/jacko/pebble-dev/PebbleSDK/arm-cs-tools/bin/../lib/gcc/arm-none-eabi/4.7.3/thumb2/crtend.o
 .data          0x00002b50        0x0 /home/jacko/pebble-dev/PebbleSDK/arm-cs-tools/bin/../lib/gcc/arm-none-eabi/4.7.3/thumb2/crtn.o
 *(.data.*)
 .data.rel.local.state
                0x00002b50        0x4 src/game.c.9.o
 .data.rel.local.oldstate
                0x00002b54        0x4 src/game.c.9.o
 .data.rel.ro.local.fn
                0x00002b58       0x28 src/game.c.9.o

.igot.plt       0x00002b80        0x0
 .igot.plt      0x00000000        0x0 /home/jacko/pebble-dev/PebbleSDK/arm-cs-tools/bin/../lib/gcc/arm-none-eabi/4.7.3/thumb2/crtbegin.o

.got            0x00002b80       0x30
 .got           0x00002b80       0x30 /home/jacko/pebble-dev/PebbleSDK/arm-cs-tools/bin/../lib/gcc/arm-none-eabi/4.7.3/thumb2/crtbegin.o

.got.plt        0x00002bb0        0xc
 .got.plt       0x00002bb0        0xc /home/jacko/pebble-dev/PebbleSDK/arm-cs-tools/bin/../lib/gcc/arm-none-eabi/4.7.3/thumb2/crtbegin.o
                0x00002bb0                _GLOBAL_OFFSET_TABLE_

.bss            0x00002bc0      0x93b
 *(.bss)
 *(.bss.*)
 .bss.expo      0x00002bc0        0x1 src/basik.c.9.o
 *fill*         0x00002bc1        0x7 
 .bss.xx        0x00002bc8        0x8 src/basik.c.9.o
 .bss.value     0x00002bd0        0x8 src/basik.c.9.o
                0x00002bd0                value
 .bss.error     0x00002bd8        0x1 src/basik.c.9.o
                0x00002bd8                error
 .bss.hold      0x00002bd9        0x1 src/basik.c.9.o
 *fill*         0x00002bda        0x2 
 .bss.reg       0x00002bdc       0x30 src/clock.c.9.o
 .bss.clickback
                0x00002c0c        0x1 src/clock.c.9.o
 *fill*         0x00002c0d        0x1 
 .bss.sw_butt   0x00002c0e        0x2 src/clock.c.9.o
 .bss.dp        0x00002c10        0x1 src/clock.c.9.o
 .bss.button_sec
                0x00002c11        0x1 src/clock.c.9.o
 .bss.mode      0x00002c12        0x1 src/clock.c.9.o
                0x00002c12                mode
 *fill*         0x00002c13        0x1 
 .bss.lap       0x00002c14       0x30 src/clock.c.9.o
 .bss.pause     0x00002c44        0x1 src/game.c.9.o
                0x00002c44                pause
 .bss.ting      0x00002c45       0x28 src/game.c.9.o
 *fill*         0x00002c6d        0x1 
 .bss.chaf      0x00002c6e       0x20 src/game.c.9.o
 .bss.success   0x00002c8e        0x1 src/game.c.9.o
 *fill*         0x00002c8f        0x1 
 .bss.countdown
                0x00002c90        0x4 src/game.c.9.o
 .bss.compact   0x00002c94       0x3e src/game.c.9.o
 *fill*         0x00002cd2        0x2 
 .bss.layer     0x00002cd4        0x4 src/robomaze.c.9.o
 .bss.char_gfx  0x00002cd8      0x10c src/robomaze.c.9.o
 .bss.last      0x00002de4        0x1 src/robomaze.c.9.o
 *fill*         0x00002de5        0x3 
 .bss.seconds   0x00002de8        0x4 src/robomaze.c.9.o
                0x00002de8                seconds
 .bss.ticks     0x00002dec        0x4 src/robomaze.c.9.o
 .bss.map       0x00002df0        0x4 src/robomaze.c.9.o
 .bss.maze_gfx  0x00002df4       0x7c src/robomaze.c.9.o
 .bss.s_main_window
                0x00002e70        0x4 src/robomaze.c.9.o
 COMMON         0x00002e74       0x11 src/game.c.9.o
                0x00002e74                direction
                0x00002e78                score
                0x00002e7c                level
                0x00002e80                hiscore
                0x00002e84                gAB
 COMMON         0x00002e85      0x676 src/robomaze.c.9.o
                0x00002e85                maze
                0x000032ba                con

DISCARD
 libc.a(*)
 libm.a(*)
 libgcc.a(*)
 *(.eh_frame)
OUTPUT(/home/jacko/pebble-dev/examples/watchapps/RoboMaze/build/basalt/pebble-app.elf elf32-littlearm)

.ARM.attributes
                0x00000000       0x27
 .ARM.attributes
                0x00000000       0x19 /home/jacko/pebble-dev/PebbleSDK/arm-cs-tools/bin/../lib/gcc/arm-none-eabi/4.7.3/thumb2/crti.o
 .ARM.attributes
                0x00000019       0x29 /home/jacko/pebble-dev/PebbleSDK/arm-cs-tools/bin/../lib/gcc/arm-none-eabi/4.7.3/thumb2/crtbegin.o
 .ARM.attributes
                0x00000042       0x33 src/basik.c.9.o
 .ARM.attributes
                0x00000075       0x33 src/clock.c.9.o
 .ARM.attributes
                0x000000a8       0x33 src/game.c.9.o
 .ARM.attributes
                0x000000db       0x33 src/robomaze.c.9.o
 .ARM.attributes
                0x0000010e       0x33 basalt/appinfo.auto.c.9.o
 .ARM.attributes
                0x00000141       0x21 /home/jacko/pebble-dev/PebbleSDK/Pebble/basalt/lib/libpebble.a(tmp2hEX61pebble.o)
 .ARM.attributes
                0x00000162       0x19 /home/jacko/pebble-dev/PebbleSDK/arm-cs-tools/bin/../lib/gcc/arm-none-eabi/4.7.3/thumb2/libgcc.a(_arm_addsubdf3.o)
 .ARM.attributes
                0x0000017b       0x19 /home/jacko/pebble-dev/PebbleSDK/arm-cs-tools/bin/../lib/gcc/arm-none-eabi/4.7.3/thumb2/libgcc.a(_arm_muldivdf3.o)
 .ARM.attributes
                0x00000194       0x19 /home/jacko/pebble-dev/PebbleSDK/arm-cs-tools/bin/../lib/gcc/arm-none-eabi/4.7.3/thumb2/libgcc.a(_arm_cmpdf2.o)
 .ARM.attributes
                0x000001ad       0x19 /home/jacko/pebble-dev/PebbleSDK/arm-cs-tools/bin/../lib/gcc/arm-none-eabi/4.7.3/thumb2/libgcc.a(_arm_fixdfsi.o)
 .ARM.attributes
                0x000001c6       0x29 /home/jacko/pebble-dev/PebbleSDK/arm-cs-tools/bin/../lib/gcc/arm-none-eabi/4.7.3/thumb2/crtend.o
 .ARM.attributes
                0x000001ef       0x19 /home/jacko/pebble-dev/PebbleSDK/arm-cs-tools/bin/../lib/gcc/arm-none-eabi/4.7.3/thumb2/crtn.o

.comment        0x00000000       0x4e
 .comment       0x00000000       0x4e /home/jacko/pebble-dev/PebbleSDK/arm-cs-tools/bin/../lib/gcc/arm-none-eabi/4.7.3/thumb2/crtbegin.o
                                 0x4f (size before relaxing)
 .comment       0x00000000       0x4f src/basik.c.9.o
 .comment       0x00000000       0x4f src/clock.c.9.o
 .comment       0x00000000       0x4f src/game.c.9.o
 .comment       0x00000000       0x4f src/robomaze.c.9.o
 .comment       0x00000000       0x4f basalt/appinfo.auto.c.9.o
 .comment       0x00000000       0x4f /home/jacko/pebble-dev/PebbleSDK/arm-cs-tools/bin/../lib/gcc/arm-none-eabi/4.7.3/thumb2/crtend.o

.debug_info     0x00000000     0x3dc1
 .debug_info    0x00000000      0x3cd src/basik.c.9.o
 .debug_info    0x000003cd      0xded src/clock.c.9.o
 .debug_info    0x000011ba     0x1215 src/game.c.9.o
 .debug_info    0x000023cf     0x1415 src/robomaze.c.9.o
 .debug_info    0x000037e4      0x30d basalt/appinfo.auto.c.9.o
 .debug_info    0x00003af1       0xb4 /home/jacko/pebble-dev/PebbleSDK/arm-cs-tools/bin/../lib/gcc/arm-none-eabi/4.7.3/thumb2/libgcc.a(_arm_addsubdf3.o)
 .debug_info    0x00003ba5       0xb4 /home/jacko/pebble-dev/PebbleSDK/arm-cs-tools/bin/../lib/gcc/arm-none-eabi/4.7.3/thumb2/libgcc.a(_arm_muldivdf3.o)
 .debug_info    0x00003c59       0xb4 /home/jacko/pebble-dev/PebbleSDK/arm-cs-tools/bin/../lib/gcc/arm-none-eabi/4.7.3/thumb2/libgcc.a(_arm_cmpdf2.o)
 .debug_info    0x00003d0d       0xb4 /home/jacko/pebble-dev/PebbleSDK/arm-cs-tools/bin/../lib/gcc/arm-none-eabi/4.7.3/thumb2/libgcc.a(_arm_fixdfsi.o)

.debug_abbrev   0x00000000      0xe52
 .debug_abbrev  0x00000000      0x1e9 src/basik.c.9.o
 .debug_abbrev  0x000001e9      0x3aa src/clock.c.9.o
 .debug_abbrev  0x00000593      0x3ed src/game.c.9.o
 .debug_abbrev  0x00000980      0x3e4 src/robomaze.c.9.o
 .debug_abbrev  0x00000d64       0x9e basalt/appinfo.auto.c.9.o
 .debug_abbrev  0x00000e02       0x14 /home/jacko/pebble-dev/PebbleSDK/arm-cs-tools/bin/../lib/gcc/arm-none-eabi/4.7.3/thumb2/libgcc.a(_arm_addsubdf3.o)
 .debug_abbrev  0x00000e16       0x14 /home/jacko/pebble-dev/PebbleSDK/arm-cs-tools/bin/../lib/gcc/arm-none-eabi/4.7.3/thumb2/libgcc.a(_arm_muldivdf3.o)
 .debug_abbrev  0x00000e2a       0x14 /home/jacko/pebble-dev/PebbleSDK/arm-cs-tools/bin/../lib/gcc/arm-none-eabi/4.7.3/thumb2/libgcc.a(_arm_cmpdf2.o)
 .debug_abbrev  0x00000e3e       0x14 /home/jacko/pebble-dev/PebbleSDK/arm-cs-tools/bin/../lib/gcc/arm-none-eabi/4.7.3/thumb2/libgcc.a(_arm_fixdfsi.o)

.debug_loc      0x00000000     0x18ef
 .debug_loc     0x00000000      0x151 src/basik.c.9.o
 .debug_loc     0x00000151      0x939 src/clock.c.9.o
 .debug_loc     0x00000a8a      0x7ee src/game.c.9.o
 .debug_loc     0x00001278      0x677 src/robomaze.c.9.o

.debug_aranges  0x00000000      0x298
 .debug_aranges
                0x00000000       0x40 src/basik.c.9.o
 .debug_aranges
                0x00000040       0x80 src/clock.c.9.o
 .debug_aranges
                0x000000c0       0xc8 src/game.c.9.o
 .debug_aranges
                0x00000188       0x78 src/robomaze.c.9.o
 .debug_aranges
                0x00000200       0x18 basalt/appinfo.auto.c.9.o
 .debug_aranges
                0x00000218       0x20 /home/jacko/pebble-dev/PebbleSDK/arm-cs-tools/bin/../lib/gcc/arm-none-eabi/4.7.3/thumb2/libgcc.a(_arm_addsubdf3.o)
 .debug_aranges
                0x00000238       0x20 /home/jacko/pebble-dev/PebbleSDK/arm-cs-tools/bin/../lib/gcc/arm-none-eabi/4.7.3/thumb2/libgcc.a(_arm_muldivdf3.o)
 .debug_aranges
                0x00000258       0x20 /home/jacko/pebble-dev/PebbleSDK/arm-cs-tools/bin/../lib/gcc/arm-none-eabi/4.7.3/thumb2/libgcc.a(_arm_cmpdf2.o)
 .debug_aranges
                0x00000278       0x20 /home/jacko/pebble-dev/PebbleSDK/arm-cs-tools/bin/../lib/gcc/arm-none-eabi/4.7.3/thumb2/libgcc.a(_arm_fixdfsi.o)

.debug_ranges   0x00000000      0xa18
 .debug_ranges  0x00000000       0x30 src/basik.c.9.o
 .debug_ranges  0x00000030      0x110 src/clock.c.9.o
 .debug_ranges  0x00000140      0x5d0 src/game.c.9.o
 .debug_ranges  0x00000710      0x308 src/robomaze.c.9.o

.debug_line     0x00000000     0x1774
 .debug_line    0x00000000      0x1ef src/basik.c.9.o
 .debug_line    0x000001ef      0x463 src/clock.c.9.o
 .debug_line    0x00000652      0x60a src/game.c.9.o
 .debug_line    0x00000c5c      0x42f src/robomaze.c.9.o
 .debug_line    0x0000108b      0x127 basalt/appinfo.auto.c.9.o
 .debug_line    0x000011b2      0x20a /home/jacko/pebble-dev/PebbleSDK/arm-cs-tools/bin/../lib/gcc/arm-none-eabi/4.7.3/thumb2/libgcc.a(_arm_addsubdf3.o)
 .debug_line    0x000013bc      0x226 /home/jacko/pebble-dev/PebbleSDK/arm-cs-tools/bin/../lib/gcc/arm-none-eabi/4.7.3/thumb2/libgcc.a(_arm_muldivdf3.o)
 .debug_line    0x000015e2      0x10c /home/jacko/pebble-dev/PebbleSDK/arm-cs-tools/bin/../lib/gcc/arm-none-eabi/4.7.3/thumb2/libgcc.a(_arm_cmpdf2.o)
 .debug_line    0x000016ee       0x86 /home/jacko/pebble-dev/PebbleSDK/arm-cs-tools/bin/../lib/gcc/arm-none-eabi/4.7.3/thumb2/libgcc.a(_arm_fixdfsi.o)

.debug_str      0x00000000      0xb86
 .debug_str     0x00000000      0x1e4 src/basik.c.9.o
                                0x231 (size before relaxing)
 .debug_str     0x000001e4      0x1b5 src/clock.c.9.o
                                0x382 (size before relaxing)
 .debug_str     0x00000399      0x169 src/game.c.9.o
                                0x3a6 (size before relaxing)
 .debug_str     0x00000502      0x520 src/robomaze.c.9.o
                                0x7c4 (size before relaxing)
 .debug_str     0x00000a22      0x164 basalt/appinfo.auto.c.9.o
                                0x2bf (size before relaxing)

.debug_frame    0x00000000      0x648
 .debug_frame   0x00000000       0x7c src/basik.c.9.o
 .debug_frame   0x0000007c      0x1b0 src/clock.c.9.o
 .debug_frame   0x0000022c      0x2c4 src/game.c.9.o
 .debug_frame   0x000004f0      0x158 src/robomaze.c.9.o
