Archive member included because of file (symbol)

/home/jacko/pebble-dev/PebbleSDK/Pebble/basalt/lib/libpebble.a(tmpIg2f7tpebble.o)
                              src/robomaze.c.11.o (app_event_loop)
/home/jacko/pebble-dev/PebbleSDK/arm-cs-tools/bin/../lib/gcc/arm-none-eabi/4.7.3/thumb2/libgcc.a(_arm_addsubdf3.o)
                              src/basik.c.11.o (__aeabi_dsub)
/home/jacko/pebble-dev/PebbleSDK/arm-cs-tools/bin/../lib/gcc/arm-none-eabi/4.7.3/thumb2/libgcc.a(_arm_muldivdf3.o)
                              src/basik.c.11.o (__aeabi_dmul)
/home/jacko/pebble-dev/PebbleSDK/arm-cs-tools/bin/../lib/gcc/arm-none-eabi/4.7.3/thumb2/libgcc.a(_arm_cmpdf2.o)
                              src/clock.c.11.o (__aeabi_dcmpeq)
/home/jacko/pebble-dev/PebbleSDK/arm-cs-tools/bin/../lib/gcc/arm-none-eabi/4.7.3/thumb2/libgcc.a(_arm_fixdfsi.o)
                              src/clock.c.11.o (__aeabi_d2iz)

Allocating common symbols
Common symbol       size              file

slong               0x1               src/game.c.11.o
maze                0x435             src/robomaze.c.11.o
direction           0x1               src/game.c.11.o
score               0x4               src/game.c.11.o
level               0x4               src/game.c.11.o
buffer              0x8               src/display.c.11.o
hiscore             0x4               src/game.c.11.o
gAB                 0x1               src/game.c.11.o
con                 0x241             src/robomaze.c.11.o

Discarded input sections

 .text          0x00000000        0x0 /home/jacko/pebble-dev/PebbleSDK/arm-cs-tools/bin/../lib/gcc/arm-none-eabi/4.7.3/thumb2/crti.o
 .bss           0x00000000        0x0 /home/jacko/pebble-dev/PebbleSDK/arm-cs-tools/bin/../lib/gcc/arm-none-eabi/4.7.3/thumb2/crti.o
 .init          0x00000000        0x4 /home/jacko/pebble-dev/PebbleSDK/arm-cs-tools/bin/../lib/gcc/arm-none-eabi/4.7.3/thumb2/crti.o
 .fini          0x00000000        0x4 /home/jacko/pebble-dev/PebbleSDK/arm-cs-tools/bin/../lib/gcc/arm-none-eabi/4.7.3/thumb2/crti.o
 .text          0x00000000       0xc8 /home/jacko/pebble-dev/PebbleSDK/arm-cs-tools/bin/../lib/gcc/arm-none-eabi/4.7.3/thumb2/crtbegin.o
 .bss           0x00000000       0x1c /home/jacko/pebble-dev/PebbleSDK/arm-cs-tools/bin/../lib/gcc/arm-none-eabi/4.7.3/thumb2/crtbegin.o
 .init_array    0x00000000        0x4 /home/jacko/pebble-dev/PebbleSDK/arm-cs-tools/bin/../lib/gcc/arm-none-eabi/4.7.3/thumb2/crtbegin.o
 .fini_array    0x00000000        0x4 /home/jacko/pebble-dev/PebbleSDK/arm-cs-tools/bin/../lib/gcc/arm-none-eabi/4.7.3/thumb2/crtbegin.o
 .eh_frame      0x00000000        0x0 /home/jacko/pebble-dev/PebbleSDK/arm-cs-tools/bin/../lib/gcc/arm-none-eabi/4.7.3/thumb2/crtbegin.o
 .jcr           0x00000000        0x0 /home/jacko/pebble-dev/PebbleSDK/arm-cs-tools/bin/../lib/gcc/arm-none-eabi/4.7.3/thumb2/crtbegin.o
 .tm_clone_table
                0x00000000        0x0 /home/jacko/pebble-dev/PebbleSDK/arm-cs-tools/bin/../lib/gcc/arm-none-eabi/4.7.3/thumb2/crtbegin.o
 .text          0x00000000        0x0 src/basik.c.11.o
 .bss           0x00000000        0x0 src/basik.c.11.o
 .text          0x00000000        0x0 src/clock.c.11.o
 .bss           0x00000000        0x0 src/clock.c.11.o
 .text          0x00000000        0x0 src/display.c.11.o
 .bss           0x00000000        0x0 src/display.c.11.o
 .text.entry    0x00000000       0x54 src/display.c.11.o
 .text.valid    0x00000000       0x1c src/display.c.11.o
 .text          0x00000000        0x0 src/game.c.11.o
 .bss           0x00000000        0x0 src/game.c.11.o
 .text          0x00000000        0x0 src/robomaze.c.11.o
 .bss           0x00000000        0x0 src/robomaze.c.11.o
 .text          0x00000000        0x0 basalt/appinfo.auto.c.11.o
 .bss           0x00000000        0x0 basalt/appinfo.auto.c.11.o
 .bss           0x00000000        0x0 /home/jacko/pebble-dev/PebbleSDK/Pebble/basalt/lib/libpebble.a(tmpIg2f7tpebble.o)
 .text.accel_data_service_subscribe__deprecated
                0x00000000        0xc /home/jacko/pebble-dev/PebbleSDK/Pebble/basalt/lib/libpebble.a(tmpIg2f7tpebble.o)
 .text.accel_data_service_unsubscribe
                0x00000000        0xc /home/jacko/pebble-dev/PebbleSDK/Pebble/basalt/lib/libpebble.a(tmpIg2f7tpebble.o)
 .text.accel_service_peek
                0x00000000        0xc /home/jacko/pebble-dev/PebbleSDK/Pebble/basalt/lib/libpebble.a(tmpIg2f7tpebble.o)
 .text.accel_service_set_samples_per_update
                0x00000000        0xc /home/jacko/pebble-dev/PebbleSDK/Pebble/basalt/lib/libpebble.a(tmpIg2f7tpebble.o)
 .text.accel_service_set_sampling_rate
                0x00000000        0xc /home/jacko/pebble-dev/PebbleSDK/Pebble/basalt/lib/libpebble.a(tmpIg2f7tpebble.o)
 .text.accel_tap_service_subscribe
                0x00000000        0xc /home/jacko/pebble-dev/PebbleSDK/Pebble/basalt/lib/libpebble.a(tmpIg2f7tpebble.o)
 .text.accel_tap_service_unsubscribe
[...]
Memory Configuration

Name             Origin             Length             Attributes
APP              0x00000000         0x00010000         xrw
*default*        0x00000000         0xffffffff

Linker script and memory map

LOAD /home/jacko/pebble-dev/PebbleSDK/arm-cs-tools/bin/../lib/gcc/arm-none-eabi/4.7.3/thumb2/crti.o
LOAD /home/jacko/pebble-dev/PebbleSDK/arm-cs-tools/bin/../lib/gcc/arm-none-eabi/4.7.3/thumb2/crtbegin.o
LOAD src/basik.c.11.o
LOAD src/clock.c.11.o
LOAD src/display.c.11.o
LOAD src/game.c.11.o
LOAD src/robomaze.c.11.o
LOAD basalt/appinfo.auto.c.11.o
LOAD /home/jacko/pebble-dev/PebbleSDK/Pebble/basalt/lib/libpebble.a
START GROUP
LOAD /home/jacko/pebble-dev/PebbleSDK/arm-cs-tools/bin/../lib/gcc/arm-none-eabi/4.7.3/thumb2/libgcc.a
LOAD /home/jacko/pebble-dev/PebbleSDK/arm-cs-tools/bin/../lib/gcc/arm-none-eabi/4.7.3/../../../../arm-none-eabi/lib/thumb2/libc.a
END GROUP
LOAD /home/jacko/pebble-dev/PebbleSDK/arm-cs-tools/bin/../lib/gcc/arm-none-eabi/4.7.3/thumb2/crtend.o
LOAD /home/jacko/pebble-dev/PebbleSDK/arm-cs-tools/bin/../lib/gcc/arm-none-eabi/4.7.3/thumb2/crtn.o

.header         0x00000000       0x82
 *(.pbl_header)
 .pbl_header    0x00000000       0x82 basalt/appinfo.auto.c.11.o
                0x00000000                __pbl_app_info

.note.gnu.build-id
                0x00000082       0x26
                0x00000082                PROVIDE (BUILD_ID, .)
 *(.note.gnu.build-id)
 *fill*         0x00000082        0x2 
 .note.gnu.build-id
                0x00000084       0x24 linker stubs

.text           0x000000a8     0x2e52
 *(.text)
 .text          0x000000a8       0x14 /home/jacko/pebble-dev/PebbleSDK/Pebble/basalt/lib/libpebble.a(tmpIg2f7tpebble.o)
 .text          0x000000bc      0x370 /home/jacko/pebble-dev/PebbleSDK/arm-cs-tools/bin/../lib/gcc/arm-none-eabi/4.7.3/thumb2/libgcc.a(_arm_addsubdf3.o)
                0x000000bc                __aeabi_drsub
                0x000000c4                __aeabi_dsub
                0x000000c4                __subdf3
                0x000000c8                __adddf3
                0x000000c8                __aeabi_dadd
                0x00000340                __aeabi_ui2d
                0x00000340                __floatunsidf
                0x00000360                __floatsidf
                0x00000360                __aeabi_i2d
                0x00000384                __extendsfdf2
                0x00000384                __aeabi_f2d
                0x000003c0                __aeabi_ul2d
                0x000003c0                __floatundidf
                0x000003d0                __floatdidf
                0x000003d0                __aeabi_l2d
 .text          0x0000042c      0x424 /home/jacko/pebble-dev/PebbleSDK/arm-cs-tools/bin/../lib/gcc/arm-none-eabi/4.7.3/thumb2/libgcc.a(_arm_muldivdf3.o)
                0x0000042c                __aeabi_dmul
                0x0000042c                __muldf3
                0x00000680                __aeabi_ddiv
                0x00000680                __divdf3
 .text          0x00000850      0x110 /home/jacko/pebble-dev/PebbleSDK/arm-cs-tools/bin/../lib/gcc/arm-none-eabi/4.7.3/thumb2/libgcc.a(_arm_cmpdf2.o)
                0x00000850                __gtdf2
                0x00000850                __gedf2
                0x00000858                __ltdf2
                0x00000858                __ledf2
                0x00000860                __cmpdf2
                0x00000860                __eqdf2
                0x00000860                __nedf2
                0x000008dc                __aeabi_cdrcmple
                0x000008ec                __aeabi_cdcmple
                0x000008ec                __aeabi_cdcmpeq
                0x000008fc                __aeabi_dcmpeq
                0x00000910                __aeabi_dcmplt
                0x00000924                __aeabi_dcmple
                0x00000938                __aeabi_dcmpge
                0x0000094c                __aeabi_dcmpgt
 .text          0x00000960       0x50 /home/jacko/pebble-dev/PebbleSDK/arm-cs-tools/bin/../lib/gcc/arm-none-eabi/4.7.3/thumb2/libgcc.a(_arm_fixdfsi.o)
                0x00000960                __fixdfsi
                0x00000960                __aeabi_d2iz
 *(.text.*)
 .text.load_basik
                0x000009b0       0x50 src/basik.c.11.o
                0x000009b0                load_basik
 .text.save_basik
                0x00000a00       0x48 src/basik.c.11.o
                0x00000a00                save_basik
 .text.tick_basik
                0x00000a48        0x2 src/basik.c.11.o
                0x00000a48                tick_basik
 .text.click_basik
                0x00000a4a        0x2 src/basik.c.11.o
                0x00000a4a                click_basik
 *fill*         0x00000a4c        0x4 
 .text.click_value
                0x00000a50      0x168 src/basik.c.11.o
                0x00000a50                click_value
 .text.reset_sw
                0x00000bb8       0x34 src/clock.c.11.o
 .text.draw_dp  0x00000bec       0x4c src/clock.c.11.o
 .text.draw     0x00000c38       0x98 src/clock.c.11.o
 .text.tock     0x00000cd0       0xae src/clock.c.11.o
 *fill*         0x00000d7e        0x2 
 .text.printint
                0x00000d80       0x64 src/clock.c.11.o
 *fill*         0x00000de4        0x4 
 .text.printreal
                0x00000de8      0x2e8 src/clock.c.11.o
 .text.save_clock
                0x000010d0       0x54 src/clock.c.11.o
                0x000010d0                save_clock
 .text.show_lvl
                0x00001124       0x20 src/clock.c.11.o
                0x00001124                show_lvl
 .text.tick_clock
                0x00001144      0x2d8 src/clock.c.11.o
                0x00001144                tick_clock
 .text.load_clock
                0x0000141c      0x144 src/clock.c.11.o
                0x0000141c                load_clock
 .text.click_clock
                0x00001560      0x148 src/clock.c.11.o
                0x00001560                click_clock
 .text.changed  0x000016a8       0x8c src/display.c.11.o
 .text.get_at   0x00001734      0x108 src/display.c.11.o
                0x00001734                get_at
 .text.click_display
                0x0000183c      0x104 src/display.c.11.o
                0x0000183c                click_display
 .text.delay    0x00001940       0x50 src/game.c.11.o
 .text.evaluate
                0x00001990       0x48 src/game.c.11.o
 .text.activechaf
                0x000019d8       0xa4 src/game.c.11.o
 .text.processmaze
                0x00001a7c       0x7c src/game.c.11.o
 .text.drawmaze
                0x00001af8       0x7c src/game.c.11.o
 .text.xpand    0x00001b74       0x54 src/game.c.11.o
 .text.loadwall
                0x00001bc8       0x58 src/game.c.11.o
 .text.loadchaf
                0x00001c20       0x40 src/game.c.11.o
 .text.makechar
                0x00001c60       0x98 src/game.c.11.o
 .text.reset    0x00001cf8       0x64 src/game.c.11.o
                0x00001cf8                reset
 .text.account  0x00001d5c       0x30 src/game.c.11.o
 .text.destroywall
                0x00001d8c       0xc4 src/game.c.11.o
 .text.makemaze
                0x00001e50       0x4c src/game.c.11.o
 .text.xydxy.isra.0
                0x00001e9c       0x16 src/game.c.11.o
 *fill*         0x00001eb2        0x2 
 .text.drawchars
                0x00001eb4       0x90 src/game.c.11.o
 .text.ready    0x00001f44       0x40 src/game.c.11.o
 .text.move     0x00001f84       0xec src/game.c.11.o
 .text.tick     0x00002070       0x10 src/game.c.11.o
                0x00002070                tick
 .text.click    0x00002080       0x64 src/game.c.11.o
                0x00002080                click
 .text.load     0x000020e4      0x150 src/game.c.11.o
                0x000020e4                load
 .text.save     0x00002234      0x16c src/game.c.11.o
                0x00002234                save
 .text.respond  0x000023a0      0x108 src/game.c.11.o
 .text.main_window_unload
                0x000024a8       0x5c src/robomaze.c.11.o
 .text.main_window_load
                0x00002504      0x274 src/robomaze.c.11.o
 .text.config_provider
                0x00002778       0x5c src/robomaze.c.11.o
 .text.get_map  0x000027d4       0x40 src/robomaze.c.11.o
                0x000027d4                get_map
 .text.put_map  0x00002814       0x58 src/robomaze.c.11.o
                0x00002814                put_map
 .text.layer_draw
                0x0000286c      0x248 src/robomaze.c.11.o
 .text.mark_dirty
                0x00002ab4       0x54 src/robomaze.c.11.o
                0x00002ab4                mark_dirty
 .text.handle_second_tick
                0x00002b08       0x58 src/robomaze.c.11.o
 .text.clicks   0x00002b60       0x60 src/robomaze.c.11.o
 .text.long_click_handler
                0x00002bc0        0x6 src/robomaze.c.11.o
 .text.single_click_handler
                0x00002bc6        0x6 src/robomaze.c.11.o
 .text.startup.main
                0x00002bcc       0x68 src/robomaze.c.11.o
                0x00002bcc                main
 .text.app_event_loop
                0x00002c34        0xc /home/jacko/pebble-dev/PebbleSDK/Pebble/basalt/lib/libpebble.a(tmpIg2f7tpebble.o)
                0x00002c34                app_event_loop
 .text.click_recognizer_get_button_id
                0x00002c40        0xc /home/jacko/pebble-dev/PebbleSDK/Pebble/basalt/lib/libpebble.a(tmpIg2f7tpebble.o)
                0x00002c40                click_recognizer_get_button_id
 .text.clock_is_24h_style
                0x00002c4c        0xc /home/jacko/pebble-dev/PebbleSDK/Pebble/basalt/lib/libpebble.a(tmpIg2f7tpebble.o)
                0x00002c4c                clock_is_24h_style
 .text.gbitmap_create_as_sub_bitmap
                0x00002c58        0xc /home/jacko/pebble-dev/PebbleSDK/Pebble/basalt/lib/libpebble.a(tmpIg2f7tpebble.o)
                0x00002c58                gbitmap_create_as_sub_bitmap
 .text.gbitmap_create_with_resource
                0x00002c64        0xc /home/jacko/pebble-dev/PebbleSDK/Pebble/basalt/lib/libpebble.a(tmpIg2f7tpebble.o)
                0x00002c64                gbitmap_create_with_resource
 .text.gbitmap_destroy
                0x00002c70        0xc /home/jacko/pebble-dev/PebbleSDK/Pebble/basalt/lib/libpebble.a(tmpIg2f7tpebble.o)
                0x00002c70                gbitmap_destroy
 .text.graphics_draw_bitmap_in_rect
                0x00002c7c        0xc /home/jacko/pebble-dev/PebbleSDK/Pebble/basalt/lib/libpebble.a(tmpIg2f7tpebble.o)
                0x00002c7c                graphics_draw_bitmap_in_rect
 .text.graphics_fill_rect
                0x00002c88        0xc /home/jacko/pebble-dev/PebbleSDK/Pebble/basalt/lib/libpebble.a(tmpIg2f7tpebble.o)
                0x00002c88                graphics_fill_rect
 .text.layer_add_child
                0x00002c94        0xc /home/jacko/pebble-dev/PebbleSDK/Pebble/basalt/lib/libpebble.a(tmpIg2f7tpebble.o)
                0x00002c94                layer_add_child
 .text.layer_create
                0x00002ca0        0xc /home/jacko/pebble-dev/PebbleSDK/Pebble/basalt/lib/libpebble.a(tmpIg2f7tpebble.o)
                0x00002ca0                layer_create
 .text.layer_destroy
                0x00002cac        0xc /home/jacko/pebble-dev/PebbleSDK/Pebble/basalt/lib/libpebble.a(tmpIg2f7tpebble.o)
                0x00002cac                layer_destroy
 .text.layer_get_bounds
                0x00002cb8        0xc /home/jacko/pebble-dev/PebbleSDK/Pebble/basalt/lib/libpebble.a(tmpIg2f7tpebble.o)
                0x00002cb8                layer_get_bounds
 .text.layer_mark_dirty
                0x00002cc4        0xc /home/jacko/pebble-dev/PebbleSDK/Pebble/basalt/lib/libpebble.a(tmpIg2f7tpebble.o)
                0x00002cc4                layer_mark_dirty
 .text.layer_set_bounds
                0x00002cd0        0xc /home/jacko/pebble-dev/PebbleSDK/Pebble/basalt/lib/libpebble.a(tmpIg2f7tpebble.o)
                0x00002cd0                layer_set_bounds
 .text.layer_set_update_proc
                0x00002cdc        0xc /home/jacko/pebble-dev/PebbleSDK/Pebble/basalt/lib/libpebble.a(tmpIg2f7tpebble.o)
                0x00002cdc                layer_set_update_proc
 .text.memset   0x00002ce8        0xc /home/jacko/pebble-dev/PebbleSDK/Pebble/basalt/lib/libpebble.a(tmpIg2f7tpebble.o)
                0x00002ce8                memset
 .text.persist_exists
                0x00002cf4        0xc /home/jacko/pebble-dev/PebbleSDK/Pebble/basalt/lib/libpebble.a(tmpIg2f7tpebble.o)
                0x00002cf4                persist_exists
 .text.persist_read_bool
                0x00002d00        0xc /home/jacko/pebble-dev/PebbleSDK/Pebble/basalt/lib/libpebble.a(tmpIg2f7tpebble.o)
                0x00002d00                persist_read_bool
 .text.persist_read_int
                0x00002d0c        0xc /home/jacko/pebble-dev/PebbleSDK/Pebble/basalt/lib/libpebble.a(tmpIg2f7tpebble.o)
                0x00002d0c                persist_read_int
 .text.persist_write_bool
                0x00002d18        0xc /home/jacko/pebble-dev/PebbleSDK/Pebble/basalt/lib/libpebble.a(tmpIg2f7tpebble.o)
                0x00002d18                persist_write_bool
 .text.persist_write_int
                0x00002d24        0xc /home/jacko/pebble-dev/PebbleSDK/Pebble/basalt/lib/libpebble.a(tmpIg2f7tpebble.o)
                0x00002d24                persist_write_int
 .text.rand     0x00002d30        0xc /home/jacko/pebble-dev/PebbleSDK/Pebble/basalt/lib/libpebble.a(tmpIg2f7tpebble.o)
                0x00002d30                rand
 .text.srand    0x00002d3c        0xc /home/jacko/pebble-dev/PebbleSDK/Pebble/basalt/lib/libpebble.a(tmpIg2f7tpebble.o)
                0x00002d3c                srand
 .text.tick_timer_service_subscribe
                0x00002d48        0xc /home/jacko/pebble-dev/PebbleSDK/Pebble/basalt/lib/libpebble.a(tmpIg2f7tpebble.o)
                0x00002d48                tick_timer_service_subscribe
 .text.window_create
                0x00002d54        0xc /home/jacko/pebble-dev/PebbleSDK/Pebble/basalt/lib/libpebble.a(tmpIg2f7tpebble.o)
                0x00002d54                window_create
 .text.window_destroy
                0x00002d60        0xc /home/jacko/pebble-dev/PebbleSDK/Pebble/basalt/lib/libpebble.a(tmpIg2f7tpebble.o)
                0x00002d60                window_destroy
 .text.window_get_root_layer
                0x00002d6c        0xc /home/jacko/pebble-dev/PebbleSDK/Pebble/basalt/lib/libpebble.a(tmpIg2f7tpebble.o)
                0x00002d6c                window_get_root_layer
 .text.window_set_click_config_provider
                0x00002d78        0xc /home/jacko/pebble-dev/PebbleSDK/Pebble/basalt/lib/libpebble.a(tmpIg2f7tpebble.o)
                0x00002d78                window_set_click_config_provider
 .text.window_set_window_handlers
                0x00002d84        0xc /home/jacko/pebble-dev/PebbleSDK/Pebble/basalt/lib/libpebble.a(tmpIg2f7tpebble.o)
                0x00002d84                window_set_window_handlers
 .text.window_stack_push
                0x00002d90        0xc /home/jacko/pebble-dev/PebbleSDK/Pebble/basalt/lib/libpebble.a(tmpIg2f7tpebble.o)
                0x00002d90                window_stack_push
 .text.window_long_click_subscribe
                0x00002d9c        0xc /home/jacko/pebble-dev/PebbleSDK/Pebble/basalt/lib/libpebble.a(tmpIg2f7tpebble.o)
                0x00002d9c                window_long_click_subscribe
 .text.window_single_click_subscribe
                0x00002da8        0xc /home/jacko/pebble-dev/PebbleSDK/Pebble/basalt/lib/libpebble.a(tmpIg2f7tpebble.o)
                0x00002da8                window_single_click_subscribe
 .text.persist_read_data
                0x00002db4        0xc /home/jacko/pebble-dev/PebbleSDK/Pebble/basalt/lib/libpebble.a(tmpIg2f7tpebble.o)
                0x00002db4                persist_read_data
 .text.persist_write_data
                0x00002dc0        0xc /home/jacko/pebble-dev/PebbleSDK/Pebble/basalt/lib/libpebble.a(tmpIg2f7tpebble.o)
                0x00002dc0                persist_write_data
 .text.graphics_context_set_fill_color
                0x00002dcc        0xc /home/jacko/pebble-dev/PebbleSDK/Pebble/basalt/lib/libpebble.a(tmpIg2f7tpebble.o)
                0x00002dcc                graphics_context_set_fill_color
 .text.localtime
                0x00002dd8        0xc /home/jacko/pebble-dev/PebbleSDK/Pebble/basalt/lib/libpebble.a(tmpIg2f7tpebble.o)
                0x00002dd8                localtime
 .text.time     0x00002de4        0xc /home/jacko/pebble-dev/PebbleSDK/Pebble/basalt/lib/libpebble.a(tmpIg2f7tpebble.o)
                0x00002de4                time
 *(.rodata)
 .rodata        0x00002df0       0x18 src/robomaze.c.11.o
 *(.rodata*)
 .rodata.delays
                0x00002e08        0x7 src/clock.c.11.o
 .rodata.days   0x00002e0f       0x39 src/clock.c.11.o
 .rodata.pics   0x00002e48       0x42 src/clock.c.11.o
 .rodata.keys   0x00002e8a        0x7 src/clock.c.11.o
 .rodata.specials
                0x00002e91        0x8 src/display.c.11.o
 .rodata.doubles
                0x00002e99       0x28 src/display.c.11.o
 .rodata.defis  0x00002ec1        0x8 src/game.c.11.o
 .rodata.offset
                0x00002ec9        0x4 src/game.c.11.o
 .rodata.dir    0x00002ecd        0x5 src/game.c.11.o
 .rodata.orders
                0x00002ed2       0x10 src/game.c.11.o
 .rodata.dxy    0x00002ee2        0x4 src/game.c.11.o
 .rodata.defchar
                0x00002ee6       0x14 src/game.c.11.o

.glue_7         0x00002efc        0x0
 .glue_7        0x00000000        0x0 linker stubs

.glue_7t        0x00002efc        0x0
 .glue_7t       0x00000000        0x0 linker stubs

.vfp11_veneer   0x00002efc        0x0
 .vfp11_veneer  0x00000000        0x0 linker stubs

.v4_bx          0x00002efc        0x0
 .v4_bx         0x00000000        0x0 linker stubs

.iplt           0x00002efc        0x0
 .iplt          0x00000000        0x0 /home/jacko/pebble-dev/PebbleSDK/arm-cs-tools/bin/../lib/gcc/arm-none-eabi/4.7.3/thumb2/crtbegin.o

.rel.dyn        0x00002efc        0x0
 .rel.iplt      0x00000000        0x0 /home/jacko/pebble-dev/PebbleSDK/arm-cs-tools/bin/../lib/gcc/arm-none-eabi/4.7.3/thumb2/crtbegin.o
 .rel.got       0x00000000        0x0 /home/jacko/pebble-dev/PebbleSDK/arm-cs-tools/bin/../lib/gcc/arm-none-eabi/4.7.3/thumb2/crtbegin.o

.data           0x00002efc       0x38
 *(.data)
 .data          0x00002efc        0x0 /home/jacko/pebble-dev/PebbleSDK/arm-cs-tools/bin/../lib/gcc/arm-none-eabi/4.7.3/thumb2/crti.o
 .data          0x00002efc        0x4 /home/jacko/pebble-dev/PebbleSDK/arm-cs-tools/bin/../lib/gcc/arm-none-eabi/4.7.3/thumb2/crtbegin.o
                0x00002efc                __dso_handle
 .data          0x00002f00        0x0 src/basik.c.11.o
 .data          0x00002f00        0x0 src/clock.c.11.o
 .data          0x00002f00        0x0 src/display.c.11.o
 .data          0x00002f00        0x0 src/game.c.11.o
 .data          0x00002f00        0x0 src/robomaze.c.11.o
 .data          0x00002f00        0x0 basalt/appinfo.auto.c.11.o
 .data          0x00002f00        0x0 /home/jacko/pebble-dev/PebbleSDK/Pebble/basalt/lib/libpebble.a(tmpIg2f7tpebble.o)
 .data          0x00002f00        0x0 /home/jacko/pebble-dev/PebbleSDK/arm-cs-tools/bin/../lib/gcc/arm-none-eabi/4.7.3/thumb2/libgcc.a(_arm_addsubdf3.o)
 .data          0x00002f00        0x0 /home/jacko/pebble-dev/PebbleSDK/arm-cs-tools/bin/../lib/gcc/arm-none-eabi/4.7.3/thumb2/libgcc.a(_arm_muldivdf3.o)
 .data          0x00002f00        0x0 /home/jacko/pebble-dev/PebbleSDK/arm-cs-tools/bin/../lib/gcc/arm-none-eabi/4.7.3/thumb2/libgcc.a(_arm_cmpdf2.o)
 .data          0x00002f00        0x0 /home/jacko/pebble-dev/PebbleSDK/arm-cs-tools/bin/../lib/gcc/arm-none-eabi/4.7.3/thumb2/libgcc.a(_arm_fixdfsi.o)
 .data          0x00002f00        0x0 /home/jacko/pebble-dev/PebbleSDK/arm-cs-tools/bin/../lib/gcc/arm-none-eabi/4.7.3/thumb2/crtend.o
 .data          0x00002f00        0x0 /home/jacko/pebble-dev/PebbleSDK/arm-cs-tools/bin/../lib/gcc/arm-none-eabi/4.7.3/thumb2/crtn.o
 *(.data.*)
 .data.selector
                0x00002f00        0x4 src/display.c.11.o
                0x00002f00                selector
 .data.rel.oldstate
                0x00002f04        0x4 src/game.c.11.o
 .data.rel.ro.fn
                0x00002f08       0x28 src/game.c.11.o
 .data.rel.state
                0x00002f30        0x4 src/game.c.11.o

.igot.plt       0x00002f34        0x0
 .igot.plt      0x00000000        0x0 /home/jacko/pebble-dev/PebbleSDK/arm-cs-tools/bin/../lib/gcc/arm-none-eabi/4.7.3/thumb2/crtbegin.o

.got            0x00002f34       0x3c
 .got           0x00002f34       0x3c /home/jacko/pebble-dev/PebbleSDK/arm-cs-tools/bin/../lib/gcc/arm-none-eabi/4.7.3/thumb2/crtbegin.o

.got.plt        0x00002f70        0xc
 .got.plt       0x00002f70        0xc /home/jacko/pebble-dev/PebbleSDK/arm-cs-tools/bin/../lib/gcc/arm-none-eabi/4.7.3/thumb2/crtbegin.o
                0x00002f70                _GLOBAL_OFFSET_TABLE_

.bss            0x00002f80      0x94b
 *(.bss)
 *(.bss.*)
 .bss.expo      0x00002f80        0x1 src/basik.c.11.o
 *fill*         0x00002f81        0x7 
 .bss.xx        0x00002f88        0x8 src/basik.c.11.o
 .bss.value     0x00002f90        0x8 src/basik.c.11.o
                0x00002f90                value
 .bss.error     0x00002f98        0x1 src/basik.c.11.o
                0x00002f98                error
 .bss.hold      0x00002f99        0x1 src/basik.c.11.o
 *fill*         0x00002f9a        0x2 
 .bss.reg       0x00002f9c       0x30 src/clock.c.11.o
 .bss.clickback
                0x00002fcc        0x1 src/clock.c.11.o
 *fill*         0x00002fcd        0x1 
 .bss.sw_butt   0x00002fce        0x2 src/clock.c.11.o
 .bss.dp        0x00002fd0        0x1 src/clock.c.11.o
                0x00002fd0                dp
 .bss.button_sec
                0x00002fd1        0x1 src/clock.c.11.o
 .bss.mode      0x00002fd2        0x1 src/clock.c.11.o
                0x00002fd2                mode
 *fill*         0x00002fd3        0x1 
 .bss.lap       0x00002fd4       0x30 src/clock.c.11.o
 .bss.vidmode   0x00003004        0x1 src/display.c.11.o
                0x00003004                vidmode
 *fill*         0x00003005        0x3 
 .bss.cur       0x00003008        0x4 src/display.c.11.o
 .bss.pause     0x0000300c        0x1 src/game.c.11.o
                0x0000300c                pause
 .bss.ting      0x0000300d       0x28 src/game.c.11.o
 *fill*         0x00003035        0x1 
 .bss.chaf      0x00003036       0x20 src/game.c.11.o
 .bss.success   0x00003056        0x1 src/game.c.11.o
 *fill*         0x00003057        0x1 
 .bss.countdown
                0x00003058        0x4 src/game.c.11.o
 .bss.compact   0x0000305c       0x3e src/game.c.11.o
 *fill*         0x0000309a        0x2 
 .bss.layer     0x0000309c        0x4 src/robomaze.c.11.o
 .bss.char_gfx  0x000030a0      0x10c src/robomaze.c.11.o
 .bss.last      0x000031ac        0x1 src/robomaze.c.11.o
 *fill*         0x000031ad        0x3 
 .bss.seconds   0x000031b0        0x4 src/robomaze.c.11.o
                0x000031b0                seconds
 .bss.ticks     0x000031b4        0x4 src/robomaze.c.11.o
 .bss.map       0x000031b8        0x4 src/robomaze.c.11.o
 .bss.maze_gfx  0x000031bc       0x7c src/robomaze.c.11.o
 .bss.s_main_window
                0x00003238        0x4 src/robomaze.c.11.o
 COMMON         0x0000323c        0x8 src/display.c.11.o
                0x0000323c                buffer
 COMMON         0x00003244       0x11 src/game.c.11.o
                0x00003244                slong
                0x00003245                direction
                0x00003248                score
                0x0000324c                level
                0x00003250                hiscore
                0x00003254                gAB
 COMMON         0x00003255      0x676 src/robomaze.c.11.o
                0x00003255                maze
                0x0000368a                con

DISCARD
 libc.a(*)
 libm.a(*)
 libgcc.a(*)
 *(.eh_frame)
OUTPUT(/home/jacko/pebble-dev/examples/watchapps/RoboMaze/build/basalt/pebble-app.elf elf32-littlearm)

.ARM.attributes
                0x00000000       0x27
 .ARM.attributes
                0x00000000       0x19 /home/jacko/pebble-dev/PebbleSDK/arm-cs-tools/bin/../lib/gcc/arm-none-eabi/4.7.3/thumb2/crti.o
 .ARM.attributes
                0x00000019       0x29 /home/jacko/pebble-dev/PebbleSDK/arm-cs-tools/bin/../lib/gcc/arm-none-eabi/4.7.3/thumb2/crtbegin.o
 .ARM.attributes
                0x00000042       0x33 src/basik.c.11.o
 .ARM.attributes
                0x00000075       0x33 src/clock.c.11.o
 .ARM.attributes
                0x000000a8       0x33 src/display.c.11.o
 .ARM.attributes
                0x000000db       0x33 src/game.c.11.o
 .ARM.attributes
                0x0000010e       0x33 src/robomaze.c.11.o
 .ARM.attributes
                0x00000141       0x33 basalt/appinfo.auto.c.11.o
 .ARM.attributes
                0x00000174       0x21 /home/jacko/pebble-dev/PebbleSDK/Pebble/basalt/lib/libpebble.a(tmpIg2f7tpebble.o)
 .ARM.attributes
                0x00000195       0x19 /home/jacko/pebble-dev/PebbleSDK/arm-cs-tools/bin/../lib/gcc/arm-none-eabi/4.7.3/thumb2/libgcc.a(_arm_addsubdf3.o)
 .ARM.attributes
                0x000001ae       0x19 /home/jacko/pebble-dev/PebbleSDK/arm-cs-tools/bin/../lib/gcc/arm-none-eabi/4.7.3/thumb2/libgcc.a(_arm_muldivdf3.o)
 .ARM.attributes
                0x000001c7       0x19 /home/jacko/pebble-dev/PebbleSDK/arm-cs-tools/bin/../lib/gcc/arm-none-eabi/4.7.3/thumb2/libgcc.a(_arm_cmpdf2.o)
 .ARM.attributes
                0x000001e0       0x19 /home/jacko/pebble-dev/PebbleSDK/arm-cs-tools/bin/../lib/gcc/arm-none-eabi/4.7.3/thumb2/libgcc.a(_arm_fixdfsi.o)
 .ARM.attributes
                0x000001f9       0x29 /home/jacko/pebble-dev/PebbleSDK/arm-cs-tools/bin/../lib/gcc/arm-none-eabi/4.7.3/thumb2/crtend.o
 .ARM.attributes
                0x00000222       0x19 /home/jacko/pebble-dev/PebbleSDK/arm-cs-tools/bin/../lib/gcc/arm-none-eabi/4.7.3/thumb2/crtn.o

.comment        0x00000000       0x4e
 .comment       0x00000000       0x4e /home/jacko/pebble-dev/PebbleSDK/arm-cs-tools/bin/../lib/gcc/arm-none-eabi/4.7.3/thumb2/crtbegin.o
                                 0x4f (size before relaxing)
 .comment       0x00000000       0x4f src/basik.c.11.o
 .comment       0x00000000       0x4f src/clock.c.11.o
 .comment       0x00000000       0x4f src/display.c.11.o
 .comment       0x00000000       0x4f src/game.c.11.o
 .comment       0x00000000       0x4f src/robomaze.c.11.o
 .comment       0x00000000       0x4f basalt/appinfo.auto.c.11.o
 .comment       0x00000000       0x4f /home/jacko/pebble-dev/PebbleSDK/arm-cs-tools/bin/../lib/gcc/arm-none-eabi/4.7.3/thumb2/crtend.o

.debug_info     0x00000000     0x40be
 .debug_info    0x00000000      0x3cd src/basik.c.11.o
 .debug_info    0x000003cd      0xd9e src/clock.c.11.o
 .debug_info    0x0000116b      0x30d src/display.c.11.o
 .debug_info    0x00001478     0x1228 src/game.c.11.o
 .debug_info    0x000026a0     0x1441 src/robomaze.c.11.o
 .debug_info    0x00003ae1      0x30d basalt/appinfo.auto.c.11.o
 .debug_info    0x00003dee       0xb4 /home/jacko/pebble-dev/PebbleSDK/arm-cs-tools/bin/../lib/gcc/arm-none-eabi/4.7.3/thumb2/libgcc.a(_arm_addsubdf3.o)
 .debug_info    0x00003ea2       0xb4 /home/jacko/pebble-dev/PebbleSDK/arm-cs-tools/bin/../lib/gcc/arm-none-eabi/4.7.3/thumb2/libgcc.a(_arm_muldivdf3.o)
 .debug_info    0x00003f56       0xb4 /home/jacko/pebble-dev/PebbleSDK/arm-cs-tools/bin/../lib/gcc/arm-none-eabi/4.7.3/thumb2/libgcc.a(_arm_cmpdf2.o)
 .debug_info    0x0000400a       0xb4 /home/jacko/pebble-dev/PebbleSDK/arm-cs-tools/bin/../lib/gcc/arm-none-eabi/4.7.3/thumb2/libgcc.a(_arm_fixdfsi.o)

.debug_abbrev   0x00000000     0x104a
 .debug_abbrev  0x00000000      0x1e9 src/basik.c.11.o
 .debug_abbrev  0x000001e9      0x3b9 src/clock.c.11.o
 .debug_abbrev  0x000005a2      0x1d1 src/display.c.11.o
 .debug_abbrev  0x00000773      0x405 src/game.c.11.o
 .debug_abbrev  0x00000b78      0x3e4 src/robomaze.c.11.o
 .debug_abbrev  0x00000f5c       0x9e basalt/appinfo.auto.c.11.o
 .debug_abbrev  0x00000ffa       0x14 /home/jacko/pebble-dev/PebbleSDK/arm-cs-tools/bin/../lib/gcc/arm-none-eabi/4.7.3/thumb2/libgcc.a(_arm_addsubdf3.o)
 .debug_abbrev  0x0000100e       0x14 /home/jacko/pebble-dev/PebbleSDK/arm-cs-tools/bin/../lib/gcc/arm-none-eabi/4.7.3/thumb2/libgcc.a(_arm_muldivdf3.o)
 .debug_abbrev  0x00001022       0x14 /home/jacko/pebble-dev/PebbleSDK/arm-cs-tools/bin/../lib/gcc/arm-none-eabi/4.7.3/thumb2/libgcc.a(_arm_cmpdf2.o)
 .debug_abbrev  0x00001036       0x14 /home/jacko/pebble-dev/PebbleSDK/arm-cs-tools/bin/../lib/gcc/arm-none-eabi/4.7.3/thumb2/libgcc.a(_arm_fixdfsi.o)

.debug_loc      0x00000000     0x1cfd
 .debug_loc     0x00000000      0x151 src/basik.c.11.o
 .debug_loc     0x00000151      0x884 src/clock.c.11.o
 .debug_loc     0x000009d5      0x4ad src/display.c.11.o
 .debug_loc     0x00000e82      0x7ee src/game.c.11.o
 .debug_loc     0x00001670      0x68d src/robomaze.c.11.o

.debug_aranges  0x00000000      0x2c8
 .debug_aranges
                0x00000000       0x40 src/basik.c.11.o
 .debug_aranges
                0x00000040       0x70 src/clock.c.11.o
 .debug_aranges
                0x000000b0       0x40 src/display.c.11.o
 .debug_aranges
                0x000000f0       0xc8 src/game.c.11.o
 .debug_aranges
                0x000001b8       0x78 src/robomaze.c.11.o
 .debug_aranges
                0x00000230       0x18 basalt/appinfo.auto.c.11.o
 .debug_aranges
                0x00000248       0x20 /home/jacko/pebble-dev/PebbleSDK/arm-cs-tools/bin/../lib/gcc/arm-none-eabi/4.7.3/thumb2/libgcc.a(_arm_addsubdf3.o)
 .debug_aranges
                0x00000268       0x20 /home/jacko/pebble-dev/PebbleSDK/arm-cs-tools/bin/../lib/gcc/arm-none-eabi/4.7.3/thumb2/libgcc.a(_arm_muldivdf3.o)
 .debug_aranges
                0x00000288       0x20 /home/jacko/pebble-dev/PebbleSDK/arm-cs-tools/bin/../lib/gcc/arm-none-eabi/4.7.3/thumb2/libgcc.a(_arm_cmpdf2.o)
 .debug_aranges
                0x000002a8       0x20 /home/jacko/pebble-dev/PebbleSDK/arm-cs-tools/bin/../lib/gcc/arm-none-eabi/4.7.3/thumb2/libgcc.a(_arm_fixdfsi.o)

.debug_ranges   0x00000000      0xab8
 .debug_ranges  0x00000000       0x30 src/basik.c.11.o
 .debug_ranges  0x00000030      0x150 src/clock.c.11.o
 .debug_ranges  0x00000180       0x60 src/display.c.11.o
 .debug_ranges  0x000001e0      0x5d0 src/game.c.11.o
 .debug_ranges  0x000007b0      0x308 src/robomaze.c.11.o

.debug_line     0x00000000     0x1942
 .debug_line    0x00000000      0x1ef src/basik.c.11.o
 .debug_line    0x000001ef      0x4a2 src/clock.c.11.o
 .debug_line    0x00000691      0x167 src/display.c.11.o
 .debug_line    0x000007f8      0x623 src/game.c.11.o
 .debug_line    0x00000e1b      0x43e src/robomaze.c.11.o
 .debug_line    0x00001259      0x127 basalt/appinfo.auto.c.11.o
 .debug_line    0x00001380      0x20a /home/jacko/pebble-dev/PebbleSDK/arm-cs-tools/bin/../lib/gcc/arm-none-eabi/4.7.3/thumb2/libgcc.a(_arm_addsubdf3.o)
 .debug_line    0x0000158a      0x226 /home/jacko/pebble-dev/PebbleSDK/arm-cs-tools/bin/../lib/gcc/arm-none-eabi/4.7.3/thumb2/libgcc.a(_arm_muldivdf3.o)
 .debug_line    0x000017b0      0x10c /home/jacko/pebble-dev/PebbleSDK/arm-cs-tools/bin/../lib/gcc/arm-none-eabi/4.7.3/thumb2/libgcc.a(_arm_cmpdf2.o)
 .debug_line    0x000018bc       0x86 /home/jacko/pebble-dev/PebbleSDK/arm-cs-tools/bin/../lib/gcc/arm-none-eabi/4.7.3/thumb2/libgcc.a(_arm_fixdfsi.o)

.debug_str      0x00000000      0xbf6
 .debug_str     0x00000000      0x1e4 src/basik.c.11.o
                                0x231 (size before relaxing)
 .debug_str     0x000001e4      0x1c8 src/clock.c.11.o
                                0x39a (size before relaxing)
 .debug_str     0x000003ac       0x71 src/display.c.11.o
                                0x1ae (size before relaxing)
 .debug_str     0x0000041d      0x155 src/game.c.11.o
                                0x3ac (size before relaxing)
 .debug_str     0x00000572      0x520 src/robomaze.c.11.o
                                0x7db (size before relaxing)
 .debug_str     0x00000a92      0x164 basalt/appinfo.auto.c.11.o
                                0x2bf (size before relaxing)

.debug_frame    0x00000000      0x684
 .debug_frame   0x00000000       0x7c src/basik.c.11.o
 .debug_frame   0x0000007c      0x178 src/clock.c.11.o
 .debug_frame   0x000001f4       0x74 src/display.c.11.o
 .debug_frame   0x00000268      0x2c4 src/game.c.11.o
 .debug_frame   0x0000052c      0x158 src/robomaze.c.11.o
