Archive member included because of file (symbol)

/home/jacko/pebble-dev/PebbleSDK/Pebble/basalt/lib/libpebble.a(tmp3iK9SBpebble.o)
                              src/robomaze.c.23.o (app_event_loop)
/home/jacko/pebble-dev/PebbleSDK/arm-cs-tools/bin/../lib/gcc/arm-none-eabi/4.7.3/thumb2/libgcc.a(_arm_addsubdf3.o)
                              src/clock.c.23.o (__aeabi_dsub)
/home/jacko/pebble-dev/PebbleSDK/arm-cs-tools/bin/../lib/gcc/arm-none-eabi/4.7.3/thumb2/libgcc.a(_arm_muldivdf3.o)
                              src/clock.c.23.o (__aeabi_dmul)
/home/jacko/pebble-dev/PebbleSDK/arm-cs-tools/bin/../lib/gcc/arm-none-eabi/4.7.3/thumb2/libgcc.a(_arm_cmpdf2.o)
                              src/clock.c.23.o (__aeabi_dcmpeq)
/home/jacko/pebble-dev/PebbleSDK/arm-cs-tools/bin/../lib/gcc/arm-none-eabi/4.7.3/thumb2/libgcc.a(_arm_fixdfsi.o)
                              src/clock.c.23.o (__aeabi_d2iz)

Allocating common symbols
Common symbol       size              file

maze                0x435             src/robomaze.c.23.o
direction           0x1               src/game.c.23.o
score               0x4               src/game.c.23.o
level               0x4               src/game.c.23.o
hiscore             0x4               src/game.c.23.o
gAB                 0x1               src/game.c.23.o
con                 0x241             src/robomaze.c.23.o

Discarded input sections

 .text          0x00000000        0x0 /home/jacko/pebble-dev/PebbleSDK/arm-cs-tools/bin/../lib/gcc/arm-none-eabi/4.7.3/thumb2/crti.o
 .bss           0x00000000        0x0 /home/jacko/pebble-dev/PebbleSDK/arm-cs-tools/bin/../lib/gcc/arm-none-eabi/4.7.3/thumb2/crti.o
 .init          0x00000000        0x4 /home/jacko/pebble-dev/PebbleSDK/arm-cs-tools/bin/../lib/gcc/arm-none-eabi/4.7.3/thumb2/crti.o
 .fini          0x00000000        0x4 /home/jacko/pebble-dev/PebbleSDK/arm-cs-tools/bin/../lib/gcc/arm-none-eabi/4.7.3/thumb2/crti.o
 .text          0x00000000       0xc8 /home/jacko/pebble-dev/PebbleSDK/arm-cs-tools/bin/../lib/gcc/arm-none-eabi/4.7.3/thumb2/crtbegin.o
 .bss           0x00000000       0x1c /home/jacko/pebble-dev/PebbleSDK/arm-cs-tools/bin/../lib/gcc/arm-none-eabi/4.7.3/thumb2/crtbegin.o
 .init_array    0x00000000        0x4 /home/jacko/pebble-dev/PebbleSDK/arm-cs-tools/bin/../lib/gcc/arm-none-eabi/4.7.3/thumb2/crtbegin.o
 .fini_array    0x00000000        0x4 /home/jacko/pebble-dev/PebbleSDK/arm-cs-tools/bin/../lib/gcc/arm-none-eabi/4.7.3/thumb2/crtbegin.o
 .eh_frame      0x00000000        0x0 /home/jacko/pebble-dev/PebbleSDK/arm-cs-tools/bin/../lib/gcc/arm-none-eabi/4.7.3/thumb2/crtbegin.o
 .jcr           0x00000000        0x0 /home/jacko/pebble-dev/PebbleSDK/arm-cs-tools/bin/../lib/gcc/arm-none-eabi/4.7.3/thumb2/crtbegin.o
 .tm_clone_table
                0x00000000        0x0 /home/jacko/pebble-dev/PebbleSDK/arm-cs-tools/bin/../lib/gcc/arm-none-eabi/4.7.3/thumb2/crtbegin.o
 .text          0x00000000        0x0 src/basik.c.23.o
 .bss           0x00000000        0x0 src/basik.c.23.o
 .text          0x00000000        0x0 src/clock.c.23.o
 .bss           0x00000000        0x0 src/clock.c.23.o
 .text          0x00000000        0x0 src/game.c.23.o
 .bss           0x00000000        0x0 src/game.c.23.o
 .text          0x00000000        0x0 src/robomaze.c.23.o
 .bss           0x00000000        0x0 src/robomaze.c.23.o
 .text          0x00000000        0x0 basalt/appinfo.auto.c.23.o
 .bss           0x00000000        0x0 basalt/appinfo.auto.c.23.o
 .bss           0x00000000        0x0 /home/jacko/pebble-dev/PebbleSDK/Pebble/basalt/lib/libpebble.a(tmp3iK9SBpebble.o)
 .text.accel_data_service_subscribe__deprecated
                0x00000000        0xc /home/jacko/pebble-dev/PebbleSDK/Pebble/basalt/lib/libpebble.a(tmp3iK9SBpebble.o)
 .text.accel_data_service_unsubscribe
                0x00000000        0xc /home/jacko/pebble-dev/PebbleSDK/Pebble/basalt/lib/libpebble.a(tmp3iK9SBpebble.o)
 .text.accel_service_peek
                0x00000000        0xc /home/jacko/pebble-dev/PebbleSDK/Pebble/basalt/lib/libpebble.a(tmp3iK9SBpebble.o)
 .text.accel_service_set_samples_per_update
                0x00000000        0xc /home/jacko/pebble-dev/PebbleSDK/Pebble/basalt/lib/libpebble.a(tmp3iK9SBpebble.o)
 .text.accel_service_set_sampling_rate
                0x00000000        0xc /home/jacko/pebble-dev/PebbleSDK/Pebble/basalt/lib/libpebble.a(tmp3iK9SBpebble.o)
 .text.accel_tap_service_subscribe
                0x00000000        0xc /home/jacko/pebble-dev/PebbleSDK/Pebble/basalt/lib/libpebble.a(tmp3iK9SBpebble.o)
 .text.accel_tap_service_unsubscribe
                0x00000000        0xc /home/jacko/pebble-dev/PebbleSDK/Pebble/basalt/lib/libpebble.a(tmp3iK9SBpebble.o)
 .text.action_bar_layer_legacy2_add_to_window
                0x00000000        0xc /home/jacko/pebble-dev/PebbleSDK/Pebble/basalt/lib/libpebble.a(tmp3iK9SBpebble.o)
 .text.action_bar_layer_legacy2_clear_icon
[...]
Memory Configuration

Name             Origin             Length             Attributes
APP              0x00000000         0x00010000         xrw
*default*        0x00000000         0xffffffff

Linker script and memory map

LOAD /home/jacko/pebble-dev/PebbleSDK/arm-cs-tools/bin/../lib/gcc/arm-none-eabi/4.7.3/thumb2/crti.o
LOAD /home/jacko/pebble-dev/PebbleSDK/arm-cs-tools/bin/../lib/gcc/arm-none-eabi/4.7.3/thumb2/crtbegin.o
LOAD src/basik.c.23.o
LOAD src/clock.c.23.o
LOAD src/game.c.23.o
LOAD src/robomaze.c.23.o
LOAD basalt/appinfo.auto.c.23.o
LOAD /home/jacko/pebble-dev/PebbleSDK/Pebble/basalt/lib/libpebble.a
START GROUP
LOAD /home/jacko/pebble-dev/PebbleSDK/arm-cs-tools/bin/../lib/gcc/arm-none-eabi/4.7.3/thumb2/libgcc.a
LOAD /home/jacko/pebble-dev/PebbleSDK/arm-cs-tools/bin/../lib/gcc/arm-none-eabi/4.7.3/../../../../arm-none-eabi/lib/thumb2/libc.a
END GROUP
LOAD /home/jacko/pebble-dev/PebbleSDK/arm-cs-tools/bin/../lib/gcc/arm-none-eabi/4.7.3/thumb2/crtend.o
LOAD /home/jacko/pebble-dev/PebbleSDK/arm-cs-tools/bin/../lib/gcc/arm-none-eabi/4.7.3/thumb2/crtn.o

.header         0x00000000       0x82
 *(.pbl_header)
 .pbl_header    0x00000000       0x82 basalt/appinfo.auto.c.23.o
                0x00000000                __pbl_app_info

.note.gnu.build-id
                0x00000082       0x26
                0x00000082                PROVIDE (BUILD_ID, .)
 *(.note.gnu.build-id)
 *fill*         0x00000082        0x2 
 .note.gnu.build-id
                0x00000084       0x24 linker stubs

.text           0x000000a8     0x2b02
 *(.text)
 .text          0x000000a8       0x14 /home/jacko/pebble-dev/PebbleSDK/Pebble/basalt/lib/libpebble.a(tmp3iK9SBpebble.o)
 .text          0x000000bc      0x370 /home/jacko/pebble-dev/PebbleSDK/arm-cs-tools/bin/../lib/gcc/arm-none-eabi/4.7.3/thumb2/libgcc.a(_arm_addsubdf3.o)
                0x000000bc                __aeabi_drsub
                0x000000c4                __aeabi_dsub
                0x000000c4                __subdf3
                0x000000c8                __adddf3
                0x000000c8                __aeabi_dadd
                0x00000340                __aeabi_ui2d
                0x00000340                __floatunsidf
                0x00000360                __floatsidf
                0x00000360                __aeabi_i2d
                0x00000384                __extendsfdf2
                0x00000384                __aeabi_f2d
                0x000003c0                __aeabi_ul2d
                0x000003c0                __floatundidf
                0x000003d0                __floatdidf
                0x000003d0                __aeabi_l2d
 .text          0x0000042c      0x424 /home/jacko/pebble-dev/PebbleSDK/arm-cs-tools/bin/../lib/gcc/arm-none-eabi/4.7.3/thumb2/libgcc.a(_arm_muldivdf3.o)
                0x0000042c                __aeabi_dmul
                0x0000042c                __muldf3
                0x00000680                __aeabi_ddiv
                0x00000680                __divdf3
 .text          0x00000850      0x110 /home/jacko/pebble-dev/PebbleSDK/arm-cs-tools/bin/../lib/gcc/arm-none-eabi/4.7.3/thumb2/libgcc.a(_arm_cmpdf2.o)
                0x00000850                __gtdf2
                0x00000850                __gedf2
                0x00000858                __ltdf2
                0x00000858                __ledf2
                0x00000860                __cmpdf2
                0x00000860                __eqdf2
                0x00000860                __nedf2
                0x000008dc                __aeabi_cdrcmple
                0x000008ec                __aeabi_cdcmple
                0x000008ec                __aeabi_cdcmpeq
                0x000008fc                __aeabi_dcmpeq
                0x00000910                __aeabi_dcmplt
                0x00000924                __aeabi_dcmple
                0x00000938                __aeabi_dcmpge
                0x0000094c                __aeabi_dcmpgt
 .text          0x00000960       0x50 /home/jacko/pebble-dev/PebbleSDK/arm-cs-tools/bin/../lib/gcc/arm-none-eabi/4.7.3/thumb2/libgcc.a(_arm_fixdfsi.o)
                0x00000960                __fixdfsi
                0x00000960                __aeabi_d2iz
 *(.text.*)
 .text.load_basik
                0x000009b0        0x2 src/basik.c.23.o
                0x000009b0                load_basik
 .text.save_basik
                0x000009b2        0x2 src/basik.c.23.o
                0x000009b2                save_basik
 .text.tick_basik
                0x000009b4        0x2 src/basik.c.23.o
                0x000009b4                tick_basik
 .text.click_basik
                0x000009b6        0x2 src/basik.c.23.o
                0x000009b6                click_basik
 .text.reset_sw
                0x000009b8       0x34 src/clock.c.23.o
 .text.clear    0x000009ec       0x38 src/clock.c.23.o
 .text.draw_dp  0x00000a24       0x4c src/clock.c.23.o
 .text.draw     0x00000a70       0x98 src/clock.c.23.o
 .text.tock     0x00000b08       0xa6 src/clock.c.23.o
 .text.printint
                0x00000bae       0x3e src/clock.c.23.o
 *fill*         0x00000bec        0x4 
 .text.printreal.constprop.0
                0x00000bf0      0x228 src/clock.c.23.o
 .text.sci      0x00000e18       0x88 src/clock.c.23.o
 .text.save_clock
                0x00000ea0       0x54 src/clock.c.23.o
                0x00000ea0                save_clock
 .text.show_lvl
                0x00000ef4       0x20 src/clock.c.23.o
                0x00000ef4                show_lvl
 .text.tick_clock
                0x00000f14      0x28c src/clock.c.23.o
                0x00000f14                tick_clock
 .text.load_clock
                0x000011a0      0x144 src/clock.c.23.o
                0x000011a0                load_clock
 .text.click_clock
                0x000012e4      0x130 src/clock.c.23.o
                0x000012e4                click_clock
 .text.delay    0x00001414       0x50 src/game.c.23.o
 .text.evaluate
                0x00001464       0x48 src/game.c.23.o
 .text.activechaf
                0x000014ac       0xa4 src/game.c.23.o
 .text.processmaze
                0x00001550       0x7c src/game.c.23.o
 .text.drawmaze
                0x000015cc       0x7c src/game.c.23.o
 .text.xpand    0x00001648       0x54 src/game.c.23.o
 .text.loadwall
                0x0000169c       0x58 src/game.c.23.o
 .text.loadchaf
                0x000016f4       0x40 src/game.c.23.o
 .text.makechar
                0x00001734       0x98 src/game.c.23.o
 .text.reset    0x000017cc       0x64 src/game.c.23.o
 .text.account  0x00001830       0x30 src/game.c.23.o
 .text.destroywall
                0x00001860       0xc4 src/game.c.23.o
 .text.makemaze
                0x00001924       0x4c src/game.c.23.o
 .text.xydxy.isra.0
                0x00001970       0x16 src/game.c.23.o
 *fill*         0x00001986        0x2 
 .text.drawchars
                0x00001988       0x90 src/game.c.23.o
 .text.ready    0x00001a18       0x40 src/game.c.23.o
 .text.move     0x00001a58       0xec src/game.c.23.o
 .text.tick     0x00001b44       0x10 src/game.c.23.o
                0x00001b44                tick
 .text.click    0x00001b54       0x40 src/game.c.23.o
                0x00001b54                click
 .text.load     0x00001b94      0x150 src/game.c.23.o
                0x00001b94                load
 .text.save     0x00001ce4      0x16c src/game.c.23.o
                0x00001ce4                save
 .text.respond  0x00001e50      0x108 src/game.c.23.o
 .text.menu_window_unload
                0x00001f58       0x24 src/robomaze.c.23.o
 .text.menu_window_load
                0x00001f7c      0x10c src/robomaze.c.23.o
 .text.special_select_callback
                0x00002088       0x68 src/robomaze.c.23.o
 .text.menu_select_callback
                0x000020f0       0x30 src/robomaze.c.23.o
 .text.main_window_unload
                0x00002120       0x5c src/robomaze.c.23.o
 .text.main_window_load
                0x0000217c      0x210 src/robomaze.c.23.o
 .text.config_provider
                0x0000238c       0x5c src/robomaze.c.23.o
 .text.get_map  0x000023e8       0x40 src/robomaze.c.23.o
                0x000023e8                get_map
 .text.put_map  0x00002428       0x58 src/robomaze.c.23.o
                0x00002428                put_map
 .text.layer_draw
                0x00002480      0x230 src/robomaze.c.23.o
 .text.show_menu
                0x000026b0       0x10 src/robomaze.c.23.o
                0x000026b0                show_menu
 .text.mark_dirty
                0x000026c0       0x10 src/robomaze.c.23.o
                0x000026c0                mark_dirty
 .text.handle_second_tick
                0x000026d0       0x38 src/robomaze.c.23.o
 .text.clicks   0x00002708       0x6c src/robomaze.c.23.o
 .text.long_click_handler
                0x00002774        0x6 src/robomaze.c.23.o
 .text.single_click_handler
                0x0000277a        0x6 src/robomaze.c.23.o
 .text.startup.main
                0x00002780       0xb0 src/robomaze.c.23.o
                0x00002780                main
 .text.app_event_loop
                0x00002830        0xc /home/jacko/pebble-dev/PebbleSDK/Pebble/basalt/lib/libpebble.a(tmp3iK9SBpebble.o)
                0x00002830                app_event_loop
 .text.click_recognizer_get_button_id
                0x0000283c        0xc /home/jacko/pebble-dev/PebbleSDK/Pebble/basalt/lib/libpebble.a(tmp3iK9SBpebble.o)
                0x0000283c                click_recognizer_get_button_id
 .text.clock_is_24h_style
                0x00002848        0xc /home/jacko/pebble-dev/PebbleSDK/Pebble/basalt/lib/libpebble.a(tmp3iK9SBpebble.o)
                0x00002848                clock_is_24h_style
 .text.gbitmap_create_as_sub_bitmap
                0x00002854        0xc /home/jacko/pebble-dev/PebbleSDK/Pebble/basalt/lib/libpebble.a(tmp3iK9SBpebble.o)
                0x00002854                gbitmap_create_as_sub_bitmap
 .text.gbitmap_create_with_resource
                0x00002860        0xc /home/jacko/pebble-dev/PebbleSDK/Pebble/basalt/lib/libpebble.a(tmp3iK9SBpebble.o)
                0x00002860                gbitmap_create_with_resource
 .text.gbitmap_destroy
                0x0000286c        0xc /home/jacko/pebble-dev/PebbleSDK/Pebble/basalt/lib/libpebble.a(tmp3iK9SBpebble.o)
                0x0000286c                gbitmap_destroy
 .text.graphics_draw_bitmap_in_rect
                0x00002878        0xc /home/jacko/pebble-dev/PebbleSDK/Pebble/basalt/lib/libpebble.a(tmp3iK9SBpebble.o)
                0x00002878                graphics_draw_bitmap_in_rect
 .text.graphics_fill_rect
                0x00002884        0xc /home/jacko/pebble-dev/PebbleSDK/Pebble/basalt/lib/libpebble.a(tmp3iK9SBpebble.o)
                0x00002884                graphics_fill_rect
 .text.layer_add_child
                0x00002890        0xc /home/jacko/pebble-dev/PebbleSDK/Pebble/basalt/lib/libpebble.a(tmp3iK9SBpebble.o)
                0x00002890                layer_add_child
 .text.layer_create
                0x0000289c        0xc /home/jacko/pebble-dev/PebbleSDK/Pebble/basalt/lib/libpebble.a(tmp3iK9SBpebble.o)
                0x0000289c                layer_create
 .text.layer_destroy
                0x000028a8        0xc /home/jacko/pebble-dev/PebbleSDK/Pebble/basalt/lib/libpebble.a(tmp3iK9SBpebble.o)
                0x000028a8                layer_destroy
 .text.layer_get_bounds
                0x000028b4        0xc /home/jacko/pebble-dev/PebbleSDK/Pebble/basalt/lib/libpebble.a(tmp3iK9SBpebble.o)
                0x000028b4                layer_get_bounds
 .text.layer_get_frame
                0x000028c0        0xc /home/jacko/pebble-dev/PebbleSDK/Pebble/basalt/lib/libpebble.a(tmp3iK9SBpebble.o)
                0x000028c0                layer_get_frame
 .text.layer_mark_dirty
                0x000028cc        0xc /home/jacko/pebble-dev/PebbleSDK/Pebble/basalt/lib/libpebble.a(tmp3iK9SBpebble.o)
                0x000028cc                layer_mark_dirty
 .text.layer_set_bounds
                0x000028d8        0xc /home/jacko/pebble-dev/PebbleSDK/Pebble/basalt/lib/libpebble.a(tmp3iK9SBpebble.o)
                0x000028d8                layer_set_bounds
 .text.layer_set_update_proc
                0x000028e4        0xc /home/jacko/pebble-dev/PebbleSDK/Pebble/basalt/lib/libpebble.a(tmp3iK9SBpebble.o)
                0x000028e4                layer_set_update_proc
 .text.memset   0x000028f0        0xc /home/jacko/pebble-dev/PebbleSDK/Pebble/basalt/lib/libpebble.a(tmp3iK9SBpebble.o)
                0x000028f0                memset
 .text.persist_exists
                0x000028fc        0xc /home/jacko/pebble-dev/PebbleSDK/Pebble/basalt/lib/libpebble.a(tmp3iK9SBpebble.o)
                0x000028fc                persist_exists
 .text.persist_read_bool
                0x00002908        0xc /home/jacko/pebble-dev/PebbleSDK/Pebble/basalt/lib/libpebble.a(tmp3iK9SBpebble.o)
                0x00002908                persist_read_bool
 .text.persist_read_int
                0x00002914        0xc /home/jacko/pebble-dev/PebbleSDK/Pebble/basalt/lib/libpebble.a(tmp3iK9SBpebble.o)
                0x00002914                persist_read_int
 .text.persist_write_bool
                0x00002920        0xc /home/jacko/pebble-dev/PebbleSDK/Pebble/basalt/lib/libpebble.a(tmp3iK9SBpebble.o)
                0x00002920                persist_write_bool
 .text.persist_write_int
                0x0000292c        0xc /home/jacko/pebble-dev/PebbleSDK/Pebble/basalt/lib/libpebble.a(tmp3iK9SBpebble.o)
                0x0000292c                persist_write_int
 .text.rand     0x00002938        0xc /home/jacko/pebble-dev/PebbleSDK/Pebble/basalt/lib/libpebble.a(tmp3iK9SBpebble.o)
                0x00002938                rand
 .text.simple_menu_layer_create
                0x00002944        0xc /home/jacko/pebble-dev/PebbleSDK/Pebble/basalt/lib/libpebble.a(tmp3iK9SBpebble.o)
                0x00002944                simple_menu_layer_create
 .text.simple_menu_layer_destroy
                0x00002950        0xc /home/jacko/pebble-dev/PebbleSDK/Pebble/basalt/lib/libpebble.a(tmp3iK9SBpebble.o)
                0x00002950                simple_menu_layer_destroy
 .text.simple_menu_layer_get_layer
                0x0000295c        0xc /home/jacko/pebble-dev/PebbleSDK/Pebble/basalt/lib/libpebble.a(tmp3iK9SBpebble.o)
                0x0000295c                simple_menu_layer_get_layer
 .text.srand    0x00002968        0xc /home/jacko/pebble-dev/PebbleSDK/Pebble/basalt/lib/libpebble.a(tmp3iK9SBpebble.o)
                0x00002968                srand
 .text.tick_timer_service_subscribe
                0x00002974        0xc /home/jacko/pebble-dev/PebbleSDK/Pebble/basalt/lib/libpebble.a(tmp3iK9SBpebble.o)
                0x00002974                tick_timer_service_subscribe
 .text.window_create
                0x00002980        0xc /home/jacko/pebble-dev/PebbleSDK/Pebble/basalt/lib/libpebble.a(tmp3iK9SBpebble.o)
                0x00002980                window_create
 .text.window_destroy
                0x0000298c        0xc /home/jacko/pebble-dev/PebbleSDK/Pebble/basalt/lib/libpebble.a(tmp3iK9SBpebble.o)
                0x0000298c                window_destroy
 .text.window_get_root_layer
                0x00002998        0xc /home/jacko/pebble-dev/PebbleSDK/Pebble/basalt/lib/libpebble.a(tmp3iK9SBpebble.o)
                0x00002998                window_get_root_layer
 .text.window_set_click_config_provider
                0x000029a4        0xc /home/jacko/pebble-dev/PebbleSDK/Pebble/basalt/lib/libpebble.a(tmp3iK9SBpebble.o)
                0x000029a4                window_set_click_config_provider
 .text.window_set_window_handlers
                0x000029b0        0xc /home/jacko/pebble-dev/PebbleSDK/Pebble/basalt/lib/libpebble.a(tmp3iK9SBpebble.o)
                0x000029b0                window_set_window_handlers
 .text.window_stack_push
                0x000029bc        0xc /home/jacko/pebble-dev/PebbleSDK/Pebble/basalt/lib/libpebble.a(tmp3iK9SBpebble.o)
                0x000029bc                window_stack_push
 .text.window_long_click_subscribe
                0x000029c8        0xc /home/jacko/pebble-dev/PebbleSDK/Pebble/basalt/lib/libpebble.a(tmp3iK9SBpebble.o)
                0x000029c8                window_long_click_subscribe
 .text.window_single_click_subscribe
                0x000029d4        0xc /home/jacko/pebble-dev/PebbleSDK/Pebble/basalt/lib/libpebble.a(tmp3iK9SBpebble.o)
                0x000029d4                window_single_click_subscribe
 .text.persist_read_data
                0x000029e0        0xc /home/jacko/pebble-dev/PebbleSDK/Pebble/basalt/lib/libpebble.a(tmp3iK9SBpebble.o)
                0x000029e0                persist_read_data
 .text.persist_write_data
                0x000029ec        0xc /home/jacko/pebble-dev/PebbleSDK/Pebble/basalt/lib/libpebble.a(tmp3iK9SBpebble.o)
                0x000029ec                persist_write_data
 .text.graphics_context_set_fill_color
                0x000029f8        0xc /home/jacko/pebble-dev/PebbleSDK/Pebble/basalt/lib/libpebble.a(tmp3iK9SBpebble.o)
                0x000029f8                graphics_context_set_fill_color
 .text.localtime
                0x00002a04        0xc /home/jacko/pebble-dev/PebbleSDK/Pebble/basalt/lib/libpebble.a(tmp3iK9SBpebble.o)
                0x00002a04                localtime
 .text.time     0x00002a10        0xc /home/jacko/pebble-dev/PebbleSDK/Pebble/basalt/lib/libpebble.a(tmp3iK9SBpebble.o)
                0x00002a10                time
 *(.rodata)
 .rodata        0x00002a1c       0x18 src/robomaze.c.23.o
 *(.rodata*)
 .rodata.delays
                0x00002a34        0x7 src/clock.c.23.o
 .rodata.days   0x00002a3b       0x39 src/clock.c.23.o
 .rodata.pics   0x00002a74       0x42 src/clock.c.23.o
 .rodata.keys   0x00002ab6        0x7 src/clock.c.23.o
 .rodata.defis  0x00002abd        0x8 src/game.c.23.o
 .rodata.offset
                0x00002ac5        0x4 src/game.c.23.o
 .rodata.dir    0x00002ac9        0x5 src/game.c.23.o
 .rodata.orders
                0x00002ace       0x10 src/game.c.23.o
 .rodata.dxy    0x00002ade        0x4 src/game.c.23.o
 .rodata.defchar
                0x00002ae2       0x14 src/game.c.23.o
 .rodata.str1.1
                0x00002af6       0xb4 src/robomaze.c.23.o
                                 0xc1 (size before relaxing)

.glue_7         0x00002bac        0x0
 .glue_7        0x00000000        0x0 linker stubs

.glue_7t        0x00002bac        0x0
 .glue_7t       0x00000000        0x0 linker stubs

.vfp11_veneer   0x00002bac        0x0
 .vfp11_veneer  0x00000000        0x0 linker stubs

.v4_bx          0x00002bac        0x0
 .v4_bx         0x00000000        0x0 linker stubs

.iplt           0x00002bac        0x0
 .iplt          0x00000000        0x0 /home/jacko/pebble-dev/PebbleSDK/arm-cs-tools/bin/../lib/gcc/arm-none-eabi/4.7.3/thumb2/crtbegin.o

.rel.dyn        0x00002bac        0x0
 .rel.iplt      0x00000000        0x0 /home/jacko/pebble-dev/PebbleSDK/arm-cs-tools/bin/../lib/gcc/arm-none-eabi/4.7.3/thumb2/crtbegin.o
 .rel.got       0x00000000        0x0 /home/jacko/pebble-dev/PebbleSDK/arm-cs-tools/bin/../lib/gcc/arm-none-eabi/4.7.3/thumb2/crtbegin.o

.data           0x00002bac       0x40
 *(.data)
 .data          0x00002bac        0x0 /home/jacko/pebble-dev/PebbleSDK/arm-cs-tools/bin/../lib/gcc/arm-none-eabi/4.7.3/thumb2/crti.o
 .data          0x00002bac        0x4 /home/jacko/pebble-dev/PebbleSDK/arm-cs-tools/bin/../lib/gcc/arm-none-eabi/4.7.3/thumb2/crtbegin.o
                0x00002bac                __dso_handle
 .data          0x00002bb0        0x0 src/basik.c.23.o
 .data          0x00002bb0        0x0 src/clock.c.23.o
 .data          0x00002bb0        0x0 src/game.c.23.o
 .data          0x00002bb0        0xc src/robomaze.c.23.o
 .data          0x00002bbc        0x0 basalt/appinfo.auto.c.23.o
 .data          0x00002bbc        0x0 /home/jacko/pebble-dev/PebbleSDK/Pebble/basalt/lib/libpebble.a(tmp3iK9SBpebble.o)
 .data          0x00002bbc        0x0 /home/jacko/pebble-dev/PebbleSDK/arm-cs-tools/bin/../lib/gcc/arm-none-eabi/4.7.3/thumb2/libgcc.a(_arm_addsubdf3.o)
 .data          0x00002bbc        0x0 /home/jacko/pebble-dev/PebbleSDK/arm-cs-tools/bin/../lib/gcc/arm-none-eabi/4.7.3/thumb2/libgcc.a(_arm_muldivdf3.o)
 .data          0x00002bbc        0x0 /home/jacko/pebble-dev/PebbleSDK/arm-cs-tools/bin/../lib/gcc/arm-none-eabi/4.7.3/thumb2/libgcc.a(_arm_cmpdf2.o)
 .data          0x00002bbc        0x0 /home/jacko/pebble-dev/PebbleSDK/arm-cs-tools/bin/../lib/gcc/arm-none-eabi/4.7.3/thumb2/libgcc.a(_arm_fixdfsi.o)
 .data          0x00002bbc        0x0 /home/jacko/pebble-dev/PebbleSDK/arm-cs-tools/bin/../lib/gcc/arm-none-eabi/4.7.3/thumb2/crtend.o
 .data          0x00002bbc        0x0 /home/jacko/pebble-dev/PebbleSDK/arm-cs-tools/bin/../lib/gcc/arm-none-eabi/4.7.3/thumb2/crtn.o
 *(.data.*)
 .data.rel.local.state
                0x00002bbc        0x4 src/game.c.23.o
 .data.rel.local.oldstate
                0x00002bc0        0x4 src/game.c.23.o
 .data.rel.ro.local.fn
                0x00002bc4       0x28 src/game.c.23.o

.igot.plt       0x00002bec        0x0
 .igot.plt      0x00000000        0x0 /home/jacko/pebble-dev/PebbleSDK/arm-cs-tools/bin/../lib/gcc/arm-none-eabi/4.7.3/thumb2/crtbegin.o

.got            0x00002bec       0x28
 .got           0x00002bec       0x28 /home/jacko/pebble-dev/PebbleSDK/arm-cs-tools/bin/../lib/gcc/arm-none-eabi/4.7.3/thumb2/crtbegin.o

.got.plt        0x00002c14        0xc
 .got.plt       0x00002c14        0xc /home/jacko/pebble-dev/PebbleSDK/arm-cs-tools/bin/../lib/gcc/arm-none-eabi/4.7.3/thumb2/crtbegin.o
                0x00002c14                _GLOBAL_OFFSET_TABLE_

.bss            0x00002c20      0x93f
 *(.bss)
 *(.bss.*)
 .bss.value     0x00002c20        0x8 src/basik.c.23.o
                0x00002c20                value
 .bss.reg       0x00002c28       0x30 src/clock.c.23.o
 .bss.clickback
                0x00002c58        0x1 src/clock.c.23.o
 *fill*         0x00002c59        0x1 
 .bss.sw_butt   0x00002c5a        0x2 src/clock.c.23.o
 .bss.dp        0x00002c5c        0x1 src/clock.c.23.o
 .bss.button_sec
                0x00002c5d        0x1 src/clock.c.23.o
 .bss.mode      0x00002c5e        0x1 src/clock.c.23.o
 *fill*         0x00002c5f        0x1 
 .bss.lap       0x00002c60       0x30 src/clock.c.23.o
 .bss.pause     0x00002c90        0x1 src/game.c.23.o
                0x00002c90                pause
 .bss.ting      0x00002c91       0x28 src/game.c.23.o
 *fill*         0x00002cb9        0x1 
 .bss.chaf      0x00002cba       0x20 src/game.c.23.o
 .bss.success   0x00002cda        0x1 src/game.c.23.o
 *fill*         0x00002cdb        0x1 
 .bss.countdown
                0x00002cdc        0x4 src/game.c.23.o
 .bss.compact   0x00002ce0       0x3e src/game.c.23.o
 *fill*         0x00002d1e        0x2 
 .bss.layer     0x00002d20        0x4 src/robomaze.c.23.o
 .bss.s_menu_sections
                0x00002d24       0x18 src/robomaze.c.23.o
 .bss.char_gfx  0x00002d3c       0xc0 src/robomaze.c.23.o
 .bss.map       0x00002dfc        0x4 src/robomaze.c.23.o
 .bss.s_second_menu_items
                0x00002e00       0x10 src/robomaze.c.23.o
 .bss.seconds   0x00002e10        0x4 src/robomaze.c.23.o
                0x00002e10                seconds
 .bss.s_simple_menu_layer
                0x00002e14        0x4 src/robomaze.c.23.o
 .bss.s_special_flag
                0x00002e18        0x1 src/robomaze.c.23.o
 *fill*         0x00002e19        0x3 
 .bss.s_menu_icon_image
                0x00002e1c        0x4 src/robomaze.c.23.o
 .bss.s_menu_window
                0x00002e20        0x4 src/robomaze.c.23.o
 .bss.s_first_menu_items
                0x00002e24       0x30 src/robomaze.c.23.o
 .bss.maze_gfx  0x00002e54       0x7c src/robomaze.c.23.o
 .bss.s_main_window
                0x00002ed0        0x4 src/robomaze.c.23.o
 .bss.s_hit_count
                0x00002ed4        0x4 src/robomaze.c.23.o
 COMMON         0x00002ed8       0x11 src/game.c.23.o
                0x00002ed8                direction
                0x00002edc                score
                0x00002ee0                level
                0x00002ee4                hiscore
                0x00002ee8                gAB
 COMMON         0x00002ee9      0x676 src/robomaze.c.23.o
                0x00002ee9                maze
                0x0000331e                con

DISCARD
 libc.a(*)
 libm.a(*)
 libgcc.a(*)
 *(.eh_frame)
OUTPUT(/home/jacko/pebble-dev/examples/watchapps/RoboMaze/build/basalt/pebble-app.elf elf32-littlearm)

.ARM.attributes
                0x00000000       0x27
 .ARM.attributes
                0x00000000       0x19 /home/jacko/pebble-dev/PebbleSDK/arm-cs-tools/bin/../lib/gcc/arm-none-eabi/4.7.3/thumb2/crti.o
 .ARM.attributes
                0x00000019       0x29 /home/jacko/pebble-dev/PebbleSDK/arm-cs-tools/bin/../lib/gcc/arm-none-eabi/4.7.3/thumb2/crtbegin.o
 .ARM.attributes
                0x00000042       0x33 src/basik.c.23.o
 .ARM.attributes
                0x00000075       0x33 src/clock.c.23.o
 .ARM.attributes
                0x000000a8       0x33 src/game.c.23.o
 .ARM.attributes
                0x000000db       0x33 src/robomaze.c.23.o
 .ARM.attributes
                0x0000010e       0x33 basalt/appinfo.auto.c.23.o
 .ARM.attributes
                0x00000141       0x21 /home/jacko/pebble-dev/PebbleSDK/Pebble/basalt/lib/libpebble.a(tmp3iK9SBpebble.o)
 .ARM.attributes
                0x00000162       0x19 /home/jacko/pebble-dev/PebbleSDK/arm-cs-tools/bin/../lib/gcc/arm-none-eabi/4.7.3/thumb2/libgcc.a(_arm_addsubdf3.o)
 .ARM.attributes
                0x0000017b       0x19 /home/jacko/pebble-dev/PebbleSDK/arm-cs-tools/bin/../lib/gcc/arm-none-eabi/4.7.3/thumb2/libgcc.a(_arm_muldivdf3.o)
 .ARM.attributes
                0x00000194       0x19 /home/jacko/pebble-dev/PebbleSDK/arm-cs-tools/bin/../lib/gcc/arm-none-eabi/4.7.3/thumb2/libgcc.a(_arm_cmpdf2.o)
 .ARM.attributes
                0x000001ad       0x19 /home/jacko/pebble-dev/PebbleSDK/arm-cs-tools/bin/../lib/gcc/arm-none-eabi/4.7.3/thumb2/libgcc.a(_arm_fixdfsi.o)
 .ARM.attributes
                0x000001c6       0x29 /home/jacko/pebble-dev/PebbleSDK/arm-cs-tools/bin/../lib/gcc/arm-none-eabi/4.7.3/thumb2/crtend.o
 .ARM.attributes
                0x000001ef       0x19 /home/jacko/pebble-dev/PebbleSDK/arm-cs-tools/bin/../lib/gcc/arm-none-eabi/4.7.3/thumb2/crtn.o

.comment        0x00000000       0x4e
 .comment       0x00000000       0x4e /home/jacko/pebble-dev/PebbleSDK/arm-cs-tools/bin/../lib/gcc/arm-none-eabi/4.7.3/thumb2/crtbegin.o
                                 0x4f (size before relaxing)
 .comment       0x00000000       0x4f src/basik.c.23.o
 .comment       0x00000000       0x4f src/clock.c.23.o
 .comment       0x00000000       0x4f src/game.c.23.o
 .comment       0x00000000       0x4f src/robomaze.c.23.o
 .comment       0x00000000       0x4f basalt/appinfo.auto.c.23.o
 .comment       0x00000000       0x4f /home/jacko/pebble-dev/PebbleSDK/arm-cs-tools/bin/../lib/gcc/arm-none-eabi/4.7.3/thumb2/crtend.o

.debug_info     0x00000000     0x407e
 .debug_info    0x00000000      0x14b src/basik.c.23.o
 .debug_info    0x0000014b      0xe4d src/clock.c.23.o
 .debug_info    0x00000f98     0x1211 src/game.c.23.o
 .debug_info    0x000021a9     0x18f1 src/robomaze.c.23.o
 .debug_info    0x00003a9a      0x314 basalt/appinfo.auto.c.23.o
 .debug_info    0x00003dae       0xb4 /home/jacko/pebble-dev/PebbleSDK/arm-cs-tools/bin/../lib/gcc/arm-none-eabi/4.7.3/thumb2/libgcc.a(_arm_addsubdf3.o)
 .debug_info    0x00003e62       0xb4 /home/jacko/pebble-dev/PebbleSDK/arm-cs-tools/bin/../lib/gcc/arm-none-eabi/4.7.3/thumb2/libgcc.a(_arm_muldivdf3.o)
 .debug_info    0x00003f16       0xb4 /home/jacko/pebble-dev/PebbleSDK/arm-cs-tools/bin/../lib/gcc/arm-none-eabi/4.7.3/thumb2/libgcc.a(_arm_cmpdf2.o)
 .debug_info    0x00003fca       0xb4 /home/jacko/pebble-dev/PebbleSDK/arm-cs-tools/bin/../lib/gcc/arm-none-eabi/4.7.3/thumb2/libgcc.a(_arm_fixdfsi.o)

.debug_abbrev   0x00000000      0xde5
 .debug_abbrev  0x00000000       0xbf src/basik.c.23.o
 .debug_abbrev  0x000000bf      0x399 src/clock.c.23.o
 .debug_abbrev  0x00000458      0x405 src/game.c.23.o
 .debug_abbrev  0x0000085d      0x49a src/robomaze.c.23.o
 .debug_abbrev  0x00000cf7       0x9e basalt/appinfo.auto.c.23.o
 .debug_abbrev  0x00000d95       0x14 /home/jacko/pebble-dev/PebbleSDK/arm-cs-tools/bin/../lib/gcc/arm-none-eabi/4.7.3/thumb2/libgcc.a(_arm_addsubdf3.o)
 .debug_abbrev  0x00000da9       0x14 /home/jacko/pebble-dev/PebbleSDK/arm-cs-tools/bin/../lib/gcc/arm-none-eabi/4.7.3/thumb2/libgcc.a(_arm_muldivdf3.o)
 .debug_abbrev  0x00000dbd       0x14 /home/jacko/pebble-dev/PebbleSDK/arm-cs-tools/bin/../lib/gcc/arm-none-eabi/4.7.3/thumb2/libgcc.a(_arm_cmpdf2.o)
 .debug_abbrev  0x00000dd1       0x14 /home/jacko/pebble-dev/PebbleSDK/arm-cs-tools/bin/../lib/gcc/arm-none-eabi/4.7.3/thumb2/libgcc.a(_arm_fixdfsi.o)

.debug_aranges  0x00000000      0x2b8
 .debug_aranges
                0x00000000       0x38 src/basik.c.23.o
 .debug_aranges
                0x00000038       0x80 src/clock.c.23.o
 .debug_aranges
                0x000000b8       0xc8 src/game.c.23.o
 .debug_aranges
                0x00000180       0xa0 src/robomaze.c.23.o
 .debug_aranges
                0x00000220       0x18 basalt/appinfo.auto.c.23.o
 .debug_aranges
                0x00000238       0x20 /home/jacko/pebble-dev/PebbleSDK/arm-cs-tools/bin/../lib/gcc/arm-none-eabi/4.7.3/thumb2/libgcc.a(_arm_addsubdf3.o)
 .debug_aranges
                0x00000258       0x20 /home/jacko/pebble-dev/PebbleSDK/arm-cs-tools/bin/../lib/gcc/arm-none-eabi/4.7.3/thumb2/libgcc.a(_arm_muldivdf3.o)
 .debug_aranges
                0x00000278       0x20 /home/jacko/pebble-dev/PebbleSDK/arm-cs-tools/bin/../lib/gcc/arm-none-eabi/4.7.3/thumb2/libgcc.a(_arm_cmpdf2.o)
 .debug_aranges
                0x00000298       0x20 /home/jacko/pebble-dev/PebbleSDK/arm-cs-tools/bin/../lib/gcc/arm-none-eabi/4.7.3/thumb2/libgcc.a(_arm_fixdfsi.o)

.debug_ranges   0x00000000      0xa68
 .debug_ranges  0x00000000       0x28 src/basik.c.23.o
 .debug_ranges  0x00000028      0x110 src/clock.c.23.o
 .debug_ranges  0x00000138      0x5d0 src/game.c.23.o
 .debug_ranges  0x00000708      0x360 src/robomaze.c.23.o

.debug_line     0x00000000     0x1696
 .debug_line    0x00000000       0xae src/basik.c.23.o
 .debug_line    0x000000ae      0x468 src/clock.c.23.o
 .debug_line    0x00000516      0x60a src/game.c.23.o
 .debug_line    0x00000b20      0x48d src/robomaze.c.23.o
 .debug_line    0x00000fad      0x127 basalt/appinfo.auto.c.23.o
 .debug_line    0x000010d4      0x20a /home/jacko/pebble-dev/PebbleSDK/arm-cs-tools/bin/../lib/gcc/arm-none-eabi/4.7.3/thumb2/libgcc.a(_arm_addsubdf3.o)
 .debug_line    0x000012de      0x226 /home/jacko/pebble-dev/PebbleSDK/arm-cs-tools/bin/../lib/gcc/arm-none-eabi/4.7.3/thumb2/libgcc.a(_arm_muldivdf3.o)
 .debug_line    0x00001504      0x10c /home/jacko/pebble-dev/PebbleSDK/arm-cs-tools/bin/../lib/gcc/arm-none-eabi/4.7.3/thumb2/libgcc.a(_arm_cmpdf2.o)
 .debug_line    0x00001610       0x86 /home/jacko/pebble-dev/PebbleSDK/arm-cs-tools/bin/../lib/gcc/arm-none-eabi/4.7.3/thumb2/libgcc.a(_arm_fixdfsi.o)

.debug_str      0x00000000      0xcfd
 .debug_str     0x00000000      0x14b src/basik.c.23.o
                                0x184 (size before relaxing)
 .debug_str     0x0000014b      0x202 src/clock.c.23.o
                                0x37c (size before relaxing)
 .debug_str     0x0000034d      0x188 src/game.c.23.o
                                0x3a6 (size before relaxing)
 .debug_str     0x000004d5      0x6c4 src/robomaze.c.23.o
                                0x9a1 (size before relaxing)
 .debug_str     0x00000b99      0x164 basalt/appinfo.auto.c.23.o
                                0x2c5 (size before relaxing)

.debug_frame    0x00000000      0x69c
 .debug_frame   0x00000000       0x50 src/basik.c.23.o
 .debug_frame   0x00000050      0x1b8 src/clock.c.23.o
 .debug_frame   0x00000208      0x2c4 src/game.c.23.o
 .debug_frame   0x000004cc      0x1d0 src/robomaze.c.23.o

.debug_loc      0x00000000     0x18ee
 .debug_loc     0x00000000      0x89d src/clock.c.23.o
 .debug_loc     0x0000089d      0x7ee src/game.c.23.o
 .debug_loc     0x0000108b      0x863 src/robomaze.c.23.o
