Archive member included because of file (symbol)

/home/jacko/pebble-dev/PebbleSDK/Pebble/aplite/lib/libpebble.a(tmpQA9vUTpebble.o)
                              src/robomaze.c.24.o (app_event_loop)

Allocating common symbols
Common symbol       size              file

maze                0x435             src/robomaze.c.24.o
direction           0x1               src/game.c.24.o
score               0x4               src/game.c.24.o
level               0x4               src/game.c.24.o
hiscore             0x4               src/game.c.24.o
gAB                 0x1               src/game.c.24.o
con                 0x241             src/robomaze.c.24.o

Discarded input sections

 .text          0x00000000        0x0 /home/jacko/pebble-dev/PebbleSDK/arm-cs-tools/bin/../lib/gcc/arm-none-eabi/4.7.3/thumb2/crti.o
 .bss           0x00000000        0x0 /home/jacko/pebble-dev/PebbleSDK/arm-cs-tools/bin/../lib/gcc/arm-none-eabi/4.7.3/thumb2/crti.o
 .init          0x00000000        0x4 /home/jacko/pebble-dev/PebbleSDK/arm-cs-tools/bin/../lib/gcc/arm-none-eabi/4.7.3/thumb2/crti.o
 .fini          0x00000000        0x4 /home/jacko/pebble-dev/PebbleSDK/arm-cs-tools/bin/../lib/gcc/arm-none-eabi/4.7.3/thumb2/crti.o
 .text          0x00000000       0xc8 /home/jacko/pebble-dev/PebbleSDK/arm-cs-tools/bin/../lib/gcc/arm-none-eabi/4.7.3/thumb2/crtbegin.o
 .bss           0x00000000       0x1c /home/jacko/pebble-dev/PebbleSDK/arm-cs-tools/bin/../lib/gcc/arm-none-eabi/4.7.3/thumb2/crtbegin.o
 .init_array    0x00000000        0x4 /home/jacko/pebble-dev/PebbleSDK/arm-cs-tools/bin/../lib/gcc/arm-none-eabi/4.7.3/thumb2/crtbegin.o
 .fini_array    0x00000000        0x4 /home/jacko/pebble-dev/PebbleSDK/arm-cs-tools/bin/../lib/gcc/arm-none-eabi/4.7.3/thumb2/crtbegin.o
 .eh_frame      0x00000000        0x0 /home/jacko/pebble-dev/PebbleSDK/arm-cs-tools/bin/../lib/gcc/arm-none-eabi/4.7.3/thumb2/crtbegin.o
 .jcr           0x00000000        0x0 /home/jacko/pebble-dev/PebbleSDK/arm-cs-tools/bin/../lib/gcc/arm-none-eabi/4.7.3/thumb2/crtbegin.o
 .tm_clone_table
                0x00000000        0x0 /home/jacko/pebble-dev/PebbleSDK/arm-cs-tools/bin/../lib/gcc/arm-none-eabi/4.7.3/thumb2/crtbegin.o
 .text          0x00000000        0x0 src/basik.c.24.o
 .bss           0x00000000        0x0 src/basik.c.24.o
 .bss.value     0x00000000        0x8 src/basik.c.24.o
 .text          0x00000000        0x0 src/clock.c.24.o
 .bss           0x00000000        0x0 src/clock.c.24.o
 .text          0x00000000        0x0 src/game.c.24.o
 .bss           0x00000000        0x0 src/game.c.24.o
 .text          0x00000000        0x0 src/robomaze.c.24.o
 .bss           0x00000000        0x0 src/robomaze.c.24.o
 .text          0x00000000        0x0 aplite/appinfo.auto.c.24.o
 .bss           0x00000000        0x0 aplite/appinfo.auto.c.24.o
 .bss           0x00000000        0x0 /home/jacko/pebble-dev/PebbleSDK/Pebble/aplite/lib/libpebble.a(tmpQA9vUTpebble.o)
 .text.accel_data_service_subscribe__deprecated
                0x00000000        0xc /home/jacko/pebble-dev/PebbleSDK/Pebble/aplite/lib/libpebble.a(tmpQA9vUTpebble.o)
 .text.accel_data_service_unsubscribe
                0x00000000        0xc /home/jacko/pebble-dev/PebbleSDK/Pebble/aplite/lib/libpebble.a(tmpQA9vUTpebble.o)
 .text.accel_service_peek
                0x00000000        0xc /home/jacko/pebble-dev/PebbleSDK/Pebble/aplite/lib/libpebble.a(tmpQA9vUTpebble.o)
 .text.accel_service_set_samples_per_update
                0x00000000        0xc /home/jacko/pebble-dev/PebbleSDK/Pebble/aplite/lib/libpebble.a(tmpQA9vUTpebble.o)
 .text.accel_service_set_sampling_rate
                0x00000000        0xc /home/jacko/pebble-dev/PebbleSDK/Pebble/aplite/lib/libpebble.a(tmpQA9vUTpebble.o)
 .text.accel_tap_service_subscribe
                0x00000000        0xc /home/jacko/pebble-dev/PebbleSDK/Pebble/aplite/lib/libpebble.a(tmpQA9vUTpebble.o)
 .text.accel_tap_service_unsubscribe
                0x00000000        0xc /home/jacko/pebble-dev/PebbleSDK/Pebble/aplite/lib/libpebble.a(tmpQA9vUTpebble.o)
 .text.action_bar_layer_add_to_window
                0x00000000        0xc /home/jacko/pebble-dev/PebbleSDK/Pebble/aplite/lib/libpebble.a(tmpQA9vUTpebble.o)
 .text.action_bar_layer_clear_icon
                0x00000000        0xc /home/jacko/pebble-dev/PebbleSDK/Pebble/aplite/lib/libpebble.a(tmpQA9vUTpebble.o)
 .text.action_bar_layer_create
                0x00000000        0xc /home/jacko/pebble-dev/PebbleSDK/Pebble/aplite/lib/libpebble.a(tmpQA9vUTpebble.o)
 .text.action_bar_layer_destroy
                0x00000000        0xc /home/jacko/pebble-dev/PebbleSDK/Pebble/aplite/lib/libpebble.a(tmpQA9vUTpebble.o)
 .text.action_bar_layer_get_layer
                0x00000000        0xc /home/jacko/pebble-dev/PebbleSDK/Pebble/aplite/lib/libpebble.a(tmpQA9vUTpebble.o)
 .text.action_bar_layer_remove_from_window
                0x00000000        0xc /home/jacko/pebble-dev/PebbleSDK/Pebble/aplite/lib/libpebble.a(tmpQA9vUTpebble.o)
[...]
Memory Configuration

Name             Origin             Length             Attributes
APP              0x00000000         0x00006000         xrw
*default*        0x00000000         0xffffffff

Linker script and memory map

LOAD /home/jacko/pebble-dev/PebbleSDK/arm-cs-tools/bin/../lib/gcc/arm-none-eabi/4.7.3/thumb2/crti.o
LOAD /home/jacko/pebble-dev/PebbleSDK/arm-cs-tools/bin/../lib/gcc/arm-none-eabi/4.7.3/thumb2/crtbegin.o
LOAD src/basik.c.24.o
LOAD src/clock.c.24.o
LOAD src/game.c.24.o
LOAD src/robomaze.c.24.o
LOAD aplite/appinfo.auto.c.24.o
LOAD /home/jacko/pebble-dev/PebbleSDK/Pebble/aplite/lib/libpebble.a
START GROUP
LOAD /home/jacko/pebble-dev/PebbleSDK/arm-cs-tools/bin/../lib/gcc/arm-none-eabi/4.7.3/thumb2/libgcc.a
LOAD /home/jacko/pebble-dev/PebbleSDK/arm-cs-tools/bin/../lib/gcc/arm-none-eabi/4.7.3/../../../../arm-none-eabi/lib/thumb2/libc.a
END GROUP
LOAD /home/jacko/pebble-dev/PebbleSDK/arm-cs-tools/bin/../lib/gcc/arm-none-eabi/4.7.3/thumb2/crtend.o
LOAD /home/jacko/pebble-dev/PebbleSDK/arm-cs-tools/bin/../lib/gcc/arm-none-eabi/4.7.3/thumb2/crtn.o

.header         0x00000000       0x82
 *(.pbl_header)
 .pbl_header    0x00000000       0x82 aplite/appinfo.auto.c.24.o
                0x00000000                __pbl_app_info

.note.gnu.build-id
                0x00000082       0x26
                0x00000082                PROVIDE (BUILD_ID, .)
 *(.note.gnu.build-id)
 *fill*         0x00000082        0x2 
 .note.gnu.build-id
                0x00000084       0x24 linker stubs

.text           0x000000a8     0x1b9d
 *(.text)
 .text          0x000000a8       0x14 /home/jacko/pebble-dev/PebbleSDK/Pebble/aplite/lib/libpebble.a(tmpQA9vUTpebble.o)
 *(.text.*)
 .text.load_basik
                0x000000bc        0x2 src/basik.c.24.o
                0x000000bc                load_basik
 .text.save_basik
                0x000000be        0x2 src/basik.c.24.o
                0x000000be                save_basik
 .text.tick_basik
                0x000000c0        0x2 src/basik.c.24.o
                0x000000c0                tick_basik
 .text.click_basik
                0x000000c2        0x2 src/basik.c.24.o
                0x000000c2                click_basik
 .text.draw_dp  0x000000c4       0x4c src/clock.c.24.o
 .text.draw     0x00000110       0x98 src/clock.c.24.o
 .text.tock     0x000001a8       0x9a src/clock.c.24.o
 .text.printint.constprop.0
                0x00000242       0x38 src/clock.c.24.o
 *fill*         0x0000027a        0x2 
 .text.save_clock
                0x0000027c       0x54 src/clock.c.24.o
                0x0000027c                save_clock
 .text.show_lvl
                0x000002d0       0x20 src/clock.c.24.o
                0x000002d0                show_lvl
 .text.tick_clock
                0x000002f0      0x2b4 src/clock.c.24.o
                0x000002f0                tick_clock
 .text.load_clock
                0x000005a4      0x158 src/clock.c.24.o
                0x000005a4                load_clock
 .text.click_clock
                0x000006fc      0x130 src/clock.c.24.o
                0x000006fc                click_clock
 .text.delay    0x0000082c       0x28 src/game.c.24.o
 .text.makechar
                0x00000854       0x14 src/game.c.24.o
 .text.move     0x00000868       0x14 src/game.c.24.o
 .text.respond  0x0000087c       0x14 src/game.c.24.o
 .text.evaluate
                0x00000890       0x14 src/game.c.24.o
 .text.activechaf
                0x000008a4       0xa4 src/game.c.24.o
 .text.processmaze
                0x00000948       0x7c src/game.c.24.o
 .text.drawmaze
                0x000009c4       0x7c src/game.c.24.o
 .text.xpand    0x00000a40       0x54 src/game.c.24.o
 .text.loadwall
                0x00000a94       0x58 src/game.c.24.o
 .text.loadchaf
                0x00000aec       0x40 src/game.c.24.o
 .text.ready    0x00000b2c       0x3c src/game.c.24.o
 .text.reset    0x00000b68       0x64 src/game.c.24.o
 .text.account  0x00000bcc       0x30 src/game.c.24.o
 .text.destroywall
                0x00000bfc       0xc4 src/game.c.24.o
 .text.makemaze
                0x00000cc0       0x4c src/game.c.24.o
 .text.tick     0x00000d0c       0x10 src/game.c.24.o
                0x00000d0c                tick
 .text.click    0x00000d1c       0x40 src/game.c.24.o
                0x00000d1c                click
 .text.load     0x00000d5c      0x150 src/game.c.24.o
                0x00000d5c                load
 .text.save     0x00000eac      0x16c src/game.c.24.o
                0x00000eac                save
 .text.menu_window_unload
                0x00001018       0x24 src/robomaze.c.24.o
 .text.menu_window_load
                0x0000103c      0x10c src/robomaze.c.24.o
 .text.special_select_callback
                0x00001148       0x68 src/robomaze.c.24.o
 .text.menu_select_callback
                0x000011b0       0x30 src/robomaze.c.24.o
 .text.main_window_unload
                0x000011e0       0x5c src/robomaze.c.24.o
 .text.main_window_load
                0x0000123c      0x214 src/robomaze.c.24.o
 .text.config_provider
                0x00001450       0x5c src/robomaze.c.24.o
 .text.get_map  0x000014ac       0x40 src/robomaze.c.24.o
                0x000014ac                get_map
 .text.put_map  0x000014ec       0x58 src/robomaze.c.24.o
                0x000014ec                put_map
 .text.layer_draw
                0x00001544      0x230 src/robomaze.c.24.o
 .text.show_menu
                0x00001774       0x10 src/robomaze.c.24.o
                0x00001774                show_menu
 .text.mark_dirty
                0x00001784       0x10 src/robomaze.c.24.o
                0x00001784                mark_dirty
 .text.handle_second_tick
                0x00001794       0x38 src/robomaze.c.24.o
 .text.clicks   0x000017cc       0x6c src/robomaze.c.24.o
 .text.long_click_handler
                0x00001838        0x6 src/robomaze.c.24.o
 .text.single_click_handler
                0x0000183e        0x6 src/robomaze.c.24.o
 .text.startup.main
                0x00001844       0xb0 src/robomaze.c.24.o
                0x00001844                main
 .text.app_event_loop
                0x000018f4        0xc /home/jacko/pebble-dev/PebbleSDK/Pebble/aplite/lib/libpebble.a(tmpQA9vUTpebble.o)
                0x000018f4                app_event_loop
 .text.click_recognizer_get_button_id
                0x00001900        0xc /home/jacko/pebble-dev/PebbleSDK/Pebble/aplite/lib/libpebble.a(tmpQA9vUTpebble.o)
                0x00001900                click_recognizer_get_button_id
 .text.clock_is_24h_style
                0x0000190c        0xc /home/jacko/pebble-dev/PebbleSDK/Pebble/aplite/lib/libpebble.a(tmpQA9vUTpebble.o)
                0x0000190c                clock_is_24h_style
 .text.gbitmap_create_as_sub_bitmap
                0x00001918        0xc /home/jacko/pebble-dev/PebbleSDK/Pebble/aplite/lib/libpebble.a(tmpQA9vUTpebble.o)
                0x00001918                gbitmap_create_as_sub_bitmap
 .text.gbitmap_create_with_resource
                0x00001924        0xc /home/jacko/pebble-dev/PebbleSDK/Pebble/aplite/lib/libpebble.a(tmpQA9vUTpebble.o)
                0x00001924                gbitmap_create_with_resource
 .text.gbitmap_destroy
                0x00001930        0xc /home/jacko/pebble-dev/PebbleSDK/Pebble/aplite/lib/libpebble.a(tmpQA9vUTpebble.o)
                0x00001930                gbitmap_destroy
 .text.graphics_context_set_fill_color
                0x0000193c        0xc /home/jacko/pebble-dev/PebbleSDK/Pebble/aplite/lib/libpebble.a(tmpQA9vUTpebble.o)
                0x0000193c                graphics_context_set_fill_color
 .text.graphics_draw_bitmap_in_rect
                0x00001948        0xc /home/jacko/pebble-dev/PebbleSDK/Pebble/aplite/lib/libpebble.a(tmpQA9vUTpebble.o)
                0x00001948                graphics_draw_bitmap_in_rect
 .text.graphics_fill_rect
                0x00001954        0xc /home/jacko/pebble-dev/PebbleSDK/Pebble/aplite/lib/libpebble.a(tmpQA9vUTpebble.o)
                0x00001954                graphics_fill_rect
 .text.layer_add_child
                0x00001960        0xc /home/jacko/pebble-dev/PebbleSDK/Pebble/aplite/lib/libpebble.a(tmpQA9vUTpebble.o)
                0x00001960                layer_add_child
 .text.layer_create
                0x0000196c        0xc /home/jacko/pebble-dev/PebbleSDK/Pebble/aplite/lib/libpebble.a(tmpQA9vUTpebble.o)
                0x0000196c                layer_create
 .text.layer_destroy
                0x00001978        0xc /home/jacko/pebble-dev/PebbleSDK/Pebble/aplite/lib/libpebble.a(tmpQA9vUTpebble.o)
                0x00001978                layer_destroy
 .text.layer_get_bounds
                0x00001984        0xc /home/jacko/pebble-dev/PebbleSDK/Pebble/aplite/lib/libpebble.a(tmpQA9vUTpebble.o)
                0x00001984                layer_get_bounds
 .text.layer_get_frame
                0x00001990        0xc /home/jacko/pebble-dev/PebbleSDK/Pebble/aplite/lib/libpebble.a(tmpQA9vUTpebble.o)
                0x00001990                layer_get_frame
 .text.layer_mark_dirty
                0x0000199c        0xc /home/jacko/pebble-dev/PebbleSDK/Pebble/aplite/lib/libpebble.a(tmpQA9vUTpebble.o)
                0x0000199c                layer_mark_dirty
 .text.layer_set_bounds
                0x000019a8        0xc /home/jacko/pebble-dev/PebbleSDK/Pebble/aplite/lib/libpebble.a(tmpQA9vUTpebble.o)
                0x000019a8                layer_set_bounds
 .text.layer_set_update_proc
                0x000019b4        0xc /home/jacko/pebble-dev/PebbleSDK/Pebble/aplite/lib/libpebble.a(tmpQA9vUTpebble.o)
                0x000019b4                layer_set_update_proc
 .text.localtime
                0x000019c0        0xc /home/jacko/pebble-dev/PebbleSDK/Pebble/aplite/lib/libpebble.a(tmpQA9vUTpebble.o)
                0x000019c0                localtime
 .text.memset   0x000019cc        0xc /home/jacko/pebble-dev/PebbleSDK/Pebble/aplite/lib/libpebble.a(tmpQA9vUTpebble.o)
                0x000019cc                memset
 .text.persist_exists
                0x000019d8        0xc /home/jacko/pebble-dev/PebbleSDK/Pebble/aplite/lib/libpebble.a(tmpQA9vUTpebble.o)
                0x000019d8                persist_exists
 .text.persist_read_bool
                0x000019e4        0xc /home/jacko/pebble-dev/PebbleSDK/Pebble/aplite/lib/libpebble.a(tmpQA9vUTpebble.o)
                0x000019e4                persist_read_bool
 .text.persist_read_int
                0x000019f0        0xc /home/jacko/pebble-dev/PebbleSDK/Pebble/aplite/lib/libpebble.a(tmpQA9vUTpebble.o)
                0x000019f0                persist_read_int
 .text.persist_write_bool
                0x000019fc        0xc /home/jacko/pebble-dev/PebbleSDK/Pebble/aplite/lib/libpebble.a(tmpQA9vUTpebble.o)
                0x000019fc                persist_write_bool
 .text.persist_write_int
                0x00001a08        0xc /home/jacko/pebble-dev/PebbleSDK/Pebble/aplite/lib/libpebble.a(tmpQA9vUTpebble.o)
                0x00001a08                persist_write_int
 .text.rand     0x00001a14        0xc /home/jacko/pebble-dev/PebbleSDK/Pebble/aplite/lib/libpebble.a(tmpQA9vUTpebble.o)
                0x00001a14                rand
 .text.simple_menu_layer_create
                0x00001a20        0xc /home/jacko/pebble-dev/PebbleSDK/Pebble/aplite/lib/libpebble.a(tmpQA9vUTpebble.o)
                0x00001a20                simple_menu_layer_create
 .text.simple_menu_layer_destroy
                0x00001a2c        0xc /home/jacko/pebble-dev/PebbleSDK/Pebble/aplite/lib/libpebble.a(tmpQA9vUTpebble.o)
                0x00001a2c                simple_menu_layer_destroy
 .text.simple_menu_layer_get_layer
                0x00001a38        0xc /home/jacko/pebble-dev/PebbleSDK/Pebble/aplite/lib/libpebble.a(tmpQA9vUTpebble.o)
                0x00001a38                simple_menu_layer_get_layer
 .text.srand    0x00001a44        0xc /home/jacko/pebble-dev/PebbleSDK/Pebble/aplite/lib/libpebble.a(tmpQA9vUTpebble.o)
                0x00001a44                srand
 .text.tick_timer_service_subscribe
                0x00001a50        0xc /home/jacko/pebble-dev/PebbleSDK/Pebble/aplite/lib/libpebble.a(tmpQA9vUTpebble.o)
                0x00001a50                tick_timer_service_subscribe
 .text.time     0x00001a5c        0xc /home/jacko/pebble-dev/PebbleSDK/Pebble/aplite/lib/libpebble.a(tmpQA9vUTpebble.o)
                0x00001a5c                time
 .text.window_create
                0x00001a68        0xc /home/jacko/pebble-dev/PebbleSDK/Pebble/aplite/lib/libpebble.a(tmpQA9vUTpebble.o)
                0x00001a68                window_create
 .text.window_destroy
                0x00001a74        0xc /home/jacko/pebble-dev/PebbleSDK/Pebble/aplite/lib/libpebble.a(tmpQA9vUTpebble.o)
                0x00001a74                window_destroy
 .text.window_get_root_layer
                0x00001a80        0xc /home/jacko/pebble-dev/PebbleSDK/Pebble/aplite/lib/libpebble.a(tmpQA9vUTpebble.o)
                0x00001a80                window_get_root_layer
 .text.window_set_click_config_provider
                0x00001a8c        0xc /home/jacko/pebble-dev/PebbleSDK/Pebble/aplite/lib/libpebble.a(tmpQA9vUTpebble.o)
                0x00001a8c                window_set_click_config_provider
 .text.window_set_fullscreen
                0x00001a98        0xc /home/jacko/pebble-dev/PebbleSDK/Pebble/aplite/lib/libpebble.a(tmpQA9vUTpebble.o)
                0x00001a98                window_set_fullscreen
 .text.window_set_window_handlers
                0x00001aa4        0xc /home/jacko/pebble-dev/PebbleSDK/Pebble/aplite/lib/libpebble.a(tmpQA9vUTpebble.o)
                0x00001aa4                window_set_window_handlers
 .text.window_stack_push
                0x00001ab0        0xc /home/jacko/pebble-dev/PebbleSDK/Pebble/aplite/lib/libpebble.a(tmpQA9vUTpebble.o)
                0x00001ab0                window_stack_push
 .text.window_long_click_subscribe
                0x00001abc        0xc /home/jacko/pebble-dev/PebbleSDK/Pebble/aplite/lib/libpebble.a(tmpQA9vUTpebble.o)
                0x00001abc                window_long_click_subscribe
 .text.window_single_click_subscribe
                0x00001ac8        0xc /home/jacko/pebble-dev/PebbleSDK/Pebble/aplite/lib/libpebble.a(tmpQA9vUTpebble.o)
                0x00001ac8                window_single_click_subscribe
 .text.persist_read_data
                0x00001ad4        0xc /home/jacko/pebble-dev/PebbleSDK/Pebble/aplite/lib/libpebble.a(tmpQA9vUTpebble.o)
                0x00001ad4                persist_read_data
 .text.persist_write_data
                0x00001ae0        0xc /home/jacko/pebble-dev/PebbleSDK/Pebble/aplite/lib/libpebble.a(tmpQA9vUTpebble.o)
                0x00001ae0                persist_write_data
 *(.rodata)
 .rodata        0x00001aec       0x18 src/robomaze.c.24.o
 *(.rodata*)
 .rodata.delays
                0x00001b04        0x7 src/clock.c.24.o
 .rodata.days   0x00001b0b       0x39 src/clock.c.24.o
 .rodata.pics   0x00001b44       0x42 src/clock.c.24.o
 .rodata.keys   0x00001b86        0x7 src/clock.c.24.o
 .rodata.dxy    0x00001b8d        0x4 src/game.c.24.o
 .rodata.str1.1
                0x00001b91       0xb4 src/robomaze.c.24.o
                                 0xc1 (size before relaxing)

.glue_7         0x00001c48        0x0
 .glue_7        0x00000000        0x0 linker stubs

.glue_7t        0x00001c48        0x0
 .glue_7t       0x00000000        0x0 linker stubs

.vfp11_veneer   0x00001c48        0x0
 .vfp11_veneer  0x00000000        0x0 linker stubs

.v4_bx          0x00001c48        0x0
 .v4_bx         0x00000000        0x0 linker stubs

.iplt           0x00001c48        0x0
 .iplt          0x00000000        0x0 /home/jacko/pebble-dev/PebbleSDK/arm-cs-tools/bin/../lib/gcc/arm-none-eabi/4.7.3/thumb2/crtbegin.o

.rel.dyn        0x00001c48        0x0
 .rel.iplt      0x00000000        0x0 /home/jacko/pebble-dev/PebbleSDK/arm-cs-tools/bin/../lib/gcc/arm-none-eabi/4.7.3/thumb2/crtbegin.o
 .rel.got       0x00000000        0x0 /home/jacko/pebble-dev/PebbleSDK/arm-cs-tools/bin/../lib/gcc/arm-none-eabi/4.7.3/thumb2/crtbegin.o

.data           0x00001c48       0x40
 *(.data)
 .data          0x00001c48        0x0 /home/jacko/pebble-dev/PebbleSDK/arm-cs-tools/bin/../lib/gcc/arm-none-eabi/4.7.3/thumb2/crti.o
 .data          0x00001c48        0x4 /home/jacko/pebble-dev/PebbleSDK/arm-cs-tools/bin/../lib/gcc/arm-none-eabi/4.7.3/thumb2/crtbegin.o
                0x00001c48                __dso_handle
 .data          0x00001c4c        0x0 src/basik.c.24.o
 .data          0x00001c4c        0x0 src/clock.c.24.o
 .data          0x00001c4c        0x0 src/game.c.24.o
 .data          0x00001c4c        0xc src/robomaze.c.24.o
 .data          0x00001c58        0x0 aplite/appinfo.auto.c.24.o
 .data          0x00001c58        0x0 /home/jacko/pebble-dev/PebbleSDK/Pebble/aplite/lib/libpebble.a(tmpQA9vUTpebble.o)
 .data          0x00001c58        0x0 /home/jacko/pebble-dev/PebbleSDK/arm-cs-tools/bin/../lib/gcc/arm-none-eabi/4.7.3/thumb2/crtend.o
 .data          0x00001c58        0x0 /home/jacko/pebble-dev/PebbleSDK/arm-cs-tools/bin/../lib/gcc/arm-none-eabi/4.7.3/thumb2/crtn.o
 *(.data.*)
 .data.rel.local.state
                0x00001c58        0x4 src/game.c.24.o
 .data.rel.local.oldstate
                0x00001c5c        0x4 src/game.c.24.o
 .data.rel.ro.local.fn
                0x00001c60       0x28 src/game.c.24.o

.igot.plt       0x00001c88        0x0
 .igot.plt      0x00000000        0x0 /home/jacko/pebble-dev/PebbleSDK/arm-cs-tools/bin/../lib/gcc/arm-none-eabi/4.7.3/thumb2/crtbegin.o

.got            0x00001c88       0x20
 .got           0x00001c88       0x20 /home/jacko/pebble-dev/PebbleSDK/arm-cs-tools/bin/../lib/gcc/arm-none-eabi/4.7.3/thumb2/crtbegin.o

.got.plt        0x00001ca8        0xc
 .got.plt       0x00001ca8        0xc /home/jacko/pebble-dev/PebbleSDK/arm-cs-tools/bin/../lib/gcc/arm-none-eabi/4.7.3/thumb2/crtbegin.o
                0x00001ca8                _GLOBAL_OFFSET_TABLE_

.bss            0x00001cb4      0x907
 *(.bss)
 *(.bss.*)
 .bss.reg       0x00001cb4       0x2c src/clock.c.24.o
 .bss.clickback
                0x00001ce0        0x1 src/clock.c.24.o
 *fill*         0x00001ce1        0x1 
 .bss.sw_butt   0x00001ce2        0x2 src/clock.c.24.o
 .bss.dp        0x00001ce4        0x1 src/clock.c.24.o
 .bss.button_sec
                0x00001ce5        0x1 src/clock.c.24.o
 .bss.mode      0x00001ce6        0x1 src/clock.c.24.o
 *fill*         0x00001ce7        0x1 
 .bss.lap       0x00001ce8       0x2c src/clock.c.24.o
 .bss.pause     0x00001d14        0x1 src/game.c.24.o
                0x00001d14                pause
 *fill*         0x00001d15        0x1 
 .bss.chaf      0x00001d16       0x20 src/game.c.24.o
 .bss.success   0x00001d36        0x1 src/game.c.24.o
 *fill*         0x00001d37        0x1 
 .bss.countdown
                0x00001d38        0x4 src/game.c.24.o
 .bss.compact   0x00001d3c       0x3e src/game.c.24.o
 *fill*         0x00001d7a        0x2 
 .bss.layer     0x00001d7c        0x4 src/robomaze.c.24.o
 .bss.s_menu_sections
                0x00001d80       0x18 src/robomaze.c.24.o
 .bss.char_gfx  0x00001d98       0xc0 src/robomaze.c.24.o
 .bss.map       0x00001e58        0x4 src/robomaze.c.24.o
 .bss.s_second_menu_items
                0x00001e5c       0x10 src/robomaze.c.24.o
 .bss.seconds   0x00001e6c        0x4 src/robomaze.c.24.o
                0x00001e6c                seconds
 .bss.s_simple_menu_layer
                0x00001e70        0x4 src/robomaze.c.24.o
 .bss.s_special_flag
                0x00001e74        0x1 src/robomaze.c.24.o
 *fill*         0x00001e75        0x3 
 .bss.s_menu_icon_image
                0x00001e78        0x4 src/robomaze.c.24.o
 .bss.s_menu_window
                0x00001e7c        0x4 src/robomaze.c.24.o
 .bss.s_first_menu_items
                0x00001e80       0x30 src/robomaze.c.24.o
 .bss.maze_gfx  0x00001eb0       0x7c src/robomaze.c.24.o
 .bss.s_main_window
                0x00001f2c        0x4 src/robomaze.c.24.o
 .bss.s_hit_count
                0x00001f30        0x4 src/robomaze.c.24.o
 COMMON         0x00001f34       0x11 src/game.c.24.o
                0x00001f34                direction
                0x00001f38                score
                0x00001f3c                level
                0x00001f40                hiscore
                0x00001f44                gAB
 COMMON         0x00001f45      0x676 src/robomaze.c.24.o
                0x00001f45                maze
                0x0000237a                con

DISCARD
 libc.a(*)
 libm.a(*)
 libgcc.a(*)
 *(.eh_frame)
OUTPUT(/home/jacko/pebble-dev/examples/watchapps/RoboMaze/build/aplite/pebble-app.elf elf32-littlearm)

.ARM.attributes
                0x00000000       0x27
 .ARM.attributes
                0x00000000       0x19 /home/jacko/pebble-dev/PebbleSDK/arm-cs-tools/bin/../lib/gcc/arm-none-eabi/4.7.3/thumb2/crti.o
 .ARM.attributes
                0x00000019       0x29 /home/jacko/pebble-dev/PebbleSDK/arm-cs-tools/bin/../lib/gcc/arm-none-eabi/4.7.3/thumb2/crtbegin.o
 .ARM.attributes
                0x00000042       0x33 src/basik.c.24.o
 .ARM.attributes
                0x00000075       0x33 src/clock.c.24.o
 .ARM.attributes
                0x000000a8       0x33 src/game.c.24.o
 .ARM.attributes
                0x000000db       0x33 src/robomaze.c.24.o
 .ARM.attributes
                0x0000010e       0x33 aplite/appinfo.auto.c.24.o
 .ARM.attributes
                0x00000141       0x21 /home/jacko/pebble-dev/PebbleSDK/Pebble/aplite/lib/libpebble.a(tmpQA9vUTpebble.o)
 .ARM.attributes
                0x00000162       0x29 /home/jacko/pebble-dev/PebbleSDK/arm-cs-tools/bin/../lib/gcc/arm-none-eabi/4.7.3/thumb2/crtend.o
 .ARM.attributes
                0x0000018b       0x19 /home/jacko/pebble-dev/PebbleSDK/arm-cs-tools/bin/../lib/gcc/arm-none-eabi/4.7.3/thumb2/crtn.o

.comment        0x00000000       0x4e
 .comment       0x00000000       0x4e /home/jacko/pebble-dev/PebbleSDK/arm-cs-tools/bin/../lib/gcc/arm-none-eabi/4.7.3/thumb2/crtbegin.o
                                 0x4f (size before relaxing)
 .comment       0x00000000       0x4f src/basik.c.24.o
 .comment       0x00000000       0x4f src/clock.c.24.o
 .comment       0x00000000       0x4f src/game.c.24.o
 .comment       0x00000000       0x4f src/robomaze.c.24.o
 .comment       0x00000000       0x4f aplite/appinfo.auto.c.24.o
 .comment       0x00000000       0x4f /home/jacko/pebble-dev/PebbleSDK/arm-cs-tools/bin/../lib/gcc/arm-none-eabi/4.7.3/thumb2/crtend.o

.debug_info     0x00000000     0x3834
 .debug_info    0x00000000      0x14b src/basik.c.24.o
 .debug_info    0x0000014b      0xc1a src/clock.c.24.o
 .debug_info    0x00000d65      0xe70 src/game.c.24.o
 .debug_info    0x00001bd5     0x194b src/robomaze.c.24.o
 .debug_info    0x00003520      0x314 aplite/appinfo.auto.c.24.o

.debug_abbrev   0x00000000      0xc91
 .debug_abbrev  0x00000000       0xbf src/basik.c.24.o
 .debug_abbrev  0x000000bf      0x30f src/clock.c.24.o
 .debug_abbrev  0x000003ce      0x366 src/game.c.24.o
 .debug_abbrev  0x00000734      0x4bf src/robomaze.c.24.o
 .debug_abbrev  0x00000bf3       0x9e aplite/appinfo.auto.c.24.o

.debug_aranges  0x00000000      0x208
 .debug_aranges
                0x00000000       0x38 src/basik.c.24.o
 .debug_aranges
                0x00000038       0x60 src/clock.c.24.o
 .debug_aranges
                0x00000098       0xb8 src/game.c.24.o
 .debug_aranges
                0x00000150       0xa0 src/robomaze.c.24.o
 .debug_aranges
                0x000001f0       0x18 aplite/appinfo.auto.c.24.o

.debug_ranges   0x00000000      0x8a8
 .debug_ranges  0x00000000       0x28 src/basik.c.24.o
 .debug_ranges  0x00000028      0x128 src/clock.c.24.o
 .debug_ranges  0x00000150      0x3f8 src/game.c.24.o
 .debug_ranges  0x00000548      0x360 src/robomaze.c.24.o

.debug_line     0x00000000      0xeed
 .debug_line    0x00000000       0xae src/basik.c.24.o
 .debug_line    0x000000ae      0x397 src/clock.c.24.o
 .debug_line    0x00000445      0x4e6 src/game.c.24.o
 .debug_line    0x0000092b      0x49b src/robomaze.c.24.o
 .debug_line    0x00000dc6      0x127 aplite/appinfo.auto.c.24.o

.debug_str      0x00000000      0xd0e
 .debug_str     0x00000000      0x14b src/basik.c.24.o
                                0x184 (size before relaxing)
 .debug_str     0x0000014b      0x1ec src/clock.c.24.o
                                0x359 (size before relaxing)
 .debug_str     0x00000337      0x13c src/game.c.24.o
                                0x355 (size before relaxing)
 .debug_str     0x00000473      0x736 src/robomaze.c.24.o
                                0xa12 (size before relaxing)
 .debug_str     0x00000ba9      0x165 aplite/appinfo.auto.c.24.o
                                0x2c5 (size before relaxing)

.debug_frame    0x00000000      0x58c
 .debug_frame   0x00000000       0x50 src/basik.c.24.o
 .debug_frame   0x00000050      0x134 src/clock.c.24.o
 .debug_frame   0x00000184      0x238 src/game.c.24.o
 .debug_frame   0x000003bc      0x1d0 src/robomaze.c.24.o

.debug_loc      0x00000000     0x1344
 .debug_loc     0x00000000      0x4ef src/clock.c.24.o
 .debug_loc     0x000004ef      0x5f2 src/game.c.24.o
 .debug_loc     0x00000ae1      0x863 src/robomaze.c.24.o
  0x0 /home/jacko/pebble-dev/PebbleSDK/arm-cs-tools/bin/../lib/gcc/arm-none-eabi/4.7.3/thumb2/crtn.o
 .bss           0x00000000        0x0 /home/jacko/pebble-dev/PebbleSDK/arm-cs-tools/bin/../lib/gcc/arm-none-eabi/4.7.3/thumb2/crtn.o
 .init          0x00000000        0x8 /home/jacko/pebble-dev/PebbleSDK/arm-cs-tools/bin/../lib/gcc/arm-none-eabi/4.7.3/thumb2/crtn.o
 .fini          0x00000000        0x8 /home/jacko/pebble-dev/PebbleSDK/arm-cs-tools/bin/../lib/gcc/arm-none-eabi/4.7.3/thumb2/crtn.o

Memory Configuration

Name             Origin             Length             Attributes
APP              0x00000000         0x00010000         xrw
*default*        0x00000000         0xffffffff

Linker script and memory map

LOAD /home/jacko/pebble-dev/PebbleSDK/arm-cs-tools/bin/../lib/gcc/arm-none-eabi/4.7.3/thumb2/crti.o
LOAD /home/jacko/pebble-dev/PebbleSDK/arm-cs-tools/bin/../lib/gcc/arm-none-eabi/4.7.3/thumb2/crtbegin.o
LOAD src/basik.c.23.o
LOAD src/clock.c.23.o
LOAD src/game.c.23.o
LOAD src/robomaze.c.23.o
LOAD basalt/appinfo.auto.c.23.o
LOAD /home/jacko/pebble-dev/PebbleSDK/Pebble/basalt/lib/libpebble.a
START GROUP
LOAD /home/jacko/pebble-dev/PebbleSDK/arm-cs-tools/bin/../lib/gcc/arm-none-eabi/4.7.3/thumb2/libgcc.a
LOAD /home/jacko/pebble-dev/PebbleSDK/arm-cs-tools/bin/../lib/gcc/arm-none-eabi/4.7.3/../../../../arm-none-eabi/lib/thumb2/libc.a
END GROUP
LOAD /home/jacko/pebble-dev/PebbleSDK/arm-cs-tools/bin/../lib/gcc/arm-none-eabi/4.7.3/thumb2/crtend.o
LOAD /home/jacko/pebble-dev/PebbleSDK/arm-cs-tools/bin/../lib/gcc/arm-none-eabi/4.7.3/thumb2/crtn.o

.header         0x00000000       0x82
 *(.pbl_header)
 .pbl_header    0x00000000       0x82 basalt/appinfo.auto.c.23.o
                0x00000000                __pbl_app_info

.note.gnu.build-id
                0x00000082       0x26
                0x00000082                PROVIDE (BUILD_ID, .)
 *(.note.gnu.build-id)
 *fill*         0x00000082        0x2 
 .note.gnu.build-id
                0x00000084       0x24 linker stubs

.text           0x000000a8     0x1b8d
 *(.text)
 .text          0x000000a8       0x14 /home/jacko/pebble-dev/PebbleSDK/Pebble/basalt/lib/libpebble.a(tmpTNRbtApebble.o)
 *(.text.*)
 .text.load_basik
                0x000000bc        0x2 src/basik.c.23.o
                0x000000bc                load_basik
 .text.save_basik
                0x000000be        0x2 src/basik.c.23.o
                0x000000be                save_basik
 .text.tick_basik
                0x000000c0        0x2 src/basik.c.23.o
                0x000000c0                tick_basik
 .text.click_basik
                0x000000c2        0x2 src/basik.c.23.o
                0x000000c2                click_basik
 .text.draw_dp  0x000000c4       0x4c src/clock.c.23.o
 .text.draw     0x00000110       0x98 src/clock.c.23.o
 .text.tock     0x000001a8       0x9a src/clock.c.23.o
 .text.printint.constprop.0
                0x00000242       0x38 src/clock.c.23.o
 *fill*         0x0000027a        0x2 
 .text.save_clock
                0x0000027c       0x54 src/clock.c.23.o
                0x0000027c                save_clock
 .text.show_lvl
                0x000002d0       0x20 src/clock.c.23.o
                0x000002d0                show_lvl
 .text.tick_clock
                0x000002f0      0x2b4 src/clock.c.23.o
                0x000002f0                tick_clock
 .text.load_clock
                0x000005a4      0x158 src/clock.c.23.o
                0x000005a4                load_clock
 .text.click_clock
                0x000006fc      0x130 src/clock.c.23.o
                0x000006fc                click_clock
 .text.delay    0x0000082c       0x28 src/game.c.23.o
 .text.makechar
                0x00000854       0x14 src/game.c.23.o
 .text.move     0x00000868       0x14 src/game.c.23.o
 .text.respond  0x0000087c       0x14 src/game.c.23.o
 .text.evaluate
                0x00000890       0x14 src/game.c.23.o
 .text.activechaf
                0x000008a4       0xa4 src/game.c.23.o
 .text.processmaze
                0x00000948       0x7c src/game.c.23.o
 .text.drawmaze
                0x000009c4       0x7c src/game.c.23.o
 .text.xpand    0x00000a40       0x54 src/game.c.23.o
 .text.loadwall
                0x00000a94       0x58 src/game.c.23.o
 .text.loadchaf
                0x00000aec       0x40 src/game.c.23.o
 .text.ready    0x00000b2c       0x3c src/game.c.23.o
 .text.reset    0x00000b68       0x64 src/game.c.23.o
 .text.account  0x00000bcc       0x30 src/game.c.23.o
 .text.destroywall
                0x00000bfc       0xc4 src/game.c.23.o
 .text.makemaze
                0x00000cc0       0x4c src/game.c.23.o
 .text.tick     0x00000d0c       0x10 src/game.c.23.o
                0x00000d0c                tick
 .text.click    0x00000d1c       0x40 src/game.c.23.o
                0x00000d1c                click
 .text.load     0x00000d5c      0x150 src/game.c.23.o
                0x00000d5c                load
 .text.save     0x00000eac      0x16c src/game.c.23.o
                0x00000eac                save
 .text.menu_window_unload
                0x00001018       0x24 src/robomaze.c.23.o
 .text.menu_window_load
                0x0000103c      0x10c src/robomaze.c.23.o
 .text.special_select_callback
                0x00001148       0x68 src/robomaze.c.23.o
 .text.menu_select_callback
                0x000011b0       0x30 src/robomaze.c.23.o
 .text.main_window_unload
                0x000011e0       0x5c src/robomaze.c.23.o
 .text.main_window_load
                0x0000123c      0x210 src/robomaze.c.23.o
 .text.config_provider
                0x0000144c       0x5c src/robomaze.c.23.o
 .text.get_map  0x000014a8       0x40 src/robomaze.c.23.o
                0x000014a8                get_map
 .text.put_map  0x000014e8       0x58 src/robomaze.c.23.o
                0x000014e8                put_map
 .text.layer_draw
                0x00001540      0x230 src/robomaze.c.23.o
 .text.show_menu
                0x00001770       0x10 src/robomaze.c.23.o
                0x00001770                show_menu
 .text.mark_dirty
                0x00001780       0x10 src/robomaze.c.23.o
                0x00001780                mark_dirty
 .text.handle_second_tick
                0x00001790       0x38 src/robomaze.c.23.o
 .text.clicks   0x000017c8       0x6c src/robomaze.c.23.o
 .text.long_click_handler
                0x00001834        0x6 src/robomaze.c.23.o
 .text.single_click_handler
                0x0000183a        0x6 src/robomaze.c.23.o
 .text.startup.main
                0x00001840       0xb0 src/robomaze.c.23.o
                0x00001840                main
 .text.app_event_loop
                0x000018f0        0xc /home/jacko/pebble-dev/PebbleSDK/Pebble/basalt/lib/libpebble.a(tmpTNRbtApebble.o)
                0x000018f0                app_event_loop
 .text.click_recognizer_get_button_id
                0x000018fc        0xc /home/jacko/pebble-dev/PebbleSDK/Pebble/basalt/lib/libpebble.a(tmpTNRbtApebble.o)
                0x000018fc                click_recognizer_get_button_id
 .text.clock_is_24h_style
                0x00001908        0xc /home/jacko/pebble-dev/PebbleSDK/Pebble/basalt/lib/libpebble.a(tmpTNRbtApebble.o)
                0x00001908                clock_is_24h_style
 .text.gbitmap_create_as_sub_bitmap
                0x00001914        0xc /home/jacko/pebble-dev/PebbleSDK/Pebble/basalt/lib/libpebble.a(tmpTNRbtApebble.o)
                0x00001914                gbitmap_create_as_sub_bitmap
 .text.gbitmap_create_with_resource
                0x00001920        0xc /home/jacko/pebble-dev/PebbleSDK/Pebble/basalt/lib/libpebble.a(tmpTNRbtApebble.o)
                0x00001920                gbitmap_create_with_resource
 .text.gbitmap_destroy
                0x0000192c        0xc /home/jacko/pebble-dev/PebbleSDK/Pebble/basalt/lib/libpebble.a(tmpTNRbtApebble.o)
                0x0000192c                gbitmap_destroy
 .text.graphics_draw_bitmap_in_rect
                0x00001938        0xc /home/jacko/pebble-dev/PebbleSDK/Pebble/basalt/lib/libpebble.a(tmpTNRbtApebble.o)
                0x00001938                graphics_draw_bitmap_in_rect
 .text.graphics_fill_rect
                0x00001944        0xc /home/jacko/pebble-dev/PebbleSDK/Pebble/basalt/lib/libpebble.a(tmpTNRbtApebble.o)
                0x00001944                graphics_fill_rect
 .text.layer_add_child
                0x00001950        0xc /home/jacko/pebble-dev/PebbleSDK/Pebble/basalt/lib/libpebble.a(tmpTNRbtApebble.o)
                0x00001950                layer_add_child
 .text.layer_create
                0x0000195c        0xc /home/jacko/pebble-dev/PebbleSDK/Pebble/basalt/lib/libpebble.a(tmpTNRbtApebble.o)
                0x0000195c                layer_create
 .text.layer_destroy
                0x00001968        0xc /home/jacko/pebble-dev/PebbleSDK/Pebble/basalt/lib/libpebble.a(tmpTNRbtApebble.o)
                0x00001968                layer_destroy
 .text.layer_get_bounds
                0x00001974        0xc /home/jacko/pebble-dev/PebbleSDK/Pebble/basalt/lib/libpebble.a(tmpTNRbtApebble.o)
                0x00001974                layer_get_bounds
 .text.layer_get_frame
                0x00001980        0xc /home/jacko/pebble-dev/PebbleSDK/Pebble/basalt/lib/libpebble.a(tmpTNRbtApebble.o)
                0x00001980                layer_get_frame
 .text.layer_mark_dirty
                0x0000198c        0xc /home/jacko/pebble-dev/PebbleSDK/Pebble/basalt/lib/libpebble.a(tmpTNRbtApebble.o)
                0x0000198c                layer_mark_dirty
 .text.layer_set_bounds
                0x00001998        0xc /home/jacko/pebble-dev/PebbleSDK/Pebble/basalt/lib/libpebble.a(tmpTNRbtApebble.o)
                0x00001998                layer_set_bounds
 .text.layer_set_update_proc
                0x000019a4        0xc /home/jacko/pebble-dev/PebbleSDK/Pebble/basalt/lib/libpebble.a(tmpTNRbtApebble.o)
                0x000019a4                layer_set_update_proc
 .text.memset   0x000019b0        0xc /home/jacko/pebble-dev/PebbleSDK/Pebble/basalt/lib/libpebble.a(tmpTNRbtApebble.o)
                0x000019b0                memset
 .text.persist_exists
                0x000019bc        0xc /home/jacko/pebble-dev/PebbleSDK/Pebble/basalt/lib/libpebble.a(tmpTNRbtApebble.o)
                0x000019bc                persist_exists
 .text.persist_read_bool
                0x000019c8        0xc /home/jacko/pebble-dev/PebbleSDK/Pebble/basalt/lib/libpebble.a(tmpTNRbtApebble.o)
                0x000019c8                persist_read_bool
 .text.persist_read_int
                0x000019d4        0xc /home/jacko/pebble-dev/PebbleSDK/Pebble/basalt/lib/libpebble.a(tmpTNRbtApebble.o)
                0x000019d4                persist_read_int
 .text.persist_write_bool
                0x000019e0        0xc /home/jacko/pebble-dev/PebbleSDK/Pebble/basalt/lib/libpebble.a(tmpTNRbtApebble.o)
                0x000019e0                persist_write_bool
 .text.persist_write_int
                0x000019ec        0xc /home/jacko/pebble-dev/PebbleSDK/Pebble/basalt/lib/libpebble.a(tmpTNRbtApebble.o)
                0x000019ec                persist_write_int
 .text.rand     0x000019f8        0xc /home/jacko/pebble-dev/PebbleSDK/Pebble/basalt/lib/libpebble.a(tmpTNRbtApebble.o)
                0x000019f8                rand
 .text.simple_menu_layer_create
                0x00001a04        0xc /home/jacko/pebble-dev/PebbleSDK/Pebble/basalt/lib/libpebble.a(tmpTNRbtApebble.o)
                0x00001a04                simple_menu_layer_create
 .text.simple_menu_layer_destroy
                0x00001a10        0xc /home/jacko/pebble-dev/PebbleSDK/Pebble/basalt/lib/libpebble.a(tmpTNRbtApebble.o)
                0x00001a10                simple_menu_layer_destroy
 .text.simple_menu_layer_get_layer
                0x00001a1c        0xc /home/jacko/pebble-dev/PebbleSDK/Pebble/basalt/lib/libpebble.a(tmpTNRbtApebble.o)
                0x00001a1c                simple_menu_layer_get_layer
 .text.srand    0x00001a28        0xc /home/jacko/pebble-dev/PebbleSDK/Pebble/basalt/lib/libpebble.a(tmpTNRbtApebble.o)
                0x00001a28                srand
 .text.tick_timer_service_subscribe
                0x00001a34        0xc /home/jacko/pebble-dev/PebbleSDK/Pebble/basalt/lib/libpebble.a(tmpTNRbtApebble.o)
                0x00001a34                tick_timer_service_subscribe
 .text.window_create
                0x00001a40        0xc /home/jacko/pebble-dev/PebbleSDK/Pebble/basalt/lib/libpebble.a(tmpTNRbtApebble.o)
                0x00001a40                window_create
 .text.window_destroy
                0x00001a4c        0xc /home/jacko/pebble-dev/PebbleSDK/Pebble/basalt/lib/libpebble.a(tmpTNRbtApebble.o)
                0x00001a4c                window_destroy
 .text.window_get_root_layer
                0x00001a58        0xc /home/jacko/pebble-dev/PebbleSDK/Pebble/basalt/lib/libpebble.a(tmpTNRbtApebble.o)
                0x00001a58                window_get_root_layer
 .text.window_set_click_config_provider
                0x00001a64        0xc /home/jacko/pebble-dev/PebbleSDK/Pebble/basalt/lib/libpebble.a(tmpTNRbtApebble.o)
                0x00001a64                window_set_click_config_provider
 .text.window_set_window_handlers
                0x00001a70        0xc /home/jacko/pebble-dev/PebbleSDK/Pebble/basalt/lib/libpebble.a(tmpTNRbtApebble.o)
                0x00001a70                window_set_window_handlers
 .text.window_stack_push
                0x00001a7c        0xc /home/jacko/pebble-dev/PebbleSDK/Pebble/basalt/lib/libpebble.a(tmpTNRbtApebble.o)
                0x00001a7c                window_stack_push
 .text.window_long_click_subscribe
                0x00001a88        0xc /home/jacko/pebble-dev/PebbleSDK/Pebble/basalt/lib/libpebble.a(tmpTNRbtApebble.o)
                0x00001a88                window_long_click_subscribe
 .text.window_single_click_subscribe
                0x00001a94        0xc /home/jacko/pebble-dev/PebbleSDK/Pebble/basalt/lib/libpebble.a(tmpTNRbtApebble.o)
                0x00001a94                window_single_click_subscribe
 .text.persist_read_data
                0x00001aa0        0xc /home/jacko/pebble-dev/PebbleSDK/Pebble/basalt/lib/libpebble.a(tmpTNRbtApebble.o)
                0x00001aa0                persist_read_data
 .text.persist_write_data
                0x00001aac        0xc /home/jacko/pebble-dev/PebbleSDK/Pebble/basalt/lib/libpebble.a(tmpTNRbtApebble.o)
                0x00001aac                persist_write_data
 .text.graphics_context_set_fill_color
                0x00001ab8        0xc /home/jacko/pebble-dev/PebbleSDK/Pebble/basalt/lib/libpebble.a(tmpTNRbtApebble.o)
                0x00001ab8                graphics_context_set_fill_color
 .text.localtime
                0x00001ac4        0xc /home/jacko/pebble-dev/PebbleSDK/Pebble/basalt/lib/libpebble.a(tmpTNRbtApebble.o)
                0x00001ac4                localtime
 .text.time     0x00001ad0        0xc /home/jacko/pebble-dev/PebbleSDK/Pebble/basalt/lib/libpebble.a(tmpTNRbtApebble.o)
                0x00001ad0                time
 *(.rodata)
 .rodata        0x00001adc       0x18 src/robomaze.c.23.o
 *(.rodata*)
 .rodata.delays
                0x00001af4        0x7 src/clock.c.23.o
 .rodata.days   0x00001afb       0x39 src/clock.c.23.o
 .rodata.pics   0x00001b34       0x42 src/clock.c.23.o
 .rodata.keys   0x00001b76        0x7 src/clock.c.23.o
 .rodata.dxy    0x00001b7d        0x4 src/game.c.23.o
 .rodata.str1.1
                0x00001b81       0xb4 src/robomaze.c.23.o
                                 0xc1 (size before relaxing)

.glue_7         0x00001c38        0x0
 .glue_7        0x00000000        0x0 linker stubs

.glue_7t        0x00001c38        0x0
 .glue_7t       0x00000000        0x0 linker stubs

.vfp11_veneer   0x00001c38        0x0
 .vfp11_veneer  0x00000000        0x0 linker stubs

.v4_bx          0x00001c38        0x0
 .v4_bx         0x00000000        0x0 linker stubs

.iplt           0x00001c38        0x0
 .iplt          0x00000000        0x0 /home/jacko/pebble-dev/PebbleSDK/arm-cs-tools/bin/../lib/gcc/arm-none-eabi/4.7.3/thumb2/crtbegin.o

.rel.dyn        0x00001c38        0x0
 .rel.iplt      0x00000000        0x0 /home/jacko/pebble-dev/PebbleSDK/arm-cs-tools/bin/../lib/gcc/arm-none-eabi/4.7.3/thumb2/crtbegin.o
 .rel.got       0x00000000        0x0 /home/jacko/pebble-dev/PebbleSDK/arm-cs-tools/bin/../lib/gcc/arm-none-eabi/4.7.3/thumb2/crtbegin.o

.data           0x00001c38       0x40
 *(.data)
 .data          0x00001c38        0x0 /home/jacko/pebble-dev/PebbleSDK/arm-cs-tools/bin/../lib/gcc/arm-none-eabi/4.7.3/thumb2/crti.o
 .data          0x00001c38        0x4 /home/jacko/pebble-dev/PebbleSDK/arm-cs-tools/bin/../lib/gcc/arm-none-eabi/4.7.3/thumb2/crtbegin.o
                0x00001c38                __dso_handle
 .data          0x00001c3c        0x0 src/basik.c.23.o
 .data          0x00001c3c        0x0 src/clock.c.23.o
 .data          0x00001c3c        0x0 src/game.c.23.o
 .data          0x00001c3c        0xc src/robomaze.c.23.o
 .data          0x00001c48        0x0 basalt/appinfo.auto.c.23.o
 .data          0x00001c48        0x0 /home/jacko/pebble-dev/PebbleSDK/Pebble/basalt/lib/libpebble.a(tmpTNRbtApebble.o)
 .data          0x00001c48        0x0 /home/jacko/pebble-dev/PebbleSDK/arm-cs-tools/bin/../lib/gcc/arm-none-eabi/4.7.3/thumb2/crtend.o
 .data          0x00001c48        0x0 /home/jacko/pebble-dev/PebbleSDK/arm-cs-tools/bin/../lib/gcc/arm-none-eabi/4.7.3/thumb2/crtn.o
 *(.data.*)
 .data.rel.local.state
                0x00001c48        0x4 src/game.c.23.o
 .data.rel.local.oldstate
                0x00001c4c        0x4 src/game.c.23.o
 .data.rel.ro.local.fn
                0x00001c50       0x28 src/game.c.23.o

.igot.plt       0x00001c78        0x0
 .igot.plt      0x00000000        0x0 /home/jacko/pebble-dev/PebbleSDK/arm-cs-tools/bin/../lib/gcc/arm-none-eabi/4.7.3/thumb2/crtbegin.o

.got            0x00001c78       0x20
 .got           0x00001c78       0x20 /home/jacko/pebble-dev/PebbleSDK/arm-cs-tools/bin/../lib/gcc/arm-none-eabi/4.7.3/thumb2/crtbegin.o

.got.plt        0x00001c98        0xc
 .got.plt       0x00001c98        0xc /home/jacko/pebble-dev/PebbleSDK/arm-cs-tools/bin/../lib/gcc/arm-none-eabi/4.7.3/thumb2/crtbegin.o
                0x00001c98                _GLOBAL_OFFSET_TABLE_

.bss            0x00001ca4      0x90f
 *(.bss)
 *(.bss.*)
 .bss.reg       0x00001ca4       0x30 src/clock.c.23.o
 .bss.clickback
                0x00001cd4        0x1 src/clock.c.23.o
 *fill*         0x00001cd5        0x1 
 .bss.sw_butt   0x00001cd6        0x2 src/clock.c.23.o
 .bss.dp        0x00001cd8        0x1 src/clock.c.23.o
 .bss.button_sec
                0x00001cd9        0x1 src/clock.c.23.o
 .bss.mode      0x00001cda        0x1 src/clock.c.23.o
 *fill*         0x00001cdb        0x1 
 .bss.lap       0x00001cdc       0x30 src/clock.c.23.o
 .bss.pause     0x00001d0c        0x1 src/game.c.23.o
                0x00001d0c                pause
 *fill*         0x00001d0d        0x1 
 .bss.chaf      0x00001d0e       0x20 src/game.c.23.o
 .bss.success   0x00001d2e        0x1 src/game.c.23.o
 *fill*         0x00001d2f        0x1 
 .bss.countdown
                0x00001d30        0x4 src/game.c.23.o
 .bss.compact   0x00001d34       0x3e src/game.c.23.o
 *fill*         0x00001d72        0x2 
 .bss.layer     0x00001d74        0x4 src/robomaze.c.23.o
 .bss.s_menu_sections
                0x00001d78       0x18 src/robomaze.c.23.o
 .bss.char_gfx  0x00001d90       0xc0 src/robomaze.c.23.o
 .bss.map       0x00001e50        0x4 src/robomaze.c.23.o
 .bss.s_second_menu_items
                0x00001e54       0x10 src/robomaze.c.23.o
 .bss.seconds   0x00001e64        0x4 src/robomaze.c.23.o
                0x00001e64                seconds
 .bss.s_simple_menu_layer
                0x00001e68        0x4 src/robomaze.c.23.o
 .bss.s_special_flag
                0x00001e6c        0x1 src/robomaze.c.23.o
 *fill*         0x00001e6d        0x3 
 .bss.s_menu_icon_image
                0x00001e70        0x4 src/robomaze.c.23.o
 .bss.s_menu_window
                0x00001e74        0x4 src/robomaze.c.23.o
 .bss.s_first_menu_items
                0x00001e78       0x30 src/robomaze.c.23.o
 .bss.maze_gfx  0x00001ea8       0x7c src/robomaze.c.23.o
 .bss.s_main_window
                0x00001f24        0x4 src/robomaze.c.23.o
 .bss.s_hit_count
                0x00001f28        0x4 src/robomaze.c.23.o
 COMMON         0x00001f2c       0x11 src/game.c.23.o
                0x00001f2c                direction
                0x00001f30                score
                0x00001f34                level
                0x00001f38                hiscore
                0x00001f3c                gAB
 COMMON         0x00001f3d      0x676 src/robomaze.c.23.o
                0x00001f3d                maze
                0x00002372                con

DISCARD
 libc.a(*)
 libm.a(*)
 libgcc.a(*)
 *(.eh_frame)
OUTPUT(/home/jacko/pebble-dev/examples/watchapps/RoboMaze/build/basalt/pebble-app.elf elf32-littlearm)

.ARM.attributes
                0x00000000       0x27
 .ARM.attributes
                0x00000000       0x19 /home/jacko/pebble-dev/PebbleSDK/arm-cs-tools/bin/../lib/gcc/arm-none-eabi/4.7.3/thumb2/crti.o
 .ARM.attributes
                0x00000019       0x29 /home/jacko/pebble-dev/PebbleSDK/arm-cs-tools/bin/../lib/gcc/arm-none-eabi/4.7.3/thumb2/crtbegin.o
 .ARM.attributes
                0x00000042       0x33 src/basik.c.23.o
 .ARM.attributes
                0x00000075       0x33 src/clock.c.23.o
 .ARM.attributes
                0x000000a8       0x33 src/game.c.23.o
 .ARM.attributes
                0x000000db       0x33 src/robomaze.c.23.o
 .ARM.attributes
                0x0000010e       0x33 basalt/appinfo.auto.c.23.o
 .ARM.attributes
                0x00000141       0x21 /home/jacko/pebble-dev/PebbleSDK/Pebble/basalt/lib/libpebble.a(tmpTNRbtApebble.o)
 .ARM.attributes
                0x00000162       0x29 /home/jacko/pebble-dev/PebbleSDK/arm-cs-tools/bin/../lib/gcc/arm-none-eabi/4.7.3/thumb2/crtend.o
 .ARM.attributes
                0x0000018b       0x19 /home/jacko/pebble-dev/PebbleSDK/arm-cs-tools/bin/../lib/gcc/arm-none-eabi/4.7.3/thumb2/crtn.o

.comment        0x00000000       0x4e
 .comment       0x00000000       0x4e /home/jacko/pebble-dev/PebbleSDK/arm-cs-tools/bin/../lib/gcc/arm-none-eabi/4.7.3/thumb2/crtbegin.o
                                 0x4f (size before relaxing)
 .comment       0x00000000       0x4f src/basik.c.23.o
 .comment       0x00000000       0x4f src/clock.c.23.o
 .comment       0x00000000       0x4f src/game.c.23.o
 .comment       0x00000000       0x4f src/robomaze.c.23.o
 .comment       0x00000000       0x4f basalt/appinfo.auto.c.23.o
 .comment       0x00000000       0x4f /home/jacko/pebble-dev/PebbleSDK/arm-cs-tools/bin/../lib/gcc/arm-none-eabi/4.7.3/thumb2/crtend.o

.debug_info     0x00000000     0x37f8
 .debug_info    0x00000000      0x14b src/basik.c.23.o
 .debug_info    0x0000014b      0xc38 src/clock.c.23.o
 .debug_info    0x00000d83      0xe70 src/game.c.23.o
 .debug_info    0x00001bf3     0x18f1 src/robomaze.c.23.o
 .debug_info    0x000034e4      0x314 basalt/appinfo.auto.c.23.o

.debug_abbrev   0x00000000      0xc57
 .debug_abbrev  0x00000000       0xbf src/basik.c.23.o
 .debug_abbrev  0x000000bf      0x2fa src/clock.c.23.o
 .debug_abbrev  0x000003b9      0x366 src/game.c.23.o
 .debug_abbrev  0x0000071f      0x49a src/robomaze.c.23.o
 .debug_abbrev  0x00000bb9       0x9e basalt/appinfo.auto.c.23.o

.debug_aranges  0x00000000      0x208
 .debug_aranges
                0x00000000       0x38 src/basik.c.23.o
 .debug_aranges
                0x00000038       0x60 src/clock.c.23.o
 .debug_aranges
                0x00000098       0xb8 src/game.c.23.o
 .debug_aranges
                0x00000150       0xa0 src/robomaze.c.23.o
 .debug_aranges
                0x000001f0       0x18 basalt/appinfo.auto.c.23.o

.debug_ranges   0x00000000      0x8a8
 .debug_ranges  0x00000000       0x28 src/basik.c.23.o
 .debug_ranges  0x00000028      0x128 src/clock.c.23.o
 .debug_ranges  0x00000150      0x3f8 src/game.c.23.o
 .debug_ranges  0x00000548      0x360 src/robomaze.c.23.o

.debug_line     0x00000000      0xed5
 .debug_line    0x00000000       0xae src/basik.c.23.o
 .debug_line    0x000000ae      0x38d src/clock.c.23.o
 .debug_line    0x0000043b      0x4e6 src/game.c.23.o
 .debug_line    0x00000921      0x48d src/robomaze.c.23.o
 .debug_line    0x00000dae      0x127 basalt/appinfo.auto.c.23.o

.debug_str      0x00000000      0xcb0
 .debug_str     0x00000000      0x14b src/basik.c.23.o
                                0x184 (size before relaxing)
 .debug_str     0x0000014b      0x1ea src/clock.c.23.o
                                0x357 (size before relaxing)
 .debug_str     0x00000335      0x13c src/game.c.23.o
                                0x355 (size before relaxing)
 .debug_str     0x00000471      0x6d4 src/robomaze.c.23.o
                                0x9a1 (size before relaxing)
 .debug_str     0x00000b45      0x16b basalt/appinfo.auto.c.23.o
                                0x2c5 (size before relaxing)

.debug_frame    0x00000000      0x58c
 .debug_frame   0x00000000       0x50 src/basik.c.23.o
 .debug_frame   0x00000050      0x134 src/clock.c.23.o
 .debug_frame   0x00000184      0x238 src/game.c.23.o
 .debug_frame   0x000003bc      0x1d0 src/robomaze.c.23.o

.debug_loc      0x00000000     0x1344
 .debug_loc     0x00000000      0x4ef src/clock.c.23.o
 .debug_loc     0x000004ef      0x5f2 src/game.c.23.o
 .debug_loc     0x00000ae1      0x863 src/robomaze.c.23.o
