Archive member included because of file (symbol)

/home/jacko/pebble-dev/PebbleSDK/Pebble/basalt/lib/libpebble.a(tmpTNRbtApebble.o)
                              src/robomaze.c.23.o (app_event_loop)

Allocating common symbols
Common symbol       size              file

maze                0x435             src/robomaze.c.23.o
direction           0x1               src/game.c.23.o
con                 0x241             src/robomaze.c.23.o

Discarded input sections

 .text          0x00000000        0x0 /home/jacko/pebble-dev/PebbleSDK/arm-cs-tools/bin/../lib/gcc/arm-none-eabi/4.7.3/thumb2/crti.o
 .bss           0x00000000        0x0 /home/jacko/pebble-dev/PebbleSDK/arm-cs-tools/bin/../lib/gcc/arm-none-eabi/4.7.3/thumb2/crti.o
 .init          0x00000000        0x4 /home/jacko/pebble-dev/PebbleSDK/arm-cs-tools/bin/../lib/gcc/arm-none-eabi/4.7.3/thumb2/crti.o
 .fini          0x00000000        0x4 /home/jacko/pebble-dev/PebbleSDK/arm-cs-tools/bin/../lib/gcc/arm-none-eabi/4.7.3/thumb2/crti.o
 .text          0x00000000       0xc8 /home/jacko/pebble-dev/PebbleSDK/arm-cs-tools/bin/../lib/gcc/arm-none-eabi/4.7.3/thumb2/crtbegin.o
 .bss           0x00000000       0x1c /home/jacko/pebble-dev/PebbleSDK/arm-cs-tools/bin/../lib/gcc/arm-none-eabi/4.7.3/thumb2/crtbegin.o
 .init_array    0x00000000        0x4 /home/jacko/pebble-dev/PebbleSDK/arm-cs-tools/bin/../lib/gcc/arm-none-eabi/4.7.3/thumb2/crtbegin.o
 .fini_array    0x00000000        0x4 /home/jacko/pebble-dev/PebbleSDK/arm-cs-tools/bin/../lib/gcc/arm-none-eabi/4.7.3/thumb2/crtbegin.o
 .eh_frame      0x00000000        0x0 /home/jacko/pebble-dev/PebbleSDK/arm-cs-tools/bin/../lib/gcc/arm-none-eabi/4.7.3/thumb2/crtbegin.o
 .jcr           0x00000000        0x0 /home/jacko/pebble-dev/PebbleSDK/arm-cs-tools/bin/../lib/gcc/arm-none-eabi/4.7.3/thumb2/crtbegin.o
 .tm_clone_table
                0x00000000        0x0 /home/jacko/pebble-dev/PebbleSDK/arm-cs-tools/bin/../lib/gcc/arm-none-eabi/4.7.3/thumb2/crtbegin.o
 .text          0x00000000        0x0 src/basik.c.23.o
 .bss           0x00000000        0x0 src/basik.c.23.o
 .bss.value     0x00000000        0x8 src/basik.c.23.o
 .text          0x00000000        0x0 src/clock.c.23.o
 .bss           0x00000000        0x0 src/clock.c.23.o
 .text          0x00000000        0x0 src/game.c.23.o
 .bss           0x00000000        0x0 src/game.c.23.o
 .text          0x00000000        0x0 src/robomaze.c.23.o
 .bss           0x00000000        0x0 src/robomaze.c.23.o
 .text          0x00000000        0x0 basalt/appinfo.auto.c.23.o
 .bss           0x00000000        0x0 basalt/appinfo.auto.c.23.o
 .bss           0x00000000        0x0 /home/jacko/pebble-dev/PebbleSDK/Pebble/basalt/lib/libpebble.a(tmpTNRbtApebble.o)
 .text.accel_data_service_subscribe__deprecated
                0x00000000        0xc /home/jacko/pebble-dev/PebbleSDK/Pebble/basalt/lib/libpebble.a(tmpTNRbtApebble.o)
 .text.accel_data_service_unsubscribe
                0x00000000        0xc /home/jacko/pebble-dev/PebbleSDK/Pebble/basalt/lib/libpebble.a(tmpTNRbtApebble.o)
 .text.accel_service_peek
                0x00000000        0xc /home/jacko/pebble-dev/PebbleSDK/Pebble/basalt/lib/libpebble.a(tmpTNRbtApebble.o)
 .text.accel_service_set_samples_per_update
                0x00000000        0xc /home/jacko/pebble-dev/PebbleSDK/Pebble/basalt/lib/libpebble.a(tmpTNRbtApebble.o)
 .text.accel_service_set_sampling_rate
                0x00000000        0xc /home/jacko/pebble-dev/PebbleSDK/Pebble/basalt/lib/libpebble.a(tmpTNRbtApebble.o)
 .text.accel_tap_service_subscribe
                0x00000000        0xc /home/jacko/pebble-dev/PebbleSDK/Pebble/basalt/lib/libpebble.a(tmpTNRbtApebble.o)
 .text.accel_tap_service_unsubscribe
                0x00000000        0xc /home/jacko/pebble-dev/PebbleSDK/Pebble/basalt/lib/libpebble.a(tmpTNRbtApebble.o)
 .text.action_bar_layer_legacy2_add_to_window
                0x00000000        0xc /home/jacko/pebble-dev/PebbleSDK/Pebble/basalt/lib/libpebble.a(tmpTNRbtApebble.o)
 .text.action_bar_layer_legacy2_clear_icon
                0x00000000        0xc /home/jacko/pebble-dev/PebbleSDK/Pebble/basalt/lib/libpebble.a(tmpTNRbtApebble.o)
 .text.action_bar_layer_legacy2_create
                0x00000000        0xc /home/jacko/pebble-dev/PebbleSDK/Pebble/basalt/lib/libpebble.a(tmpTNRbtApebble.o)
 .text.action_bar_layer_legacy2_destroy
                0x00000000        0xc /home/jacko/pebble-dev/PebbleSDK/Pebble/basalt/lib/libpebble.a(tmpTNRbtApebble.o)
 .text.action_bar_layer_legacy2_get_layer
                0x00000000        0xc /home/jacko/pebble-dev/PebbleSDK/Pebble/basalt/lib/libpebble.a(tmpTNRbtApebble.o)
 .text.action_bar_layer_legacy2_remove_from_window
                0x00000000        0xc /home/jacko/pebble-dev/PebbleSDK/Pebble/basalt/lib/libpebble.a(tmpTNRbtApebble.o)
 .text.action_bar_layer_legacy2_set_background_color_2bit
                0x00000000        0xc /home/jacko/pebble-dev/PebbleSDK/Pebble/basalt/lib/libpebble.a(tmpTNRbtApebble.o)
[...]
Memory Configuration

Name             Origin             Length             Attributes
APP              0x00000000         0x00010000         xrw
*default*        0x00000000         0xffffffff

Linker script and memory map

LOAD /home/jacko/pebble-dev/PebbleSDK/arm-cs-tools/bin/../lib/gcc/arm-none-eabi/4.7.3/thumb2/crti.o
LOAD /home/jacko/pebble-dev/PebbleSDK/arm-cs-tools/bin/../lib/gcc/arm-none-eabi/4.7.3/thumb2/crtbegin.o
LOAD src/basik.c.23.o
LOAD src/clock.c.23.o
LOAD src/game.c.23.o
LOAD src/robomaze.c.23.o
LOAD basalt/appinfo.auto.c.23.o
LOAD /home/jacko/pebble-dev/PebbleSDK/Pebble/basalt/lib/libpebble.a
START GROUP
LOAD /home/jacko/pebble-dev/PebbleSDK/arm-cs-tools/bin/../lib/gcc/arm-none-eabi/4.7.3/thumb2/libgcc.a
LOAD /home/jacko/pebble-dev/PebbleSDK/arm-cs-tools/bin/../lib/gcc/arm-none-eabi/4.7.3/../../../../arm-none-eabi/lib/thumb2/libc.a
END GROUP
LOAD /home/jacko/pebble-dev/PebbleSDK/arm-cs-tools/bin/../lib/gcc/arm-none-eabi/4.7.3/thumb2/crtend.o
LOAD /home/jacko/pebble-dev/PebbleSDK/arm-cs-tools/bin/../lib/gcc/arm-none-eabi/4.7.3/thumb2/crtn.o

.header         0x00000000       0x82
 *(.pbl_header)
 .pbl_header    0x00000000       0x82 basalt/appinfo.auto.c.23.o
                0x00000000                __pbl_app_info

.note.gnu.build-id
                0x00000082       0x26
                0x00000082                PROVIDE (BUILD_ID, .)
 *(.note.gnu.build-id)
 *fill*         0x00000082        0x2 
 .note.gnu.build-id
                0x00000084       0x24 linker stubs

.text           0x000000a8     0x1489
 *(.text)
 .text          0x000000a8       0x14 /home/jacko/pebble-dev/PebbleSDK/Pebble/basalt/lib/libpebble.a(tmpTNRbtApebble.o)
 *(.text.*)
 .text.load_basik
                0x000000bc        0x2 src/basik.c.23.o
                0x000000bc                load_basik
 .text.save_basik
                0x000000be        0x2 src/basik.c.23.o
                0x000000be                save_basik
 .text.tick_basik
                0x000000c0        0x2 src/basik.c.23.o
                0x000000c0                tick_basik
 .text.click_basik
                0x000000c2        0x2 src/basik.c.23.o
                0x000000c2                click_basik
 .text.draw_dp  0x000000c4       0x4c src/clock.c.23.o
 .text.draw     0x00000110       0x98 src/clock.c.23.o
 .text.tock     0x000001a8       0x9a src/clock.c.23.o
 .text.printint.constprop.0
                0x00000242       0x38 src/clock.c.23.o
 *fill*         0x0000027a        0x2 
 .text.save_clock
                0x0000027c       0x38 src/clock.c.23.o
                0x0000027c                save_clock
 .text.show_lvl
                0x000002b4       0x18 src/clock.c.23.o
                0x000002b4                show_lvl
 .text.tick_clock
                0x000002cc      0x2b8 src/clock.c.23.o
                0x000002cc                tick_clock
 .text.load_clock
                0x00000584       0x9c src/clock.c.23.o
                0x00000584                load_clock
 .text.click_clock
                0x00000620      0x120 src/clock.c.23.o
                0x00000620                click_clock
 .text.account  0x00000740       0x10 src/game.c.23.o
 .text.makemaze
                0x00000750        0x2 src/game.c.23.o
 .text.makechar
                0x00000752        0x2 src/game.c.23.o
 .text.move     0x00000754        0x2 src/game.c.23.o
 .text.respond  0x00000756        0x2 src/game.c.23.o
 .text.evaluate
                0x00000758        0x2 src/game.c.23.o
 *fill*         0x0000075a        0x2 
 .text.reset    0x0000075c       0x3c src/game.c.23.o
 .text.ready    0x00000798        0x6 src/game.c.23.o
 *fill*         0x0000079e        0x2 
 .text.tick     0x000007a0       0x20 src/game.c.23.o
                0x000007a0                tick
 .text.click    0x000007c0        0x2 src/game.c.23.o
                0x000007c0                click
 *fill*         0x000007c2        0x2 
 .text.load     0x000007c4       0xdc src/game.c.23.o
                0x000007c4                load
 .text.save     0x000008a0       0xa8 src/game.c.23.o
                0x000008a0                save
 .text.menu_window_unload
                0x00000948       0x24 src/robomaze.c.23.o
 .text.menu_window_load
                0x0000096c      0x10c src/robomaze.c.23.o
 .text.special_select_callback
                0x00000a78       0x68 src/robomaze.c.23.o
 .text.menu_select_callback
                0x00000ae0       0x30 src/robomaze.c.23.o
 .text.main_window_unload
                0x00000b10       0x5c src/robomaze.c.23.o
 .text.main_window_load
                0x00000b6c      0x210 src/robomaze.c.23.o
 .text.config_provider
                0x00000d7c       0x5c src/robomaze.c.23.o
 .text.get_map  0x00000dd8       0x40 src/robomaze.c.23.o
                0x00000dd8                get_map
 .text.put_map  0x00000e18       0x58 src/robomaze.c.23.o
                0x00000e18                put_map
 .text.layer_draw
                0x00000e70      0x230 src/robomaze.c.23.o
 .text.show_menu
                0x000010a0       0x10 src/robomaze.c.23.o
                0x000010a0                show_menu
 .text.mark_dirty
                0x000010b0       0x10 src/robomaze.c.23.o
                0x000010b0                mark_dirty
 .text.handle_second_tick
                0x000010c0       0x38 src/robomaze.c.23.o
 .text.clicks   0x000010f8       0x6c src/robomaze.c.23.o
 .text.long_click_handler
                0x00001164        0x6 src/robomaze.c.23.o
 .text.single_click_handler
                0x0000116a        0x6 src/robomaze.c.23.o
 .text.startup.main
                0x00001170       0xb0 src/robomaze.c.23.o
                0x00001170                main
 .text.app_event_loop
                0x00001220        0xc /home/jacko/pebble-dev/PebbleSDK/Pebble/basalt/lib/libpebble.a(tmpTNRbtApebble.o)
                0x00001220                app_event_loop
 .text.click_recognizer_get_button_id
                0x0000122c        0xc /home/jacko/pebble-dev/PebbleSDK/Pebble/basalt/lib/libpebble.a(tmpTNRbtApebble.o)
                0x0000122c                click_recognizer_get_button_id
 .text.clock_is_24h_style
                0x00001238        0xc /home/jacko/pebble-dev/PebbleSDK/Pebble/basalt/lib/libpebble.a(tmpTNRbtApebble.o)
                0x00001238                clock_is_24h_style
 .text.gbitmap_create_as_sub_bitmap
                0x00001244        0xc /home/jacko/pebble-dev/PebbleSDK/Pebble/basalt/lib/libpebble.a(tmpTNRbtApebble.o)
                0x00001244                gbitmap_create_as_sub_bitmap
 .text.gbitmap_create_with_resource
                0x00001250        0xc /home/jacko/pebble-dev/PebbleSDK/Pebble/basalt/lib/libpebble.a(tmpTNRbtApebble.o)
                0x00001250                gbitmap_create_with_resource
 .text.gbitmap_destroy
                0x0000125c        0xc /home/jacko/pebble-dev/PebbleSDK/Pebble/basalt/lib/libpebble.a(tmpTNRbtApebble.o)
                0x0000125c                gbitmap_destroy
 .text.graphics_draw_bitmap_in_rect
                0x00001268        0xc /home/jacko/pebble-dev/PebbleSDK/Pebble/basalt/lib/libpebble.a(tmpTNRbtApebble.o)
                0x00001268                graphics_draw_bitmap_in_rect
 .text.graphics_fill_rect
                0x00001274        0xc /home/jacko/pebble-dev/PebbleSDK/Pebble/basalt/lib/libpebble.a(tmpTNRbtApebble.o)
                0x00001274                graphics_fill_rect
 .text.layer_add_child
                0x00001280        0xc /home/jacko/pebble-dev/PebbleSDK/Pebble/basalt/lib/libpebble.a(tmpTNRbtApebble.o)
                0x00001280                layer_add_child
 .text.layer_create
                0x0000128c        0xc /home/jacko/pebble-dev/PebbleSDK/Pebble/basalt/lib/libpebble.a(tmpTNRbtApebble.o)
                0x0000128c                layer_create
 .text.layer_destroy
                0x00001298        0xc /home/jacko/pebble-dev/PebbleSDK/Pebble/basalt/lib/libpebble.a(tmpTNRbtApebble.o)
                0x00001298                layer_destroy
 .text.layer_get_bounds
                0x000012a4        0xc /home/jacko/pebble-dev/PebbleSDK/Pebble/basalt/lib/libpebble.a(tmpTNRbtApebble.o)
                0x000012a4                layer_get_bounds
 .text.layer_get_frame
                0x000012b0        0xc /home/jacko/pebble-dev/PebbleSDK/Pebble/basalt/lib/libpebble.a(tmpTNRbtApebble.o)
                0x000012b0                layer_get_frame
 .text.layer_mark_dirty
                0x000012bc        0xc /home/jacko/pebble-dev/PebbleSDK/Pebble/basalt/lib/libpebble.a(tmpTNRbtApebble.o)
                0x000012bc                layer_mark_dirty
 .text.layer_set_bounds
                0x000012c8        0xc /home/jacko/pebble-dev/PebbleSDK/Pebble/basalt/lib/libpebble.a(tmpTNRbtApebble.o)
                0x000012c8                layer_set_bounds
 .text.layer_set_update_proc
                0x000012d4        0xc /home/jacko/pebble-dev/PebbleSDK/Pebble/basalt/lib/libpebble.a(tmpTNRbtApebble.o)
                0x000012d4                layer_set_update_proc
 .text.memset   0x000012e0        0xc /home/jacko/pebble-dev/PebbleSDK/Pebble/basalt/lib/libpebble.a(tmpTNRbtApebble.o)
                0x000012e0                memset
 .text.persist_exists
                0x000012ec        0xc /home/jacko/pebble-dev/PebbleSDK/Pebble/basalt/lib/libpebble.a(tmpTNRbtApebble.o)
                0x000012ec                persist_exists
 .text.persist_read_int
                0x000012f8        0xc /home/jacko/pebble-dev/PebbleSDK/Pebble/basalt/lib/libpebble.a(tmpTNRbtApebble.o)
                0x000012f8                persist_read_int
 .text.persist_write_int
                0x00001304        0xc /home/jacko/pebble-dev/PebbleSDK/Pebble/basalt/lib/libpebble.a(tmpTNRbtApebble.o)
                0x00001304                persist_write_int
 .text.simple_menu_layer_create
                0x00001310        0xc /home/jacko/pebble-dev/PebbleSDK/Pebble/basalt/lib/libpebble.a(tmpTNRbtApebble.o)
                0x00001310                simple_menu_layer_create
 .text.simple_menu_layer_destroy
                0x0000131c        0xc /home/jacko/pebble-dev/PebbleSDK/Pebble/basalt/lib/libpebble.a(tmpTNRbtApebble.o)
                0x0000131c                simple_menu_layer_destroy
 .text.simple_menu_layer_get_layer
                0x00001328        0xc /home/jacko/pebble-dev/PebbleSDK/Pebble/basalt/lib/libpebble.a(tmpTNRbtApebble.o)
                0x00001328                simple_menu_layer_get_layer
 .text.tick_timer_service_subscribe
                0x00001334        0xc /home/jacko/pebble-dev/PebbleSDK/Pebble/basalt/lib/libpebble.a(tmpTNRbtApebble.o)
                0x00001334                tick_timer_service_subscribe
 .text.window_create
                0x00001340        0xc /home/jacko/pebble-dev/PebbleSDK/Pebble/basalt/lib/libpebble.a(tmpTNRbtApebble.o)
                0x00001340                window_create
 .text.window_destroy
                0x0000134c        0xc /home/jacko/pebble-dev/PebbleSDK/Pebble/basalt/lib/libpebble.a(tmpTNRbtApebble.o)
                0x0000134c                window_destroy
 .text.window_get_root_layer
                0x00001358        0xc /home/jacko/pebble-dev/PebbleSDK/Pebble/basalt/lib/libpebble.a(tmpTNRbtApebble.o)
                0x00001358                window_get_root_layer
 .text.window_set_click_config_provider
                0x00001364        0xc /home/jacko/pebble-dev/PebbleSDK/Pebble/basalt/lib/libpebble.a(tmpTNRbtApebble.o)
                0x00001364                window_set_click_config_provider
 .text.window_set_window_handlers
                0x00001370        0xc /home/jacko/pebble-dev/PebbleSDK/Pebble/basalt/lib/libpebble.a(tmpTNRbtApebble.o)
                0x00001370                window_set_window_handlers
 .text.window_stack_push
                0x0000137c        0xc /home/jacko/pebble-dev/PebbleSDK/Pebble/basalt/lib/libpebble.a(tmpTNRbtApebble.o)
                0x0000137c                window_stack_push
 .text.window_long_click_subscribe
                0x00001388        0xc /home/jacko/pebble-dev/PebbleSDK/Pebble/basalt/lib/libpebble.a(tmpTNRbtApebble.o)
                0x00001388                window_long_click_subscribe
 .text.window_single_click_subscribe
                0x00001394        0xc /home/jacko/pebble-dev/PebbleSDK/Pebble/basalt/lib/libpebble.a(tmpTNRbtApebble.o)
                0x00001394                window_single_click_subscribe
 .text.persist_read_data
                0x000013a0        0xc /home/jacko/pebble-dev/PebbleSDK/Pebble/basalt/lib/libpebble.a(tmpTNRbtApebble.o)
                0x000013a0                persist_read_data
 .text.persist_write_data
                0x000013ac        0xc /home/jacko/pebble-dev/PebbleSDK/Pebble/basalt/lib/libpebble.a(tmpTNRbtApebble.o)
                0x000013ac                persist_write_data
 .text.graphics_context_set_fill_color
                0x000013b8        0xc /home/jacko/pebble-dev/PebbleSDK/Pebble/basalt/lib/libpebble.a(tmpTNRbtApebble.o)
                0x000013b8                graphics_context_set_fill_color
 .text.localtime
                0x000013c4        0xc /home/jacko/pebble-dev/PebbleSDK/Pebble/basalt/lib/libpebble.a(tmpTNRbtApebble.o)
                0x000013c4                localtime
 .text.time     0x000013d0        0xc /home/jacko/pebble-dev/PebbleSDK/Pebble/basalt/lib/libpebble.a(tmpTNRbtApebble.o)
                0x000013d0                time
 *(.rodata)
 .rodata        0x000013dc       0x18 src/robomaze.c.23.o
 *(.rodata*)
 .rodata.delays
                0x000013f4        0x7 src/clock.c.23.o
 .rodata.days   0x000013fb       0x39 src/clock.c.23.o
 .rodata.pics   0x00001434       0x42 src/clock.c.23.o
 .rodata.keys   0x00001476        0x7 src/clock.c.23.o
 .rodata.str1.1
                0x0000147d       0xb4 src/robomaze.c.23.o
                                 0xc1 (size before relaxing)

.glue_7         0x00001534        0x0
 .glue_7        0x00000000        0x0 linker stubs

.glue_7t        0x00001534        0x0
 .glue_7t       0x00000000        0x0 linker stubs

.vfp11_veneer   0x00001534        0x0
 .vfp11_veneer  0x00000000        0x0 linker stubs

.v4_bx          0x00001534        0x0
 .v4_bx         0x00000000        0x0 linker stubs

.iplt           0x00001534        0x0
 .iplt          0x00000000        0x0 /home/jacko/pebble-dev/PebbleSDK/arm-cs-tools/bin/../lib/gcc/arm-none-eabi/4.7.3/thumb2/crtbegin.o

.rel.dyn        0x00001534        0x0
 .rel.iplt      0x00000000        0x0 /home/jacko/pebble-dev/PebbleSDK/arm-cs-tools/bin/../lib/gcc/arm-none-eabi/4.7.3/thumb2/crtbegin.o
 .rel.got       0x00000000        0x0 /home/jacko/pebble-dev/PebbleSDK/arm-cs-tools/bin/../lib/gcc/arm-none-eabi/4.7.3/thumb2/crtbegin.o

.data           0x00001534       0x34
 *(.data)
 .data          0x00001534        0x0 /home/jacko/pebble-dev/PebbleSDK/arm-cs-tools/bin/../lib/gcc/arm-none-eabi/4.7.3/thumb2/crti.o
 .data          0x00001534        0x4 /home/jacko/pebble-dev/PebbleSDK/arm-cs-tools/bin/../lib/gcc/arm-none-eabi/4.7.3/thumb2/crtbegin.o
                0x00001534                __dso_handle
 .data          0x00001538        0x0 src/basik.c.23.o
 .data          0x00001538        0x0 src/clock.c.23.o
 .data          0x00001538        0x0 src/game.c.23.o
 .data          0x00001538        0xc src/robomaze.c.23.o
 .data          0x00001544        0x0 basalt/appinfo.auto.c.23.o
 .data          0x00001544        0x0 /home/jacko/pebble-dev/PebbleSDK/Pebble/basalt/lib/libpebble.a(tmpTNRbtApebble.o)
 .data          0x00001544        0x0 /home/jacko/pebble-dev/PebbleSDK/arm-cs-tools/bin/../lib/gcc/arm-none-eabi/4.7.3/thumb2/crtend.o
 .data          0x00001544        0x0 /home/jacko/pebble-dev/PebbleSDK/arm-cs-tools/bin/../lib/gcc/arm-none-eabi/4.7.3/thumb2/crtn.o
 *(.data.*)
 .data.rel.ro.local.fn
                0x00001544       0x24 src/game.c.23.o

.igot.plt       0x00001568        0x0
 .igot.plt      0x00000000        0x0 /home/jacko/pebble-dev/PebbleSDK/arm-cs-tools/bin/../lib/gcc/arm-none-eabi/4.7.3/thumb2/crtbegin.o

.got            0x00001568       0x20
 .got           0x00001568       0x20 /home/jacko/pebble-dev/PebbleSDK/arm-cs-tools/bin/../lib/gcc/arm-none-eabi/4.7.3/thumb2/crtbegin.o

.got.plt        0x00001588        0xc
 .got.plt       0x00001588        0xc /home/jacko/pebble-dev/PebbleSDK/arm-cs-tools/bin/../lib/gcc/arm-none-eabi/4.7.3/thumb2/crtbegin.o
                0x00001588                _GLOBAL_OFFSET_TABLE_

.bss            0x00001594      0x8eb
 *(.bss)
 *(.bss.*)
 .bss.reg       0x00001594       0x30 src/clock.c.23.o
 .bss.clickback
                0x000015c4        0x1 src/clock.c.23.o
 *fill*         0x000015c5        0x1 
 .bss.sw_butt   0x000015c6        0x2 src/clock.c.23.o
 .bss.dp        0x000015c8        0x1 src/clock.c.23.o
 .bss.button_sec
                0x000015c9        0x1 src/clock.c.23.o
 .bss.mode      0x000015ca        0x1 src/clock.c.23.o
 *fill*         0x000015cb        0x1 
 .bss.lap       0x000015cc       0x30 src/clock.c.23.o
 .bss.pause     0x000015fc        0x1 src/game.c.23.o
                0x000015fc                pause
 .bss.state     0x000015fd        0x1 src/game.c.23.o
 *fill*         0x000015fe        0x2 
 .bss.level     0x00001600        0x4 src/game.c.23.o
                0x00001600                level
 .bss.gAB       0x00001604        0x1 src/game.c.23.o
                0x00001604                gAB
 *fill*         0x00001605        0x3 
 .bss.score     0x00001608        0x4 src/game.c.23.o
                0x00001608                score
 .bss.compact   0x0000160c       0x40 src/game.c.23.o
 .bss.hiscore   0x0000164c        0x4 src/game.c.23.o
                0x0000164c                hiscore
 .bss.layer     0x00001650        0x4 src/robomaze.c.23.o
 .bss.s_menu_sections
                0x00001654       0x18 src/robomaze.c.23.o
 .bss.char_gfx  0x0000166c       0xc0 src/robomaze.c.23.o
 .bss.map       0x0000172c        0x4 src/robomaze.c.23.o
 .bss.s_second_menu_items
                0x00001730       0x10 src/robomaze.c.23.o
 .bss.seconds   0x00001740        0x4 src/robomaze.c.23.o
                0x00001740                seconds
 .bss.s_simple_menu_layer
                0x00001744        0x4 src/robomaze.c.23.o
 .bss.s_special_flag
                0x00001748        0x1 src/robomaze.c.23.o
 *fill*         0x00001749        0x3 
 .bss.s_menu_icon_image
                0x0000174c        0x4 src/robomaze.c.23.o
 .bss.s_menu_window
                0x00001750        0x4 src/robomaze.c.23.o
 .bss.s_first_menu_items
                0x00001754       0x30 src/robomaze.c.23.o
 .bss.maze_gfx  0x00001784       0x7c src/robomaze.c.23.o
 .bss.s_main_window
                0x00001800        0x4 src/robomaze.c.23.o
 .bss.s_hit_count
                0x00001804        0x4 src/robomaze.c.23.o
 COMMON         0x00001808        0x1 src/game.c.23.o
                0x00001808                direction
 COMMON         0x00001809      0x676 src/robomaze.c.23.o
                0x00001809                maze
                0x00001c3e                con

DISCARD
 libc.a(*)
 libm.a(*)
 libgcc.a(*)
 *(.eh_frame)
OUTPUT(/home/jacko/pebble-dev/examples/watchapps/RoboMaze/build/basalt/pebble-app.elf elf32-littlearm)

.ARM.attributes
                0x00000000       0x27
 .ARM.attributes
                0x00000000       0x19 /home/jacko/pebble-dev/PebbleSDK/arm-cs-tools/bin/../lib/gcc/arm-none-eabi/4.7.3/thumb2/crti.o
 .ARM.attributes
                0x00000019       0x29 /home/jacko/pebble-dev/PebbleSDK/arm-cs-tools/bin/../lib/gcc/arm-none-eabi/4.7.3/thumb2/crtbegin.o
 .ARM.attributes
                0x00000042       0x33 src/basik.c.23.o
 .ARM.attributes
                0x00000075       0x33 src/clock.c.23.o
 .ARM.attributes
                0x000000a8       0x33 src/game.c.23.o
 .ARM.attributes
                0x000000db       0x33 src/robomaze.c.23.o
 .ARM.attributes
                0x0000010e       0x33 basalt/appinfo.auto.c.23.o
 .ARM.attributes
                0x00000141       0x21 /home/jacko/pebble-dev/PebbleSDK/Pebble/basalt/lib/libpebble.a(tmpTNRbtApebble.o)
 .ARM.attributes
                0x00000162       0x29 /home/jacko/pebble-dev/PebbleSDK/arm-cs-tools/bin/../lib/gcc/arm-none-eabi/4.7.3/thumb2/crtend.o
 .ARM.attributes
                0x0000018b       0x19 /home/jacko/pebble-dev/PebbleSDK/arm-cs-tools/bin/../lib/gcc/arm-none-eabi/4.7.3/thumb2/crtn.o

.comment        0x00000000       0x4e
 .comment       0x00000000       0x4e /home/jacko/pebble-dev/PebbleSDK/arm-cs-tools/bin/../lib/gcc/arm-none-eabi/4.7.3/thumb2/crtbegin.o
                                 0x4f (size before relaxing)
 .comment       0x00000000       0x4f src/basik.c.23.o
 .comment       0x00000000       0x4f src/clock.c.23.o
 .comment       0x00000000       0x4f src/game.c.23.o
 .comment       0x00000000       0x4f src/robomaze.c.23.o
 .comment       0x00000000       0x4f basalt/appinfo.auto.c.23.o
 .comment       0x00000000       0x4f /home/jacko/pebble-dev/PebbleSDK/arm-cs-tools/bin/../lib/gcc/arm-none-eabi/4.7.3/thumb2/crtend.o

.debug_info     0x00000000     0x2e3b
 .debug_info    0x00000000      0x14b src/basik.c.23.o
 .debug_info    0x0000014b      0xb2a src/clock.c.23.o
 .debug_info    0x00000c75      0x5c1 src/game.c.23.o
 .debug_info    0x00001236     0x18f1 src/robomaze.c.23.o
 .debug_info    0x00002b27      0x314 basalt/appinfo.auto.c.23.o

.debug_abbrev   0x00000000      0xb98
 .debug_abbrev  0x00000000       0xbf src/basik.c.23.o
 .debug_abbrev  0x000000bf      0x2e7 src/clock.c.23.o
 .debug_abbrev  0x000003a6      0x2ba src/game.c.23.o
 .debug_abbrev  0x00000660      0x49a src/robomaze.c.23.o
 .debug_abbrev  0x00000afa       0x9e basalt/appinfo.auto.c.23.o

.debug_aranges  0x00000000      0x1c8
 .debug_aranges
                0x00000000       0x38 src/basik.c.23.o
 .debug_aranges
                0x00000038       0x60 src/clock.c.23.o
 .debug_aranges
                0x00000098       0x78 src/game.c.23.o
 .debug_aranges
                0x00000110       0xa0 src/robomaze.c.23.o
 .debug_aranges
                0x000001b0       0x18 basalt/appinfo.auto.c.23.o

.debug_ranges   0x00000000      0x678
 .debug_ranges  0x00000000       0x28 src/basik.c.23.o
 .debug_ranges  0x00000028      0x128 src/clock.c.23.o
 .debug_ranges  0x00000150      0x1c8 src/game.c.23.o
 .debug_ranges  0x00000318      0x360 src/robomaze.c.23.o

.debug_line     0x00000000      0xcdf
 .debug_line    0x00000000       0xae src/basik.c.23.o
 .debug_line    0x000000ae      0x374 src/clock.c.23.o
 .debug_line    0x00000422      0x309 src/game.c.23.o
 .debug_line    0x0000072b      0x48d src/robomaze.c.23.o
 .debug_line    0x00000bb8      0x127 basalt/appinfo.auto.c.23.o

.debug_str      0x00000000      0xbfa
 .debug_str     0x00000000      0x14b src/basik.c.23.o
                                0x184 (size before relaxing)
 .debug_str     0x0000014b      0x1dd src/clock.c.23.o
                                0x34a (size before relaxing)
 .debug_str     0x00000328       0x8c src/game.c.23.o
                                0x258 (size before relaxing)
 .debug_str     0x000003b4      0x6db src/robomaze.c.23.o
                                0x9a1 (size before relaxing)
 .debug_str     0x00000a8f      0x16b basalt/appinfo.auto.c.23.o
                                0x2c5 (size before relaxing)

.debug_frame    0x00000000      0x454
 .debug_frame   0x00000000       0x50 src/basik.c.23.o
 .debug_frame   0x00000050      0x134 src/clock.c.23.o
 .debug_frame   0x00000184      0x100 src/game.c.23.o
 .debug_frame   0x00000284      0x1d0 src/robomaze.c.23.o

.debug_loc      0x00000000      0xf34
 .debug_loc     0x00000000      0x516 src/clock.c.23.o
 .debug_loc     0x00000516      0x1bb src/game.c.23.o
 .debug_loc     0x000006d1      0x863 src/robomaze.c.23.o
