Archive member included because of file (symbol)

/home/jacko/pebble-dev/PebbleSDK/Pebble/aplite/lib/libpebble.a(tmpDuxwpQpebble.o)
                              src/robomaze.c.11.o (app_event_loop)
/home/jacko/pebble-dev/PebbleSDK/arm-cs-tools/bin/../lib/gcc/arm-none-eabi/4.7.3/thumb2/libgcc.a(_arm_addsubdf3.o)
                              src/basik.c.11.o (__aeabi_dsub)
/home/jacko/pebble-dev/PebbleSDK/arm-cs-tools/bin/../lib/gcc/arm-none-eabi/4.7.3/thumb2/libgcc.a(_arm_muldivdf3.o)
                              src/basik.c.11.o (__aeabi_dmul)
/home/jacko/pebble-dev/PebbleSDK/arm-cs-tools/bin/../lib/gcc/arm-none-eabi/4.7.3/thumb2/libgcc.a(_arm_cmpdf2.o)
                              src/clock.c.11.o (__aeabi_dcmpeq)
/home/jacko/pebble-dev/PebbleSDK/arm-cs-tools/bin/../lib/gcc/arm-none-eabi/4.7.3/thumb2/libgcc.a(_arm_fixdfsi.o)
                              src/clock.c.11.o (__aeabi_d2iz)

Allocating common symbols
Common symbol       size              file

maze                0x435             src/robomaze.c.11.o
direction           0x1               src/game.c.11.o
score               0x4               src/game.c.11.o
level               0x4               src/game.c.11.o
hiscore             0x4               src/game.c.11.o
gAB                 0x1               src/game.c.11.o
con                 0x241             src/robomaze.c.11.o

Discarded input sections

 .text          0x00000000        0x0 /home/jacko/pebble-dev/PebbleSDK/arm-cs-tools/bin/../lib/gcc/arm-none-eabi/4.7.3/thumb2/crti.o
 .bss           0x00000000        0x0 /home/jacko/pebble-dev/PebbleSDK/arm-cs-tools/bin/../lib/gcc/arm-none-eabi/4.7.3/thumb2/crti.o
 .init          0x00000000        0x4 /home/jacko/pebble-dev/PebbleSDK/arm-cs-tools/bin/../lib/gcc/arm-none-eabi/4.7.3/thumb2/crti.o
 .fini          0x00000000        0x4 /home/jacko/pebble-dev/PebbleSDK/arm-cs-tools/bin/../lib/gcc/arm-none-eabi/4.7.3/thumb2/crti.o
 .text          0x00000000       0xc8 /home/jacko/pebble-dev/PebbleSDK/arm-cs-tools/bin/../lib/gcc/arm-none-eabi/4.7.3/thumb2/crtbegin.o
 .bss           0x00000000       0x1c /home/jacko/pebble-dev/PebbleSDK/arm-cs-tools/bin/../lib/gcc/arm-none-eabi/4.7.3/thumb2/crtbegin.o
 .init_array    0x00000000        0x4 /home/jacko/pebble-dev/PebbleSDK/arm-cs-tools/bin/../lib/gcc/arm-none-eabi/4.7.3/thumb2/crtbegin.o
 .fini_array    0x00000000        0x4 /home/jacko/pebble-dev/PebbleSDK/arm-cs-tools/bin/../lib/gcc/arm-none-eabi/4.7.3/thumb2/crtbegin.o
 .eh_frame      0x00000000        0x0 /home/jacko/pebble-dev/PebbleSDK/arm-cs-tools/bin/../lib/gcc/arm-none-eabi/4.7.3/thumb2/crtbegin.o
 .jcr           0x00000000        0x0 /home/jacko/pebble-dev/PebbleSDK/arm-cs-tools/bin/../lib/gcc/arm-none-eabi/4.7.3/thumb2/crtbegin.o
 .tm_clone_table
                0x00000000        0x0 /home/jacko/pebble-dev/PebbleSDK/arm-cs-tools/bin/../lib/gcc/arm-none-eabi/4.7.3/thumb2/crtbegin.o
 .text          0x00000000        0x0 src/basik.c.11.o
 .bss           0x00000000        0x0 src/basik.c.11.o
 .text          0x00000000        0x0 src/clock.c.11.o
 .bss           0x00000000        0x0 src/clock.c.11.o
 .text          0x00000000        0x0 src/game.c.11.o
 .bss           0x00000000        0x0 src/game.c.11.o
 .text          0x00000000        0x0 src/robomaze.c.11.o
 .bss           0x00000000        0x0 src/robomaze.c.11.o
 .text          0x00000000        0x0 aplite/appinfo.auto.c.11.o
 .bss           0x00000000        0x0 aplite/appinfo.auto.c.11.o
 .bss           0x00000000        0x0 /home/jacko/pebble-dev/PebbleSDK/Pebble/aplite/lib/libpebble.a(tmpDuxwpQpebble.o)
 .text.accel_data_service_subscribe__deprecated
                0x00000000        0xc /home/jacko/pebble-dev/PebbleSDK/Pebble/aplite/lib/libpebble.a(tmpDuxwpQpebble.o)
 .text.accel_data_service_unsubscribe
                0x00000000        0xc /home/jacko/pebble-dev/PebbleSDK/Pebble/aplite/lib/libpebble.a(tmpDuxwpQpebble.o)
 .text.accel_service_peek
                0x00000000        0xc /home/jacko/pebble-dev/PebbleSDK/Pebble/aplite/lib/libpebble.a(tmpDuxwpQpebble.o)
 .text.accel_service_set_samples_per_update
                0x00000000        0xc /home/jacko/pebble-dev/PebbleSDK/Pebble/aplite/lib/libpebble.a(tmpDuxwpQpebble.o)
 .text.accel_service_set_sampling_rate
                0x00000000        0xc /home/jacko/pebble-dev/PebbleSDK/Pebble/aplite/lib/libpebble.a(tmpDuxwpQpebble.o)
 .text.accel_tap_service_subscribe
                0x00000000        0xc /home/jacko/pebble-dev/PebbleSDK/Pebble/aplite/lib/libpebble.a(tmpDuxwpQpebble.o)
 .text.accel_tap_service_unsubscribe
                0x00000000        0xc /home/jacko/pebble-dev/PebbleSDK/Pebble/aplite/lib/libpebble.a(tmpDuxwpQpebble.o)
 .text.action_bar_layer_add_to_window
                0x00000000        0xc /home/jacko/pebble-dev/PebbleSDK/Pebble/aplite/lib/libpebble.a(tmpDuxwpQpebble.o)
 .text.action_bar_layer_clear_icon
                0x00000000        0xc /home/jacko/pebble-dev/PebbleSDK/Pebble/aplite/lib/libpebble.a(tmpDuxwpQpebble.o)
 .text.action_bar_layer_create
                0x00000000        0xc /home/jacko/pebble-dev/PebbleSDK/Pebble/aplite/lib/libpebble.a(tmpDuxwpQpebble.o)
 .text.action_bar_layer_destroy
                0x00000000        0xc /home/jacko/pebble-dev/PebbleSDK/Pebble/aplite/lib/libpebble.a(tmpDuxwpQpebble.o)
 .text.action_bar_layer_get_layer
                0x00000000        0xc /home/jacko/pebble-dev/PebbleSDK/Pebble/aplite/lib/libpebble.a(tmpDuxwpQpebble.o)
 .text.action_bar_layer_remove_from_window
                0x00000000        0xc /home/jacko/pebble-dev/PebbleSDK/Pebble/aplite/lib/libpebble.a(tmpDuxwpQpebble.o)
 .text.action_bar_layer_set_background_color
                0x00000000        0xc /home/jacko/pebble-dev/PebbleSDK/Pebble/aplite/lib/libpebble.a(tmpDuxwpQpebble.o)
 .text.action_bar_layer_set_click_config_provider
                0x00000000        0xc /home/jacko/pebble-dev/PebbleSDK/Pebble/aplite/lib/libpebble.a(tmpDuxwpQpebble.o)
 .text.action_bar_layer_set_context
                0x00000000        0xc /home/jacko/pebble-dev/PebbleSDK/Pebble/aplite/lib/libpebble.a(tmpDuxwpQpebble.o)
 .text.action_bar_layer_set_icon
                0x00000000        0xc /home/jacko/pebble-dev/PebbleSDK/Pebble/aplite/lib/libpebble.a(tmpDuxwpQpebble.o)
 .text.animation_create
                0x00000000        0xc /home/jacko/pebble-dev/PebbleSDK/Pebble/aplite/lib/libpebble.a(tmpDuxwpQpebble.o)
 .text.animation_destroy
                0x00000000        0xc /home/jacko/pebble-dev/PebbleSDK/Pebble/aplite/lib/libpebble.a(tmpDuxwpQpebble.o)
 .text.animation_get_context
                0x00000000        0xc /home/jacko/pebble-dev/PebbleSDK/Pebble/aplite/lib/libpebble.a(tmpDuxwpQpebble.o)
 .text.animation_is_scheduled
                0x00000000        0xc /home/jacko/pebble-dev/PebbleSDK/Pebble/aplite/lib/libpebble.a(tmpDuxwpQpebble.o)
 .text.animation_schedule
                0x00000000        0xc /home/jacko/pebble-dev/PebbleSDK/Pebble/aplite/lib/libpebble.a(tmpDuxwpQpebble.o)
 .text.animation_set_curve
                0x00000000        0xc /home/jacko/pebble-dev/PebbleSDK/Pebble/aplite/lib/libpebble.a(tmpDuxwpQpebble.o)
 .text.animation_set_delay
                0x00000000        0xc /home/jacko/pebble-dev/PebbleSDK/Pebble/aplite/lib/libpebble.a(tmpDuxwpQpebble.o)
 .text.animation_set_duration
                0x00000000        0xc /home/jacko/pebble-dev/PebbleSDK/Pebble/aplite/lib/libpebble.a(tmpDuxwpQpebble.o)
 .text.animation_set_handlers
                0x00000000        0xc /home/jacko/pebble-dev/PebbleSDK/Pebble/aplite/lib/libpebble.a(tmpDuxwpQpebble.o)
 .text.animation_set_implementation
                0x00000000        0xc /home/jacko/pebble-dev/PebbleSDK/Pebble/aplite/lib/libpebble.a(tmpDuxwpQpebble.o)
 .text.animation_unschedule
                0x00000000        0xc /home/jacko/pebble-dev/PebbleSDK/Pebble/aplite/lib/libpebble.a(tmpDuxwpQpebble.o)
 .text.animation_unschedule_all
                0x00000000        0xc /home/jacko/pebble-dev/PebbleSDK/Pebble/aplite/lib/libpebble.a(tmpDuxwpQpebble.o)
 .text.app_comm_get_sniff_interval
                0x00000000        0xc /home/jacko/pebble-dev/PebbleSDK/Pebble/aplite/lib/libpebble.a(tmpDuxwpQpebble.o)
 .text.app_comm_set_sniff_interval
                0x00000000        0xc /home/jacko/pebble-dev/PebbleSDK/Pebble/aplite/lib/libpebble.a(tmpDuxwpQpebble.o)
 .text.app_log  0x00000000        0xc /home/jacko/pebble-dev/PebbleSDK/Pebble/aplite/lib/libpebble.a(tmpDuxwpQpebble.o)
 .text.app_message_deregister_callbacks
                0x00000000        0xc /home/jacko/pebble-dev/PebbleSDK/Pebble/aplite/lib/libpebble.a(tmpDuxwpQpebble.o)
 .text.app_message_open
                0x00000000        0xc /home/jacko/pebble-dev/PebbleSDK/Pebble/aplite/lib/libpebble.a(tmpDuxwpQpebble.o)
 .text.app_sync_deinit
                0x00000000        0xc /home/jacko/pebble-dev/PebbleSDK/Pebble/aplite/lib/libpebble.a(tmpDuxwpQpebble.o)
 .text.app_sync_get
                0x00000000        0xc /home/jacko/pebble-dev/PebbleSDK/Pebble/aplite/lib/libpebble.a(tmpDuxwpQpebble.o)
 .text.app_sync_init
                0x00000000        0xc /home/jacko/pebble-dev/PebbleSDK/Pebble/aplite/lib/libpebble.a(tmpDuxwpQpebble.o)
 .text.app_sync_set
                0x00000000        0xc /home/jacko/pebble-dev/PebbleSDK/Pebble/aplite/lib/libpebble.a(tmpDuxwpQpebble.o)
 .text.app_timer_cancel
                0x00000000        0xc /home/jacko/pebble-dev/PebbleSDK/Pebble/aplite/lib/libpebble.a(tmpDuxwpQpebble.o)
 .text.app_timer_register
                0x00000000        0xc /home/jacko/pebble-dev/PebbleSDK/Pebble/aplite/lib/libpebble.a(tmpDuxwpQpebble.o)
 .text.app_timer_reschedule
                0x00000000        0xc /home/jacko/pebble-dev/PebbleSDK/Pebble/aplite/lib/libpebble.a(tmpDuxwpQpebble.o)
 .text.atan2_lookup
                0x00000000        0xc /home/jacko/pebble-dev/PebbleSDK/Pebble/aplite/lib/libpebble.a(tmpDuxwpQpebble.o)
 .text.atoi     0x00000000        0xc /home/jacko/pebble-dev/PebbleSDK/Pebble/aplite/lib/libpebble.a(tmpDuxwpQpebble.o)
 .text.atol     0x00000000        0xc /home/jacko/pebble-dev/PebbleSDK/Pebble/aplite/lib/libpebble.a(tmpDuxwpQpebble.o)
 .text.battery_state_service_peek
                0x00000000        0xc /home/jacko/pebble-dev/PebbleSDK/Pebble/aplite/lib/libpebble.a(tmpDuxwpQpebble.o)
 .text.battery_state_service_subscribe
                0x00000000        0xc /home/jacko/pebble-dev/PebbleSDK/Pebble/aplite/lib/libpebble.a(tmpDuxwpQpebble.o)
 .text.battery_state_service_unsubscribe
                0x00000000        0xc /home/jacko/pebble-dev/PebbleSDK/Pebble/aplite/lib/libpebble.a(tmpDuxwpQpebble.o)
 .text.bitmap_layer_create
                0x00000000        0xc /home/jacko/pebble-dev/PebbleSDK/Pebble/aplite/lib/libpebble.a(tmpDuxwpQpebble.o)
 .text.bitmap_layer_destroy
                0x00000000        0xc /home/jacko/pebble-dev/PebbleSDK/Pebble/aplite/lib/libpebble.a(tmpDuxwpQpebble.o)
 .text.bitmap_layer_get_layer
                0x00000000        0xc /home/jacko/pebble-dev/PebbleSDK/Pebble/aplite/lib/libpebble.a(tmpDuxwpQpebble.o)
 .text.bitmap_layer_set_alignment
                0x00000000        0xc /home/jacko/pebble-dev/PebbleSDK/Pebble/aplite/lib/libpebble.a(tmpDuxwpQpebble.o)
 .text.bitmap_layer_set_background_color
                0x00000000        0xc /home/jacko/pebble-dev/PebbleSDK/Pebble/aplite/lib/libpebble.a(tmpDuxwpQpebble.o)
 .text.bitmap_layer_set_bitmap
                0x00000000        0xc /home/jacko/pebble-dev/PebbleSDK/Pebble/aplite/lib/libpebble.a(tmpDuxwpQpebble.o)
 .text.bitmap_layer_set_compositing_mode
                0x00000000        0xc /home/jacko/pebble-dev/PebbleSDK/Pebble/aplite/lib/libpebble.a(tmpDuxwpQpebble.o)
 .text.bluetooth_connection_service_peek
                0x00000000        0xc /home/jacko/pebble-dev/PebbleSDK/Pebble/aplite/lib/libpebble.a(tmpDuxwpQpebble.o)
 .text.bluetooth_connection_service_subscribe
                0x00000000        0xc /home/jacko/pebble-dev/PebbleSDK/Pebble/aplite/lib/libpebble.a(tmpDuxwpQpebble.o)
 .text.bluetooth_connection_service_unsubscribe
                0x00000000        0xc /home/jacko/pebble-dev/PebbleSDK/Pebble/aplite/lib/libpebble.a(tmpDuxwpQpebble.o)
 .text.click_number_of_clicks_counted
                0x00000000        0xc /home/jacko/pebble-dev/PebbleSDK/Pebble/aplite/lib/libpebble.a(tmpDuxwpQpebble.o)
 .text.clock_copy_time_string
                0x00000000        0xc /home/jacko/pebble-dev/PebbleSDK/Pebble/aplite/lib/libpebble.a(tmpDuxwpQpebble.o)
 .text.cos_lookup
                0x00000000        0xc /home/jacko/pebble-dev/PebbleSDK/Pebble/aplite/lib/libpebble.a(tmpDuxwpQpebble.o)
 .text.data_logging_create
                0x00000000        0xc /home/jacko/pebble-dev/PebbleSDK/Pebble/aplite/lib/libpebble.a(tmpDuxwpQpebble.o)
 .text.data_logging_finish
                0x00000000        0xc /home/jacko/pebble-dev/PebbleSDK/Pebble/aplite/lib/libpebble.a(tmpDuxwpQpebble.o)
 .text.data_logging_log
                0x00000000        0xc /home/jacko/pebble-dev/PebbleSDK/Pebble/aplite/lib/libpebble.a(tmpDuxwpQpebble.o)
 .text.dict_calc_buffer_size
                0x00000000        0xc /home/jacko/pebble-dev/PebbleSDK/Pebble/aplite/lib/libpebble.a(tmpDuxwpQpebble.o)
 .text.dict_calc_buffer_size_from_tuplets
                0x00000000        0xc /home/jacko/pebble-dev/PebbleSDK/Pebble/aplite/lib/libpebble.a(tmpDuxwpQpebble.o)
 .text.dict_find
                0x00000000        0xc /home/jacko/pebble-dev/PebbleSDK/Pebble/aplite/lib/libpebble.a(tmpDuxwpQpebble.o)
 .text.dict_merge
                0x00000000        0xc /home/jacko/pebble-dev/PebbleSDK/Pebble/aplite/lib/libpebble.a(tmpDuxwpQpebble.o)
 .text.dict_read_begin_from_buffer
                0x00000000        0xc /home/jacko/pebble-dev/PebbleSDK/Pebble/aplite/lib/libpebble.a(tmpDuxwpQpebble.o)
 .text.dict_read_first
                0x00000000        0xc /home/jacko/pebble-dev/PebbleSDK/Pebble/aplite/lib/libpebble.a(tmpDuxwpQpebble.o)
 .text.dict_read_next
                0x00000000        0xc /home/jacko/pebble-dev/PebbleSDK/Pebble/aplite/lib/libpebble.a(tmpDuxwpQpebble.o)
 .text.dict_serialize_tuplets
                0x00000000        0xc /home/jacko/pebble-dev/PebbleSDK/Pebble/aplite/lib/libpebble.a(tmpDuxwpQpebble.o)
 .text.dict_serialize_tuplets_to_buffer__deprecated
                0x00000000        0xc /home/jacko/pebble-dev/PebbleSDK/Pebble/aplite/lib/libpebble.a(tmpDuxwpQpebble.o)
 .text.dict_serialize_tuplets_to_buffer_with_iter
                0x00000000        0xc /home/jacko/pebble-dev/PebbleSDK/Pebble/aplite/lib/libpebble.a(tmpDuxwpQpebble.o)
 .text.dict_write_begin
                0x00000000        0xc /home/jacko/pebble-dev/PebbleSDK/Pebble/aplite/lib/libpebble.a(tmpDuxwpQpebble.o)
 .text.dict_write_cstring
                0x00000000        0xc /home/jacko/pebble-dev/PebbleSDK/Pebble/aplite/lib/libpebble.a(tmpDuxwpQpebble.o)
 .text.dict_write_data
                0x00000000        0xc /home/jacko/pebble-dev/PebbleSDK/Pebble/aplite/lib/libpebble.a(tmpDuxwpQpebble.o)
 .text.dict_write_end
                0x00000000        0xc /home/jacko/pebble-dev/PebbleSDK/Pebble/aplite/lib/libpebble.a(tmpDuxwpQpebble.o)
 .text.dict_write_int
                0x00000000        0xc /home/jacko/pebble-dev/PebbleSDK/Pebble/aplite/lib/libpebble.a(tmpDuxwpQpebble.o)
 .text.dict_write_int16
                0x00000000        0xc /home/jacko/pebble-dev/PebbleSDK/Pebble/aplite/lib/libpebble.a(tmpDuxwpQpebble.o)
 .text.dict_write_int32
                0x00000000        0xc /home/jacko/pebble-dev/PebbleSDK/Pebble/aplite/lib/libpebble.a(tmpDuxwpQpebble.o)
 .text.dict_write_int8
                0x00000000        0xc /home/jacko/pebble-dev/PebbleSDK/Pebble/aplite/lib/libpebble.a(tmpDuxwpQpebble.o)
 .text.dict_write_tuplet
                0x00000000        0xc /home/jacko/pebble-dev/PebbleSDK/Pebble/aplite/lib/libpebble.a(tmpDuxwpQpebble.o)
 .text.dict_write_uint16
                0x00000000        0xc /home/jacko/pebble-dev/PebbleSDK/Pebble/aplite/lib/libpebble.a(tmpDuxwpQpebble.o)
 .text.dict_write_uint32
                0x00000000        0xc /home/jacko/pebble-dev/PebbleSDK/Pebble/aplite/lib/libpebble.a(tmpDuxwpQpebble.o)
 .text.dict_write_uint8
                0x00000000        0xc /home/jacko/pebble-dev/PebbleSDK/Pebble/aplite/lib/libpebble.a(tmpDuxwpQpebble.o)
 .text.fonts_get_system_font
                0x00000000        0xc /home/jacko/pebble-dev/PebbleSDK/Pebble/aplite/lib/libpebble.a(tmpDuxwpQpebble.o)
 .text.fonts_load_custom_font
                0x00000000        0xc /home/jacko/pebble-dev/PebbleSDK/Pebble/aplite/lib/libpebble.a(tmpDuxwpQpebble.o)
 .text.fonts_unload_custom_font
                0x00000000        0xc /home/jacko/pebble-dev/PebbleSDK/Pebble/aplite/lib/libpebble.a(tmpDuxwpQpebble.o)
 .text.free     0x00000000        0xc /home/jacko/pebble-dev/PebbleSDK/Pebble/aplite/lib/libpebble.a(tmpDuxwpQpebble.o)
 .text.gbitmap_create_with_data
                0x00000000        0xc /home/jacko/pebble-dev/PebbleSDK/Pebble/aplite/lib/libpebble.a(tmpDuxwpQpebble.o)
 .text.gmtime   0x00000000        0xc /home/jacko/pebble-dev/PebbleSDK/Pebble/aplite/lib/libpebble.a(tmpDuxwpQpebble.o)
 .text.gpath_create
                0x00000000        0xc /home/jacko/pebble-dev/PebbleSDK/Pebble/aplite/lib/libpebble.a(tmpDuxwpQpebble.o)
 .text.gpath_destroy
                0x00000000        0xc /home/jacko/pebble-dev/PebbleSDK/Pebble/aplite/lib/libpebble.a(tmpDuxwpQpebble.o)
 .text.gpath_draw_filled_legacy
                0x00000000        0xc /home/jacko/pebble-dev/PebbleSDK/Pebble/aplite/lib/libpebble.a(tmpDuxwpQpebble.o)
 .text.gpath_draw_outline
                0x00000000        0xc /home/jacko/pebble-dev/PebbleSDK/Pebble/aplite/lib/libpebble.a(tmpDuxwpQpebble.o)
 .text.gpath_move_to
                0x00000000        0xc /home/jacko/pebble-dev/PebbleSDK/Pebble/aplite/lib/libpebble.a(tmpDuxwpQpebble.o)
 .text.gpath_rotate_to
                0x00000000        0xc /home/jacko/pebble-dev/PebbleSDK/Pebble/aplite/lib/libpebble.a(tmpDuxwpQpebble.o)
 .text.gpoint_equal
                0x00000000        0xc /home/jacko/pebble-dev/PebbleSDK/Pebble/aplite/lib/libpebble.a(tmpDuxwpQpebble.o)
 .text.graphics_context_set_compositing_mode
                0x00000000        0xc /home/jacko/pebble-dev/PebbleSDK/Pebble/aplite/lib/libpebble.a(tmpDuxwpQpebble.o)
 .text.graphics_context_set_stroke_color
                0x00000000        0xc /home/jacko/pebble-dev/PebbleSDK/Pebble/aplite/lib/libpebble.a(tmpDuxwpQpebble.o)
 .text.graphics_context_set_text_color
                0x00000000        0xc /home/jacko/pebble-dev/PebbleSDK/Pebble/aplite/lib/libpebble.a(tmpDuxwpQpebble.o)
 .text.graphics_draw_circle
                0x00000000        0xc /home/jacko/pebble-dev/PebbleSDK/Pebble/aplite/lib/libpebble.a(tmpDuxwpQpebble.o)
 .text.graphics_draw_line
                0x00000000        0xc /home/jacko/pebble-dev/PebbleSDK/Pebble/aplite/lib/libpebble.a(tmpDuxwpQpebble.o)
 .text.graphics_draw_pixel
                0x00000000        0xc /home/jacko/pebble-dev/PebbleSDK/Pebble/aplite/lib/libpebble.a(tmpDuxwpQpebble.o)
 .text.graphics_draw_rect
                0x00000000        0xc /home/jacko/pebble-dev/PebbleSDK/Pebble/aplite/lib/libpebble.a(tmpDuxwpQpebble.o)
 .text.graphics_draw_round_rect
                0x00000000        0xc /home/jacko/pebble-dev/PebbleSDK/Pebble/aplite/lib/libpebble.a(tmpDuxwpQpebble.o)
 .text.graphics_fill_circle
                0x00000000        0xc /home/jacko/pebble-dev/PebbleSDK/Pebble/aplite/lib/libpebble.a(tmpDuxwpQpebble.o)
 .text.graphics_text_layout_get_max_used_size
                0x00000000        0xc /home/jacko/pebble-dev/PebbleSDK/Pebble/aplite/lib/libpebble.a(tmpDuxwpQpebble.o)
 .text.grect_align
                0x00000000        0xc /home/jacko/pebble-dev/PebbleSDK/Pebble/aplite/lib/libpebble.a(tmpDuxwpQpebble.o)
 .text.grect_center_point
                0x00000000        0xc /home/jacko/pebble-dev/PebbleSDK/Pebble/aplite/lib/libpebble.a(tmpDuxwpQpebble.o)
 .text.grect_clip
                0x00000000        0xc /home/jacko/pebble-dev/PebbleSDK/Pebble/aplite/lib/libpebble.a(tmpDuxwpQpebble.o)
 .text.grect_contains_point
                0x00000000        0xc /home/jacko/pebble-dev/PebbleSDK/Pebble/aplite/lib/libpebble.a(tmpDuxwpQpebble.o)
 .text.grect_crop
                0x00000000        0xc /home/jacko/pebble-dev/PebbleSDK/Pebble/aplite/lib/libpebble.a(tmpDuxwpQpebble.o)
 .text.grect_equal
                0x00000000        0xc /home/jacko/pebble-dev/PebbleSDK/Pebble/aplite/lib/libpebble.a(tmpDuxwpQpebble.o)
 .text.grect_is_empty
                0x00000000        0xc /home/jacko/pebble-dev/PebbleSDK/Pebble/aplite/lib/libpebble.a(tmpDuxwpQpebble.o)
 .text.grect_standardize
                0x00000000        0xc /home/jacko/pebble-dev/PebbleSDK/Pebble/aplite/lib/libpebble.a(tmpDuxwpQpebble.o)
 .text.gsize_equal
                0x00000000        0xc /home/jacko/pebble-dev/PebbleSDK/Pebble/aplite/lib/libpebble.a(tmpDuxwpQpebble.o)
 .text.inverter_layer_create
                0x00000000        0xc /home/jacko/pebble-dev/PebbleSDK/Pebble/aplite/lib/libpebble.a(tmpDuxwpQpebble.o)
 .text.inverter_layer_destroy
                0x00000000        0xc /home/jacko/pebble-dev/PebbleSDK/Pebble/aplite/lib/libpebble.a(tmpDuxwpQpebble.o)
 .text.inverter_layer_get_layer
                0x00000000        0xc /home/jacko/pebble-dev/PebbleSDK/Pebble/aplite/lib/libpebble.a(tmpDuxwpQpebble.o)
 .text.layer_create_with_data
                0x00000000        0xc /home/jacko/pebble-dev/PebbleSDK/Pebble/aplite/lib/libpebble.a(tmpDuxwpQpebble.o)
 .text.layer_get_clips
                0x00000000        0xc /home/jacko/pebble-dev/PebbleSDK/Pebble/aplite/lib/libpebble.a(tmpDuxwpQpebble.o)
 .text.layer_get_data
                0x00000000        0xc /home/jacko/pebble-dev/PebbleSDK/Pebble/aplite/lib/libpebble.a(tmpDuxwpQpebble.o)
 .text.layer_get_frame
                0x00000000        0xc /home/jacko/pebble-dev/PebbleSDK/Pebble/aplite/lib/libpebble.a(tmpDuxwpQpebble.o)
 .text.layer_get_hidden
                0x00000000        0xc /home/jacko/pebble-dev/PebbleSDK/Pebble/aplite/lib/libpebble.a(tmpDuxwpQpebble.o)
 .text.layer_get_window
                0x00000000        0xc /home/jacko/pebble-dev/PebbleSDK/Pebble/aplite/lib/libpebble.a(tmpDuxwpQpebble.o)
 .text.layer_insert_above_sibling
                0x00000000        0xc /home/jacko/pebble-dev/PebbleSDK/Pebble/aplite/lib/libpebble.a(tmpDuxwpQpebble.o)
 .text.layer_insert_below_sibling
                0x00000000        0xc /home/jacko/pebble-dev/PebbleSDK/Pebble/aplite/lib/libpebble.a(tmpDuxwpQpebble.o)
 .text.layer_remove_child_layers
                0x00000000        0xc /home/jacko/pebble-dev/PebbleSDK/Pebble/aplite/lib/libpebble.a(tmpDuxwpQpebble.o)
 .text.layer_remove_from_parent
                0x00000000        0xc /home/jacko/pebble-dev/PebbleSDK/Pebble/aplite/lib/libpebble.a(tmpDuxwpQpebble.o)
 .text.layer_set_clips
                0x00000000        0xc /home/jacko/pebble-dev/PebbleSDK/Pebble/aplite/lib/libpebble.a(tmpDuxwpQpebble.o)
 .text.layer_set_frame
                0x00000000        0xc /home/jacko/pebble-dev/PebbleSDK/Pebble/aplite/lib/libpebble.a(tmpDuxwpQpebble.o)
 .text.layer_set_hidden
                0x00000000        0xc /home/jacko/pebble-dev/PebbleSDK/Pebble/aplite/lib/libpebble.a(tmpDuxwpQpebble.o)
 .text.light_enable
                0x00000000        0xc /home/jacko/pebble-dev/PebbleSDK/Pebble/aplite/lib/libpebble.a(tmpDuxwpQpebble.o)
 .text.light_enable_interaction
                0x00000000        0xc /home/jacko/pebble-dev/PebbleSDK/Pebble/aplite/lib/libpebble.a(tmpDuxwpQpebble.o)
 .text.malloc   0x00000000        0xc /home/jacko/pebble-dev/PebbleSDK/Pebble/aplite/lib/libpebble.a(tmpDuxwpQpebble.o)
 .text.memcpy   0x00000000        0xc /home/jacko/pebble-dev/PebbleSDK/Pebble/aplite/lib/libpebble.a(tmpDuxwpQpebble.o)
 .text.memmove  0x00000000        0xc /home/jacko/pebble-dev/PebbleSDK/Pebble/aplite/lib/libpebble.a(tmpDuxwpQpebble.o)
 .text.menu_cell_basic_draw
                0x00000000        0xc /home/jacko/pebble-dev/PebbleSDK/Pebble/aplite/lib/libpebble.a(tmpDuxwpQpebble.o)
 .text.menu_cell_basic_header_draw
                0x00000000        0xc /home/jacko/pebble-dev/PebbleSDK/Pebble/aplite/lib/libpebble.a(tmpDuxwpQpebble.o)
 .text.menu_cell_title_draw
                0x00000000        0xc /home/jacko/pebble-dev/PebbleSDK/Pebble/aplite/lib/libpebble.a(tmpDuxwpQpebble.o)
 .text.menu_index_compare
                0x00000000        0xc /home/jacko/pebble-dev/PebbleSDK/Pebble/aplite/lib/libpebble.a(tmpDuxwpQpebble.o)
 .text.menu_layer_create
                0x00000000        0xc /home/jacko/pebble-dev/PebbleSDK/Pebble/aplite/lib/libpebble.a(tmpDuxwpQpebble.o)
 .text.menu_layer_destroy
                0x00000000        0xc /home/jacko/pebble-dev/PebbleSDK/Pebble/aplite/lib/libpebble.a(tmpDuxwpQpebble.o)
 .text.menu_layer_get_layer
                0x00000000        0xc /home/jacko/pebble-dev/PebbleSDK/Pebble/aplite/lib/libpebble.a(tmpDuxwpQpebble.o)
 .text.menu_layer_get_scroll_layer
                0x00000000        0xc /home/jacko/pebble-dev/PebbleSDK/Pebble/aplite/lib/libpebble.a(tmpDuxwpQpebble.o)
 .text.menu_layer_get_selected_index
                0x00000000        0xc /home/jacko/pebble-dev/PebbleSDK/Pebble/aplite/lib/libpebble.a(tmpDuxwpQpebble.o)
 .text.menu_layer_reload_data
                0x00000000        0xc /home/jacko/pebble-dev/PebbleSDK/Pebble/aplite/lib/libpebble.a(tmpDuxwpQpebble.o)
 .text.menu_layer_set_callbacks__deprecated
                0x00000000        0xc /home/jacko/pebble-dev/PebbleSDK/Pebble/aplite/lib/libpebble.a(tmpDuxwpQpebble.o)
 .text.menu_layer_set_click_config_onto_window
                0x00000000        0xc /home/jacko/pebble-dev/PebbleSDK/Pebble/aplite/lib/libpebble.a(tmpDuxwpQpebble.o)
 .text.menu_layer_set_selected_index
                0x00000000        0xc /home/jacko/pebble-dev/PebbleSDK/Pebble/aplite/lib/libpebble.a(tmpDuxwpQpebble.o)
 .text.menu_layer_set_selected_next
                0x00000000        0xc /home/jacko/pebble-dev/PebbleSDK/Pebble/aplite/lib/libpebble.a(tmpDuxwpQpebble.o)
 .text.number_window_create
                0x00000000        0xc /home/jacko/pebble-dev/PebbleSDK/Pebble/aplite/lib/libpebble.a(tmpDuxwpQpebble.o)
 .text.number_window_destroy
                0x00000000        0xc /home/jacko/pebble-dev/PebbleSDK/Pebble/aplite/lib/libpebble.a(tmpDuxwpQpebble.o)
 .text.number_window_get_value
                0x00000000        0xc /home/jacko/pebble-dev/PebbleSDK/Pebble/aplite/lib/libpebble.a(tmpDuxwpQpebble.o)
 .text.number_window_set_label
                0x00000000        0xc /home/jacko/pebble-dev/PebbleSDK/Pebble/aplite/lib/libpebble.a(tmpDuxwpQpebble.o)
 .text.number_window_set_max
                0x00000000        0xc /home/jacko/pebble-dev/PebbleSDK/Pebble/aplite/lib/libpebble.a(tmpDuxwpQpebble.o)
 .text.number_window_set_min
                0x00000000        0xc /home/jacko/pebble-dev/PebbleSDK/Pebble/aplite/lib/libpebble.a(tmpDuxwpQpebble.o)
 .text.number_window_set_step_size
                0x00000000        0xc /home/jacko/pebble-dev/PebbleSDK/Pebble/aplite/lib/libpebble.a(tmpDuxwpQpebble.o)
 .text.number_window_set_value
                0x00000000        0xc /home/jacko/pebble-dev/PebbleSDK/Pebble/aplite/lib/libpebble.a(tmpDuxwpQpebble.o)
 .text.persist_delete
                0x00000000        0xc /home/jacko/pebble-dev/PebbleSDK/Pebble/aplite/lib/libpebble.a(tmpDuxwpQpebble.o)
 .text.persist_get_size
                0x00000000        0xc /home/jacko/pebble-dev/PebbleSDK/Pebble/aplite/lib/libpebble.a(tmpDuxwpQpebble.o)
 .text.persist_read_data__deprecated
                0x00000000        0xc /home/jacko/pebble-dev/PebbleSDK/Pebble/aplite/lib/libpebble.a(tmpDuxwpQpebble.o)
 .text.persist_read_string__deprecated
                0x00000000        0xc /home/jacko/pebble-dev/PebbleSDK/Pebble/aplite/lib/libpebble.a(tmpDuxwpQpebble.o)
 .text.persist_write_data__deprecated
                0x00000000        0xc /home/jacko/pebble-dev/PebbleSDK/Pebble/aplite/lib/libpebble.a(tmpDuxwpQpebble.o)
 .text.persist_write_string
                0x00000000        0xc /home/jacko/pebble-dev/PebbleSDK/Pebble/aplite/lib/libpebble.a(tmpDuxwpQpebble.o)
 .text.property_animation_create
                0x00000000        0xc /home/jacko/pebble-dev/PebbleSDK/Pebble/aplite/lib/libpebble.a(tmpDuxwpQpebble.o)
 .text.property_animation_create_layer_frame
                0x00000000        0xc /home/jacko/pebble-dev/PebbleSDK/Pebble/aplite/lib/libpebble.a(tmpDuxwpQpebble.o)
 .text.property_animation_destroy
                0x00000000        0xc /home/jacko/pebble-dev/PebbleSDK/Pebble/aplite/lib/libpebble.a(tmpDuxwpQpebble.o)
 .text.property_animation_update_gpoint
                0x00000000        0xc /home/jacko/pebble-dev/PebbleSDK/Pebble/aplite/lib/libpebble.a(tmpDuxwpQpebble.o)
 .text.property_animation_update_grect
                0x00000000        0xc /home/jacko/pebble-dev/PebbleSDK/Pebble/aplite/lib/libpebble.a(tmpDuxwpQpebble.o)
 .text.property_animation_update_int16
                0x00000000        0xc /home/jacko/pebble-dev/PebbleSDK/Pebble/aplite/lib/libpebble.a(tmpDuxwpQpebble.o)
 .text.psleep   0x00000000        0xc /home/jacko/pebble-dev/PebbleSDK/Pebble/aplite/lib/libpebble.a(tmpDuxwpQpebble.o)
 .text.resource_get_handle
                0x00000000        0xc /home/jacko/pebble-dev/PebbleSDK/Pebble/aplite/lib/libpebble.a(tmpDuxwpQpebble.o)
 .text.resource_load
                0x00000000        0xc /home/jacko/pebble-dev/PebbleSDK/Pebble/aplite/lib/libpebble.a(tmpDuxwpQpebble.o)
 .text.resource_load_byte_range
                0x00000000        0xc /home/jacko/pebble-dev/PebbleSDK/Pebble/aplite/lib/libpebble.a(tmpDuxwpQpebble.o)
 .text.resource_size
                0x00000000        0xc /home/jacko/pebble-dev/PebbleSDK/Pebble/aplite/lib/libpebble.a(tmpDuxwpQpebble.o)
 .text.rot_bitmap_layer_create
                0x00000000        0xc /home/jacko/pebble-dev/PebbleSDK/Pebble/aplite/lib/libpebble.a(tmpDuxwpQpebble.o)
 .text.rot_bitmap_layer_destroy
                0x00000000        0xc /home/jacko/pebble-dev/PebbleSDK/Pebble/aplite/lib/libpebble.a(tmpDuxwpQpebble.o)
 .text.rot_bitmap_layer_increment_angle
                0x00000000        0xc /home/jacko/pebble-dev/PebbleSDK/Pebble/aplite/lib/libpebble.a(tmpDuxwpQpebble.o)
 .text.rot_bitmap_layer_set_angle
                0x00000000        0xc /home/jacko/pebble-dev/PebbleSDK/Pebble/aplite/lib/libpebble.a(tmpDuxwpQpebble.o)
 .text.rot_bitmap_layer_set_corner_clip_color
                0x00000000        0xc /home/jacko/pebble-dev/PebbleSDK/Pebble/aplite/lib/libpebble.a(tmpDuxwpQpebble.o)
 .text.rot_bitmap_set_compositing_mode
                0x00000000        0xc /home/jacko/pebble-dev/PebbleSDK/Pebble/aplite/lib/libpebble.a(tmpDuxwpQpebble.o)
 .text.rot_bitmap_set_src_ic
                0x00000000        0xc /home/jacko/pebble-dev/PebbleSDK/Pebble/aplite/lib/libpebble.a(tmpDuxwpQpebble.o)
 .text.scroll_layer_add_child
                0x00000000        0xc /home/jacko/pebble-dev/PebbleSDK/Pebble/aplite/lib/libpebble.a(tmpDuxwpQpebble.o)
 .text.scroll_layer_create
                0x00000000        0xc /home/jacko/pebble-dev/PebbleSDK/Pebble/aplite/lib/libpebble.a(tmpDuxwpQpebble.o)
 .text.scroll_layer_destroy
                0x00000000        0xc /home/jacko/pebble-dev/PebbleSDK/Pebble/aplite/lib/libpebble.a(tmpDuxwpQpebble.o)
 .text.scroll_layer_get_content_offset
                0x00000000        0xc /home/jacko/pebble-dev/PebbleSDK/Pebble/aplite/lib/libpebble.a(tmpDuxwpQpebble.o)
 .text.scroll_layer_get_content_size
                0x00000000        0xc /home/jacko/pebble-dev/PebbleSDK/Pebble/aplite/lib/libpebble.a(tmpDuxwpQpebble.o)
 .text.scroll_layer_get_layer
                0x00000000        0xc /home/jacko/pebble-dev/PebbleSDK/Pebble/aplite/lib/libpebble.a(tmpDuxwpQpebble.o)
 .text.scroll_layer_get_shadow_hidden
                0x00000000        0xc /home/jacko/pebble-dev/PebbleSDK/Pebble/aplite/lib/libpebble.a(tmpDuxwpQpebble.o)
 .text.scroll_layer_scroll_down_click_handler
                0x00000000        0xc /home/jacko/pebble-dev/PebbleSDK/Pebble/aplite/lib/libpebble.a(tmpDuxwpQpebble.o)
 .text.scroll_layer_scroll_up_click_handler
                0x00000000        0xc /home/jacko/pebble-dev/PebbleSDK/Pebble/aplite/lib/libpebble.a(tmpDuxwpQpebble.o)
 .text.scroll_layer_set_callbacks
                0x00000000        0xc /home/jacko/pebble-dev/PebbleSDK/Pebble/aplite/lib/libpebble.a(tmpDuxwpQpebble.o)
 .text.scroll_layer_set_click_config_onto_window
                0x00000000        0xc /home/jacko/pebble-dev/PebbleSDK/Pebble/aplite/lib/libpebble.a(tmpDuxwpQpebble.o)
 .text.scroll_layer_set_content_offset
                0x00000000        0xc /home/jacko/pebble-dev/PebbleSDK/Pebble/aplite/lib/libpebble.a(tmpDuxwpQpebble.o)
 .text.scroll_layer_set_content_size
                0x00000000        0xc /home/jacko/pebble-dev/PebbleSDK/Pebble/aplite/lib/libpebble.a(tmpDuxwpQpebble.o)
 .text.scroll_layer_set_context
                0x00000000        0xc /home/jacko/pebble-dev/PebbleSDK/Pebble/aplite/lib/libpebble.a(tmpDuxwpQpebble.o)
 .text.scroll_layer_set_frame
                0x00000000        0xc /home/jacko/pebble-dev/PebbleSDK/Pebble/aplite/lib/libpebble.a(tmpDuxwpQpebble.o)
 .text.scroll_layer_set_shadow_hidden
                0x00000000        0xc /home/jacko/pebble-dev/PebbleSDK/Pebble/aplite/lib/libpebble.a(tmpDuxwpQpebble.o)
 .text.simple_menu_layer_create
                0x00000000        0xc /home/jacko/pebble-dev/PebbleSDK/Pebble/aplite/lib/libpebble.a(tmpDuxwpQpebble.o)
 .text.simple_menu_layer_destroy
                0x00000000        0xc /home/jacko/pebble-dev/PebbleSDK/Pebble/aplite/lib/libpebble.a(tmpDuxwpQpebble.o)
 .text.simple_menu_layer_get_layer
                0x00000000        0xc /home/jacko/pebble-dev/PebbleSDK/Pebble/aplite/lib/libpebble.a(tmpDuxwpQpebble.o)
 .text.simple_menu_layer_get_selected_index
                0x00000000        0xc /home/jacko/pebble-dev/PebbleSDK/Pebble/aplite/lib/libpebble.a(tmpDuxwpQpebble.o)
 .text.simple_menu_layer_set_selected_index
                0x00000000        0xc /home/jacko/pebble-dev/PebbleSDK/Pebble/aplite/lib/libpebble.a(tmpDuxwpQpebble.o)
 .text.sin_lookup
                0x00000000        0xc /home/jacko/pebble-dev/PebbleSDK/Pebble/aplite/lib/libpebble.a(tmpDuxwpQpebble.o)
 .text.snprintf
                0x00000000        0xc /home/jacko/pebble-dev/PebbleSDK/Pebble/aplite/lib/libpebble.a(tmpDuxwpQpebble.o)
 .text.strcat   0x00000000        0xc /home/jacko/pebble-dev/PebbleSDK/Pebble/aplite/lib/libpebble.a(tmpDuxwpQpebble.o)
 .text.strcmp   0x00000000        0xc /home/jacko/pebble-dev/PebbleSDK/Pebble/aplite/lib/libpebble.a(tmpDuxwpQpebble.o)
 .text.strcpy   0x00000000        0xc /home/jacko/pebble-dev/PebbleSDK/Pebble/aplite/lib/libpebble.a(tmpDuxwpQpebble.o)
 .text.strftime
                0x00000000        0xc /home/jacko/pebble-dev/PebbleSDK/Pebble/aplite/lib/libpebble.a(tmpDuxwpQpebble.o)
 .text.strlen   0x00000000        0xc /home/jacko/pebble-dev/PebbleSDK/Pebble/aplite/lib/libpebble.a(tmpDuxwpQpebble.o)
 .text.strncat  0x00000000        0xc /home/jacko/pebble-dev/PebbleSDK/Pebble/aplite/lib/libpebble.a(tmpDuxwpQpebble.o)
 .text.strncmp  0x00000000        0xc /home/jacko/pebble-dev/PebbleSDK/Pebble/aplite/lib/libpebble.a(tmpDuxwpQpebble.o)
 .text.strncpy  0x00000000        0xc /home/jacko/pebble-dev/PebbleSDK/Pebble/aplite/lib/libpebble.a(tmpDuxwpQpebble.o)
 .text.text_layer_create
                0x00000000        0xc /home/jacko/pebble-dev/PebbleSDK/Pebble/aplite/lib/libpebble.a(tmpDuxwpQpebble.o)
 .text.text_layer_destroy
                0x00000000        0xc /home/jacko/pebble-dev/PebbleSDK/Pebble/aplite/lib/libpebble.a(tmpDuxwpQpebble.o)
 .text.text_layer_get_content_size
                0x00000000        0xc /home/jacko/pebble-dev/PebbleSDK/Pebble/aplite/lib/libpebble.a(tmpDuxwpQpebble.o)
 .text.text_layer_get_layer
                0x00000000        0xc /home/jacko/pebble-dev/PebbleSDK/Pebble/aplite/lib/libpebble.a(tmpDuxwpQpebble.o)
 .text.text_layer_get_text
                0x00000000        0xc /home/jacko/pebble-dev/PebbleSDK/Pebble/aplite/lib/libpebble.a(tmpDuxwpQpebble.o)
 .text.text_layer_set_background_color
                0x00000000        0xc /home/jacko/pebble-dev/PebbleSDK/Pebble/aplite/lib/libpebble.a(tmpDuxwpQpebble.o)
 .text.text_layer_set_font
                0x00000000        0xc /home/jacko/pebble-dev/PebbleSDK/Pebble/aplite/lib/libpebble.a(tmpDuxwpQpebble.o)
 .text.text_layer_set_overflow_mode
                0x00000000        0xc /home/jacko/pebble-dev/PebbleSDK/Pebble/aplite/lib/libpebble.a(tmpDuxwpQpebble.o)
 .text.text_layer_set_size
                0x00000000        0xc /home/jacko/pebble-dev/PebbleSDK/Pebble/aplite/lib/libpebble.a(tmpDuxwpQpebble.o)
 .text.text_layer_set_text
                0x00000000        0xc /home/jacko/pebble-dev/PebbleSDK/Pebble/aplite/lib/libpebble.a(tmpDuxwpQpebble.o)
 .text.text_layer_set_text_alignment
                0x00000000        0xc /home/jacko/pebble-dev/PebbleSDK/Pebble/aplite/lib/libpebble.a(tmpDuxwpQpebble.o)
 .text.text_layer_set_text_color
                0x00000000        0xc /home/jacko/pebble-dev/PebbleSDK/Pebble/aplite/lib/libpebble.a(tmpDuxwpQpebble.o)
 .text.tick_timer_service_unsubscribe
                0x00000000        0xc /home/jacko/pebble-dev/PebbleSDK/Pebble/aplite/lib/libpebble.a(tmpDuxwpQpebble.o)
 .text.time_ms  0x00000000        0xc /home/jacko/pebble-dev/PebbleSDK/Pebble/aplite/lib/libpebble.a(tmpDuxwpQpebble.o)
 .text.vibes_cancel
                0x00000000        0xc /home/jacko/pebble-dev/PebbleSDK/Pebble/aplite/lib/libpebble.a(tmpDuxwpQpebble.o)
 .text.vibes_double_pulse
                0x00000000        0xc /home/jacko/pebble-dev/PebbleSDK/Pebble/aplite/lib/libpebble.a(tmpDuxwpQpebble.o)
 .text.vibes_enqueue_custom_pattern
                0x00000000        0xc /home/jacko/pebble-dev/PebbleSDK/Pebble/aplite/lib/libpebble.a(tmpDuxwpQpebble.o)
 .text.vibes_long_pulse
                0x00000000        0xc /home/jacko/pebble-dev/PebbleSDK/Pebble/aplite/lib/libpebble.a(tmpDuxwpQpebble.o)
 .text.vibes_short_pulse
                0x00000000        0xc /home/jacko/pebble-dev/PebbleSDK/Pebble/aplite/lib/libpebble.a(tmpDuxwpQpebble.o)
 .text.window_get_click_config_provider
                0x00000000        0xc /home/jacko/pebble-dev/PebbleSDK/Pebble/aplite/lib/libpebble.a(tmpDuxwpQpebble.o)
 .text.window_get_fullscreen
                0x00000000        0xc /home/jacko/pebble-dev/PebbleSDK/Pebble/aplite/lib/libpebble.a(tmpDuxwpQpebble.o)
 .text.window_is_loaded
                0x00000000        0xc /home/jacko/pebble-dev/PebbleSDK/Pebble/aplite/lib/libpebble.a(tmpDuxwpQpebble.o)
 .text.window_set_background_color
                0x00000000        0xc /home/jacko/pebble-dev/PebbleSDK/Pebble/aplite/lib/libpebble.a(tmpDuxwpQpebble.o)
 .text.window_set_click_config_provider_with_context
                0x00000000        0xc /home/jacko/pebble-dev/PebbleSDK/Pebble/aplite/lib/libpebble.a(tmpDuxwpQpebble.o)
 .text.window_set_status_bar_icon
                0x00000000        0xc /home/jacko/pebble-dev/PebbleSDK/Pebble/aplite/lib/libpebble.a(tmpDuxwpQpebble.o)
 .text.window_stack_contains_window
                0x00000000        0xc /home/jacko/pebble-dev/PebbleSDK/Pebble/aplite/lib/libpebble.a(tmpDuxwpQpebble.o)
 .text.window_stack_get_top_window
                0x00000000        0xc /home/jacko/pebble-dev/PebbleSDK/Pebble/aplite/lib/libpebble.a(tmpDuxwpQpebble.o)
 .text.window_stack_pop
                0x00000000        0xc /home/jacko/pebble-dev/PebbleSDK/Pebble/aplite/lib/libpebble.a(tmpDuxwpQpebble.o)
 .text.window_stack_pop_all
                0x00000000        0xc /home/jacko/pebble-dev/PebbleSDK/Pebble/aplite/lib/libpebble.a(tmpDuxwpQpebble.o)
 .text.window_stack_remove
                0x00000000        0xc /home/jacko/pebble-dev/PebbleSDK/Pebble/aplite/lib/libpebble.a(tmpDuxwpQpebble.o)
 .text.app_focus_service_subscribe
                0x00000000        0xc /home/jacko/pebble-dev/PebbleSDK/Pebble/aplite/lib/libpebble.a(tmpDuxwpQpebble.o)
 .text.app_focus_service_unsubscribe
                0x00000000        0xc /home/jacko/pebble-dev/PebbleSDK/Pebble/aplite/lib/libpebble.a(tmpDuxwpQpebble.o)
 .text.window_get_user_data
                0x00000000        0xc /home/jacko/pebble-dev/PebbleSDK/Pebble/aplite/lib/libpebble.a(tmpDuxwpQpebble.o)
 .text.window_set_user_data
                0x00000000        0xc /home/jacko/pebble-dev/PebbleSDK/Pebble/aplite/lib/libpebble.a(tmpDuxwpQpebble.o)
 .text.app_message_get_context
                0x00000000        0xc /home/jacko/pebble-dev/PebbleSDK/Pebble/aplite/lib/libpebble.a(tmpDuxwpQpebble.o)
 .text.app_message_inbox_size_maximum
                0x00000000        0xc /home/jacko/pebble-dev/PebbleSDK/Pebble/aplite/lib/libpebble.a(tmpDuxwpQpebble.o)
 .text.app_message_outbox_begin
                0x00000000        0xc /home/jacko/pebble-dev/PebbleSDK/Pebble/aplite/lib/libpebble.a(tmpDuxwpQpebble.o)
 .text.app_message_outbox_send
                0x00000000        0xc /home/jacko/pebble-dev/PebbleSDK/Pebble/aplite/lib/libpebble.a(tmpDuxwpQpebble.o)
 .text.app_message_outbox_size_maximum
                0x00000000        0xc /home/jacko/pebble-dev/PebbleSDK/Pebble/aplite/lib/libpebble.a(tmpDuxwpQpebble.o)
 .text.app_message_register_inbox_dropped
                0x00000000        0xc /home/jacko/pebble-dev/PebbleSDK/Pebble/aplite/lib/libpebble.a(tmpDuxwpQpebble.o)
 .text.app_message_register_inbox_received
                0x00000000        0xc /home/jacko/pebble-dev/PebbleSDK/Pebble/aplite/lib/libpebble.a(tmpDuxwpQpebble.o)
 .text.app_message_register_outbox_failed
                0x00000000        0xc /home/jacko/pebble-dev/PebbleSDK/Pebble/aplite/lib/libpebble.a(tmpDuxwpQpebble.o)
 .text.app_message_register_outbox_sent
                0x00000000        0xc /home/jacko/pebble-dev/PebbleSDK/Pebble/aplite/lib/libpebble.a(tmpDuxwpQpebble.o)
 .text.app_message_set_context
                0x00000000        0xc /home/jacko/pebble-dev/PebbleSDK/Pebble/aplite/lib/libpebble.a(tmpDuxwpQpebble.o)
 .text.window_multi_click_subscribe
                0x00000000        0xc /home/jacko/pebble-dev/PebbleSDK/Pebble/aplite/lib/libpebble.a(tmpDuxwpQpebble.o)
 .text.window_raw_click_subscribe
                0x00000000        0xc /home/jacko/pebble-dev/PebbleSDK/Pebble/aplite/lib/libpebble.a(tmpDuxwpQpebble.o)
 .text.window_set_click_context
                0x00000000        0xc /home/jacko/pebble-dev/PebbleSDK/Pebble/aplite/lib/libpebble.a(tmpDuxwpQpebble.o)
 .text.window_single_repeating_click_subscribe
                0x00000000        0xc /home/jacko/pebble-dev/PebbleSDK/Pebble/aplite/lib/libpebble.a(tmpDuxwpQpebble.o)
 .text.graphics_draw_text
                0x00000000        0xc /home/jacko/pebble-dev/PebbleSDK/Pebble/aplite/lib/libpebble.a(tmpDuxwpQpebble.o)
 .text.dict_serialize_tuplets_to_buffer
                0x00000000        0xc /home/jacko/pebble-dev/PebbleSDK/Pebble/aplite/lib/libpebble.a(tmpDuxwpQpebble.o)
 .text.persist_read_string
                0x00000000        0xc /home/jacko/pebble-dev/PebbleSDK/Pebble/aplite/lib/libpebble.a(tmpDuxwpQpebble.o)
 .text.dict_size
                0x00000000        0xc /home/jacko/pebble-dev/PebbleSDK/Pebble/aplite/lib/libpebble.a(tmpDuxwpQpebble.o)
 .text.graphics_text_layout_get_content_size
                0x00000000        0xc /home/jacko/pebble-dev/PebbleSDK/Pebble/aplite/lib/libpebble.a(tmpDuxwpQpebble.o)
 .text.simple_menu_layer_get_menu_layer
                0x00000000        0xc /home/jacko/pebble-dev/PebbleSDK/Pebble/aplite/lib/libpebble.a(tmpDuxwpQpebble.o)
 .text.accel_data_service_subscribe
                0x00000000        0xc /home/jacko/pebble-dev/PebbleSDK/Pebble/aplite/lib/libpebble.a(tmpDuxwpQpebble.o)
 .text.calloc   0x00000000        0xc /home/jacko/pebble-dev/PebbleSDK/Pebble/aplite/lib/libpebble.a(tmpDuxwpQpebble.o)
 .text.bitmap_layer_get_bitmap
                0x00000000        0xc /home/jacko/pebble-dev/PebbleSDK/Pebble/aplite/lib/libpebble.a(tmpDuxwpQpebble.o)
 .text.menu_layer_set_callbacks
                0x00000000        0xc /home/jacko/pebble-dev/PebbleSDK/Pebble/aplite/lib/libpebble.a(tmpDuxwpQpebble.o)
 .text.window_get_click_config_context
                0x00000000        0xc /home/jacko/pebble-dev/PebbleSDK/Pebble/aplite/lib/libpebble.a(tmpDuxwpQpebble.o)
 .text.number_window_get_window
                0x00000000        0xc /home/jacko/pebble-dev/PebbleSDK/Pebble/aplite/lib/libpebble.a(tmpDuxwpQpebble.o)
 .text.realloc  0x00000000        0xc /home/jacko/pebble-dev/PebbleSDK/Pebble/aplite/lib/libpebble.a(tmpDuxwpQpebble.o)
 .text.__gbitmap_create_blank
                0x00000000        0xc /home/jacko/pebble-dev/PebbleSDK/Pebble/aplite/lib/libpebble.a(tmpDuxwpQpebble.o)
 .text.click_recognizer_is_repeating
                0x00000000        0xc /home/jacko/pebble-dev/PebbleSDK/Pebble/aplite/lib/libpebble.a(tmpDuxwpQpebble.o)
 .text.accel_raw_data_service_subscribe
                0x00000000        0xc /home/jacko/pebble-dev/PebbleSDK/Pebble/aplite/lib/libpebble.a(tmpDuxwpQpebble.o)
 .text.app_worker_is_running
                0x00000000        0xc /home/jacko/pebble-dev/PebbleSDK/Pebble/aplite/lib/libpebble.a(tmpDuxwpQpebble.o)
 .text.app_worker_kill
                0x00000000        0xc /home/jacko/pebble-dev/PebbleSDK/Pebble/aplite/lib/libpebble.a(tmpDuxwpQpebble.o)
 .text.app_worker_launch
                0x00000000        0xc /home/jacko/pebble-dev/PebbleSDK/Pebble/aplite/lib/libpebble.a(tmpDuxwpQpebble.o)
 .text.app_worker_message_subscribe
                0x00000000        0xc /home/jacko/pebble-dev/PebbleSDK/Pebble/aplite/lib/libpebble.a(tmpDuxwpQpebble.o)
 .text.app_worker_message_unsubscribe
                0x00000000        0xc /home/jacko/pebble-dev/PebbleSDK/Pebble/aplite/lib/libpebble.a(tmpDuxwpQpebble.o)
 .text.app_worker_send_message
                0x00000000        0xc /home/jacko/pebble-dev/PebbleSDK/Pebble/aplite/lib/libpebble.a(tmpDuxwpQpebble.o)
 .text.worker_event_loop
                0x00000000        0xc /home/jacko/pebble-dev/PebbleSDK/Pebble/aplite/lib/libpebble.a(tmpDuxwpQpebble.o)
 .text.worker_launch_app
                0x00000000        0xc /home/jacko/pebble-dev/PebbleSDK/Pebble/aplite/lib/libpebble.a(tmpDuxwpQpebble.o)
 .text.heap_bytes_free
                0x00000000        0xc /home/jacko/pebble-dev/PebbleSDK/Pebble/aplite/lib/libpebble.a(tmpDuxwpQpebble.o)
 .text.heap_bytes_used
                0x00000000        0xc /home/jacko/pebble-dev/PebbleSDK/Pebble/aplite/lib/libpebble.a(tmpDuxwpQpebble.o)
 .text.compass_service_peek
                0x00000000        0xc /home/jacko/pebble-dev/PebbleSDK/Pebble/aplite/lib/libpebble.a(tmpDuxwpQpebble.o)
 .text.compass_service_set_heading_filter
                0x00000000        0xc /home/jacko/pebble-dev/PebbleSDK/Pebble/aplite/lib/libpebble.a(tmpDuxwpQpebble.o)
 .text.compass_service_subscribe
                0x00000000        0xc /home/jacko/pebble-dev/PebbleSDK/Pebble/aplite/lib/libpebble.a(tmpDuxwpQpebble.o)
 .text.compass_service_unsubscribe
                0x00000000        0xc /home/jacko/pebble-dev/PebbleSDK/Pebble/aplite/lib/libpebble.a(tmpDuxwpQpebble.o)
 .text.uuid_equal
                0x00000000        0xc /home/jacko/pebble-dev/PebbleSDK/Pebble/aplite/lib/libpebble.a(tmpDuxwpQpebble.o)
 .text.uuid_to_string
                0x00000000        0xc /home/jacko/pebble-dev/PebbleSDK/Pebble/aplite/lib/libpebble.a(tmpDuxwpQpebble.o)
 .text.gpath_draw_filled
                0x00000000        0xc /home/jacko/pebble-dev/PebbleSDK/Pebble/aplite/lib/libpebble.a(tmpDuxwpQpebble.o)
 .text.animation_set_custom_curve
                0x00000000        0xc /home/jacko/pebble-dev/PebbleSDK/Pebble/aplite/lib/libpebble.a(tmpDuxwpQpebble.o)
 .text.watch_info_get_color
                0x00000000        0xc /home/jacko/pebble-dev/PebbleSDK/Pebble/aplite/lib/libpebble.a(tmpDuxwpQpebble.o)
 .text.watch_info_get_firmware_version
                0x00000000        0xc /home/jacko/pebble-dev/PebbleSDK/Pebble/aplite/lib/libpebble.a(tmpDuxwpQpebble.o)
 .text.watch_info_get_model
                0x00000000        0xc /home/jacko/pebble-dev/PebbleSDK/Pebble/aplite/lib/libpebble.a(tmpDuxwpQpebble.o)
 .text.graphics_capture_frame_buffer
                0x00000000        0xc /home/jacko/pebble-dev/PebbleSDK/Pebble/aplite/lib/libpebble.a(tmpDuxwpQpebble.o)
 .text.graphics_frame_buffer_is_captured
                0x00000000        0xc /home/jacko/pebble-dev/PebbleSDK/Pebble/aplite/lib/libpebble.a(tmpDuxwpQpebble.o)
 .text.graphics_release_frame_buffer
                0x00000000        0xc /home/jacko/pebble-dev/PebbleSDK/Pebble/aplite/lib/libpebble.a(tmpDuxwpQpebble.o)
 .text.clock_to_timestamp
                0x00000000        0xc /home/jacko/pebble-dev/PebbleSDK/Pebble/aplite/lib/libpebble.a(tmpDuxwpQpebble.o)
 .text.launch_reason
                0x00000000        0xc /home/jacko/pebble-dev/PebbleSDK/Pebble/aplite/lib/libpebble.a(tmpDuxwpQpebble.o)
 .text.wakeup_cancel
                0x00000000        0xc /home/jacko/pebble-dev/PebbleSDK/Pebble/aplite/lib/libpebble.a(tmpDuxwpQpebble.o)
 .text.wakeup_cancel_all
                0x00000000        0xc /home/jacko/pebble-dev/PebbleSDK/Pebble/aplite/lib/libpebble.a(tmpDuxwpQpebble.o)
 .text.wakeup_get_launch_event
                0x00000000        0xc /home/jacko/pebble-dev/PebbleSDK/Pebble/aplite/lib/libpebble.a(tmpDuxwpQpebble.o)
 .text.wakeup_query
                0x00000000        0xc /home/jacko/pebble-dev/PebbleSDK/Pebble/aplite/lib/libpebble.a(tmpDuxwpQpebble.o)
 .text.wakeup_schedule
                0x00000000        0xc /home/jacko/pebble-dev/PebbleSDK/Pebble/aplite/lib/libpebble.a(tmpDuxwpQpebble.o)
 .text.wakeup_service_subscribe
                0x00000000        0xc /home/jacko/pebble-dev/PebbleSDK/Pebble/aplite/lib/libpebble.a(tmpDuxwpQpebble.o)
 .text.clock_is_timezone_set
                0x00000000        0xc /home/jacko/pebble-dev/PebbleSDK/Pebble/aplite/lib/libpebble.a(tmpDuxwpQpebble.o)
 .text.i18n_get_system_locale
                0x00000000        0xc /home/jacko/pebble-dev/PebbleSDK/Pebble/aplite/lib/libpebble.a(tmpDuxwpQpebble.o)
 .text._localeconv_r
                0x00000000        0xc /home/jacko/pebble-dev/PebbleSDK/Pebble/aplite/lib/libpebble.a(tmpDuxwpQpebble.o)
 .text.setlocale
                0x00000000        0xc /home/jacko/pebble-dev/PebbleSDK/Pebble/aplite/lib/libpebble.a(tmpDuxwpQpebble.o)
 .text.mktime   0x00000000        0xc /home/jacko/pebble-dev/PebbleSDK/Pebble/aplite/lib/libpebble.a(tmpDuxwpQpebble.o)
 .bss           0x00000000        0x0 /home/jacko/pebble-dev/PebbleSDK/arm-cs-tools/bin/../lib/gcc/arm-none-eabi/4.7.3/thumb2/libgcc.a(_arm_addsubdf3.o)
 .bss           0x00000000        0x0 /home/jacko/pebble-dev/PebbleSDK/arm-cs-tools/bin/../lib/gcc/arm-none-eabi/4.7.3/thumb2/libgcc.a(_arm_muldivdf3.o)
 .bss           0x00000000        0x0 /home/jacko/pebble-dev/PebbleSDK/arm-cs-tools/bin/../lib/gcc/arm-none-eabi/4.7.3/thumb2/libgcc.a(_arm_cmpdf2.o)
 .bss           0x00000000        0x0 /home/jacko/pebble-dev/PebbleSDK/arm-cs-tools/bin/../lib/gcc/arm-none-eabi/4.7.3/thumb2/libgcc.a(_arm_fixdfsi.o)
 .text          0x00000000        0x0 /home/jacko/pebble-dev/PebbleSDK/arm-cs-tools/bin/../lib/gcc/arm-none-eabi/4.7.3/thumb2/crtend.o
 .bss           0x00000000        0x0 /home/jacko/pebble-dev/PebbleSDK/arm-cs-tools/bin/../lib/gcc/arm-none-eabi/4.7.3/thumb2/crtend.o
 .eh_frame      0x00000000        0x4 /home/jacko/pebble-dev/PebbleSDK/arm-cs-tools/bin/../lib/gcc/arm-none-eabi/4.7.3/thumb2/crtend.o
 .jcr           0x00000000        0x4 /home/jacko/pebble-dev/PebbleSDK/arm-cs-tools/bin/../lib/gcc/arm-none-eabi/4.7.3/thumb2/crtend.o
 .tm_clone_table
                0x00000000        0x0 /home/jacko/pebble-dev/PebbleSDK/arm-cs-tools/bin/../lib/gcc/arm-none-eabi/4.7.3/thumb2/crtend.o
 .text          0x00000000        0x0 /home/jacko/pebble-dev/PebbleSDK/arm-cs-tools/bin/../lib/gcc/arm-none-eabi/4.7.3/thumb2/crtn.o
 .bss           0x00000000        0x0 /home/jacko/pebble-dev/PebbleSDK/arm-cs-tools/bin/../lib/gcc/arm-none-eabi/4.7.3/thumb2/crtn.o
 .init          0x00000000        0x8 /home/jacko/pebble-dev/PebbleSDK/arm-cs-tools/bin/../lib/gcc/arm-none-eabi/4.7.3/thumb2/crtn.o
 .fini          0x00000000        0x8 /home/jacko/pebble-dev/PebbleSDK/arm-cs-tools/bin/../lib/gcc/arm-none-eabi/4.7.3/thumb2/crtn.o

Memory Configuration

Name             Origin             Length             Attributes
APP              0x00000000         0x00006000         xrw
*default*        0x00000000         0xffffffff

Linker script and memory map

LOAD /home/jacko/pebble-dev/PebbleSDK/arm-cs-tools/bin/../lib/gcc/arm-none-eabi/4.7.3/thumb2/crti.o
LOAD /home/jacko/pebble-dev/PebbleSDK/arm-cs-tools/bin/../lib/gcc/arm-none-eabi/4.7.3/thumb2/crtbegin.o
LOAD src/basik.c.11.o
LOAD src/clock.c.11.o
LOAD src/game.c.11.o
LOAD src/robomaze.c.11.o
LOAD aplite/appinfo.auto.c.11.o
LOAD /home/jacko/pebble-dev/PebbleSDK/Pebble/aplite/lib/libpebble.a
START GROUP
LOAD /home/jacko/pebble-dev/PebbleSDK/arm-cs-tools/bin/../lib/gcc/arm-none-eabi/4.7.3/thumb2/libgcc.a
LOAD /home/jacko/pebble-dev/PebbleSDK/arm-cs-tools/bin/../lib/gcc/arm-none-eabi/4.7.3/../../../../arm-none-eabi/lib/thumb2/libc.a
END GROUP
LOAD /home/jacko/pebble-dev/PebbleSDK/arm-cs-tools/bin/../lib/gcc/arm-none-eabi/4.7.3/thumb2/crtend.o
LOAD /home/jacko/pebble-dev/PebbleSDK/arm-cs-tools/bin/../lib/gcc/arm-none-eabi/4.7.3/thumb2/crtn.o

.header         0x00000000       0x82
 *(.pbl_header)
 .pbl_header    0x00000000       0x82 aplite/appinfo.auto.c.11.o
                0x00000000                __pbl_app_info

.note.gnu.build-id
                0x00000082       0x26
                0x00000082                PROVIDE (BUILD_ID, .)
 *(.note.gnu.build-id)
 *fill*         0x00000082        0x2 
 .note.gnu.build-id
                0x00000084       0x24 linker stubs

.text           0x000000a8     0x29ba
 *(.text)
 .text          0x000000a8       0x14 /home/jacko/pebble-dev/PebbleSDK/Pebble/aplite/lib/libpebble.a(tmpDuxwpQpebble.o)
 .text          0x000000bc      0x370 /home/jacko/pebble-dev/PebbleSDK/arm-cs-tools/bin/../lib/gcc/arm-none-eabi/4.7.3/thumb2/libgcc.a(_arm_addsubdf3.o)
                0x000000bc                __aeabi_drsub
                0x000000c4                __aeabi_dsub
                0x000000c4                __subdf3
                0x000000c8                __adddf3
                0x000000c8                __aeabi_dadd
                0x00000340                __aeabi_ui2d
                0x00000340                __floatunsidf
                0x00000360                __floatsidf
                0x00000360                __aeabi_i2d
                0x00000384                __extendsfdf2
                0x00000384                __aeabi_f2d
                0x000003c0                __aeabi_ul2d
                0x000003c0                __floatundidf
                0x000003d0                __floatdidf
                0x000003d0                __aeabi_l2d
 .text          0x0000042c      0x424 /home/jacko/pebble-dev/PebbleSDK/arm-cs-tools/bin/../lib/gcc/arm-none-eabi/4.7.3/thumb2/libgcc.a(_arm_muldivdf3.o)
                0x0000042c                __aeabi_dmul
                0x0000042c                __muldf3
                0x00000680                __aeabi_ddiv
                0x00000680                __divdf3
 .text          0x00000850      0x110 /home/jacko/pebble-dev/PebbleSDK/arm-cs-tools/bin/../lib/gcc/arm-none-eabi/4.7.3/thumb2/libgcc.a(_arm_cmpdf2.o)
                0x00000850                __gtdf2
                0x00000850                __gedf2
                0x00000858                __ltdf2
                0x00000858                __ledf2
                0x00000860                __cmpdf2
                0x00000860                __eqdf2
                0x00000860                __nedf2
                0x000008dc                __aeabi_cdrcmple
                0x000008ec                __aeabi_cdcmple
                0x000008ec                __aeabi_cdcmpeq
                0x000008fc                __aeabi_dcmpeq
                0x00000910                __aeabi_dcmplt
                0x00000924                __aeabi_dcmple
                0x00000938                __aeabi_dcmpge
                0x0000094c                __aeabi_dcmpgt
 .text          0x00000960       0x50 /home/jacko/pebble-dev/PebbleSDK/arm-cs-tools/bin/../lib/gcc/arm-none-eabi/4.7.3/thumb2/libgcc.a(_arm_fixdfsi.o)
                0x00000960                __fixdfsi
                0x00000960                __aeabi_d2iz
 *(.text.*)
 .text.load_basik
                0x000009b0       0x2c src/basik.c.11.o
                0x000009b0                load_basik
 .text.save_basik
                0x000009dc       0x28 src/basik.c.11.o
                0x000009dc                save_basik
 .text.tick_basik
                0x00000a04        0x2 src/basik.c.11.o
                0x00000a04                tick_basik
 .text.click_basik
                0x00000a06        0x2 src/basik.c.11.o
                0x00000a06                click_basik
 .text.click_value
                0x00000a08      0x158 src/basik.c.11.o
                0x00000a08                click_value
 .text.reset_sw
                0x00000b60       0x34 src/clock.c.11.o
 .text.clear    0x00000b94       0x38 src/clock.c.11.o
 .text.draw_dp  0x00000bcc       0x4c src/clock.c.11.o
 .text.draw     0x00000c18       0x98 src/clock.c.11.o
 .text.tock     0x00000cb0       0xa6 src/clock.c.11.o
 .text.printint
                0x00000d56       0x3e src/clock.c.11.o
 *fill*         0x00000d94        0x4 
 .text.printreal.constprop.0
                0x00000d98      0x238 src/clock.c.11.o
 .text.sci      0x00000fd0       0x88 src/clock.c.11.o
 .text.save_clock
                0x00001058       0x54 src/clock.c.11.o
                0x00001058                save_clock
 .text.show_lvl
                0x000010ac       0x20 src/clock.c.11.o
                0x000010ac                show_lvl
 .text.tick_clock
                0x000010cc      0x28c src/clock.c.11.o
                0x000010cc                tick_clock
 .text.load_clock
                0x00001358      0x144 src/clock.c.11.o
                0x00001358                load_clock
 .text.click_clock
                0x0000149c      0x130 src/clock.c.11.o
                0x0000149c                click_clock
 .text.delay    0x000015cc       0x50 src/game.c.11.o
 .text.evaluate
                0x0000161c       0x48 src/game.c.11.o
 .text.activechaf
                0x00001664       0xa4 src/game.c.11.o
 .text.processmaze
                0x00001708       0x7c src/game.c.11.o
 .text.drawmaze
                0x00001784       0x7c src/game.c.11.o
 .text.xpand    0x00001800       0x54 src/game.c.11.o
 .text.loadwall
                0x00001854       0x58 src/game.c.11.o
 .text.loadchaf
                0x000018ac       0x40 src/game.c.11.o
 .text.makechar
                0x000018ec       0x98 src/game.c.11.o
 .text.reset    0x00001984       0x64 src/game.c.11.o
 .text.account  0x000019e8       0x30 src/game.c.11.o
 .text.destroywall
                0x00001a18       0xc4 src/game.c.11.o
 .text.makemaze
                0x00001adc       0x4c src/game.c.11.o
 .text.xydxy.isra.0
                0x00001b28       0x16 src/game.c.11.o
 *fill*         0x00001b3e        0x2 
 .text.drawchars
                0x00001b40       0x90 src/game.c.11.o
 .text.ready    0x00001bd0       0x40 src/game.c.11.o
 .text.move     0x00001c10       0xec src/game.c.11.o
 .text.tick     0x00001cfc       0x10 src/game.c.11.o
                0x00001cfc                tick
 .text.click    0x00001d0c       0x40 src/game.c.11.o
                0x00001d0c                click
 .text.load     0x00001d4c      0x150 src/game.c.11.o
                0x00001d4c                load
 .text.save     0x00001e9c      0x16c src/game.c.11.o
                0x00001e9c                save
 .text.respond  0x00002008      0x108 src/game.c.11.o
 .text.main_window_unload
                0x00002110       0x5c src/robomaze.c.11.o
 .text.main_window_load
                0x0000216c      0x214 src/robomaze.c.11.o
 .text.config_provider
                0x00002380       0x5c src/robomaze.c.11.o
 .text.get_map  0x000023dc       0x40 src/robomaze.c.11.o
                0x000023dc                get_map
 .text.put_map  0x0000241c       0x58 src/robomaze.c.11.o
                0x0000241c                put_map
 .text.layer_draw
                0x00002474      0x230 src/robomaze.c.11.o
 .text.mark_dirty
                0x000026a4       0x10 src/robomaze.c.11.o
                0x000026a4                mark_dirty
 .text.handle_second_tick
                0x000026b4       0x38 src/robomaze.c.11.o
 .text.clicks   0x000026ec       0x60 src/robomaze.c.11.o
 .text.long_click_handler
                0x0000274c        0x6 src/robomaze.c.11.o
 .text.single_click_handler
                0x00002752        0x6 src/robomaze.c.11.o
 .text.startup.main
                0x00002758       0x68 src/robomaze.c.11.o
                0x00002758                main
 .text.app_event_loop
                0x000027c0        0xc /home/jacko/pebble-dev/PebbleSDK/Pebble/aplite/lib/libpebble.a(tmpDuxwpQpebble.o)
                0x000027c0                app_event_loop
 .text.click_recognizer_get_button_id
                0x000027cc        0xc /home/jacko/pebble-dev/PebbleSDK/Pebble/aplite/lib/libpebble.a(tmpDuxwpQpebble.o)
                0x000027cc                click_recognizer_get_button_id
 .text.clock_is_24h_style
                0x000027d8        0xc /home/jacko/pebble-dev/PebbleSDK/Pebble/aplite/lib/libpebble.a(tmpDuxwpQpebble.o)
                0x000027d8                clock_is_24h_style
 .text.gbitmap_create_as_sub_bitmap
                0x000027e4        0xc /home/jacko/pebble-dev/PebbleSDK/Pebble/aplite/lib/libpebble.a(tmpDuxwpQpebble.o)
                0x000027e4                gbitmap_create_as_sub_bitmap
 .text.gbitmap_create_with_resource
                0x000027f0        0xc /home/jacko/pebble-dev/PebbleSDK/Pebble/aplite/lib/libpebble.a(tmpDuxwpQpebble.o)
                0x000027f0                gbitmap_create_with_resource
 .text.gbitmap_destroy
                0x000027fc        0xc /home/jacko/pebble-dev/PebbleSDK/Pebble/aplite/lib/libpebble.a(tmpDuxwpQpebble.o)
                0x000027fc                gbitmap_destroy
 .text.graphics_context_set_fill_color
                0x00002808        0xc /home/jacko/pebble-dev/PebbleSDK/Pebble/aplite/lib/libpebble.a(tmpDuxwpQpebble.o)
                0x00002808                graphics_context_set_fill_color
 .text.graphics_draw_bitmap_in_rect
                0x00002814        0xc /home/jacko/pebble-dev/PebbleSDK/Pebble/aplite/lib/libpebble.a(tmpDuxwpQpebble.o)
                0x00002814                graphics_draw_bitmap_in_rect
 .text.graphics_fill_rect
                0x00002820        0xc /home/jacko/pebble-dev/PebbleSDK/Pebble/aplite/lib/libpebble.a(tmpDuxwpQpebble.o)
                0x00002820                graphics_fill_rect
 .text.layer_add_child
                0x0000282c        0xc /home/jacko/pebble-dev/PebbleSDK/Pebble/aplite/lib/libpebble.a(tmpDuxwpQpebble.o)
                0x0000282c                layer_add_child
 .text.layer_create
                0x00002838        0xc /home/jacko/pebble-dev/PebbleSDK/Pebble/aplite/lib/libpebble.a(tmpDuxwpQpebble.o)
                0x00002838                layer_create
 .text.layer_destroy
                0x00002844        0xc /home/jacko/pebble-dev/PebbleSDK/Pebble/aplite/lib/libpebble.a(tmpDuxwpQpebble.o)
                0x00002844                layer_destroy
 .text.layer_get_bounds
                0x00002850        0xc /home/jacko/pebble-dev/PebbleSDK/Pebble/aplite/lib/libpebble.a(tmpDuxwpQpebble.o)
                0x00002850                layer_get_bounds
 .text.layer_mark_dirty
                0x0000285c        0xc /home/jacko/pebble-dev/PebbleSDK/Pebble/aplite/lib/libpebble.a(tmpDuxwpQpebble.o)
                0x0000285c                layer_mark_dirty
 .text.layer_set_bounds
                0x00002868        0xc /home/jacko/pebble-dev/PebbleSDK/Pebble/aplite/lib/libpebble.a(tmpDuxwpQpebble.o)
                0x00002868                layer_set_bounds
 .text.layer_set_update_proc
                0x00002874        0xc /home/jacko/pebble-dev/PebbleSDK/Pebble/aplite/lib/libpebble.a(tmpDuxwpQpebble.o)
                0x00002874                layer_set_update_proc
 .text.localtime
                0x00002880        0xc /home/jacko/pebble-dev/PebbleSDK/Pebble/aplite/lib/libpebble.a(tmpDuxwpQpebble.o)
                0x00002880                localtime
 .text.memset   0x0000288c        0xc /home/jacko/pebble-dev/PebbleSDK/Pebble/aplite/lib/libpebble.a(tmpDuxwpQpebble.o)
                0x0000288c                memset
 .text.persist_exists
                0x00002898        0xc /home/jacko/pebble-dev/PebbleSDK/Pebble/aplite/lib/libpebble.a(tmpDuxwpQpebble.o)
                0x00002898                persist_exists
 .text.persist_read_bool
                0x000028a4        0xc /home/jacko/pebble-dev/PebbleSDK/Pebble/aplite/lib/libpebble.a(tmpDuxwpQpebble.o)
                0x000028a4                persist_read_bool
 .text.persist_read_int
                0x000028b0        0xc /home/jacko/pebble-dev/PebbleSDK/Pebble/aplite/lib/libpebble.a(tmpDuxwpQpebble.o)
                0x000028b0                persist_read_int
 .text.persist_write_bool
                0x000028bc        0xc /home/jacko/pebble-dev/PebbleSDK/Pebble/aplite/lib/libpebble.a(tmpDuxwpQpebble.o)
                0x000028bc                persist_write_bool
 .text.persist_write_int
                0x000028c8        0xc /home/jacko/pebble-dev/PebbleSDK/Pebble/aplite/lib/libpebble.a(tmpDuxwpQpebble.o)
                0x000028c8                persist_write_int
 .text.rand     0x000028d4        0xc /home/jacko/pebble-dev/PebbleSDK/Pebble/aplite/lib/libpebble.a(tmpDuxwpQpebble.o)
                0x000028d4                rand
 .text.srand    0x000028e0        0xc /home/jacko/pebble-dev/PebbleSDK/Pebble/aplite/lib/libpebble.a(tmpDuxwpQpebble.o)
                0x000028e0                srand
 .text.tick_timer_service_subscribe
                0x000028ec        0xc /home/jacko/pebble-dev/PebbleSDK/Pebble/aplite/lib/libpebble.a(tmpDuxwpQpebble.o)
                0x000028ec                tick_timer_service_subscribe
 .text.time     0x000028f8        0xc /home/jacko/pebble-dev/PebbleSDK/Pebble/aplite/lib/libpebble.a(tmpDuxwpQpebble.o)
                0x000028f8                time
 .text.window_create
                0x00002904        0xc /home/jacko/pebble-dev/PebbleSDK/Pebble/aplite/lib/libpebble.a(tmpDuxwpQpebble.o)
                0x00002904                window_create
 .text.window_destroy
                0x00002910        0xc /home/jacko/pebble-dev/PebbleSDK/Pebble/aplite/lib/libpebble.a(tmpDuxwpQpebble.o)
                0x00002910                window_destroy
 .text.window_get_root_layer
                0x0000291c        0xc /home/jacko/pebble-dev/PebbleSDK/Pebble/aplite/lib/libpebble.a(tmpDuxwpQpebble.o)
                0x0000291c                window_get_root_layer
 .text.window_set_click_config_provider
                0x00002928        0xc /home/jacko/pebble-dev/PebbleSDK/Pebble/aplite/lib/libpebble.a(tmpDuxwpQpebble.o)
                0x00002928                window_set_click_config_provider
 .text.window_set_fullscreen
                0x00002934        0xc /home/jacko/pebble-dev/PebbleSDK/Pebble/aplite/lib/libpebble.a(tmpDuxwpQpebble.o)
                0x00002934                window_set_fullscreen
 .text.window_set_window_handlers
                0x00002940        0xc /home/jacko/pebble-dev/PebbleSDK/Pebble/aplite/lib/libpebble.a(tmpDuxwpQpebble.o)
                0x00002940                window_set_window_handlers
 .text.window_stack_push
                0x0000294c        0xc /home/jacko/pebble-dev/PebbleSDK/Pebble/aplite/lib/libpebble.a(tmpDuxwpQpebble.o)
                0x0000294c                window_stack_push
 .text.window_long_click_subscribe
                0x00002958        0xc /home/jacko/pebble-dev/PebbleSDK/Pebble/aplite/lib/libpebble.a(tmpDuxwpQpebble.o)
                0x00002958                window_long_click_subscribe
 .text.window_single_click_subscribe
                0x00002964        0xc /home/jacko/pebble-dev/PebbleSDK/Pebble/aplite/lib/libpebble.a(tmpDuxwpQpebble.o)
                0x00002964                window_single_click_subscribe
 .text.persist_read_data
                0x00002970        0xc /home/jacko/pebble-dev/PebbleSDK/Pebble/aplite/lib/libpebble.a(tmpDuxwpQpebble.o)
                0x00002970                persist_read_data
 .text.persist_write_data
                0x0000297c        0xc /home/jacko/pebble-dev/PebbleSDK/Pebble/aplite/lib/libpebble.a(tmpDuxwpQpebble.o)
                0x0000297c                persist_write_data
 *(.rodata)
 .rodata        0x00002988       0x18 src/robomaze.c.11.o
 *(.rodata*)
 .rodata.delays
                0x000029a0        0x7 src/clock.c.11.o
 .rodata.days   0x000029a7       0x39 src/clock.c.11.o
 .rodata.pics   0x000029e0       0x42 src/clock.c.11.o
 .rodata.keys   0x00002a22        0x7 src/clock.c.11.o
 .rodata.defis  0x00002a29        0x8 src/game.c.11.o
 .rodata.offset
                0x00002a31        0x4 src/game.c.11.o
 .rodata.dir    0x00002a35        0x5 src/game.c.11.o
 .rodata.orders
                0x00002a3a       0x10 src/game.c.11.o
 .rodata.dxy    0x00002a4a        0x4 src/game.c.11.o
 .rodata.defchar
                0x00002a4e       0x14 src/game.c.11.o

.glue_7         0x00002a64        0x0
 .glue_7        0x00000000        0x0 linker stubs

.glue_7t        0x00002a64        0x0
 .glue_7t       0x00000000        0x0 linker stubs

.vfp11_veneer   0x00002a64        0x0
 .vfp11_veneer  0x00000000        0x0 linker stubs

.v4_bx          0x00002a64        0x0
 .v4_bx         0x00000000        0x0 linker stubs

.iplt           0x00002a64        0x0
 .iplt          0x00000000        0x0 /home/jacko/pebble-dev/PebbleSDK/arm-cs-tools/bin/../lib/gcc/arm-none-eabi/4.7.3/thumb2/crtbegin.o

.rel.dyn        0x00002a64        0x0
 .rel.iplt      0x00000000        0x0 /home/jacko/pebble-dev/PebbleSDK/arm-cs-tools/bin/../lib/gcc/arm-none-eabi/4.7.3/thumb2/crtbegin.o
 .rel.got       0x00000000        0x0 /home/jacko/pebble-dev/PebbleSDK/arm-cs-tools/bin/../lib/gcc/arm-none-eabi/4.7.3/thumb2/crtbegin.o

.data           0x00002a64       0x34
 *(.data)
 .data          0x00002a64        0x0 /home/jacko/pebble-dev/PebbleSDK/arm-cs-tools/bin/../lib/gcc/arm-none-eabi/4.7.3/thumb2/crti.o
 .data          0x00002a64        0x4 /home/jacko/pebble-dev/PebbleSDK/arm-cs-tools/bin/../lib/gcc/arm-none-eabi/4.7.3/thumb2/crtbegin.o
                0x00002a64                __dso_handle
 .data          0x00002a68        0x0 src/basik.c.11.o
 .data          0x00002a68        0x0 src/clock.c.11.o
 .data          0x00002a68        0x0 src/game.c.11.o
 .data          0x00002a68        0x0 src/robomaze.c.11.o
 .data          0x00002a68        0x0 aplite/appinfo.auto.c.11.o
 .data          0x00002a68        0x0 /home/jacko/pebble-dev/PebbleSDK/Pebble/aplite/lib/libpebble.a(tmpDuxwpQpebble.o)
 .data          0x00002a68        0x0 /home/jacko/pebble-dev/PebbleSDK/arm-cs-tools/bin/../lib/gcc/arm-none-eabi/4.7.3/thumb2/libgcc.a(_arm_addsubdf3.o)
 .data          0x00002a68        0x0 /home/jacko/pebble-dev/PebbleSDK/arm-cs-tools/bin/../lib/gcc/arm-none-eabi/4.7.3/thumb2/libgcc.a(_arm_muldivdf3.o)
 .data          0x00002a68        0x0 /home/jacko/pebble-dev/PebbleSDK/arm-cs-tools/bin/../lib/gcc/arm-none-eabi/4.7.3/thumb2/libgcc.a(_arm_cmpdf2.o)
 .data          0x00002a68        0x0 /home/jacko/pebble-dev/PebbleSDK/arm-cs-tools/bin/../lib/gcc/arm-none-eabi/4.7.3/thumb2/libgcc.a(_arm_fixdfsi.o)
 .data          0x00002a68        0x0 /home/jacko/pebble-dev/PebbleSDK/arm-cs-tools/bin/../lib/gcc/arm-none-eabi/4.7.3/thumb2/crtend.o
 .data          0x00002a68        0x0 /home/jacko/pebble-dev/PebbleSDK/arm-cs-tools/bin/../lib/gcc/arm-none-eabi/4.7.3/thumb2/crtn.o
 *(.data.*)
 .data.rel.local.state
                0x00002a68        0x4 src/game.c.11.o
 .data.rel.local.oldstate
                0x00002a6c        0x4 src/game.c.11.o
 .data.rel.ro.local.fn
                0x00002a70       0x28 src/game.c.11.o

.igot.plt       0x00002a98        0x0
 .igot.plt      0x00000000        0x0 /home/jacko/pebble-dev/PebbleSDK/arm-cs-tools/bin/../lib/gcc/arm-none-eabi/4.7.3/thumb2/crtbegin.o

.got            0x00002a98       0x2c
 .got           0x00002a98       0x2c /home/jacko/pebble-dev/PebbleSDK/arm-cs-tools/bin/../lib/gcc/arm-none-eabi/4.7.3/thumb2/crtbegin.o

.got.plt        0x00002ac4        0xc
 .got.plt       0x00002ac4        0xc /home/jacko/pebble-dev/PebbleSDK/arm-cs-tools/bin/../lib/gcc/arm-none-eabi/4.7.3/thumb2/crtbegin.o
                0x00002ac4                _GLOBAL_OFFSET_TABLE_

.bss            0x00002ad0      0x8d7
 *(.bss)
 *(.bss.*)
 .bss.expo      0x00002ad0        0x1 src/basik.c.11.o
 *fill*         0x00002ad1        0x7 
 .bss.value     0x00002ad8        0x8 src/basik.c.11.o
                0x00002ad8                value
 .bss.error     0x00002ae0        0x1 src/basik.c.11.o
                0x00002ae0                error
 .bss.hold      0x00002ae1        0x1 src/basik.c.11.o
 *fill*         0x00002ae2        0x2 
 .bss.reg       0x00002ae4       0x2c src/clock.c.11.o
 .bss.clickback
                0x00002b10        0x1 src/clock.c.11.o
 *fill*         0x00002b11        0x1 
 .bss.sw_butt   0x00002b12        0x2 src/clock.c.11.o
 .bss.dp        0x00002b14        0x1 src/clock.c.11.o
 .bss.button_sec
                0x00002b15        0x1 src/clock.c.11.o
 .bss.mode      0x00002b16        0x1 src/clock.c.11.o
                0x00002b16                mode
 *fill*         0x00002b17        0x1 
 .bss.lap       0x00002b18       0x2c src/clock.c.11.o
 .bss.pause     0x00002b44        0x1 src/game.c.11.o
                0x00002b44                pause
 .bss.ting      0x00002b45       0x28 src/game.c.11.o
 *fill*         0x00002b6d        0x1 
 .bss.chaf      0x00002b6e       0x20 src/game.c.11.o
 .bss.success   0x00002b8e        0x1 src/game.c.11.o
 *fill*         0x00002b8f        0x1 
 .bss.countdown
                0x00002b90        0x4 src/game.c.11.o
 .bss.compact   0x00002b94       0x3e src/game.c.11.o
 *fill*         0x00002bd2        0x2 
 .bss.layer     0x00002bd4        0x4 src/robomaze.c.11.o
 .bss.char_gfx  0x00002bd8       0xc0 src/robomaze.c.11.o
 .bss.seconds   0x00002c98        0x4 src/robomaze.c.11.o
                0x00002c98                seconds
 .bss.map       0x00002c9c        0x4 src/robomaze.c.11.o
 .bss.maze_gfx  0x00002ca0       0x7c src/robomaze.c.11.o
 .bss.s_main_window
                0x00002d1c        0x4 src/robomaze.c.11.o
 COMMON         0x00002d20       0x11 src/game.c.11.o
                0x00002d20                direction
                0x00002d24                score
                0x00002d28                level
                0x00002d2c                hiscore
                0x00002d30                gAB
 COMMON         0x00002d31      0x676 src/robomaze.c.11.o
                0x00002d31                maze
                0x00003166                con

DISCARD
 libc.a(*)
 libm.a(*)
 libgcc.a(*)
 *(.eh_frame)
OUTPUT(/home/jacko/pebble-dev/examples/watchapps/RoboMaze/build/aplite/pebble-app.elf elf32-littlearm)

.ARM.attributes
                0x00000000       0x27
 .ARM.attributes
                0x00000000       0x19 /home/jacko/pebble-dev/PebbleSDK/arm-cs-tools/bin/../lib/gcc/arm-none-eabi/4.7.3/thumb2/crti.o
 .ARM.attributes
                0x00000019       0x29 /home/jacko/pebble-dev/PebbleSDK/arm-cs-tools/bin/../lib/gcc/arm-none-eabi/4.7.3/thumb2/crtbegin.o
 .ARM.attributes
                0x00000042       0x33 src/basik.c.11.o
 .ARM.attributes
                0x00000075       0x33 src/clock.c.11.o
 .ARM.attributes
                0x000000a8       0x33 src/game.c.11.o
 .ARM.attributes
                0x000000db       0x33 src/robomaze.c.11.o
 .ARM.attributes
                0x0000010e       0x33 aplite/appinfo.auto.c.11.o
 .ARM.attributes
                0x00000141       0x21 /home/jacko/pebble-dev/PebbleSDK/Pebble/aplite/lib/libpebble.a(tmpDuxwpQpebble.o)
 .ARM.attributes
                0x00000162       0x19 /home/jacko/pebble-dev/PebbleSDK/arm-cs-tools/bin/../lib/gcc/arm-none-eabi/4.7.3/thumb2/libgcc.a(_arm_addsubdf3.o)
 .ARM.attributes
                0x0000017b       0x19 /home/jacko/pebble-dev/PebbleSDK/arm-cs-tools/bin/../lib/gcc/arm-none-eabi/4.7.3/thumb2/libgcc.a(_arm_muldivdf3.o)
 .ARM.attributes
                0x00000194       0x19 /home/jacko/pebble-dev/PebbleSDK/arm-cs-tools/bin/../lib/gcc/arm-none-eabi/4.7.3/thumb2/libgcc.a(_arm_cmpdf2.o)
 .ARM.attributes
                0x000001ad       0x19 /home/jacko/pebble-dev/PebbleSDK/arm-cs-tools/bin/../lib/gcc/arm-none-eabi/4.7.3/thumb2/libgcc.a(_arm_fixdfsi.o)
 .ARM.attributes
                0x000001c6       0x29 /home/jacko/pebble-dev/PebbleSDK/arm-cs-tools/bin/../lib/gcc/arm-none-eabi/4.7.3/thumb2/crtend.o
 .ARM.attributes
                0x000001ef       0x19 /home/jacko/pebble-dev/PebbleSDK/arm-cs-tools/bin/../lib/gcc/arm-none-eabi/4.7.3/thumb2/crtn.o

.comment        0x00000000       0x4e
 .comment       0x00000000       0x4e /home/jacko/pebble-dev/PebbleSDK/arm-cs-tools/bin/../lib/gcc/arm-none-eabi/4.7.3/thumb2/crtbegin.o
                                 0x4f (size before relaxing)
 .comment       0x00000000       0x4f src/basik.c.11.o
 .comment       0x00000000       0x4f src/clock.c.11.o
 .comment       0x00000000       0x4f src/game.c.11.o
 .comment       0x00000000       0x4f src/robomaze.c.11.o
 .comment       0x00000000       0x4f aplite/appinfo.auto.c.11.o
 .comment       0x00000000       0x4f /home/jacko/pebble-dev/PebbleSDK/arm-cs-tools/bin/../lib/gcc/arm-none-eabi/4.7.3/thumb2/crtend.o

.debug_info     0x00000000     0x3db7
 .debug_info    0x00000000      0x371 src/basik.c.11.o
 .debug_info    0x00000371      0xe3d src/clock.c.11.o
 .debug_info    0x000011ae     0x1212 src/game.c.11.o
 .debug_info    0x000023c0     0x141a src/robomaze.c.11.o
 .debug_info    0x000037da      0x30d aplite/appinfo.auto.c.11.o
 .debug_info    0x00003ae7       0xb4 /home/jacko/pebble-dev/PebbleSDK/arm-cs-tools/bin/../lib/gcc/arm-none-eabi/4.7.3/thumb2/libgcc.a(_arm_addsubdf3.o)
 .debug_info    0x00003b9b       0xb4 /home/jacko/pebble-dev/PebbleSDK/arm-cs-tools/bin/../lib/gcc/arm-none-eabi/4.7.3/thumb2/libgcc.a(_arm_muldivdf3.o)
 .debug_info    0x00003c4f       0xb4 /home/jacko/pebble-dev/PebbleSDK/arm-cs-tools/bin/../lib/gcc/arm-none-eabi/4.7.3/thumb2/libgcc.a(_arm_cmpdf2.o)
 .debug_info    0x00003d03       0xb4 /home/jacko/pebble-dev/PebbleSDK/arm-cs-tools/bin/../lib/gcc/arm-none-eabi/4.7.3/thumb2/libgcc.a(_arm_fixdfsi.o)

.debug_abbrev   0x00000000      0xe61
 .debug_abbrev  0x00000000      0x1be src/basik.c.11.o
 .debug_abbrev  0x000001be      0x3bf src/clock.c.11.o
 .debug_abbrev  0x0000057d      0x3ed src/game.c.11.o
 .debug_abbrev  0x0000096a      0x409 src/robomaze.c.11.o
 .debug_abbrev  0x00000d73       0x9e aplite/appinfo.auto.c.11.o
 .debug_abbrev  0x00000e11       0x14 /home/jacko/pebble-dev/PebbleSDK/arm-cs-tools/bin/../lib/gcc/arm-none-eabi/4.7.3/thumb2/libgcc.a(_arm_addsubdf3.o)
 .debug_abbrev  0x00000e25       0x14 /home/jacko/pebble-dev/PebbleSDK/arm-cs-tools/bin/../lib/gcc/arm-none-eabi/4.7.3/thumb2/libgcc.a(_arm_muldivdf3.o)
 .debug_abbrev  0x00000e39       0x14 /home/jacko/pebble-dev/PebbleSDK/arm-cs-tools/bin/../lib/gcc/arm-none-eabi/4.7.3/thumb2/libgcc.a(_arm_cmpdf2.o)
 .debug_abbrev  0x00000e4d       0x14 /home/jacko/pebble-dev/PebbleSDK/arm-cs-tools/bin/../lib/gcc/arm-none-eabi/4.7.3/thumb2/libgcc.a(_arm_fixdfsi.o)

.debug_loc      0x00000000     0x1801
 .debug_loc     0x00000000      0x11f src/basik.c.11.o
 .debug_loc     0x0000011f      0x89d src/clock.c.11.o
 .debug_loc     0x000009bc      0x7ee src/game.c.11.o
 .debug_loc     0x000011aa      0x657 src/robomaze.c.11.o

.debug_aranges  0x00000000      0x298
 .debug_aranges
                0x00000000       0x40 src/basik.c.11.o
 .debug_aranges
                0x00000040       0x80 src/clock.c.11.o
 .debug_aranges
                0x000000c0       0xc8 src/game.c.11.o
 .debug_aranges
                0x00000188       0x78 src/robomaze.c.11.o
 .debug_aranges
                0x00000200       0x18 aplite/appinfo.auto.c.11.o
 .debug_aranges
                0x00000218       0x20 /home/jacko/pebble-dev/PebbleSDK/arm-cs-tools/bin/../lib/gcc/arm-none-eabi/4.7.3/thumb2/libgcc.a(_arm_addsubdf3.o)
 .debug_aranges
                0x00000238       0x20 /home/jacko/pebble-dev/PebbleSDK/arm-cs-tools/bin/../lib/gcc/arm-none-eabi/4.7.3/thumb2/libgcc.a(_arm_muldivdf3.o)
 .debug_aranges
                0x00000258       0x20 /home/jacko/pebble-dev/PebbleSDK/arm-cs-tools/bin/../lib/gcc/arm-none-eabi/4.7.3/thumb2/libgcc.a(_arm_cmpdf2.o)
 .debug_aranges
                0x00000278       0x20 /home/jacko/pebble-dev/PebbleSDK/arm-cs-tools/bin/../lib/gcc/arm-none-eabi/4.7.3/thumb2/libgcc.a(_arm_fixdfsi.o)

.debug_ranges   0x00000000      0xa18
 .debug_ranges  0x00000000       0x30 src/basik.c.11.o
 .debug_ranges  0x00000030      0x110 src/clock.c.11.o
 .debug_ranges  0x00000140      0x5d0 src/game.c.11.o
 .debug_ranges  0x00000710      0x308 src/robomaze.c.11.o

.debug_line     0x00000000     0x174e
 .debug_line    0x00000000      0x1e8 src/basik.c.11.o
 .debug_line    0x000001e8      0x476 src/clock.c.11.o
 .debug_line    0x0000065e      0x60a src/game.c.11.o
 .debug_line    0x00000c68      0x3fd src/robomaze.c.11.o
 .debug_line    0x00001065      0x127 aplite/appinfo.auto.c.11.o
 .debug_line    0x0000118c      0x20a /home/jacko/pebble-dev/PebbleSDK/arm-cs-tools/bin/../lib/gcc/arm-none-eabi/4.7.3/thumb2/libgcc.a(_arm_addsubdf3.o)
 .debug_line    0x00001396      0x226 /home/jacko/pebble-dev/PebbleSDK/arm-cs-tools/bin/../lib/gcc/arm-none-eabi/4.7.3/thumb2/libgcc.a(_arm_muldivdf3.o)
 .debug_line    0x000015bc      0x10c /home/jacko/pebble-dev/PebbleSDK/arm-cs-tools/bin/../lib/gcc/arm-none-eabi/4.7.3/thumb2/libgcc.a(_arm_cmpdf2.o)
 .debug_line    0x000016c8       0x86 /home/jacko/pebble-dev/PebbleSDK/arm-cs-tools/bin/../lib/gcc/arm-none-eabi/4.7.3/thumb2/libgcc.a(_arm_fixdfsi.o)

.debug_str      0x00000000      0xbd2
 .debug_str     0x00000000      0x1dd src/basik.c.11.o
                                0x22a (size before relaxing)
 .debug_str     0x000001dd      0x1b7 src/clock.c.11.o
                                0x384 (size before relaxing)
 .debug_str     0x00000394      0x169 src/game.c.11.o
                                0x3a6 (size before relaxing)
 .debug_str     0x000004fd      0x577 src/robomaze.c.11.o
                                0x825 (size before relaxing)
 .debug_str     0x00000a74      0x15e aplite/appinfo.auto.c.11.o
                                0x2bf (size before relaxing)

.debug_frame    0x00000000      0x644
 .debug_frame   0x00000000       0x7c src/basik.c.11.o
 .debug_frame   0x0000007c      0x1b8 src/clock.c.11.o
 .debug_frame   0x00000234      0x2c4 src/game.c.11.o
 .debug_frame   0x000004f8      0x14c src/robomaze.c.11.o
