Archive member included because of file (symbol)

/home/jacko/pebble-dev/PebbleSDK/Pebble/aplite/lib/libpebble.a(tmpQA9vUTpebble.o)
                              src/robomaze.c.24.o (app_event_loop)

Allocating common symbols
Common symbol       size              file

maze                0x435             src/robomaze.c.24.o
direction           0x1               src/game.c.24.o
con                 0x241             src/robomaze.c.24.o

Discarded input sections

 .text          0x00000000        0x0 /home/jacko/pebble-dev/PebbleSDK/arm-cs-tools/bin/../lib/gcc/arm-none-eabi/4.7.3/thumb2/crti.o
 .bss           0x00000000        0x0 /home/jacko/pebble-dev/PebbleSDK/arm-cs-tools/bin/../lib/gcc/arm-none-eabi/4.7.3/thumb2/crti.o
 .init          0x00000000        0x4 /home/jacko/pebble-dev/PebbleSDK/arm-cs-tools/bin/../lib/gcc/arm-none-eabi/4.7.3/thumb2/crti.o
 .fini          0x00000000        0x4 /home/jacko/pebble-dev/PebbleSDK/arm-cs-tools/bin/../lib/gcc/arm-none-eabi/4.7.3/thumb2/crti.o
 .text          0x00000000       0xc8 /home/jacko/pebble-dev/PebbleSDK/arm-cs-tools/bin/../lib/gcc/arm-none-eabi/4.7.3/thumb2/crtbegin.o
 .bss           0x00000000       0x1c /home/jacko/pebble-dev/PebbleSDK/arm-cs-tools/bin/../lib/gcc/arm-none-eabi/4.7.3/thumb2/crtbegin.o
 .init_array    0x00000000        0x4 /home/jacko/pebble-dev/PebbleSDK/arm-cs-tools/bin/../lib/gcc/arm-none-eabi/4.7.3/thumb2/crtbegin.o
 .fini_array    0x00000000        0x4 /home/jacko/pebble-dev/PebbleSDK/arm-cs-tools/bin/../lib/gcc/arm-none-eabi/4.7.3/thumb2/crtbegin.o
 .eh_frame      0x00000000        0x0 /home/jacko/pebble-dev/PebbleSDK/arm-cs-tools/bin/../lib/gcc/arm-none-eabi/4.7.3/thumb2/crtbegin.o
 .jcr           0x00000000        0x0 /home/jacko/pebble-dev/PebbleSDK/arm-cs-tools/bin/../lib/gcc/arm-none-eabi/4.7.3/thumb2/crtbegin.o
 .tm_clone_table
                0x00000000        0x0 /home/jacko/pebble-dev/PebbleSDK/arm-cs-tools/bin/../lib/gcc/arm-none-eabi/4.7.3/thumb2/crtbegin.o
 .text          0x00000000        0x0 src/basik.c.24.o
 .bss           0x00000000        0x0 src/basik.c.24.o
 .bss.value     0x00000000        0x8 src/basik.c.24.o
 .text          0x00000000        0x0 src/clock.c.24.o
 .bss           0x00000000        0x0 src/clock.c.24.o
 .text          0x00000000        0x0 src/game.c.24.o
 .bss           0x00000000        0x0 src/game.c.24.o
 .text          0x00000000        0x0 src/robomaze.c.24.o
 .bss           0x00000000        0x0 src/robomaze.c.24.o
 .text          0x00000000        0x0 aplite/appinfo.auto.c.24.o
 .bss           0x00000000        0x0 aplite/appinfo.auto.c.24.o
 .bss           0x00000000        0x0 /home/jacko/pebble-dev/PebbleSDK/Pebble/aplite/lib/libpebble.a(tmpQA9vUTpebble.o)
 .text.accel_data_service_subscribe__deprecated
                0x00000000        0xc /home/jacko/pebble-dev/PebbleSDK/Pebble/aplite/lib/libpebble.a(tmpQA9vUTpebble.o)
 .text.accel_data_service_unsubscribe
                0x00000000        0xc /home/jacko/pebble-dev/PebbleSDK/Pebble/aplite/lib/libpebble.a(tmpQA9vUTpebble.o)
 .text.accel_service_peek
                0x00000000        0xc /home/jacko/pebble-dev/PebbleSDK/Pebble/aplite/lib/libpebble.a(tmpQA9vUTpebble.o)
 .text.accel_service_set_samples_per_update
                0x00000000        0xc /home/jacko/pebble-dev/PebbleSDK/Pebble/aplite/lib/libpebble.a(tmpQA9vUTpebble.o)
 .text.accel_service_set_sampling_rate
                0x00000000        0xc /home/jacko/pebble-dev/PebbleSDK/Pebble/aplite/lib/libpebble.a(tmpQA9vUTpebble.o)
 .text.accel_tap_service_subscribe
                0x00000000        0xc /home/jacko/pebble-dev/PebbleSDK/Pebble/aplite/lib/libpebble.a(tmpQA9vUTpebble.o)
 .text.accel_tap_service_unsubscribe
                0x00000000        0xc /home/jacko/pebble-dev/PebbleSDK/Pebble/aplite/lib/libpebble.a(tmpQA9vUTpebble.o)
 .text.action_bar_layer_add_to_window
                0x00000000        0xc /home/jacko/pebble-dev/PebbleSDK/Pebble/aplite/lib/libpebble.a(tmpQA9vUTpebble.o)
 .text.action_bar_layer_clear_icon
                0x00000000        0xc /home/jacko/pebble-dev/PebbleSDK/Pebble/aplite/lib/libpebble.a(tmpQA9vUTpebble.o)
 .text.action_bar_layer_create
                0x00000000        0xc /home/jacko/pebble-dev/PebbleSDK/Pebble/aplite/lib/libpebble.a(tmpQA9vUTpebble.o)
 .text.action_bar_layer_destroy
                0x00000000        0xc /home/jacko/pebble-dev/PebbleSDK/Pebble/aplite/lib/libpebble.a(tmpQA9vUTpebble.o)
 .text.action_bar_layer_get_layer
                0x00000000        0xc /home/jacko/pebble-dev/PebbleSDK/Pebble/aplite/lib/libpebble.a(tmpQA9vUTpebble.o)
 .text.action_bar_layer_remove_from_window
                0x00000000        0xc /home/jacko/pebble-dev/PebbleSDK/Pebble/aplite/lib/libpebble.a(tmpQA9vUTpebble.o)
 .text.action_bar_layer_set_background_color
                0x00000000        0xc /home/jacko/pebble-dev/PebbleSDK/Pebble/aplite/lib/libpebble.a(tmpQA9vUTpebble.o)
 .text.action_bar_layer_set_click_config_provider
[...]
Memory Configuration

Name             Origin             Length             Attributes
APP              0x00000000         0x00006000         xrw
*default*        0x00000000         0xffffffff

Linker script and memory map

LOAD /home/jacko/pebble-dev/PebbleSDK/arm-cs-tools/bin/../lib/gcc/arm-none-eabi/4.7.3/thumb2/crti.o
LOAD /home/jacko/pebble-dev/PebbleSDK/arm-cs-tools/bin/../lib/gcc/arm-none-eabi/4.7.3/thumb2/crtbegin.o
LOAD src/basik.c.24.o
LOAD src/clock.c.24.o
LOAD src/game.c.24.o
LOAD src/robomaze.c.24.o
LOAD aplite/appinfo.auto.c.24.o
LOAD /home/jacko/pebble-dev/PebbleSDK/Pebble/aplite/lib/libpebble.a
START GROUP
LOAD /home/jacko/pebble-dev/PebbleSDK/arm-cs-tools/bin/../lib/gcc/arm-none-eabi/4.7.3/thumb2/libgcc.a
LOAD /home/jacko/pebble-dev/PebbleSDK/arm-cs-tools/bin/../lib/gcc/arm-none-eabi/4.7.3/../../../../arm-none-eabi/lib/thumb2/libc.a
END GROUP
LOAD /home/jacko/pebble-dev/PebbleSDK/arm-cs-tools/bin/../lib/gcc/arm-none-eabi/4.7.3/thumb2/crtend.o
LOAD /home/jacko/pebble-dev/PebbleSDK/arm-cs-tools/bin/../lib/gcc/arm-none-eabi/4.7.3/thumb2/crtn.o

.header         0x00000000       0x82
 *(.pbl_header)
 .pbl_header    0x00000000       0x82 aplite/appinfo.auto.c.24.o
                0x00000000                __pbl_app_info

.note.gnu.build-id
                0x00000082       0x26
                0x00000082                PROVIDE (BUILD_ID, .)
 *(.note.gnu.build-id)
 *fill*         0x00000082        0x2 
 .note.gnu.build-id
                0x00000084       0x24 linker stubs

.text           0x000000a8     0x14d1
 *(.text)
 .text          0x000000a8       0x14 /home/jacko/pebble-dev/PebbleSDK/Pebble/aplite/lib/libpebble.a(tmpQA9vUTpebble.o)
 *(.text.*)
 .text.load_basik
                0x000000bc        0x2 src/basik.c.24.o
                0x000000bc                load_basik
 .text.save_basik
                0x000000be        0x2 src/basik.c.24.o
                0x000000be                save_basik
 .text.tick_basik
                0x000000c0        0x2 src/basik.c.24.o
                0x000000c0                tick_basik
 .text.click_basik
                0x000000c2        0x2 src/basik.c.24.o
                0x000000c2                click_basik
 .text.draw_dp  0x000000c4       0x4c src/clock.c.24.o
 .text.draw     0x00000110       0x98 src/clock.c.24.o
 .text.tock     0x000001a8       0x9a src/clock.c.24.o
 .text.printint.constprop.0
                0x00000242       0x38 src/clock.c.24.o
 *fill*         0x0000027a        0x2 
 .text.save_clock
                0x0000027c       0x38 src/clock.c.24.o
                0x0000027c                save_clock
 .text.show_lvl
                0x000002b4       0x18 src/clock.c.24.o
                0x000002b4                show_lvl
 .text.tick_clock
                0x000002cc      0x2b8 src/clock.c.24.o
                0x000002cc                tick_clock
 .text.load_clock
                0x00000584       0xa8 src/clock.c.24.o
                0x00000584                load_clock
 .text.click_clock
                0x0000062c      0x120 src/clock.c.24.o
                0x0000062c                click_clock
 .text.delay    0x0000074c       0x28 src/game.c.24.o
 .text.account  0x00000774       0x10 src/game.c.24.o
 .text.reset    0x00000784       0x64 src/game.c.24.o
 .text.tick     0x000007e8       0x10 src/game.c.24.o
                0x000007e8                tick
 .text.click    0x000007f8        0x2 src/game.c.24.o
                0x000007f8                click
 *fill*         0x000007fa        0x2 
 .text.load     0x000007fc       0xdc src/game.c.24.o
                0x000007fc                load
 .text.save     0x000008d8       0xa8 src/game.c.24.o
                0x000008d8                save
 .text.menu_window_unload
                0x00000980       0x24 src/robomaze.c.24.o
 .text.menu_window_load
                0x000009a4      0x10c src/robomaze.c.24.o
 .text.special_select_callback
                0x00000ab0       0x68 src/robomaze.c.24.o
 .text.menu_select_callback
                0x00000b18       0x30 src/robomaze.c.24.o
 .text.main_window_unload
                0x00000b48       0x5c src/robomaze.c.24.o
 .text.main_window_load
                0x00000ba4      0x214 src/robomaze.c.24.o
 .text.config_provider
                0x00000db8       0x5c src/robomaze.c.24.o
 .text.get_map  0x00000e14       0x40 src/robomaze.c.24.o
                0x00000e14                get_map
 .text.put_map  0x00000e54       0x58 src/robomaze.c.24.o
                0x00000e54                put_map
 .text.layer_draw
                0x00000eac      0x230 src/robomaze.c.24.o
 .text.show_menu
                0x000010dc       0x10 src/robomaze.c.24.o
                0x000010dc                show_menu
 .text.mark_dirty
                0x000010ec       0x10 src/robomaze.c.24.o
                0x000010ec                mark_dirty
 .text.handle_second_tick
                0x000010fc       0x38 src/robomaze.c.24.o
 .text.clicks   0x00001134       0x6c src/robomaze.c.24.o
 .text.long_click_handler
                0x000011a0        0x6 src/robomaze.c.24.o
 .text.single_click_handler
                0x000011a6        0x6 src/robomaze.c.24.o
 .text.startup.main
                0x000011ac       0xb0 src/robomaze.c.24.o
                0x000011ac                main
 .text.app_event_loop
                0x0000125c        0xc /home/jacko/pebble-dev/PebbleSDK/Pebble/aplite/lib/libpebble.a(tmpQA9vUTpebble.o)
                0x0000125c                app_event_loop
 .text.click_recognizer_get_button_id
                0x00001268        0xc /home/jacko/pebble-dev/PebbleSDK/Pebble/aplite/lib/libpebble.a(tmpQA9vUTpebble.o)
                0x00001268                click_recognizer_get_button_id
 .text.clock_is_24h_style
                0x00001274        0xc /home/jacko/pebble-dev/PebbleSDK/Pebble/aplite/lib/libpebble.a(tmpQA9vUTpebble.o)
                0x00001274                clock_is_24h_style
 .text.gbitmap_create_as_sub_bitmap
                0x00001280        0xc /home/jacko/pebble-dev/PebbleSDK/Pebble/aplite/lib/libpebble.a(tmpQA9vUTpebble.o)
                0x00001280                gbitmap_create_as_sub_bitmap
 .text.gbitmap_create_with_resource
                0x0000128c        0xc /home/jacko/pebble-dev/PebbleSDK/Pebble/aplite/lib/libpebble.a(tmpQA9vUTpebble.o)
                0x0000128c                gbitmap_create_with_resource
 .text.gbitmap_destroy
                0x00001298        0xc /home/jacko/pebble-dev/PebbleSDK/Pebble/aplite/lib/libpebble.a(tmpQA9vUTpebble.o)
                0x00001298                gbitmap_destroy
 .text.graphics_context_set_fill_color
                0x000012a4        0xc /home/jacko/pebble-dev/PebbleSDK/Pebble/aplite/lib/libpebble.a(tmpQA9vUTpebble.o)
                0x000012a4                graphics_context_set_fill_color
 .text.graphics_draw_bitmap_in_rect
                0x000012b0        0xc /home/jacko/pebble-dev/PebbleSDK/Pebble/aplite/lib/libpebble.a(tmpQA9vUTpebble.o)
                0x000012b0                graphics_draw_bitmap_in_rect
 .text.graphics_fill_rect
                0x000012bc        0xc /home/jacko/pebble-dev/PebbleSDK/Pebble/aplite/lib/libpebble.a(tmpQA9vUTpebble.o)
                0x000012bc                graphics_fill_rect
 .text.layer_add_child
                0x000012c8        0xc /home/jacko/pebble-dev/PebbleSDK/Pebble/aplite/lib/libpebble.a(tmpQA9vUTpebble.o)
                0x000012c8                layer_add_child
 .text.layer_create
                0x000012d4        0xc /home/jacko/pebble-dev/PebbleSDK/Pebble/aplite/lib/libpebble.a(tmpQA9vUTpebble.o)
                0x000012d4                layer_create
 .text.layer_destroy
                0x000012e0        0xc /home/jacko/pebble-dev/PebbleSDK/Pebble/aplite/lib/libpebble.a(tmpQA9vUTpebble.o)
                0x000012e0                layer_destroy
 .text.layer_get_bounds
                0x000012ec        0xc /home/jacko/pebble-dev/PebbleSDK/Pebble/aplite/lib/libpebble.a(tmpQA9vUTpebble.o)
                0x000012ec                layer_get_bounds
 .text.layer_get_frame
                0x000012f8        0xc /home/jacko/pebble-dev/PebbleSDK/Pebble/aplite/lib/libpebble.a(tmpQA9vUTpebble.o)
                0x000012f8                layer_get_frame
 .text.layer_mark_dirty
                0x00001304        0xc /home/jacko/pebble-dev/PebbleSDK/Pebble/aplite/lib/libpebble.a(tmpQA9vUTpebble.o)
                0x00001304                layer_mark_dirty
 .text.layer_set_bounds
                0x00001310        0xc /home/jacko/pebble-dev/PebbleSDK/Pebble/aplite/lib/libpebble.a(tmpQA9vUTpebble.o)
                0x00001310                layer_set_bounds
 .text.layer_set_update_proc
                0x0000131c        0xc /home/jacko/pebble-dev/PebbleSDK/Pebble/aplite/lib/libpebble.a(tmpQA9vUTpebble.o)
                0x0000131c                layer_set_update_proc
 .text.localtime
                0x00001328        0xc /home/jacko/pebble-dev/PebbleSDK/Pebble/aplite/lib/libpebble.a(tmpQA9vUTpebble.o)
                0x00001328                localtime
 .text.memset   0x00001334        0xc /home/jacko/pebble-dev/PebbleSDK/Pebble/aplite/lib/libpebble.a(tmpQA9vUTpebble.o)
                0x00001334                memset
 .text.persist_exists
                0x00001340        0xc /home/jacko/pebble-dev/PebbleSDK/Pebble/aplite/lib/libpebble.a(tmpQA9vUTpebble.o)
                0x00001340                persist_exists
 .text.persist_read_int
                0x0000134c        0xc /home/jacko/pebble-dev/PebbleSDK/Pebble/aplite/lib/libpebble.a(tmpQA9vUTpebble.o)
                0x0000134c                persist_read_int
 .text.persist_write_int
                0x00001358        0xc /home/jacko/pebble-dev/PebbleSDK/Pebble/aplite/lib/libpebble.a(tmpQA9vUTpebble.o)
                0x00001358                persist_write_int
 .text.simple_menu_layer_create
                0x00001364        0xc /home/jacko/pebble-dev/PebbleSDK/Pebble/aplite/lib/libpebble.a(tmpQA9vUTpebble.o)
                0x00001364                simple_menu_layer_create
 .text.simple_menu_layer_destroy
                0x00001370        0xc /home/jacko/pebble-dev/PebbleSDK/Pebble/aplite/lib/libpebble.a(tmpQA9vUTpebble.o)
                0x00001370                simple_menu_layer_destroy
 .text.simple_menu_layer_get_layer
                0x0000137c        0xc /home/jacko/pebble-dev/PebbleSDK/Pebble/aplite/lib/libpebble.a(tmpQA9vUTpebble.o)
                0x0000137c                simple_menu_layer_get_layer
 .text.tick_timer_service_subscribe
                0x00001388        0xc /home/jacko/pebble-dev/PebbleSDK/Pebble/aplite/lib/libpebble.a(tmpQA9vUTpebble.o)
                0x00001388                tick_timer_service_subscribe
 .text.time     0x00001394        0xc /home/jacko/pebble-dev/PebbleSDK/Pebble/aplite/lib/libpebble.a(tmpQA9vUTpebble.o)
                0x00001394                time
 .text.window_create
                0x000013a0        0xc /home/jacko/pebble-dev/PebbleSDK/Pebble/aplite/lib/libpebble.a(tmpQA9vUTpebble.o)
                0x000013a0                window_create
 .text.window_destroy
                0x000013ac        0xc /home/jacko/pebble-dev/PebbleSDK/Pebble/aplite/lib/libpebble.a(tmpQA9vUTpebble.o)
                0x000013ac                window_destroy
 .text.window_get_root_layer
                0x000013b8        0xc /home/jacko/pebble-dev/PebbleSDK/Pebble/aplite/lib/libpebble.a(tmpQA9vUTpebble.o)
                0x000013b8                window_get_root_layer
 .text.window_set_click_config_provider
                0x000013c4        0xc /home/jacko/pebble-dev/PebbleSDK/Pebble/aplite/lib/libpebble.a(tmpQA9vUTpebble.o)
                0x000013c4                window_set_click_config_provider
 .text.window_set_fullscreen
                0x000013d0        0xc /home/jacko/pebble-dev/PebbleSDK/Pebble/aplite/lib/libpebble.a(tmpQA9vUTpebble.o)
                0x000013d0                window_set_fullscreen
 .text.window_set_window_handlers
                0x000013dc        0xc /home/jacko/pebble-dev/PebbleSDK/Pebble/aplite/lib/libpebble.a(tmpQA9vUTpebble.o)
                0x000013dc                window_set_window_handlers
 .text.window_stack_push
                0x000013e8        0xc /home/jacko/pebble-dev/PebbleSDK/Pebble/aplite/lib/libpebble.a(tmpQA9vUTpebble.o)
                0x000013e8                window_stack_push
 .text.window_long_click_subscribe
                0x000013f4        0xc /home/jacko/pebble-dev/PebbleSDK/Pebble/aplite/lib/libpebble.a(tmpQA9vUTpebble.o)
                0x000013f4                window_long_click_subscribe
 .text.window_single_click_subscribe
                0x00001400        0xc /home/jacko/pebble-dev/PebbleSDK/Pebble/aplite/lib/libpebble.a(tmpQA9vUTpebble.o)
                0x00001400                window_single_click_subscribe
 .text.persist_read_data
                0x0000140c        0xc /home/jacko/pebble-dev/PebbleSDK/Pebble/aplite/lib/libpebble.a(tmpQA9vUTpebble.o)
                0x0000140c                persist_read_data
 .text.persist_write_data
                0x00001418        0xc /home/jacko/pebble-dev/PebbleSDK/Pebble/aplite/lib/libpebble.a(tmpQA9vUTpebble.o)
                0x00001418                persist_write_data
 *(.rodata)
 .rodata        0x00001424       0x18 src/robomaze.c.24.o
 *(.rodata*)
 .rodata.delays
                0x0000143c        0x7 src/clock.c.24.o
 .rodata.days   0x00001443       0x39 src/clock.c.24.o
 .rodata.pics   0x0000147c       0x42 src/clock.c.24.o
 .rodata.keys   0x000014be        0x7 src/clock.c.24.o
 .rodata.str1.1
                0x000014c5       0xb4 src/robomaze.c.24.o
                                 0xc1 (size before relaxing)

.glue_7         0x0000157c        0x0
 .glue_7        0x00000000        0x0 linker stubs

.glue_7t        0x0000157c        0x0
 .glue_7t       0x00000000        0x0 linker stubs

.vfp11_veneer   0x0000157c        0x0
 .vfp11_veneer  0x00000000        0x0 linker stubs

.v4_bx          0x0000157c        0x0
 .v4_bx         0x00000000        0x0 linker stubs

.iplt           0x0000157c        0x0
 .iplt          0x00000000        0x0 /home/jacko/pebble-dev/PebbleSDK/arm-cs-tools/bin/../lib/gcc/arm-none-eabi/4.7.3/thumb2/crtbegin.o

.rel.dyn        0x0000157c        0x0
 .rel.iplt      0x00000000        0x0 /home/jacko/pebble-dev/PebbleSDK/arm-cs-tools/bin/../lib/gcc/arm-none-eabi/4.7.3/thumb2/crtbegin.o
 .rel.got       0x00000000        0x0 /home/jacko/pebble-dev/PebbleSDK/arm-cs-tools/bin/../lib/gcc/arm-none-eabi/4.7.3/thumb2/crtbegin.o

.data           0x0000157c       0x18
 *(.data)
 .data          0x0000157c        0x0 /home/jacko/pebble-dev/PebbleSDK/arm-cs-tools/bin/../lib/gcc/arm-none-eabi/4.7.3/thumb2/crti.o
 .data          0x0000157c        0x4 /home/jacko/pebble-dev/PebbleSDK/arm-cs-tools/bin/../lib/gcc/arm-none-eabi/4.7.3/thumb2/crtbegin.o
                0x0000157c                __dso_handle
 .data          0x00001580        0x0 src/basik.c.24.o
 .data          0x00001580        0x0 src/clock.c.24.o
 .data          0x00001580        0x0 src/game.c.24.o
 .data          0x00001580        0xc src/robomaze.c.24.o
 .data          0x0000158c        0x0 aplite/appinfo.auto.c.24.o
 .data          0x0000158c        0x0 /home/jacko/pebble-dev/PebbleSDK/Pebble/aplite/lib/libpebble.a(tmpQA9vUTpebble.o)
 .data          0x0000158c        0x0 /home/jacko/pebble-dev/PebbleSDK/arm-cs-tools/bin/../lib/gcc/arm-none-eabi/4.7.3/thumb2/crtend.o
 .data          0x0000158c        0x0 /home/jacko/pebble-dev/PebbleSDK/arm-cs-tools/bin/../lib/gcc/arm-none-eabi/4.7.3/thumb2/crtn.o
 *(.data.*)
 .data.rel.local.state
                0x0000158c        0x4 src/game.c.24.o
 .data.rel.local.oldstate
                0x00001590        0x4 src/game.c.24.o

.igot.plt       0x00001594        0x0
 .igot.plt      0x00000000        0x0 /home/jacko/pebble-dev/PebbleSDK/arm-cs-tools/bin/../lib/gcc/arm-none-eabi/4.7.3/thumb2/crtbegin.o

.got            0x00001594       0x20
 .got           0x00001594       0x20 /home/jacko/pebble-dev/PebbleSDK/arm-cs-tools/bin/../lib/gcc/arm-none-eabi/4.7.3/thumb2/crtbegin.o

.got.plt        0x000015b4        0xc
 .got.plt       0x000015b4        0xc /home/jacko/pebble-dev/PebbleSDK/arm-cs-tools/bin/../lib/gcc/arm-none-eabi/4.7.3/thumb2/crtbegin.o
                0x000015b4                _GLOBAL_OFFSET_TABLE_

.bss            0x000015c0      0x8e3
 *(.bss)
 *(.bss.*)
 .bss.reg       0x000015c0       0x2c src/clock.c.24.o
 .bss.clickback
                0x000015ec        0x1 src/clock.c.24.o
 *fill*         0x000015ed        0x1 
 .bss.sw_butt   0x000015ee        0x2 src/clock.c.24.o
 .bss.dp        0x000015f0        0x1 src/clock.c.24.o
 .bss.button_sec
                0x000015f1        0x1 src/clock.c.24.o
 .bss.mode      0x000015f2        0x1 src/clock.c.24.o
 *fill*         0x000015f3        0x1 
 .bss.lap       0x000015f4       0x2c src/clock.c.24.o
 .bss.pause     0x00001620        0x1 src/game.c.24.o
                0x00001620                pause
 .bss.gAB       0x00001621        0x1 src/game.c.24.o
                0x00001621                gAB
 .bss.compact   0x00001622       0x40 src/game.c.24.o
 *fill*         0x00001662        0x2 
 .bss.level     0x00001664        0x4 src/game.c.24.o
                0x00001664                level
 .bss.countdown
                0x00001668        0x4 src/game.c.24.o
 .bss.score     0x0000166c        0x4 src/game.c.24.o
                0x0000166c                score
 .bss.hiscore   0x00001670        0x4 src/game.c.24.o
                0x00001670                hiscore
 .bss.layer     0x00001674        0x4 src/robomaze.c.24.o
 .bss.s_menu_sections
                0x00001678       0x18 src/robomaze.c.24.o
 .bss.char_gfx  0x00001690       0xc0 src/robomaze.c.24.o
 .bss.map       0x00001750        0x4 src/robomaze.c.24.o
 .bss.s_second_menu_items
                0x00001754       0x10 src/robomaze.c.24.o
 .bss.seconds   0x00001764        0x4 src/robomaze.c.24.o
                0x00001764                seconds
 .bss.s_simple_menu_layer
                0x00001768        0x4 src/robomaze.c.24.o
 .bss.s_special_flag
                0x0000176c        0x1 src/robomaze.c.24.o
 *fill*         0x0000176d        0x3 
 .bss.s_menu_icon_image
                0x00001770        0x4 src/robomaze.c.24.o
 .bss.s_menu_window
                0x00001774        0x4 src/robomaze.c.24.o
 .bss.s_first_menu_items
                0x00001778       0x30 src/robomaze.c.24.o
 .bss.maze_gfx  0x000017a8       0x7c src/robomaze.c.24.o
 .bss.s_main_window
                0x00001824        0x4 src/robomaze.c.24.o
 .bss.s_hit_count
                0x00001828        0x4 src/robomaze.c.24.o
 COMMON         0x0000182c        0x1 src/game.c.24.o
                0x0000182c                direction
 COMMON         0x0000182d      0x676 src/robomaze.c.24.o
                0x0000182d                maze
                0x00001c62                con

DISCARD
 libc.a(*)
 libm.a(*)
 libgcc.a(*)
 *(.eh_frame)
OUTPUT(/home/jacko/pebble-dev/examples/watchapps/RoboMaze/build/aplite/pebble-app.elf elf32-littlearm)

.ARM.attributes
                0x00000000       0x27
 .ARM.attributes
                0x00000000       0x19 /home/jacko/pebble-dev/PebbleSDK/arm-cs-tools/bin/../lib/gcc/arm-none-eabi/4.7.3/thumb2/crti.o
 .ARM.attributes
                0x00000019       0x29 /home/jacko/pebble-dev/PebbleSDK/arm-cs-tools/bin/../lib/gcc/arm-none-eabi/4.7.3/thumb2/crtbegin.o
 .ARM.attributes
                0x00000042       0x33 src/basik.c.24.o
 .ARM.attributes
                0x00000075       0x33 src/clock.c.24.o
 .ARM.attributes
                0x000000a8       0x33 src/game.c.24.o
 .ARM.attributes
                0x000000db       0x33 src/robomaze.c.24.o
 .ARM.attributes
                0x0000010e       0x33 aplite/appinfo.auto.c.24.o
 .ARM.attributes
                0x00000141       0x21 /home/jacko/pebble-dev/PebbleSDK/Pebble/aplite/lib/libpebble.a(tmpQA9vUTpebble.o)
 .ARM.attributes
                0x00000162       0x29 /home/jacko/pebble-dev/PebbleSDK/arm-cs-tools/bin/../lib/gcc/arm-none-eabi/4.7.3/thumb2/crtend.o
 .ARM.attributes
                0x0000018b       0x19 /home/jacko/pebble-dev/PebbleSDK/arm-cs-tools/bin/../lib/gcc/arm-none-eabi/4.7.3/thumb2/crtn.o

.comment        0x00000000       0x4e
 .comment       0x00000000       0x4e /home/jacko/pebble-dev/PebbleSDK/arm-cs-tools/bin/../lib/gcc/arm-none-eabi/4.7.3/thumb2/crtbegin.o
                                 0x4f (size before relaxing)
 .comment       0x00000000       0x4f src/basik.c.24.o
 .comment       0x00000000       0x4f src/clock.c.24.o
 .comment       0x00000000       0x4f src/game.c.24.o
 .comment       0x00000000       0x4f src/robomaze.c.24.o
 .comment       0x00000000       0x4f aplite/appinfo.auto.c.24.o
 .comment       0x00000000       0x4f /home/jacko/pebble-dev/PebbleSDK/arm-cs-tools/bin/../lib/gcc/arm-none-eabi/4.7.3/thumb2/crtend.o

.debug_info     0x00000000     0x2e4a
 .debug_info    0x00000000      0x14b src/basik.c.24.o
 .debug_info    0x0000014b      0xb0c src/clock.c.24.o
 .debug_info    0x00000c57      0x594 src/game.c.24.o
 .debug_info    0x000011eb     0x194b src/robomaze.c.24.o
 .debug_info    0x00002b36      0x314 aplite/appinfo.auto.c.24.o

.debug_abbrev   0x00000000      0xbf3
 .debug_abbrev  0x00000000       0xbf src/basik.c.24.o
 .debug_abbrev  0x000000bf      0x2fc src/clock.c.24.o
 .debug_abbrev  0x000003bb      0x2db src/game.c.24.o
 .debug_abbrev  0x00000696      0x4bf src/robomaze.c.24.o
 .debug_abbrev  0x00000b55       0x9e aplite/appinfo.auto.c.24.o

.debug_aranges  0x00000000      0x1a0
 .debug_aranges
                0x00000000       0x38 src/basik.c.24.o
 .debug_aranges
                0x00000038       0x60 src/clock.c.24.o
 .debug_aranges
                0x00000098       0x50 src/game.c.24.o
 .debug_aranges
                0x000000e8       0xa0 src/robomaze.c.24.o
 .debug_aranges
                0x00000188       0x18 aplite/appinfo.auto.c.24.o

.debug_ranges   0x00000000      0x650
 .debug_ranges  0x00000000       0x28 src/basik.c.24.o
 .debug_ranges  0x00000028      0x128 src/clock.c.24.o
 .debug_ranges  0x00000150      0x1a0 src/game.c.24.o
 .debug_ranges  0x000002f0      0x360 src/robomaze.c.24.o

.debug_line     0x00000000      0xcb1
 .debug_line    0x00000000       0xae src/basik.c.24.o
 .debug_line    0x000000ae      0x380 src/clock.c.24.o
 .debug_line    0x0000042e      0x2c1 src/game.c.24.o
 .debug_line    0x000006ef      0x49b src/robomaze.c.24.o
 .debug_line    0x00000b8a      0x127 aplite/appinfo.auto.c.24.o

.debug_str      0x00000000      0xc4e
 .debug_str     0x00000000      0x14b src/basik.c.24.o
                                0x184 (size before relaxing)
 .debug_str     0x0000014b      0x1e4 src/clock.c.24.o
                                0x34c (size before relaxing)
 .debug_str     0x0000032f       0x7d src/game.c.24.o
                                0x255 (size before relaxing)
 .debug_str     0x000003ac      0x73d src/robomaze.c.24.o
                                0xa12 (size before relaxing)
 .debug_str     0x00000ae9      0x165 aplite/appinfo.auto.c.24.o
                                0x2c5 (size before relaxing)

.debug_frame    0x00000000      0x40c
 .debug_frame   0x00000000       0x50 src/basik.c.24.o
 .debug_frame   0x00000050      0x134 src/clock.c.24.o
 .debug_frame   0x00000184       0xb8 src/game.c.24.o
 .debug_frame   0x0000023c      0x1d0 src/robomaze.c.24.o

.debug_loc      0x00000000      0xf47
 .debug_loc     0x00000000      0x509 src/clock.c.24.o
 .debug_loc     0x00000509      0x1db src/game.c.24.o
 .debug_loc     0x000006e4      0x863 src/robomaze.c.24.o
ar_layer_destroy
                0x00000000        0xc /home/jacko/pebble-dev/PebbleSDK/Pebble/basalt/lib/libpebble.a(tmpTNRbtApebble.o)
 .text.status_bar_layer_get_background_color
                0x00000000        0xc /home/jacko/pebble-dev/PebbleSDK/Pebble/basalt/lib/libpebble.a(tmpTNRbtApebble.o)
 .text.status_bar_layer_get_foreground_color
                0x00000000        0xc /home/jacko/pebble-dev/PebbleSDK/Pebble/basalt/lib/libpebble.a(tmpTNRbtApebble.o)
 .text.status_bar_layer_get_layer
                0x00000000        0xc /home/jacko/pebble-dev/PebbleSDK/Pebble/basalt/lib/libpebble.a(tmpTNRbtApebble.o)
 .text.status_bar_layer_set_colors
                0x00000000        0xc /home/jacko/pebble-dev/PebbleSDK/Pebble/basalt/lib/libpebble.a(tmpTNRbtApebble.o)
 .text.status_bar_layer_set_separator_mode
                0x00000000        0xc /home/jacko/pebble-dev/PebbleSDK/Pebble/basalt/lib/libpebble.a(tmpTNRbtApebble.o)
 .text          0x00000000        0x0 /home/jacko/pebble-dev/PebbleSDK/arm-cs-tools/bin/../lib/gcc/arm-none-eabi/4.7.3/thumb2/crtend.o
 .bss           0x00000000        0x0 /home/jacko/pebble-dev/PebbleSDK/arm-cs-tools/bin/../lib/gcc/arm-none-eabi/4.7.3/thumb2/crtend.o
 .eh_frame      0x00000000        0x4 /home/jacko/pebble-dev/PebbleSDK/arm-cs-tools/bin/../lib/gcc/arm-none-eabi/4.7.3/thumb2/crtend.o
 .jcr           0x00000000        0x4 /home/jacko/pebble-dev/PebbleSDK/arm-cs-tools/bin/../lib/gcc/arm-none-eabi/4.7.3/thumb2/crtend.o
 .tm_clone_table
                0x00000000        0x0 /home/jacko/pebble-dev/PebbleSDK/arm-cs-tools/bin/../lib/gcc/arm-none-eabi/4.7.3/thumb2/crtend.o
 .text          0x00000000        0x0 /home/jacko/pebble-dev/PebbleSDK/arm-cs-tools/bin/../lib/gcc/arm-none-eabi/4.7.3/thumb2/crtn.o
 .bss           0x00000000        0x0 /home/jacko/pebble-dev/PebbleSDK/arm-cs-tools/bin/../lib/gcc/arm-none-eabi/4.7.3/thumb2/crtn.o
 .init          0x00000000        0x8 /home/jacko/pebble-dev/PebbleSDK/arm-cs-tools/bin/../lib/gcc/arm-none-eabi/4.7.3/thumb2/crtn.o
 .fini          0x00000000        0x8 /home/jacko/pebble-dev/PebbleSDK/arm-cs-tools/bin/../lib/gcc/arm-none-eabi/4.7.3/thumb2/crtn.o

Memory Configuration

Name             Origin             Length             Attributes
APP              0x00000000         0x00010000         xrw
*default*        0x00000000         0xffffffff

Linker script and memory map

LOAD /home/jacko/pebble-dev/PebbleSDK/arm-cs-tools/bin/../lib/gcc/arm-none-eabi/4.7.3/thumb2/crti.o
LOAD /home/jacko/pebble-dev/PebbleSDK/arm-cs-tools/bin/../lib/gcc/arm-none-eabi/4.7.3/thumb2/crtbegin.o
LOAD src/basik.c.23.o
LOAD src/clock.c.23.o
LOAD src/game.c.23.o
LOAD src/robomaze.c.23.o
LOAD basalt/appinfo.auto.c.23.o
LOAD /home/jacko/pebble-dev/PebbleSDK/Pebble/basalt/lib/libpebble.a
START GROUP
LOAD /home/jacko/pebble-dev/PebbleSDK/arm-cs-tools/bin/../lib/gcc/arm-none-eabi/4.7.3/thumb2/libgcc.a
LOAD /home/jacko/pebble-dev/PebbleSDK/arm-cs-tools/bin/../lib/gcc/arm-none-eabi/4.7.3/../../../../arm-none-eabi/lib/thumb2/libc.a
END GROUP
LOAD /home/jacko/pebble-dev/PebbleSDK/arm-cs-tools/bin/../lib/gcc/arm-none-eabi/4.7.3/thumb2/crtend.o
LOAD /home/jacko/pebble-dev/PebbleSDK/arm-cs-tools/bin/../lib/gcc/arm-none-eabi/4.7.3/thumb2/crtn.o

.header         0x00000000       0x82
 *(.pbl_header)
 .pbl_header    0x00000000       0x82 basalt/appinfo.auto.c.23.o
                0x00000000                __pbl_app_info

.note.gnu.build-id
                0x00000082       0x26
                0x00000082                PROVIDE (BUILD_ID, .)
 *(.note.gnu.build-id)
 *fill*         0x00000082        0x2 
 .note.gnu.build-id
                0x00000084       0x24 linker stubs

.text           0x000000a8     0x14b5
 *(.text)
 .text          0x000000a8       0x14 /home/jacko/pebble-dev/PebbleSDK/Pebble/basalt/lib/libpebble.a(tmpTNRbtApebble.o)
 *(.text.*)
 .text.load_basik
                0x000000bc        0x2 src/basik.c.23.o
                0x000000bc                load_basik
 .text.save_basik
                0x000000be        0x2 src/basik.c.23.o
                0x000000be                save_basik
 .text.tick_basik
                0x000000c0        0x2 src/basik.c.23.o
                0x000000c0                tick_basik
 .text.click_basik
                0x000000c2        0x2 src/basik.c.23.o
                0x000000c2                click_basik
 .text.draw_dp  0x000000c4       0x4c src/clock.c.23.o
 .text.draw     0x00000110       0x98 src/clock.c.23.o
 .text.tock     0x000001a8       0x9a src/clock.c.23.o
 .text.printint.constprop.0
                0x00000242       0x38 src/clock.c.23.o
 *fill*         0x0000027a        0x2 
 .text.save_clock
                0x0000027c       0x38 src/clock.c.23.o
                0x0000027c                save_clock
 .text.show_lvl
                0x000002b4       0x18 src/clock.c.23.o
                0x000002b4                show_lvl
 .text.tick_clock
                0x000002cc      0x2b8 src/clock.c.23.o
                0x000002cc                tick_clock
 .text.load_clock
                0x00000584       0x9c src/clock.c.23.o
                0x00000584                load_clock
 .text.click_clock
                0x00000620      0x120 src/clock.c.23.o
                0x00000620                click_clock
 .text.delay    0x00000740       0x28 src/game.c.23.o
 .text.account  0x00000768       0x10 src/game.c.23.o
 .text.reset    0x00000778       0x64 src/game.c.23.o
 .text.tick     0x000007dc       0x10 src/game.c.23.o
                0x000007dc                tick
 .text.click    0x000007ec        0x2 src/game.c.23.o
                0x000007ec                click
 *fill*         0x000007ee        0x2 
 .text.load     0x000007f0       0xdc src/game.c.23.o
                0x000007f0                load
 .text.save     0x000008cc       0xa8 src/game.c.23.o
                0x000008cc                save
 .text.menu_window_unload
                0x00000974       0x24 src/robomaze.c.23.o
 .text.menu_window_load
                0x00000998      0x10c src/robomaze.c.23.o
 .text.special_select_callback
                0x00000aa4       0x68 src/robomaze.c.23.o
 .text.menu_select_callback
                0x00000b0c       0x30 src/robomaze.c.23.o
 .text.main_window_unload
                0x00000b3c       0x5c src/robomaze.c.23.o
 .text.main_window_load
                0x00000b98      0x210 src/robomaze.c.23.o
 .text.config_provider
                0x00000da8       0x5c src/robomaze.c.23.o
 .text.get_map  0x00000e04       0x40 src/robomaze.c.23.o
                0x00000e04                get_map
 .text.put_map  0x00000e44       0x58 src/robomaze.c.23.o
                0x00000e44                put_map
 .text.layer_draw
                0x00000e9c      0x230 src/robomaze.c.23.o
 .text.show_menu
                0x000010cc       0x10 src/robomaze.c.23.o
                0x000010cc                show_menu
 .text.mark_dirty
                0x000010dc       0x10 src/robomaze.c.23.o
                0x000010dc                mark_dirty
 .text.handle_second_tick
                0x000010ec       0x38 src/robomaze.c.23.o
 .text.clicks   0x00001124       0x6c src/robomaze.c.23.o
 .text.long_click_handler
                0x00001190        0x6 src/robomaze.c.23.o
 .text.single_click_handler
                0x00001196        0x6 src/robomaze.c.23.o
 .text.startup.main
                0x0000119c       0xb0 src/robomaze.c.23.o
                0x0000119c                main
 .text.app_event_loop
                0x0000124c        0xc /home/jacko/pebble-dev/PebbleSDK/Pebble/basalt/lib/libpebble.a(tmpTNRbtApebble.o)
                0x0000124c                app_event_loop
 .text.click_recognizer_get_button_id
                0x00001258        0xc /home/jacko/pebble-dev/PebbleSDK/Pebble/basalt/lib/libpebble.a(tmpTNRbtApebble.o)
                0x00001258                click_recognizer_get_button_id
 .text.clock_is_24h_style
                0x00001264        0xc /home/jacko/pebble-dev/PebbleSDK/Pebble/basalt/lib/libpebble.a(tmpTNRbtApebble.o)
                0x00001264                clock_is_24h_style
 .text.gbitmap_create_as_sub_bitmap
                0x00001270        0xc /home/jacko/pebble-dev/PebbleSDK/Pebble/basalt/lib/libpebble.a(tmpTNRbtApebble.o)
                0x00001270                gbitmap_create_as_sub_bitmap
 .text.gbitmap_create_with_resource
                0x0000127c        0xc /home/jacko/pebble-dev/PebbleSDK/Pebble/basalt/lib/libpebble.a(tmpTNRbtApebble.o)
                0x0000127c                gbitmap_create_with_resource
 .text.gbitmap_destroy
                0x00001288        0xc /home/jacko/pebble-dev/PebbleSDK/Pebble/basalt/lib/libpebble.a(tmpTNRbtApebble.o)
                0x00001288                gbitmap_destroy
 .text.graphics_draw_bitmap_in_rect
                0x00001294        0xc /home/jacko/pebble-dev/PebbleSDK/Pebble/basalt/lib/libpebble.a(tmpTNRbtApebble.o)
                0x00001294                graphics_draw_bitmap_in_rect
 .text.graphics_fill_rect
                0x000012a0        0xc /home/jacko/pebble-dev/PebbleSDK/Pebble/basalt/lib/libpebble.a(tmpTNRbtApebble.o)
                0x000012a0                graphics_fill_rect
 .text.layer_add_child
                0x000012ac        0xc /home/jacko/pebble-dev/PebbleSDK/Pebble/basalt/lib/libpebble.a(tmpTNRbtApebble.o)
                0x000012ac                layer_add_child
 .text.layer_create
                0x000012b8        0xc /home/jacko/pebble-dev/PebbleSDK/Pebble/basalt/lib/libpebble.a(tmpTNRbtApebble.o)
                0x000012b8                layer_create
 .text.layer_destroy
                0x000012c4        0xc /home/jacko/pebble-dev/PebbleSDK/Pebble/basalt/lib/libpebble.a(tmpTNRbtApebble.o)
                0x000012c4                layer_destroy
 .text.layer_get_bounds
                0x000012d0        0xc /home/jacko/pebble-dev/PebbleSDK/Pebble/basalt/lib/libpebble.a(tmpTNRbtApebble.o)
                0x000012d0                layer_get_bounds
 .text.layer_get_frame
                0x000012dc        0xc /home/jacko/pebble-dev/PebbleSDK/Pebble/basalt/lib/libpebble.a(tmpTNRbtApebble.o)
                0x000012dc                layer_get_frame
 .text.layer_mark_dirty
                0x000012e8        0xc /home/jacko/pebble-dev/PebbleSDK/Pebble/basalt/lib/libpebble.a(tmpTNRbtApebble.o)
                0x000012e8                layer_mark_dirty
 .text.layer_set_bounds
                0x000012f4        0xc /home/jacko/pebble-dev/PebbleSDK/Pebble/basalt/lib/libpebble.a(tmpTNRbtApebble.o)
                0x000012f4                layer_set_bounds
 .text.layer_set_update_proc
                0x00001300        0xc /home/jacko/pebble-dev/PebbleSDK/Pebble/basalt/lib/libpebble.a(tmpTNRbtApebble.o)
                0x00001300                layer_set_update_proc
 .text.memset   0x0000130c        0xc /home/jacko/pebble-dev/PebbleSDK/Pebble/basalt/lib/libpebble.a(tmpTNRbtApebble.o)
                0x0000130c                memset
 .text.persist_exists
                0x00001318        0xc /home/jacko/pebble-dev/PebbleSDK/Pebble/basalt/lib/libpebble.a(tmpTNRbtApebble.o)
                0x00001318                persist_exists
 .text.persist_read_int
                0x00001324        0xc /home/jacko/pebble-dev/PebbleSDK/Pebble/basalt/lib/libpebble.a(tmpTNRbtApebble.o)
                0x00001324                persist_read_int
 .text.persist_write_int
                0x00001330        0xc /home/jacko/pebble-dev/PebbleSDK/Pebble/basalt/lib/libpebble.a(tmpTNRbtApebble.o)
                0x00001330                persist_write_int
 .text.simple_menu_layer_create
                0x0000133c        0xc /home/jacko/pebble-dev/PebbleSDK/Pebble/basalt/lib/libpebble.a(tmpTNRbtApebble.o)
                0x0000133c                simple_menu_layer_create
 .text.simple_menu_layer_destroy
                0x00001348        0xc /home/jacko/pebble-dev/PebbleSDK/Pebble/basalt/lib/libpebble.a(tmpTNRbtApebble.o)
                0x00001348                simple_menu_layer_destroy
 .text.simple_menu_layer_get_layer
                0x00001354        0xc /home/jacko/pebble-dev/PebbleSDK/Pebble/basalt/lib/libpebble.a(tmpTNRbtApebble.o)
                0x00001354                simple_menu_layer_get_layer
 .text.tick_timer_service_subscribe
                0x00001360        0xc /home/jacko/pebble-dev/PebbleSDK/Pebble/basalt/lib/libpebble.a(tmpTNRbtApebble.o)
                0x00001360                tick_timer_service_subscribe
 .text.window_create
                0x0000136c        0xc /home/jacko/pebble-dev/PebbleSDK/Pebble/basalt/lib/libpebble.a(tmpTNRbtApebble.o)
                0x0000136c                window_create
 .text.window_destroy
                0x00001378        0xc /home/jacko/pebble-dev/PebbleSDK/Pebble/basalt/lib/libpebble.a(tmpTNRbtApebble.o)
                0x00001378                window_destroy
 .text.window_get_root_layer
                0x00001384        0xc /home/jacko/pebble-dev/PebbleSDK/Pebble/basalt/lib/libpebble.a(tmpTNRbtApebble.o)
                0x00001384                window_get_root_layer
 .text.window_set_click_config_provider
                0x00001390        0xc /home/jacko/pebble-dev/PebbleSDK/Pebble/basalt/lib/libpebble.a(tmpTNRbtApebble.o)
                0x00001390                window_set_click_config_provider
 .text.window_set_window_handlers
                0x0000139c        0xc /home/jacko/pebble-dev/PebbleSDK/Pebble/basalt/lib/libpebble.a(tmpTNRbtApebble.o)
                0x0000139c                window_set_window_handlers
 .text.window_stack_push
                0x000013a8        0xc /home/jacko/pebble-dev/PebbleSDK/Pebble/basalt/lib/libpebble.a(tmpTNRbtApebble.o)
                0x000013a8                window_stack_push
 .text.window_long_click_subscribe
                0x000013b4        0xc /home/jacko/pebble-dev/PebbleSDK/Pebble/basalt/lib/libpebble.a(tmpTNRbtApebble.o)
                0x000013b4                window_long_click_subscribe
 .text.window_single_click_subscribe
                0x000013c0        0xc /home/jacko/pebble-dev/PebbleSDK/Pebble/basalt/lib/libpebble.a(tmpTNRbtApebble.o)
                0x000013c0                window_single_click_subscribe
 .text.persist_read_data
                0x000013cc        0xc /home/jacko/pebble-dev/PebbleSDK/Pebble/basalt/lib/libpebble.a(tmpTNRbtApebble.o)
                0x000013cc                persist_read_data
 .text.persist_write_data
                0x000013d8        0xc /home/jacko/pebble-dev/PebbleSDK/Pebble/basalt/lib/libpebble.a(tmpTNRbtApebble.o)
                0x000013d8                persist_write_data
 .text.graphics_context_set_fill_color
                0x000013e4        0xc /home/jacko/pebble-dev/PebbleSDK/Pebble/basalt/lib/libpebble.a(tmpTNRbtApebble.o)
                0x000013e4                graphics_context_set_fill_color
 .text.localtime
                0x000013f0        0xc /home/jacko/pebble-dev/PebbleSDK/Pebble/basalt/lib/libpebble.a(tmpTNRbtApebble.o)
                0x000013f0                localtime
 .text.time     0x000013fc        0xc /home/jacko/pebble-dev/PebbleSDK/Pebble/basalt/lib/libpebble.a(tmpTNRbtApebble.o)
                0x000013fc                time
 *(.rodata)
 .rodata        0x00001408       0x18 src/robomaze.c.23.o
 *(.rodata*)
 .rodata.delays
                0x00001420        0x7 src/clock.c.23.o
 .rodata.days   0x00001427       0x39 src/clock.c.23.o
 .rodata.pics   0x00001460       0x42 src/clock.c.23.o
 .rodata.keys   0x000014a2        0x7 src/clock.c.23.o
 .rodata.str1.1
                0x000014a9       0xb4 src/robomaze.c.23.o
                                 0xc1 (size before relaxing)

.glue_7         0x00001560        0x0
 .glue_7        0x00000000        0x0 linker stubs

.glue_7t        0x00001560        0x0
 .glue_7t       0x00000000        0x0 linker stubs

.vfp11_veneer   0x00001560        0x0
 .vfp11_veneer  0x00000000        0x0 linker stubs

.v4_bx          0x00001560        0x0
 .v4_bx         0x00000000        0x0 linker stubs

.iplt           0x00001560        0x0
 .iplt          0x00000000        0x0 /home/jacko/pebble-dev/PebbleSDK/arm-cs-tools/bin/../lib/gcc/arm-none-eabi/4.7.3/thumb2/crtbegin.o

.rel.dyn        0x00001560        0x0
 .rel.iplt      0x00000000        0x0 /home/jacko/pebble-dev/PebbleSDK/arm-cs-tools/bin/../lib/gcc/arm-none-eabi/4.7.3/thumb2/crtbegin.o
 .rel.got       0x00000000        0x0 /home/jacko/pebble-dev/PebbleSDK/arm-cs-tools/bin/../lib/gcc/arm-none-eabi/4.7.3/thumb2/crtbegin.o

.data           0x00001560       0x18
 *(.data)
 .data          0x00001560        0x0 /home/jacko/pebble-dev/PebbleSDK/arm-cs-tools/bin/../lib/gcc/arm-none-eabi/4.7.3/thumb2/crti.o
 .data          0x00001560        0x4 /home/jacko/pebble-dev/PebbleSDK/arm-cs-tools/bin/../lib/gcc/arm-none-eabi/4.7.3/thumb2/crtbegin.o
                0x00001560                __dso_handle
 .data          0x00001564        0x0 src/basik.c.23.o
 .data          0x00001564        0x0 src/clock.c.23.o
 .data          0x00001564        0x0 src/game.c.23.o
 .data          0x00001564        0xc src/robomaze.c.23.o
 .data          0x00001570        0x0 basalt/appinfo.auto.c.23.o
 .data          0x00001570        0x0 /home/jacko/pebble-dev/PebbleSDK/Pebble/basalt/lib/libpebble.a(tmpTNRbtApebble.o)
 .data          0x00001570        0x0 /home/jacko/pebble-dev/PebbleSDK/arm-cs-tools/bin/../lib/gcc/arm-none-eabi/4.7.3/thumb2/crtend.o
 .data          0x00001570        0x0 /home/jacko/pebble-dev/PebbleSDK/arm-cs-tools/bin/../lib/gcc/arm-none-eabi/4.7.3/thumb2/crtn.o
 *(.data.*)
 .data.rel.local.state
                0x00001570        0x4 src/game.c.23.o
 .data.rel.local.oldstate
                0x00001574        0x4 src/game.c.23.o

.igot.plt       0x00001578        0x0
 .igot.plt      0x00000000        0x0 /home/jacko/pebble-dev/PebbleSDK/arm-cs-tools/bin/../lib/gcc/arm-none-eabi/4.7.3/thumb2/crtbegin.o

.got            0x00001578       0x20
 .got           0x00001578       0x20 /home/jacko/pebble-dev/PebbleSDK/arm-cs-tools/bin/../lib/gcc/arm-none-eabi/4.7.3/thumb2/crtbegin.o

.got.plt        0x00001598        0xc
 .got.plt       0x00001598        0xc /home/jacko/pebble-dev/PebbleSDK/arm-cs-tools/bin/../lib/gcc/arm-none-eabi/4.7.3/thumb2/crtbegin.o
                0x00001598                _GLOBAL_OFFSET_TABLE_

.bss            0x000015a4      0x8eb
 *(.bss)
 *(.bss.*)
 .bss.reg       0x000015a4       0x30 src/clock.c.23.o
 .bss.clickback
                0x000015d4        0x1 src/clock.c.23.o
 *fill*         0x000015d5        0x1 
 .bss.sw_butt   0x000015d6        0x2 src/clock.c.23.o
 .bss.dp        0x000015d8        0x1 src/clock.c.23.o
 .bss.button_sec
                0x000015d9        0x1 src/clock.c.23.o
 .bss.mode      0x000015da        0x1 src/clock.c.23.o
 *fill*         0x000015db        0x1 
 .bss.lap       0x000015dc       0x30 src/clock.c.23.o
 .bss.pause     0x0000160c        0x1 src/game.c.23.o
                0x0000160c                pause
 .bss.gAB       0x0000160d        0x1 src/game.c.23.o
                0x0000160d                gAB
 .bss.compact   0x0000160e       0x40 src/game.c.23.o
 *fill*         0x0000164e        0x2 
 .bss.level     0x00001650        0x4 src/game.c.23.o
                0x00001650                level
 .bss.countdown
                0x00001654        0x4 src/game.c.23.o
 .bss.score     0x00001658        0x4 src/game.c.23.o
                0x00001658                score
 .bss.hiscore   0x0000165c        0x4 src/game.c.23.o
                0x0000165c                hiscore
 .bss.layer     0x00001660        0x4 src/robomaze.c.23.o
 .bss.s_menu_sections
                0x00001664       0x18 src/robomaze.c.23.o
 .bss.char_gfx  0x0000167c       0xc0 src/robomaze.c.23.o
 .bss.map       0x0000173c        0x4 src/robomaze.c.23.o
 .bss.s_second_menu_items
                0x00001740       0x10 src/robomaze.c.23.o
 .bss.seconds   0x00001750        0x4 src/robomaze.c.23.o
                0x00001750                seconds
 .bss.s_simple_menu_layer
                0x00001754        0x4 src/robomaze.c.23.o
 .bss.s_special_flag
                0x00001758        0x1 src/robomaze.c.23.o
 *fill*         0x00001759        0x3 
 .bss.s_menu_icon_image
                0x0000175c        0x4 src/robomaze.c.23.o
 .bss.s_menu_window
                0x00001760        0x4 src/robomaze.c.23.o
 .bss.s_first_menu_items
                0x00001764       0x30 src/robomaze.c.23.o
 .bss.maze_gfx  0x00001794       0x7c src/robomaze.c.23.o
 .bss.s_main_window
                0x00001810        0x4 src/robomaze.c.23.o
 .bss.s_hit_count
                0x00001814        0x4 src/robomaze.c.23.o
 COMMON         0x00001818        0x1 src/game.c.23.o
                0x00001818                direction
 COMMON         0x00001819      0x676 src/robomaze.c.23.o
                0x00001819                maze
                0x00001c4e                con

DISCARD
 libc.a(*)
 libm.a(*)
 libgcc.a(*)
 *(.eh_frame)
OUTPUT(/home/jacko/pebble-dev/examples/watchapps/RoboMaze/build/basalt/pebble-app.elf elf32-littlearm)

.ARM.attributes
                0x00000000       0x27
 .ARM.attributes
                0x00000000       0x19 /home/jacko/pebble-dev/PebbleSDK/arm-cs-tools/bin/../lib/gcc/arm-none-eabi/4.7.3/thumb2/crti.o
 .ARM.attributes
                0x00000019       0x29 /home/jacko/pebble-dev/PebbleSDK/arm-cs-tools/bin/../lib/gcc/arm-none-eabi/4.7.3/thumb2/crtbegin.o
 .ARM.attributes
                0x00000042       0x33 src/basik.c.23.o
 .ARM.attributes
                0x00000075       0x33 src/clock.c.23.o
 .ARM.attributes
                0x000000a8       0x33 src/game.c.23.o
 .ARM.attributes
                0x000000db       0x33 src/robomaze.c.23.o
 .ARM.attributes
                0x0000010e       0x33 basalt/appinfo.auto.c.23.o
 .ARM.attributes
                0x00000141       0x21 /home/jacko/pebble-dev/PebbleSDK/Pebble/basalt/lib/libpebble.a(tmpTNRbtApebble.o)
 .ARM.attributes
                0x00000162       0x29 /home/jacko/pebble-dev/PebbleSDK/arm-cs-tools/bin/../lib/gcc/arm-none-eabi/4.7.3/thumb2/crtend.o
 .ARM.attributes
                0x0000018b       0x19 /home/jacko/pebble-dev/PebbleSDK/arm-cs-tools/bin/../lib/gcc/arm-none-eabi/4.7.3/thumb2/crtn.o

.comment        0x00000000       0x4e
 .comment       0x00000000       0x4e /home/jacko/pebble-dev/PebbleSDK/arm-cs-tools/bin/../lib/gcc/arm-none-eabi/4.7.3/thumb2/crtbegin.o
                                 0x4f (size before relaxing)
 .comment       0x00000000       0x4f src/basik.c.23.o
 .comment       0x00000000       0x4f src/clock.c.23.o
 .comment       0x00000000       0x4f src/game.c.23.o
 .comment       0x00000000       0x4f src/robomaze.c.23.o
 .comment       0x00000000       0x4f basalt/appinfo.auto.c.23.o
 .comment       0x00000000       0x4f /home/jacko/pebble-dev/PebbleSDK/arm-cs-tools/bin/../lib/gcc/arm-none-eabi/4.7.3/thumb2/crtend.o

.debug_info     0x00000000     0x2e0e
 .debug_info    0x00000000      0x14b src/basik.c.23.o
 .debug_info    0x0000014b      0xb2a src/clock.c.23.o
 .debug_info    0x00000c75      0x594 src/game.c.23.o
 .debug_info    0x00001209     0x18f1 src/robomaze.c.23.o
 .debug_info    0x00002afa      0x314 basalt/appinfo.auto.c.23.o

.debug_abbrev   0x00000000      0xbb9
 .debug_abbrev  0x00000000       0xbf src/basik.c.23.o
 .debug_abbrev  0x000000bf      0x2e7 src/clock.c.23.o
 .debug_abbrev  0x000003a6      0x2db src/game.c.23.o
 .debug_abbrev  0x00000681      0x49a src/robomaze.c.23.o
 .debug_abbrev  0x00000b1b       0x9e basalt/appinfo.auto.c.23.o

.debug_aranges  0x00000000      0x1a0
 .debug_aranges
                0x00000000       0x38 src/basik.c.23.o
 .debug_aranges
                0x00000038       0x60 src/clock.c.23.o
 .debug_aranges
                0x00000098       0x50 src/game.c.23.o
 .debug_aranges
                0x000000e8       0xa0 src/robomaze.c.23.o
 .debug_aranges
                0x00000188       0x18 basalt/appinfo.auto.c.23.o

.debug_ranges   0x00000000      0x650
 .debug_ranges  0x00000000       0x28 src/basik.c.23.o
 .debug_ranges  0x00000028      0x128 src/clock.c.23.o
 .debug_ranges  0x00000150      0x1a0 src/game.c.23.o
 .debug_ranges  0x000002f0      0x360 src/robomaze.c.23.o

.debug_line     0x00000000      0xc97
 .debug_line    0x00000000       0xae src/basik.c.23.o
 .debug_line    0x000000ae      0x374 src/clock.c.23.o
 .debug_line    0x00000422      0x2c1 src/game.c.23.o
 .debug_line    0x000006e3      0x48d src/robomaze.c.23.o
 .debug_line    0x00000b70      0x127 basalt/appinfo.auto.c.23.o

.debug_str      0x00000000      0xbf0
 .debug_str     0x00000000      0x14b src/basik.c.23.o
                                0x184 (size before relaxing)
 .debug_str     0x0000014b      0x1e2 src/clock.c.23.o
                                0x34a (size before relaxing)
 .debug_str     0x0000032d       0x7d src/game.c.23.o
                                0x255 (size before relaxing)
 .debug_str     0x000003aa      0x6db src/robomaze.c.23.o
                                0x9a1 (size before relaxing)
 .debug_str     0x00000a85      0x16b basalt/appinfo.auto.c.23.o
                                0x2c5 (size before relaxing)

.debug_frame    0x00000000      0x40c
 .debug_frame   0x00000000       0x50 src/basik.c.23.o
 .debug_frame   0x00000050      0x134 src/clock.c.23.o
 .debug_frame   0x00000184       0xb8 src/game.c.23.o
 .debug_frame   0x0000023c      0x1d0 src/robomaze.c.23.o

.debug_loc      0x00000000      0xf54
 .debug_loc     0x00000000      0x516 src/clock.c.23.o
 .debug_loc     0x00000516      0x1db src/game.c.23.o
 .debug_loc     0x000006f1      0x863 src/robomaze.c.23.o
