Archive member included because of file (symbol)

/home/jacko/pebble-dev/PebbleSDK/Pebble/basalt/lib/libpebble.a(tmp3iK9SBpebble.o)
                              src/robomaze.c.23.o (app_event_loop)
/home/jacko/pebble-dev/PebbleSDK/arm-cs-tools/bin/../lib/gcc/arm-none-eabi/4.7.3/thumb2/libgcc.a(_arm_addsubdf3.o)
                              src/clock.c.23.o (__aeabi_dsub)
/home/jacko/pebble-dev/PebbleSDK/arm-cs-tools/bin/../lib/gcc/arm-none-eabi/4.7.3/thumb2/libgcc.a(_arm_muldivdf3.o)
                              src/clock.c.23.o (__aeabi_dmul)
/home/jacko/pebble-dev/PebbleSDK/arm-cs-tools/bin/../lib/gcc/arm-none-eabi/4.7.3/thumb2/libgcc.a(_arm_cmpdf2.o)
                              src/clock.c.23.o (__aeabi_dcmpeq)
/home/jacko/pebble-dev/PebbleSDK/arm-cs-tools/bin/../lib/gcc/arm-none-eabi/4.7.3/thumb2/libgcc.a(_arm_fixdfsi.o)
                              src/clock.c.23.o (__aeabi_d2iz)

Allocating common symbols
Common symbol       size              file

maze                0x435             src/robomaze.c.23.o
direction           0x1               src/game.c.23.o
score               0x4               src/game.c.23.o
level               0x4               src/game.c.23.o
hiscore             0x4               src/game.c.23.o
gAB                 0x1               src/game.c.23.o
con                 0x241             src/robomaze.c.23.o

Discarded input sections

 .text          0x00000000        0x0 /home/jacko/pebble-dev/PebbleSDK/arm-cs-tools/bin/../lib/gcc/arm-none-eabi/4.7.3/thumb2/crti.o
 .bss           0x00000000        0x0 /home/jacko/pebble-dev/PebbleSDK/arm-cs-tools/bin/../lib/gcc/arm-none-eabi/4.7.3/thumb2/crti.o
 .init          0x00000000        0x4 /home/jacko/pebble-dev/PebbleSDK/arm-cs-tools/bin/../lib/gcc/arm-none-eabi/4.7.3/thumb2/crti.o
 .fini          0x00000000        0x4 /home/jacko/pebble-dev/PebbleSDK/arm-cs-tools/bin/../lib/gcc/arm-none-eabi/4.7.3/thumb2/crti.o
 .text          0x00000000       0xc8 /home/jacko/pebble-dev/PebbleSDK/arm-cs-tools/bin/../lib/gcc/arm-none-eabi/4.7.3/thumb2/crtbegin.o
 .bss           0x00000000       0x1c /home/jacko/pebble-dev/PebbleSDK/arm-cs-tools/bin/../lib/gcc/arm-none-eabi/4.7.3/thumb2/crtbegin.o
 .init_array    0x00000000        0x4 /home/jacko/pebble-dev/PebbleSDK/arm-cs-tools/bin/../lib/gcc/arm-none-eabi/4.7.3/thumb2/crtbegin.o
 .fini_array    0x00000000        0x4 /home/jacko/pebble-dev/PebbleSDK/arm-cs-tools/bin/../lib/gcc/arm-none-eabi/4.7.3/thumb2/crtbegin.o
 .eh_frame      0x00000000        0x0 /home/jacko/pebble-dev/PebbleSDK/arm-cs-tools/bin/../lib/gcc/arm-none-eabi/4.7.3/thumb2/crtbegin.o
 .jcr           0x00000000        0x0 /home/jacko/pebble-dev/PebbleSDK/arm-cs-tools/bin/../lib/gcc/arm-none-eabi/4.7.3/thumb2/crtbegin.o
 .tm_clone_table
                0x00000000        0x0 /home/jacko/pebble-dev/PebbleSDK/arm-cs-tools/bin/../lib/gcc/arm-none-eabi/4.7.3/thumb2/crtbegin.o
 .text          0x00000000        0x0 src/basik.c.23.o
 .bss           0x00000000        0x0 src/basik.c.23.o
 .text          0x00000000        0x0 src/clock.c.23.o
 .bss           0x00000000        0x0 src/clock.c.23.o
 .text          0x00000000        0x0 src/game.c.23.o
 .bss           0x00000000        0x0 src/game.c.23.o
 .text          0x00000000        0x0 src/robomaze.c.23.o
 .bss           0x00000000        0x0 src/robomaze.c.23.o
 .text          0x00000000        0x0 basalt/appinfo.auto.c.23.o
 .bss           0x00000000        0x0 basalt/appinfo.auto.c.23.o
 .bss           0x00000000        0x0 /home/jacko/pebble-dev/PebbleSDK/Pebble/basalt/lib/libpebble.a(tmp3iK9SBpebble.o)
 .text.accel_data_service_subscribe__deprecated
                0x00000000        0xc /home/jacko/pebble-dev/PebbleSDK/Pebble/basalt/lib/libpebble.a(tmp3iK9SBpebble.o)
 .text.accel_data_service_unsubscribe
                0x00000000        0xc /home/jacko/pebble-dev/PebbleSDK/Pebble/basalt/lib/libpebble.a(tmp3iK9SBpebble.o)
 .text.accel_service_peek
                0x00000000        0xc /home/jacko/pebble-dev/PebbleSDK/Pebble/basalt/lib/libpebble.a(tmp3iK9SBpebble.o)
 .text.accel_service_set_samples_per_update
                0x00000000        0xc /home/jacko/pebble-dev/PebbleSDK/Pebble/basalt/lib/libpebble.a(tmp3iK9SBpebble.o)
 .text.accel_service_set_sampling_rate
                0x00000000        0xc /home/jacko/pebble-dev/PebbleSDK/Pebble/basalt/lib/libpebble.a(tmp3iK9SBpebble.o)
 .text.accel_tap_service_subscribe
                0x00000000        0xc /home/jacko/pebble-dev/PebbleSDK/Pebble/basalt/lib/libpebble.a(tmp3iK9SBpebble.o)
 .text.accel_tap_service_unsubscribe
                0x00000000        0xc /home/jacko/pebble-dev/PebbleSDK/Pebble/basalt/lib/libpebble.a(tmp3iK9SBpebble.o)
 .text.action_bar_layer_legacy2_add_to_window
                0x00000000        0xc /home/jacko/pebble-dev/PebbleSDK/Pebble/basalt/lib/libpebble.a(tmp3iK9SBpebble.o)
 .text.action_bar_layer_legacy2_clear_icon
[...]
Memory Configuration

Name             Origin             Length             Attributes
APP              0x00000000         0x00010000         xrw
*default*        0x00000000         0xffffffff

Linker script and memory map

LOAD /home/jacko/pebble-dev/PebbleSDK/arm-cs-tools/bin/../lib/gcc/arm-none-eabi/4.7.3/thumb2/crti.o
LOAD /home/jacko/pebble-dev/PebbleSDK/arm-cs-tools/bin/../lib/gcc/arm-none-eabi/4.7.3/thumb2/crtbegin.o
LOAD src/basik.c.23.o
LOAD src/clock.c.23.o
LOAD src/game.c.23.o
LOAD src/robomaze.c.23.o
LOAD basalt/appinfo.auto.c.23.o
LOAD /home/jacko/pebble-dev/PebbleSDK/Pebble/basalt/lib/libpebble.a
START GROUP
LOAD /home/jacko/pebble-dev/PebbleSDK/arm-cs-tools/bin/../lib/gcc/arm-none-eabi/4.7.3/thumb2/libgcc.a
LOAD /home/jacko/pebble-dev/PebbleSDK/arm-cs-tools/bin/../lib/gcc/arm-none-eabi/4.7.3/../../../../arm-none-eabi/lib/thumb2/libc.a
END GROUP
LOAD /home/jacko/pebble-dev/PebbleSDK/arm-cs-tools/bin/../lib/gcc/arm-none-eabi/4.7.3/thumb2/crtend.o
LOAD /home/jacko/pebble-dev/PebbleSDK/arm-cs-tools/bin/../lib/gcc/arm-none-eabi/4.7.3/thumb2/crtn.o

.header         0x00000000       0x82
 *(.pbl_header)
 .pbl_header    0x00000000       0x82 basalt/appinfo.auto.c.23.o
                0x00000000                __pbl_app_info

.note.gnu.build-id
                0x00000082       0x26
                0x00000082                PROVIDE (BUILD_ID, .)
 *(.note.gnu.build-id)
 *fill*         0x00000082        0x2 
 .note.gnu.build-id
                0x00000084       0x24 linker stubs

.text           0x000000a8     0x2775
 *(.text)
 .text          0x000000a8       0x14 /home/jacko/pebble-dev/PebbleSDK/Pebble/basalt/lib/libpebble.a(tmp3iK9SBpebble.o)
 .text          0x000000bc      0x370 /home/jacko/pebble-dev/PebbleSDK/arm-cs-tools/bin/../lib/gcc/arm-none-eabi/4.7.3/thumb2/libgcc.a(_arm_addsubdf3.o)
                0x000000bc                __aeabi_drsub
                0x000000c4                __aeabi_dsub
                0x000000c4                __subdf3
                0x000000c8                __adddf3
                0x000000c8                __aeabi_dadd
                0x00000340                __aeabi_ui2d
                0x00000340                __floatunsidf
                0x00000360                __floatsidf
                0x00000360                __aeabi_i2d
                0x00000384                __extendsfdf2
                0x00000384                __aeabi_f2d
                0x000003c0                __aeabi_ul2d
                0x000003c0                __floatundidf
                0x000003d0                __floatdidf
                0x000003d0                __aeabi_l2d
 .text          0x0000042c      0x424 /home/jacko/pebble-dev/PebbleSDK/arm-cs-tools/bin/../lib/gcc/arm-none-eabi/4.7.3/thumb2/libgcc.a(_arm_muldivdf3.o)
                0x0000042c                __aeabi_dmul
                0x0000042c                __muldf3
                0x00000680                __aeabi_ddiv
                0x00000680                __divdf3
 .text          0x00000850      0x110 /home/jacko/pebble-dev/PebbleSDK/arm-cs-tools/bin/../lib/gcc/arm-none-eabi/4.7.3/thumb2/libgcc.a(_arm_cmpdf2.o)
                0x00000850                __gtdf2
                0x00000850                __gedf2
                0x00000858                __ltdf2
                0x00000858                __ledf2
                0x00000860                __cmpdf2
                0x00000860                __eqdf2
                0x00000860                __nedf2
                0x000008dc                __aeabi_cdrcmple
                0x000008ec                __aeabi_cdcmple
                0x000008ec                __aeabi_cdcmpeq
                0x000008fc                __aeabi_dcmpeq
                0x00000910                __aeabi_dcmplt
                0x00000924                __aeabi_dcmple
                0x00000938                __aeabi_dcmpge
                0x0000094c                __aeabi_dcmpgt
 .text          0x00000960       0x50 /home

.debug_line     0x00000000     0x158d
 .debug_line    0x00000000       0xae src/basik.c.24.o
 .debug_line    0x000000ae      0x472 src/clock.c.24.o
 .debug_line    0x00000520      0x4e9 src/game.c.24.o
 .debug_line    0x00000a09      0x49b src/robomaze.c.24.o
 .debug_line    0x00000ea4      0x127 aplite/appinfo.auto.c.24.o
 .debug_line    0x00000fcb      0x20a /home/jacko/pebble-dev/PebbleSDK/arm-cs-tools/bin/../lib/gcc/arm-none-eabi/4.7.3/thumb2/libgcc.a(_arm_addsubdf3.o)
 .debug_line    0x000011d5      0x226 /home/jacko/pebble-dev/PebbleSDK/arm-cs-tools/bin/../lib/gcc/arm-none-eabi/4.7.3/thumb2/libgcc.a(_arm_muldivdf3.o)
 .debug_line    0x000013fb      0x10c /home/jacko/pebble-dev/PebbleSDK/arm-cs-tools/bin/../lib/gcc/arm-none-eabi/4.7.3/thumb2/libgcc.a(_arm_cmpdf2.o)
 .debug_line    0x00001507       0x86 /home/jacko/pebble-dev/PebbleSDK/arm-cs-tools/bin/../lib/gcc/arm-none-eabi/4.7.3/thumb2/libgcc.a(_arm_fixdfsi.o)

.debug_str      0x00000000      0xd26
 .debug_str     0x00000000      0x14b src/basik.c.24.o
                                0x184 (size before relaxing)
 .debug_str     0x0000014b      0x204 src/clock.c.24.o
                                0x37e (size before relaxing)
 .debug_str     0x0000034f      0x13c src/game.c.24.o
                                0x355 (size before relaxing)
 .debug_str     0x0000048b      0x736 src/robomaze.c.24.o
                                0xa12 (size before relaxing)
 .debug_str     0x00000bc1      0x165 aplite/appinfo.auto.c.24.o
                                0x2c5 (size before relaxing)

.debug_frame    0x00000000      0x610
 .debug_frame   0x00000000       0x50 src/basik.c.24.o
 .debug_frame   0x00000050      0x1b8 src/clock.c.24.o
 .debug_frame   0x00000208      0x238 src/game.c.24.o
 .debug_frame   0x00000440      0x1d0 src/robomaze.c.24.o

.debug_loc      0x00000000     0x16f2
 .debug_loc     0x00000000      0x89d src/clock.c.24.o
 .debug_loc     0x0000089d      0x5f2 src/game.c.24.o
 .debug_loc     0x00000e8f      0x863 src/robomaze.c.24.o
move     0x00001450       0x14 src/game.c.23.o
 .text.respond  0x00001464       0x14 src/game.c.23.o
 .text.evaluate
                0x00001478       0x14 src/game.c.23.o
 .text.activechaf
                0x0000148c       0xa4 src/game.c.23.o
 .text.processmaze
                0x00001530       0x7c src/game.c.23.o
 .text.drawmaze
                0x000015ac       0x7c src/game.c.23.o
 .text.xpand    0x00001628       0x54 src/game.c.23.o
 .text.loadwall
                0x0000167c       0x58 src/game.c.23.o
 .text.loadchaf
                0x000016d4       0x40 src/game.c.23.o
 .text.ready    0x00001714       0x3c src/game.c.23.o
 .text.reset    0x00001750       0x64 src/game.c.23.o
 .text.account  0x000017b4       0x30 src/game.c.23.o
 .text.destroywall
                0x000017e4       0xc4 src/game.c.23.o
 .text.makemaze
                0x000018a8       0x4c src/game.c.23.o
 .text.tick     0x000018f4       0x10 src/game.c.23.o
                0x000018f4                tick
 .text.click    0x00001904       0x40 src/game.c.23.o
                0x00001904                click
 .text.load     0x00001944      0x150 src/game.c.23.o
                0x00001944                load
 .text.save     0x00001a94      0x16c src/game.c.23.o
                0x00001a94                save
 .text.menu_window_unload
                0x00001c00       0x24 src/robomaze.c.23.o
 .text.menu_window_load
                0x00001c24      0x10c src/robomaze.c.23.o
 .text.special_select_callback
                0x00001d30       0x68 src/robomaze.c.23.o
 .text.menu_select_callback
                0x00001d98       0x30 src/robomaze.c.23.o
 .text.main_window_unload
                0x00001dc8       0x5c src/robomaze.c.23.o
 .text.main_window_load
                0x00001e24      0x210 src/robomaze.c.23.o
 .text.config_provider
                0x00002034       0x5c src/robomaze.c.23.o
 .text.get_map  0x00002090       0x40 src/robomaze.c.23.o
                0x00002090                get_map
 .text.put_map  0x000020d0       0x58 src/robomaze.c.23.o
                0x000020d0                put_map
 .text.layer_draw
                0x00002128      0x230 src/robomaze.c.23.o
 .text.show_menu
                0x00002358       0x10 src/robomaze.c.23.o
                0x00002358                show_menu
 .text.mark_dirty
                0x00002368       0x10 src/robomaze.c.23.o
                0x00002368                mark_dirty
 .text.handle_second_tick
                0x00002378       0x38 src/robomaze.c.23.o
 .text.clicks   0x000023b0       0x6c src/robomaze.c.23.o
 .text.long_click_handler
                0x0000241c        0x6 src/robomaze.c.23.o
 .text.single_click_handler
                0x00002422        0x6 src/robomaze.c.23.o
 .text.startup.main
                0x00002428       0xb0 src/robomaze.c.23.o
                0x00002428                main
 .text.app_event_loop
                0x000024d8        0xc /home/jacko/pebble-dev/PebbleSDK/Pebble/basalt/lib/libpebble.a(tmp3iK9SBpebble.o)
                0x000024d8                app_event_loop
 .text.click_recognizer_get_button_id
                0x000024e4        0xc /home/jacko/pebble-dev/PebbleSDK/Pebble/basalt/lib/libpebble.a(tmp3iK9SBpebble.o)
                0x000024e4                click_recognizer_get_button_id
 .text.clock_is_24h_style
                0x000024f0        0xc /home/jacko/pebble-dev/PebbleSDK/Pebble/basalt/lib/libpebble.a(tmp3iK9SBpebble.o)
                0x000024f0                clock_is_24h_style
 .text.gbitmap_create_as_sub_bitmap
                0x000024fc        0xc /home/jacko/pebble-dev/PebbleSDK/Pebble/basalt/lib/libpebble.a(tmp3iK9SBpebble.o)
                0x000024fc                gbitmap_create_as_sub_bitmap
 .text.gbitmap_create_with_resource
                0x00002508        0xc /home/jacko/pebble-dev/PebbleSDK/Pebble/basalt/lib/libpebble.a(tmp3iK9SBpebble.o)
                0x00002508                gbitmap_create_with_resource
 .text.gbitmap_destroy
                0x00002514        0xc /home/jacko/pebble-dev/PebbleSDK/Pebble/basalt/lib/libpebble.a(tmp3iK9SBpebble.o)
                0x00002514                gbitmap_destroy
 .text.graphics_draw_bitmap_in_rect
                0x00002520        0xc /home/jacko/pebble-dev/PebbleSDK/Pebble/basalt/lib/libpebble.a(tmp3iK9SBpebble.o)
                0x00002520                graphics_draw_bitmap_in_rect
 .text.graphics_fill_rect
                0x0000252c        0xc /home/jacko/pebble-dev/PebbleSDK/Pebble/basalt/lib/libpebble.a(tmp3iK9SBpebble.o)
                0x0000252c                graphics_fill_rect
 .text.layer_add_child
                0x00002538        0xc /home/jacko/pebble-dev/PebbleSDK/Pebble/basalt/lib/libpebble.a(tmp3iK9SBpebble.o)
                0x00002538                layer_add_child
 .text.layer_create
                0x00002544        0xc /home/jacko/pebble-dev/PebbleSDK/Pebble/basalt/lib/libpebble.a(tmp3iK9SBpebble.o)
                0x00002544                layer_create
 .text.layer_destroy
                0x00002550        0xc /home/jacko/pebble-dev/PebbleSDK/Pebble/basalt/lib/libpebble.a(tmp3iK9SBpebble.o)
                0x00002550                layer_destroy
 .text.layer_get_bounds
                0x0000255c        0xc /home/jacko/pebble-dev/PebbleSDK/Pebble/basalt/lib/libpebble.a(tmp3iK9SBpebble.o)
                0x0000255c                layer_get_bounds
 .text.layer_get_frame
                0x00002568        0xc /home/jacko/pebble-dev/PebbleSDK/Pebble/basalt/lib/libpebble.a(tmp3iK9SBpebble.o)
                0x00002568                layer_get_frame
 .text.layer_mark_dirty
                0x00002574        0xc /home/jacko/pebble-dev/PebbleSDK/Pebble/basalt/lib/libpebble.a(tmp3iK9SBpebble.o)
                0x00002574                layer_mark_dirty
 .text.layer_set_bounds
                0x00002580        0xc /home/jacko/pebble-dev/PebbleSDK/Pebble/basalt/lib/libpebble.a(tmp3iK9SBpebble.o)
                0x00002580                layer_set_bounds
 .text.layer_set_update_proc
                0x0000258c        0xc /home/jacko/pebble-dev/PebbleSDK/Pebble/basalt/lib/libpebble.a(tmp3iK9SBpebble.o)
                0x0000258c                layer_set_update_proc
 .text.memset   0x00002598        0xc /home/jacko/pebble-dev/PebbleSDK/Pebble/basalt/lib/libpebble.a(tmp3iK9SBpebble.o)
                0x00002598                memset
 .text.persist_exists
                0x000025a4        0xc /home/jacko/pebble-dev/PebbleSDK/Pebble/basalt/lib/libpebble.a(tmp3iK9SBpebble.o)
                0x000025a4                persist_exists
 .text.persist_read_bool
                0x000025b0        0xc /home/jacko/pebble-dev/PebbleSDK/Pebble/basalt/lib/libpebble.a(tmp3iK9SBpebble.o)
                0x000025b0                persist_read_bool
 .text.persist_read_int
                0x000025bc        0xc /home/jacko/pebble-dev/PebbleSDK/Pebble/basalt/lib/libpebble.a(tmp3iK9SBpebble.o)
                0x000025bc                persist_read_int
 .text.persist_write_bool
                0x000025c8        0xc /home/jacko/pebble-dev/PebbleSDK/Pebble/basalt/lib/libpebble.a(tmp3iK9SBpebble.o)
                0x000025c8                persist_write_bool
 .text.persist_write_int
                0x000025d4        0xc /home/jacko/pebble-dev/PebbleSDK/Pebble/basalt/lib/libpebble.a(tmp3iK9SBpebble.o)
                0x000025d4                persist_write_int
 .text.rand     0x000025e0        0xc /home/jacko/pebble-dev/PebbleSDK/Pebble/basalt/lib/libpebble.a(tmp3iK9SBpebble.o)
                0x000025e0                rand
 .text.simple_menu_layer_create
                0x000025ec        0xc /home/jacko/pebble-dev/PebbleSDK/Pebble/basalt/lib/libpebble.a(tmp3iK9SBpebble.o)
                0x000025ec                simple_menu_layer_create
 .text.simple_menu_layer_destroy
                0x000025f8        0xc /home/jacko/pebble-dev/PebbleSDK/Pebble/basalt/lib/libpebble.a(tmp3iK9SBpebble.o)
                0x000025f8                simple_menu_layer_destroy
 .text.simple_menu_layer_get_layer
                0x00002604        0xc /home/jacko/pebble-dev/PebbleSDK/Pebble/basalt/lib/libpebble.a(tmp3iK9SBpebble.o)
                0x00002604                simple_menu_layer_get_layer
 .text.srand    0x00002610        0xc /home/jacko/pebble-dev/PebbleSDK/Pebble/basalt/lib/libpebble.a(tmp3iK9SBpebble.o)
                0x00002610                srand
 .text.tick_timer_service_subscribe
                0x0000261c        0xc /home/jacko/pebble-dev/PebbleSDK/Pebble/basalt/lib/libpebble.a(tmp3iK9SBpebble.o)
                0x0000261c                tick_timer_service_subscribe
 .text.window_create
                0x00002628        0xc /home/jacko/pebble-dev/PebbleSDK/Pebble/basalt/lib/libpebble.a(tmp3iK9SBpebble.o)
                0x00002628                window_create
 .text.window_destroy
                0x00002634        0xc /home/jacko/pebble-dev/PebbleSDK/Pebble/basalt/lib/libpebble.a(tmp3iK9SBpebble.o)
                0x00002634                window_destroy
 .text.window_get_root_layer
                0x00002640        0xc /home/jacko/pebble-dev/PebbleSDK/Pebble/basalt/lib/libpebble.a(tmp3iK9SBpebble.o)
                0x00002640                window_get_root_layer
 .text.window_set_click_config_provider
                0x0000264c        0xc /home/jacko/pebble-dev/PebbleSDK/Pebble/basalt/lib/libpebble.a(tmp3iK9SBpebble.o)
                0x0000264c                window_set_click_config_provider
 .text.window_set_window_handlers
                0x00002658        0xc /home/jacko/pebble-dev/PebbleSDK/Pebble/basalt/lib/libpebble.a(tmp3iK9SBpebble.o)
                0x00002658                window_set_window_handlers
 .text.window_stack_push
                0x00002664        0xc /home/jacko/pebble-dev/PebbleSDK/Pebble/basalt/lib/libpebble.a(tmp3iK9SBpebble.o)
                0x00002664                window_stack_push
 .text.window_long_click_subscribe
                0x00002670        0xc /home/jacko/pebble-dev/PebbleSDK/Pebble/basalt/lib/libpebble.a(tmp3iK9SBpebble.o)
                0x00002670                window_long_click_subscribe
 .text.window_single_click_subscribe
                0x0000267c        0xc /home/jacko/pebble-dev/PebbleSDK/Pebble/basalt/lib/libpebble.a(tmp3iK9SBpebble.o)
                0x0000267c                window_single_click_subscribe
 .text.persist_read_data
                0x00002688        0xc /home/jacko/pebble-dev/PebbleSDK/Pebble/basalt/lib/libpebble.a(tmp3iK9SBpebble.o)
                0x00002688                persist_read_data
 .text.persist_write_data
                0x00002694        0xc /home/jacko/pebble-dev/PebbleSDK/Pebble/basalt/lib/libpebble.a(tmp3iK9SBpebble.o)
                0x00002694                persist_write_data
 .text.graphics_context_set_fill_color
                0x000026a0        0xc /home/jacko/pebble-dev/PebbleSDK/Pebble/basalt/lib/libpebble.a(tmp3iK9SBpebble.o)
                0x000026a0                graphics_context_set_fill_color
 .text.localtime
                0x000026ac        0xc /home/jacko/pebble-dev/PebbleSDK/Pebble/basalt/lib/libpebble.a(tmp3iK9SBpebble.o)
                0x000026ac                localtime
 .text.time     0x000026b8        0xc /home/jacko/pebble-dev/PebbleSDK/Pebble/basalt/lib/libpebble.a(tmp3iK9SBpebble.o)
                0x000026b8                time
 *(.rodata)
 .rodata        0x000026c4       0x18 src/robomaze.c.23.o
 *(.rodata*)
 .rodata.delays
                0x000026dc        0x7 src/clock.c.23.o
 .rodata.days   0x000026e3       0x39 src/clock.c.23.o
 .rodata.pics   0x0000271c       0x42 src/clock.c.23.o
 .rodata.keys   0x0000275e        0x7 src/clock.c.23.o
 .rodata.dxy    0x00002765        0x4 src/game.c.23.o
 .rodata.str1.1
                0x00002769       0xb4 src/robomaze.c.23.o
                                 0xc1 (size before relaxing)

.glue_7         0x00002820        0x0
 .glue_7        0x00000000        0x0 linker stubs

.glue_7t        0x00002820        0x0
 .glue_7t       0x00000000        0x0 linker stubs

.vfp11_veneer   0x00002820        0x0
 .vfp11_veneer  0x00000000        0x0 linker stubs

.v4_bx          0x00002820        0x0
 .v4_bx         0x00000000        0x0 linker stubs

.iplt           0x00002820        0x0
 .iplt          0x00000000        0x0 /home/jacko/pebble-dev/PebbleSDK/arm-cs-tools/bin/../lib/gcc/arm-none-eabi/4.7.3/thumb2/crtbegin.o

.rel.dyn        0x00002820        0x0
 .rel.iplt      0x00000000        0x0 /home/jacko/pebble-dev/PebbleSDK/arm-cs-tools/bin/../lib/gcc/arm-none-eabi/4.7.3/thumb2/crtbegin.o
 .rel.got       0x00000000        0x0 /home/jacko/pebble-dev/PebbleSDK/arm-cs-tools/bin/../lib/gcc/arm-none-eabi/4.7.3/thumb2/crtbegin.o

.data           0x00002820       0x40
 *(.data)
 .data          0x00002820        0x0 /home/jacko/pebble-dev/PebbleSDK/arm-cs-tools/bin/../lib/gcc/arm-none-eabi/4.7.3/thumb2/crti.o
 .data          0x00002820        0x4 /home/jacko/pebble-dev/PebbleSDK/arm-cs-tools/bin/../lib/gcc/arm-none-eabi/4.7.3/thumb2/crtbegin.o
                0x00002820                __dso_handle
 .data          0x00002824        0x0 src/basik.c.23.o
 .data          0x00002824        0x0 src/clock.c.23.o
 .data          0x00002824        0x0 src/game.c.23.o
 .data          0x00002824        0xc src/robomaze.c.23.o
 .data          0x00002830        0x0 basalt/appinfo.auto.c.23.o
 .data          0x00002830        0x0 /home/jacko/pebble-dev/PebbleSDK/Pebble/basalt/lib/libpebble.a(tmp3iK9SBpebble.o)
 .data          0x00002830        0x0 /home/jacko/pebble-dev/PebbleSDK/arm-cs-tools/bin/../lib/gcc/arm-none-eabi/4.7.3/thumb2/libgcc.a(_arm_addsubdf3.o)
 .data          0x00002830        0x0 /home/jacko/pebble-dev/PebbleSDK/arm-cs-tools/bin/../lib/gcc/arm-none-eabi/4.7.3/thumb2/libgcc.a(_arm_muldivdf3.o)
 .data          0x00002830        0x0 /home/jacko/pebble-dev/PebbleSDK/arm-cs-tools/bin/../lib/gcc/arm-none-eabi/4.7.3/thumb2/libgcc.a(_arm_cmpdf2.o)
 .data          0x00002830        0x0 /home/jacko/pebble-dev/PebbleSDK/arm-cs-tools/bin/../lib/gcc/arm-none-eabi/4.7.3/thumb2/libgcc.a(_arm_fixdfsi.o)
 .data          0x00002830        0x0 /home/jacko/pebble-dev/PebbleSDK/arm-cs-tools/bin/../lib/gcc/arm-none-eabi/4.7.3/thumb2/crtend.o
 .data          0x00002830        0x0 /home/jacko/pebble-dev/PebbleSDK/arm-cs-tools/bin/../lib/gcc/arm-none-eabi/4.7.3/thumb2/crtn.o
 *(.data.*)
 .data.rel.local.state
                0x00002830        0x4 src/game.c.23.o
 .data.rel.local.oldstate
                0x00002834        0x4 src/game.c.23.o
 .data.rel.ro.local.fn
                0x00002838       0x28 src/game.c.23.o

.igot.plt       0x00002860        0x0
 .igot.plt      0x00000000        0x0 /home/jacko/pebble-dev/PebbleSDK/arm-cs-tools/bin/../lib/gcc/arm-none-eabi/4.7.3/thumb2/crtbegin.o

.got            0x00002860       0x24
 .got           0x00002860       0x24 /home/jacko/pebble-dev/PebbleSDK/arm-cs-tools/bin/../lib/gcc/arm-none-eabi/4.7.3/thumb2/crtbegin.o

.got.plt        0x00002884        0xc
 .got.plt       0x00002884        0xc /home/jacko/pebble-dev/PebbleSDK/arm-cs-tools/bin/../lib/gcc/arm-none-eabi/4.7.3/thumb2/crtbegin.o
                0x00002884                _GLOBAL_OFFSET_TABLE_

.bss            0x00002890      0x917
 *(.bss)
 *(.bss.*)
 .bss.value     0x00002890        0x8 src/basik.c.23.o
                0x00002890                value
 .bss.reg       0x00002898       0x30 src/clock.c.23.o
 .bss.clickback
                0x000028c8        0x1 src/clock.c.23.o
 *fill*         0x000028c9        0x1 
 .bss.sw_butt   0x000028ca        0x2 src/clock.c.23.o
 .bss.dp        0x000028cc        0x1 src/clock.c.23.o
 .bss.button_sec
                0x000028cd        0x1 src/clock.c.23.o
 .bss.mode      0x000028ce        0x1 src/clock.c.23.o
 *fill*         0x000028cf        0x1 
 .bss.lap       0x000028d0       0x30 src/clock.c.23.o
 .bss.pause     0x00002900        0x1 src/game.c.23.o
                0x00002900                pause
 *fill*         0x00002901        0x1 
 .bss.chaf      0x00002902       0x20 src/game.c.23.o
 .bss.success   0x00002922        0x1 src/game.c.23.o
 *fill*         0x00002923        0x1 
 .bss.countdown
                0x00002924        0x4 src/game.c.23.o
 .bss.compact   0x00002928       0x3e src/game.c.23.o
 *fill*         0x00002966        0x2 
 .bss.layer     0x00002968        0x4 src/robomaze.c.23.o
 .bss.s_menu_sections
                0x0000296c       0x18 src/robomaze.c.23.o
 .bss.char_gfx  0x00002984       0xc0 src/robomaze.c.23.o
 .bss.map       0x00002a44        0x4 src/robomaze.c.23.o
 .bss.s_second_menu_items
                0x00002a48       0x10 src/robomaze.c.23.o
 .bss.seconds   0x00002a58        0x4 src/robomaze.c.23.o
                0x00002a58                seconds
 .bss.s_simple_menu_layer
                0x00002a5c        0x4 src/robomaze.c.23.o
 .bss.s_special_flag
                0x00002a60        0x1 src/robomaze.c.23.o
 *fill*         0x00002a61        0x3 
 .bss.s_menu_icon_image
                0x00002a64        0x4 src/robomaze.c.23.o
 .bss.s_menu_window
                0x00002a68        0x4 src/robomaze.c.23.o
 .bss.s_first_menu_items
                0x00002a6c       0x30 src/robomaze.c.23.o
 .bss.maze_gfx  0x00002a9c       0x7c src/robomaze.c.23.o
 .bss.s_main_window
                0x00002b18        0x4 src/robomaze.c.23.o
 .bss.s_hit_count
                0x00002b1c        0x4 src/robomaze.c.23.o
 COMMON         0x00002b20       0x11 src/game.c.23.o
                0x00002b20                direction
                0x00002b24                score
                0x00002b28                level
                0x00002b2c                hiscore
                0x00002b30                gAB
 COMMON         0x00002b31      0x676 src/robomaze.c.23.o
                0x00002b31                maze
                0x00002f66                con

DISCARD
 libc.a(*)
 libm.a(*)
 libgcc.a(*)
 *(.eh_frame)
OUTPUT(/home/jacko/pebble-dev/examples/watchapps/RoboMaze/build/basalt/pebble-app.elf elf32-littlearm)

.ARM.attributes
                0x00000000       0x27
 .ARM.attributes
                0x00000000       0x19 /home/jacko/pebble-dev/PebbleSDK/arm-cs-tools/bin/../lib/gcc/arm-none-eabi/4.7.3/thumb2/crti.o
 .ARM.attributes
                0x00000019       0x29 /home/jacko/pebble-dev/PebbleSDK/arm-cs-tools/bin/../lib/gcc/arm-none-eabi/4.7.3/thumb2/crtbegin.o
 .ARM.attributes
                0x00000042       0x33 src/basik.c.23.o
 .ARM.attributes
                0x00000075       0x33 src/clock.c.23.o
 .ARM.attributes
                0x000000a8       0x33 src/game.c.23.o
 .ARM.attributes
                0x000000db       0x33 src/robomaze.c.23.o
 .ARM.attributes
                0x0000010e       0x33 basalt/appinfo.auto.c.23.o
 .ARM.attributes
                0x00000141       0x21 /home/jacko/pebble-dev/PebbleSDK/Pebble/basalt/lib/libpebble.a(tmp3iK9SBpebble.o)
 .ARM.attributes
                0x00000162       0x19 /home/jacko/pebble-dev/PebbleSDK/arm-cs-tools/bin/../lib/gcc/arm-none-eabi/4.7.3/thumb2/libgcc.a(_arm_addsubdf3.o)
 .ARM.attributes
                0x0000017b       0x19 /home/jacko/pebble-dev/PebbleSDK/arm-cs-tools/bin/../lib/gcc/arm-none-eabi/4.7.3/thumb2/libgcc.a(_arm_muldivdf3.o)
 .ARM.attributes
                0x00000194       0x19 /home/jacko/pebble-dev/PebbleSDK/arm-cs-tools/bin/../lib/gcc/arm-none-eabi/4.7.3/thumb2/libgcc.a(_arm_cmpdf2.o)
 .ARM.attributes
                0x000001ad       0x19 /home/jacko/pebble-dev/PebbleSDK/arm-cs-tools/bin/../lib/gcc/arm-none-eabi/4.7.3/thumb2/libgcc.a(_arm_fixdfsi.o)
 .ARM.attributes
                0x000001c6       0x29 /home/jacko/pebble-dev/PebbleSDK/arm-cs-tools/bin/../lib/gcc/arm-none-eabi/4.7.3/thumb2/crtend.o
 .ARM.attributes
                0x000001ef       0x19 /home/jacko/pebble-dev/PebbleSDK/arm-cs-tools/bin/../lib/gcc/arm-none-eabi/4.7.3/thumb2/crtn.o

.comment        0x00000000       0x4e
 .comment       0x00000000       0x4e /home/jacko/pebble-dev/PebbleSDK/arm-cs-tools/bin/../lib/gcc/arm-none-eabi/4.7.3/thumb2/crtbegin.o
                                 0x4f (size before relaxing)
 .comment       0x00000000       0x4f src/basik.c.23.o
 .comment       0x00000000       0x4f src/clock.c.23.o
 .comment       0x00000000       0x4f src/game.c.23.o
 .comment       0x00000000       0x4f src/robomaze.c.23.o
 .comment       0x00000000       0x4f basalt/appinfo.auto.c.23.o
 .comment       0x00000000       0x4f /home/jacko/pebble-dev/PebbleSDK/arm-cs-tools/bin/../lib/gcc/arm-none-eabi/4.7.3/thumb2/crtend.o

.debug_info     0x00000000     0x3cd9
 .debug_info    0x00000000      0x14b src/basik.c.23.o
 .debug_info    0x0000014b      0xe4d src/clock.c.23.o
 .debug_info    0x00000f98      0xe6c src/game.c.23.o
 .debug_info    0x00001e04     0x18f1 src/robomaze.c.23.o
 .debug_info    0x000036f5      0x314 basalt/appinfo.auto.c.23.o
 .debug_info    0x00003a09       0xb4 /home/jacko/pebble-dev/PebbleSDK/arm-cs-tools/bin/../lib/gcc/arm-none-eabi/4.7.3/thumb2/libgcc.a(_arm_addsubdf3.o)
 .debug_info    0x00003abd       0xb4 /home/jacko/pebble-dev/PebbleSDK/arm-cs-tools/bin/../lib/gcc/arm-none-eabi/4.7.3/thumb2/libgcc.a(_arm_muldivdf3.o)
 .debug_info    0x00003b71       0xb4 /home/jacko/pebble-dev/PebbleSDK/arm-cs-tools/bin/../lib/gcc/arm-none-eabi/4.7.3/thumb2/libgcc.a(_arm_cmpdf2.o)
 .debug_info    0x00003c25       0xb4 /home/jacko/pebble-dev/PebbleSDK/arm-cs-tools/bin/../lib/gcc/arm-none-eabi/4.7.3/thumb2/libgcc.a(_arm_fixdfsi.o)

.debug_abbrev   0x00000000      0xd3d
 .debug_abbrev  0x00000000       0xbf src/basik.c.23.o
 .debug_abbrev  0x000000bf      0x399 src/clock.c.23.o
 .debug_abbrev  0x00000458      0x35d src/game.c.23.o
 .debug_abbrev  0x000007b5      0x49a src/robomaze.c.23.o
 .debug_abbrev  0x00000c4f       0x9e basalt/appinfo.auto.c.23.o
 .debug_abbrev  0x00000ced       0x14 /home/jacko/pebble-dev/PebbleSDK/arm-cs-tools/bin/../lib/gcc/arm-none-eabi/4.7.3/thumb2/libgcc.a(_arm_addsubdf3.o)
 .debug_abbrev  0x00000d01       0x14 /home/jacko/pebble-dev/PebbleSDK/arm-cs-tools/bin/../lib/gcc/arm-none-eabi/4.7.3/thumb2/libgcc.a(_arm_muldivdf3.o)
 .debug_abbrev  0x00000d15       0x14 /home/jacko/pebble-dev/PebbleSDK/arm-cs-tools/bin/../lib/gcc/arm-none-eabi/4.7.3/thumb2/libgcc.a(_arm_cmpdf2.o)
 .debug_abbrev  0x00000d29       0x14 /home/jacko/pebble-dev/PebbleSDK/arm-cs-tools/bin/../lib/gcc/arm-none-eabi/4.7.3/thumb2/libgcc.a(_arm_fixdfsi.o)

.debug_aranges  0x00000000      0x2a8
 .debug_aranges
                0x00000000       0x38 src/basik.c.23.o
 .debug_aranges
                0x00000038       0x80 src/clock.c.23.o
 .debug_aranges
                0x000000b8       0xb8 src/game.c.23.o
 .debug_aranges
                0x00000170       0xa0 src/robomaze.c.23.o
 .debug_aranges
                0x00000210       0x18 basalt/appinfo.auto.c.23.o
 .debug_aranges
                0x00000228       0x20 /home/jacko/pebble-dev/PebbleSDK/arm-cs-tools/bin/../lib/gcc/arm-none-eabi/4.7.3/thumb2/libgcc.a(_arm_addsubdf3.o)
 .debug_aranges
                0x00000248       0x20 /home/jacko/pebble-dev/PebbleSDK/arm-cs-tools/bin/../lib/gcc/arm-none-eabi/4.7.3/thumb2/libgcc.a(_arm_muldivdf3.o)
 .debug_aranges
                0x00000268       0x20 /home/jacko/pebble-dev/PebbleSDK/arm-cs-tools/bin/../lib/gcc/arm-none-eabi/4.7.3/thumb2/libgcc.a(_arm_cmpdf2.o)
 .debug_aranges
                0x00000288       0x20 /home/jacko/pebble-dev/PebbleSDK/arm-cs-tools/bin/../lib/gcc/arm-none-eabi/4.7.3/thumb2/libgcc.a(_arm_fixdfsi.o)

.debug_ranges   0x00000000      0x8a8
 .debug_ranges  0x00000000       0x28 src/basik.c.23.o
 .debug_ranges  0x00000028      0x110 src/clock.c.23.o
 .debug_ranges  0x00000138      0x410 src/game.c.23.o
 .debug_ranges  0x00000548      0x360 src/robomaze.c.23.o

.debug_line     0x00000000     0x1575
 .debug_line    0x00000000       0xae src/basik.c.23.o
 .debug_line    0x000000ae      0x468 src/clock.c.23.o
 .debug_line    0x00000516      0x4e9 src/game.c.23.o
 .debug_line    0x000009ff      0x48d src/robomaze.c.23.o
 .debug_line    0x00000e8c      0x127 basalt/appinfo.auto.c.23.o
 .debug_line    0x00000fb3      0x20a /home/jacko/pebble-dev/PebbleSDK/arm-cs-tools/bin/../lib/gcc/arm-none-eabi/4.7.3/thumb2/libgcc.a(_arm_addsubdf3.o)
 .debug_line    0x000011bd      0x226 /home/jacko/pebble-dev/PebbleSDK/arm-cs-tools/bin/../lib/gcc/arm-none-eabi/4.7.3/thumb2/libgcc.a(_arm_muldivdf3.o)
 .debug_line    0x000013e3      0x10c /home/jacko/pebble-dev/PebbleSDK/arm-cs-tools/bin/../lib/gcc/arm-none-eabi/4.7.3/thumb2/libgcc.a(_arm_cmpdf2.o)
 .debug_line    0x000014ef       0x86 /home/jacko/pebble-dev/PebbleSDK/arm-cs-tools/bin/../lib/gcc/arm-none-eabi/4.7.3/thumb2/libgcc.a(_arm_fixdfsi.o)

.debug_str      0x00000000      0xcc8
 .debug_str     0x00000000      0x14b src/basik.c.23.o
                                0x184 (size before relaxing)
 .debug_str     0x0000014b      0x202 src/clock.c.23.o
                                0x37c (size before relaxing)
 .debug_str     0x0000034d      0x13c src/game.c.23.o
                                0x355 (size before relaxing)
 .debug_str     0x00000489      0x6d4 src/robomaze.c.23.o
                                0x9a1 (size before relaxing)
 .debug_str     0x00000b5d      0x16b basalt/appinfo.auto.c.23.o
                                0x2c5 (size before relaxing)

.debug_frame    0x00000000      0x610
 .debug_frame   0x00000000       0x50 src/basik.c.23.o
 .debug_frame   0x00000050      0x1b8 src/clock.c.23.o
 .debug_frame   0x00000208      0x238 src/game.c.23.o
 .debug_frame   0x00000440      0x1d0 src/robomaze.c.23.o

.debug_loc      0x00000000     0x16f2
 .debug_loc     0x00000000      0x89d src/clock.c.23.o
 .debug_loc     0x0000089d      0x5f2 src/game.c.23.o
 .debug_loc     0x00000e8f      0x863 src/robomaze.c.23.o
