Archive member included because of file (symbol)

/home/jacko/pebble-dev/PebbleSDK/Pebble/aplite/lib/libpebble.a(tmpQA9vUTpebble.o)
                              src/robomaze.c.24.o (app_event_loop)

Allocating common symbols
Common symbol       size              file

maze                0x435             src/robomaze.c.24.o
con                 0x241             src/robomaze.c.24.o

Discarded input sections

 .text          0x00000000        0x0 /home/jacko/pebble-dev/PebbleSDK/arm-cs-tools/bin/../lib/gcc/arm-none-eabi/4.7.3/thumb2/crti.o
 .bss           0x00000000        0x0 /home/jacko/pebble-dev/PebbleSDK/arm-cs-tools/bin/../lib/gcc/arm-none-eabi/4.7.3/thumb2/crti.o
 .init          0x00000000        0x4 /home/jacko/pebble-dev/PebbleSDK/arm-cs-tools/bin/../lib/gcc/arm-none-eabi/4.7.3/thumb2/crti.o
 .fini          0x00000000        0x4 /home/jacko/pebble-dev/PebbleSDK/arm-cs-tools/bin/../lib/gcc/arm-none-eabi/4.7.3/thumb2/crti.o
 .text          0x00000000       0xc8 /home/jacko/pebble-dev/PebbleSDK/arm-cs-tools/bin/../lib/gcc/arm-none-eabi/4.7.3/thumb2/crtbegin.o
 .bss           0x00000000       0x1c /home/jacko/pebble-dev/PebbleSDK/arm-cs-tools/bin/../lib/gcc/arm-none-eabi/4.7.3/thumb2/crtbegin.o
 .init_array    0x00000000        0x4 /home/jacko/pebble-dev/PebbleSDK/arm-cs-tools/bin/../lib/gcc/arm-none-eabi/4.7.3/thumb2/crtbegin.o
 .fini_array    0x00000000        0x4 /home/jacko/pebble-dev/PebbleSDK/arm-cs-tools/bin/../lib/gcc/arm-none-eabi/4.7.3/thumb2/crtbegin.o
 .eh_frame      0x00000000        0x0 /home/jacko/pebble-dev/PebbleSDK/arm-cs-tools/bin/../lib/gcc/arm-none-eabi/4.7.3/thumb2/crtbegin.o
 .jcr           0x00000000        0x0 /home/jacko/pebble-dev/PebbleSDK/arm-cs-tools/bin/../lib/gcc/arm-none-eabi/4.7.3/thumb2/crtbegin.o
 .tm_clone_table
                0x00000000        0x0 /home/jacko/pebble-dev/PebbleSDK/arm-cs-tools/bin/../lib/gcc/arm-none-eabi/4.7.3/thumb2/crtbegin.o
 .text          0x00000000        0x0 src/basik.c.24.o
 .bss           0x00000000        0x0 src/basik.c.24.o
 .bss.value     0x00000000        0x8 src/basik.c.24.o
 .text          0x00000000        0x0 src/clock.c.24.o
 .bss           0x00000000        0x0 src/clock.c.24.o
 .text          0x00000000        0x0 src/game.c.24.o
 .bss           0x00000000        0x0 src/game.c.24.o
 .bss.score     0x00000000        0x4 src/game.c.24.o
 .text          0x00000000        0x0 src/robomaze.c.24.o
 .bss           0x00000000        0x0 src/robomaze.c.24.o
 .text          0x00000000        0x0 aplite/appinfo.auto.c.24.o
 .bss           0x00000000        0x0 aplite/appinfo.auto.c.24.o
 .bss           0x00000000        0x0 /home/jacko/pebble-dev/PebbleSDK/Pebble/aplite/lib/libpebble.a(tmpQA9vUTpebble.o)
 .text.accel_data_service_subscribe__deprecated
                0x00000000        0xc /home/jacko/pebble-dev/PebbleSDK/Pebble/aplite/lib/libpebble.a(tmpQA9vUTpebble.o)
 .text.accel_data_service_unsubscribe
                0x00000000        0xc /home/jacko/pebble-dev/PebbleSDK/Pebble/aplite/lib/libpebble.a(tmpQA9vUTpebble.o)
 .text.accel_service_peek
                0x00000000        0xc /home/jacko/pebble-dev/PebbleSDK/Pebble/aplite/lib/libpebble.a(tmpQA9vUTpebble.o)
 .text.accel_service_set_samples_per_update
                0x00000000        0xc /home/jacko/pebble-dev/PebbleSDK/Pebble/aplite/lib/libpebble.a(tmpQA9vUTpebble.o)
 .text.accel_service_set_sampling_rate
                0x00000000        0xc /home/jacko/pebble-dev/PebbleSDK/Pebble/aplite/lib/libpebble.a(tmpQA9vUTpebble.o)
 .text.accel_tap_service_subscribe
                0x00000000        0xc /home/jacko/pebble-dev/PebbleSDK/Pebble/aplite/lib/libpebble.a(tmpQA9vUTpebble.o)
 .text.accel_tap_service_unsubscribe
                0x00000000        0xc /home/jacko/pebble-dev/PebbleSDK/Pebble/aplite/lib/libpebble.a(tmpQA9vUTpebble.o)
 .text.action_bar_layer_add_to_window
                0x00000000        0xc /home/jacko/pebble-dev/PebbleSDK/Pebble/aplite/lib/libpebble.a(tmpQA9vUTpebble.o)
 .text.action_bar_layer_clear_icon
                0x00000000        0xc /home/jacko/pebble-dev/PebbleSDK/Pebble/aplite/lib/libpebble.a(tmpQA9vUTpebble.o)
 .text.action_bar_layer_create
                0x00000000        0xc /home/jacko/pebble-dev/PebbleSDK/Pebble/aplite/lib/libpebble.a(tmpQA9vUTpebble.o)
 .text.action_bar_layer_destroy
                0x00000000        0xc /home/jacko/pebble-dev/PebbleSDK/Pebble/aplite/lib/libpebble.a(tmpQA9vUTpebble.o)
 .text.action_bar_layer_get_layer
                0x00000000        0xc /home/jacko/pebble-dev/PebbleSDK/Pebble/aplite/lib/libpebble.a(tmpQA9vUTpebble.o)
 .text.action_bar_layer_remove_from_window
                0x00000000        0xc /home/jacko/pebble-dev/PebbleSDK/Pebble/aplite/lib/libpebble.a(tmpQA9vUTpebble.o)
 .text.action_bar_layer_set_background_color
                0x00000000        0xc /home/jacko/pebble-dev/PebbleSDK/Pebble/aplite/lib/libpebble.a(tmpQA9vUTpebble.o)
 .text.action_bar_layer_set_click_config_provider
                0x00000000        0xc /home/jacko/pebble-dev/PebbleSDK/Pebble/aplite/lib/libpebble.a(tmpQA9vUTpebble.o)
 .text.action_bar_layer_set_context
                0x00000000        0xc /home/jacko/pebble-dev/PebbleSDK/Pebble/aplite/lib/libpebble.a(tmpQA9vUTpebble.o)
 .text.action_bar_layer_set_icon
                0x00000000        0xc /home/jacko/pebble-dev/PebbleSDK/Pebble/aplite/lib/libpebble.a(tmpQA9vUTpebble.o)
 .text.animation_create
                0x00000000        0xc /home/jacko/pebble-dev/PebbleSDK/Pebble/aplite/lib/libpebble.a(tmpQA9vUTpebble.o)
 .text.animation_destroy
                0x00000000        0xc /home/jacko/pebble-dev/PebbleSDK/Pebble/aplite/lib/libpebble.a(tmpQA9vUTpebble.o)
 .text.animation_get_context
                0x00000000        0xc /home/jacko/pebble-dev/PebbleSDK/Pebble/aplite/lib/libpebble.a(tmpQA9vUTpebble.o)
 .text.animation_is_scheduled
                0x00000000        0xc /home/jacko/pebble-dev/PebbleSDK/Pebble/aplite/lib/libpebble.a(tmpQA9vUTpebble.o)
 .text.animation_schedule
                0x00000000        0xc /home/jacko/pebble-dev/PebbleSDK/Pebble/aplite/lib/libpebble.a(tmpQA9vUTpebble.o)
 .text.animation_set_curve
                0x00000000        0xc /home/jacko/pebble-dev/PebbleSDK/Pebble/aplite/lib/libpebble.a(tmpQA9vUTpebble.o)
 .text.animation_set_delay
                0x00000000        0xc /home/jacko/pebble-dev/PebbleSDK/Pebble/aplite/lib/libpebble.a(tmpQA9vUTpebble.o)
 .text.animation_set_duration
                0x00000000        0xc /home/jacko/pebble-dev/PebbleSDK/Pebble/aplite/lib/libpebble.a(tmpQA9vUTpebble.o)
 .text.animation_set_handlers
                0x00000000        0xc /home/jacko/pebble-dev/PebbleSDK/Pebble/aplite/lib/libpebble.a(tmpQA9vUTpebble.o)
 .text.animation_set_implementation
                0x00000000        0xc /home/jacko/pebble-dev/PebbleSDK/Pebble/aplite/lib/libpebble.a(tmpQA9vUTpebble.o)
 .text.animation_unschedule
                0x00000000        0xc /home/jacko/pebble-dev/PebbleSDK/Pebble/aplite/lib/libpebble.a(tmpQA9vUTpebble.o)
 .text.animation_unschedule_all
                0x00000000        0xc /home/jacko/pebble-dev/PebbleSDK/Pebble/aplite/lib/libpebble.a(tmpQA9vUTpebble.o)
 .text.app_comm_get_sniff_interval
                0x00000000        0xc /home/jacko/pebble-dev/PebbleSDK/Pebble/aplite/lib/libpebble.a(tmpQA9vUTpebble.o)
 .text.app_comm_set_sniff_interval
                0x00000000        0xc /home/jacko/pebble-dev/PebbleSDK/Pebble/aplite/lib/libpebble.a(tmpQA9vUTpebble.o)
 .text.app_log  0x00000000        0xc /home/jacko/pebble-dev/PebbleSDK/Pebble/aplite/lib/libpebble.a(tmpQA9vUTpebble.o)
 .text.app_message_deregister_callbacks
                0x00000000        0xc /home/jacko/pebble-dev/PebbleSDK/Pebble/aplite/lib/libpebble.a(tmpQA9vUTpebble.o)
 .text.app_message_open
                0x00000000        0xc /home/jacko/pebble-dev/PebbleSDK/Pebble/aplite/lib/libpebble.a(tmpQA9vUTpebble.o)
 .text.app_sync_deinit
                0x00000000        0xc /home/jacko/pebble-dev/PebbleSDK/Pebble/aplite/lib/libpebble.a(tmpQA9vUTpebble.o)
 .text.app_sync_get
                0x00000000        0xc /home/jacko/pebble-dev/PebbleSDK/Pebble/aplite/lib/libpebble.a(tmpQA9vUTpebble.o)
 .text.app_sync_init
                0x00000000        0xc /home/jacko/pebble-dev/PebbleSDK/Pebble/aplite/lib/libpebble.a(tmpQA9vUTpebble.o)
 .text.app_sync_set
                0x00000000        0xc /home/jacko/pebble-dev/PebbleSDK/Pebble/aplite/lib/libpebble.a(tmpQA9vUTpebble.o)
 .text.app_timer_cancel
                0x00000000        0xc /home/jacko/pebble-dev/PebbleSDK/Pebble/aplite/lib/libpebble.a(tmpQA9vUTpebble.o)
 .text.app_timer_register
                0x00000000        0xc /home/jacko/pebble-dev/PebbleSDK/Pebble/aplite/lib/libpebble.a(tmpQA9vUTpebble.o)
 .text.app_timer_reschedule
                0x00000000        0xc /home/jacko/pebble-dev/PebbleSDK/Pebble/aplite/lib/libpebble.a(tmpQA9vUTpebble.o)
 .text.atan2_lookup
                0x00000000        0xc /home/jacko/pebble-dev/PebbleSDK/Pebble/aplite/lib/libpebble.a(tmpQA9vUTpebble.o)
 .text.atoi     0x00000000        0xc /home/jacko/pebble-dev/PebbleSDK/Pebble/aplite/lib/libpebble.a(tmpQA9vUTpebble.o)
 .text.atol     0x00000000        0xc /home/jacko/pebble-dev/PebbleSDK/Pebble/aplite/lib/libpebble.a(tmpQA9vUTpebble.o)
 .text.battery_state_service_peek
                0x00000000        0xc /home/jacko/pebble-dev/PebbleSDK/Pebble/aplite/lib/libpebble.a(tmpQA9vUTpebble.o)
 .text.battery_state_service_subscribe
                0x00000000        0xc /home/jacko/pebble-dev/PebbleSDK/Pebble/aplite/lib/libpebble.a(tmpQA9vUTpebble.o)
 .text.battery_state_service_unsubscribe
                0x00000000        0xc /home/jacko/pebble-dev/PebbleSDK/Pebble/aplite/lib/libpebble.a(tmpQA9vUTpebble.o)
 .text.bitmap_layer_create
                0x00000000        0xc /home/jacko/pebble-dev/PebbleSDK/Pebble/aplite/lib/libpebble.a(tmpQA9vUTpebble.o)
 .text.bitmap_layer_destroy
                0x00000000        0xc /home/jacko/pebble-dev/PebbleSDK/Pebble/aplite/lib/libpebble.a(tmpQA9vUTpebble.o)
 .text.bitmap_layer_get_layer
                0x00000000        0xc /home/jacko/pebble-dev/PebbleSDK/Pebble/aplite/lib/libpebble.a(tmpQA9vUTpebble.o)
 .text.bitmap_layer_set_alignment
                0x00000000        0xc /home/jacko/pebble-dev/PebbleSDK/Pebble/aplite/lib/libpebble.a(tmpQA9vUTpebble.o)
 .text.bitmap_layer_set_background_color
                0x00000000        0xc /home/jacko/pebble-dev/PebbleSDK/Pebble/aplite/lib/libpebble.a(tmpQA9vUTpebble.o)
 .text.bitmap_layer_set_bitmap
                0x00000000        0xc /home/jacko/pebble-dev/PebbleSDK/Pebble/aplite/lib/libpebble.a(tmpQA9vUTpebble.o)
 .text.bitmap_layer_set_compositing_mode
                0x00000000        0xc /home/jacko/pebble-dev/PebbleSDK/Pebble/aplite/lib/libpebble.a(tmpQA9vUTpebble.o)
 .text.bluetooth_connection_service_peek
                0x00000000        0xc /home/jacko/pebble-dev/PebbleSDK/Pebble/aplite/lib/libpebble.a(tmpQA9vUTpebble.o)
 .text.bluetooth_connection_service_subscribe
                0x00000000        0xc /home/jacko/pebble-dev/PebbleSDK/Pebble/aplite/lib/libpebble.a(tmpQA9vUTpebble.o)
 .text.bluetooth_connection_service_unsubscribe
                0x00000000        0xc /home/jacko/pebble-dev/PebbleSDK/Pebble/aplite/lib/libpebble.a(tmpQA9vUTpebble.o)
 .text.click_number_of_clicks_counted
                0x00000000        0xc /home/jacko/pebble-dev/PebbleSDK/Pebble/aplite/lib/libpebble.a(tmpQA9vUTpebble.o)
 .text.clock_copy_time_string
                0x00000000        0xc /home/jacko/pebble-dev/PebbleSDK/Pebble/aplite/lib/libpebble.a(tmpQA9vUTpebble.o)
 .text.clock_is_24h_style
                0x00000000        0xc /home/jacko/pebble-dev/PebbleSDK/Pebble/aplite/lib/libpebble.a(tmpQA9vUTpebble.o)
 .text.cos_lookup
                0x00000000        0xc /home/jacko/pebble-dev/PebbleSDK/Pebble/aplite/lib/libpebble.a(tmpQA9vUTpebble.o)
 .text.data_logging_create
                0x00000000        0xc /home/jacko/pebble-dev/PebbleSDK/Pebble/aplite/lib/libpebble.a(tmpQA9vUTpebble.o)
 .text.data_logging_finish
                0x00000000        0xc /home/jacko/pebble-dev/PebbleSDK/Pebble/aplite/lib/libpebble.a(tmpQA9vUTpebble.o)
 .text.data_logging_log
                0x00000000        0xc /home/jacko/pebble-dev/PebbleSDK/Pebble/aplite/lib/libpebble.a(tmpQA9vUTpebble.o)
 .text.dict_calc_buffer_size
                0x00000000        0xc /home/jacko/pebble-dev/PebbleSDK/Pebble/aplite/lib/libpebble.a(tmpQA9vUTpebble.o)
 .text.dict_calc_buffer_size_from_tuplets
                0x00000000        0xc /home/jacko/pebble-dev/PebbleSDK/Pebble/aplite/lib/libpebble.a(tmpQA9vUTpebble.o)
 .text.dict_find
                0x00000000        0xc /home/jacko/pebble-dev/PebbleSDK/Pebble/aplite/lib/libpebble.a(tmpQA9vUTpebble.o)
 .text.dict_merge
                0x00000000        0xc /home/jacko/pebble-dev/PebbleSDK/Pebble/aplite/lib/libpebble.a(tmpQA9vUTpebble.o)
 .text.dict_read_begin_from_buffer
                0x00000000        0xc /home/jacko/pebble-dev/PebbleSDK/Pebble/aplite/lib/libpebble.a(tmpQA9vUTpebble.o)
 .text.dict_read_first
                0x00000000        0xc /home/jacko/pebble-dev/PebbleSDK/Pebble/aplite/lib/libpebble.a(tmpQA9vUTpebble.o)
 .text.dict_read_next
                0x00000000        0xc /home/jacko/pebble-dev/PebbleSDK/Pebble/aplite/lib/libpebble.a(tmpQA9vUTpebble.o)
 .text.dict_serialize_tuplets
                0x00000000        0xc /home/jacko/pebble-dev/PebbleSDK/Pebble/aplite/lib/libpebble.a(tmpQA9vUTpebble.o)
 .text.dict_serialize_tuplets_to_buffer__deprecated
                0x00000000        0xc /home/jacko/pebble-dev/PebbleSDK/Pebble/aplite/lib/libpebble.a(tmpQA9vUTpebble.o)
 .text.dict_serialize_tuplets_to_buffer_with_iter
                0x00000000        0xc /home/jacko/pebble-dev/PebbleSDK/Pebble/aplite/lib/libpebble.a(tmpQA9vUTpebble.o)
 .text.dict_write_begin
                0x00000000        0xc /home/jacko/pebble-dev/PebbleSDK/Pebble/aplite/lib/libpebble.a(tmpQA9vUTpebble.o)
 .text.dict_write_cstring
                0x00000000        0xc /home/jacko/pebble-dev/PebbleSDK/Pebble/aplite/lib/libpebble.a(tmpQA9vUTpebble.o)
 .text.dict_write_data
                0x00000000        0xc /home/jacko/pebble-dev/PebbleSDK/Pebble/aplite/lib/libpebble.a(tmpQA9vUTpebble.o)
 .text.dict_write_end
                0x00000000        0xc /home/jacko/pebble-dev/PebbleSDK/Pebble/aplite/lib/libpebble.a(tmpQA9vUTpebble.o)
 .text.dict_write_int
                0x00000000        0xc /home/jacko/pebble-dev/PebbleSDK/Pebble/aplite/lib/libpebble.a(tmpQA9vUTpebble.o)
 .text.dict_write_int16
                0x00000000        0xc /home/jacko/pebble-dev/PebbleSDK/Pebble/aplite/lib/libpebble.a(tmpQA9vUTpebble.o)
 .text.dict_write_int32
                0x00000000        0xc /home/jacko/pebble-dev/PebbleSDK/Pebble/aplite/lib/libpebble.a(tmpQA9vUTpebble.o)
 .text.dict_write_int8
                0x00000000        0xc /home/jacko/pebble-dev/PebbleSDK/Pebble/aplite/lib/libpebble.a(tmpQA9vUTpebble.o)
 .text.dict_write_tuplet
                0x00000000        0xc /home/jacko/pebble-dev/PebbleSDK/Pebble/aplite/lib/libpebble.a(tmpQA9vUTpebble.o)
 .text.dict_write_uint16
                0x00000000        0xc /home/jacko/pebble-dev/PebbleSDK/Pebble/aplite/lib/libpebble.a(tmpQA9vUTpebble.o)
 .text.dict_write_uint32
                0x00000000        0xc /home/jacko/pebble-dev/PebbleSDK/Pebble/aplite/lib/libpebble.a(tmpQA9vUTpebble.o)
 .text.dict_write_uint8
                0x00000000        0xc /home/jacko/pebble-dev/PebbleSDK/Pebble/aplite/lib/libpebble.a(tmpQA9vUTpebble.o)
 .text.fonts_get_system_font
                0x00000000        0xc /home/jacko/pebble-dev/PebbleSDK/Pebble/aplite/lib/libpebble.a(tmpQA9vUTpebble.o)
 .text.fonts_load_custom_font
                0x00000000        0xc /home/jacko/pebble-dev/PebbleSDK/Pebble/aplite/lib/libpebble.a(tmpQA9vUTpebble.o)
 .text.fonts_unload_custom_font
                0x00000000        0xc /home/jacko/pebble-dev/PebbleSDK/Pebble/aplite/lib/libpebble.a(tmpQA9vUTpebble.o)
 .text.free     0x00000000        0xc /home/jacko/pebble-dev/PebbleSDK/Pebble/aplite/lib/libpebble.a(tmpQA9vUTpebble.o)
 .text.gbitmap_create_with_data
                0x00000000        0xc /home/jacko/pebble-dev/PebbleSDK/Pebble/aplite/lib/libpebble.a(tmpQA9vUTpebble.o)
 .text.gmtime   0x00000000        0xc /home/jacko/pebble-dev/PebbleSDK/Pebble/aplite/lib/libpebble.a(tmpQA9vUTpebble.o)
 .text.gpath_create
                0x00000000        0xc /home/jacko/pebble-dev/PebbleSDK/Pebble/aplite/lib/libpebble.a(tmpQA9vUTpebble.o)
 .text.gpath_destroy
                0x00000000        0xc /home/jacko/pebble-dev/PebbleSDK/Pebble/aplite/lib/libpebble.a(tmpQA9vUTpebble.o)
 .text.gpath_draw_filled_legacy
                0x00000000        0xc /home/jacko/pebble-dev/PebbleSDK/Pebble/aplite/lib/libpebble.a(tmpQA9vUTpebble.o)
 .text.gpath_draw_outline
                0x00000000        0xc /home/jacko/pebble-dev/PebbleSDK/Pebble/aplite/lib/libpebble.a(tmpQA9vUTpebble.o)
 .text.gpath_move_to
                0x00000000        0xc /home/jacko/pebble-dev/PebbleSDK/Pebble/aplite/lib/libpebble.a(tmpQA9vUTpebble.o)
 .text.gpath_rotate_to
                0x00000000        0xc /home/jacko/pebble-dev/PebbleSDK/Pebble/aplite/lib/libpebble.a(tmpQA9vUTpebble.o)
 .text.gpoint_equal
                0x00000000        0xc /home/jacko/pebble-dev/PebbleSDK/Pebble/aplite/lib/libpebble.a(tmpQA9vUTpebble.o)
 .text.graphics_context_set_compositing_mode
                0x00000000        0xc /home/jacko/pebble-dev/PebbleSDK/Pebble/aplite/lib/libpebble.a(tmpQA9vUTpebble.o)
 .text.graphics_context_set_stroke_color
                0x00000000        0xc /home/jacko/pebble-dev/PebbleSDK/Pebble/aplite/lib/libpebble.a(tmpQA9vUTpebble.o)
 .text.graphics_context_set_text_color
                0x00000000        0xc /home/jacko/pebble-dev/PebbleSDK/Pebble/aplite/lib/libpebble.a(tmpQA9vUTpebble.o)
 .text.graphics_draw_circle
                0x00000000        0xc /home/jacko/pebble-dev/PebbleSDK/Pebble/aplite/lib/libpebble.a(tmpQA9vUTpebble.o)
 .text.graphics_draw_line
                0x00000000        0xc /home/jacko/pebble-dev/PebbleSDK/Pebble/aplite/lib/libpebble.a(tmpQA9vUTpebble.o)
 .text.graphics_draw_pixel
                0x00000000        0xc /home/jacko/pebble-dev/PebbleSDK/Pebble/aplite/lib/libpebble.a(tmpQA9vUTpebble.o)
 .text.graphics_draw_rect
                0x00000000        0xc /home/jacko/pebble-dev/PebbleSDK/Pebble/aplite/lib/libpebble.a(tmpQA9vUTpebble.o)
 .text.graphics_draw_round_rect
                0x00000000        0xc /home/jacko/pebble-dev/PebbleSDK/Pebble/aplite/lib/libpebble.a(tmpQA9vUTpebble.o)
 .text.graphics_fill_circle
                0x00000000        0xc /home/jacko/pebble-dev/PebbleSDK/Pebble/aplite/lib/libpebble.a(tmpQA9vUTpebble.o)
 .text.graphics_text_layout_get_max_used_size
                0x00000000        0xc /home/jacko/pebble-dev/PebbleSDK/Pebble/aplite/lib/libpebble.a(tmpQA9vUTpebble.o)
 .text.grect_align
                0x00000000        0xc /home/jacko/pebble-dev/PebbleSDK/Pebble/aplite/lib/libpebble.a(tmpQA9vUTpebble.o)
 .text.grect_center_point
                0x00000000        0xc /home/jacko/pebble-dev/PebbleSDK/Pebble/aplite/lib/libpebble.a(tmpQA9vUTpebble.o)
 .text.grect_clip
                0x00000000        0xc /home/jacko/pebble-dev/PebbleSDK/Pebble/aplite/lib/libpebble.a(tmpQA9vUTpebble.o)
 .text.grect_contains_point
                0x00000000        0xc /home/jacko/pebble-dev/PebbleSDK/Pebble/aplite/lib/libpebble.a(tmpQA9vUTpebble.o)
 .text.grect_crop
                0x00000000        0xc /home/jacko/pebble-dev/PebbleSDK/Pebble/aplite/lib/libpebble.a(tmpQA9vUTpebble.o)
 .text.grect_equal
                0x00000000        0xc /home/jacko/pebble-dev/PebbleSDK/Pebble/aplite/lib/libpebble.a(tmpQA9vUTpebble.o)
 .text.grect_is_empty
                0x00000000        0xc /home/jacko/pebble-dev/PebbleSDK/Pebble/aplite/lib/libpebble.a(tmpQA9vUTpebble.o)
 .text.grect_standardize
                0x00000000        0xc /home/jacko/pebble-dev/PebbleSDK/Pebble/aplite/lib/libpebble.a(tmpQA9vUTpebble.o)
 .text.gsize_equal
                0x00000000        0xc /home/jacko/pebble-dev/PebbleSDK/Pebble/aplite/lib/libpebble.a(tmpQA9vUTpebble.o)
 .text.inverter_layer_create
                0x00000000        0xc /home/jacko/pebble-dev/PebbleSDK/Pebble/aplite/lib/libpebble.a(tmpQA9vUTpebble.o)
 .text.inverter_layer_destroy
                0x00000000        0xc /home/jacko/pebble-dev/PebbleSDK/Pebble/aplite/lib/libpebble.a(tmpQA9vUTpebble.o)
 .text.inverter_layer_get_layer
                0x00000000        0xc /home/jacko/pebble-dev/PebbleSDK/Pebble/aplite/lib/libpebble.a(tmpQA9vUTpebble.o)
 .text.layer_create_with_data
                0x00000000        0xc /home/jacko/pebble-dev/PebbleSDK/Pebble/aplite/lib/libpebble.a(tmpQA9vUTpebble.o)
 .text.layer_get_clips
                0x00000000        0xc /home/jacko/pebble-dev/PebbleSDK/Pebble/aplite/lib/libpebble.a(tmpQA9vUTpebble.o)
 .text.layer_get_data
                0x00000000        0xc /home/jacko/pebble-dev/PebbleSDK/Pebble/aplite/lib/libpebble.a(tmpQA9vUTpebble.o)
 .text.layer_get_hidden
                0x00000000        0xc /home/jacko/pebble-dev/PebbleSDK/Pebble/aplite/lib/libpebble.a(tmpQA9vUTpebble.o)
 .text.layer_get_window
                0x00000000        0xc /home/jacko/pebble-dev/PebbleSDK/Pebble/aplite/lib/libpebble.a(tmpQA9vUTpebble.o)
 .text.layer_insert_above_sibling
                0x00000000        0xc /home/jacko/pebble-dev/PebbleSDK/Pebble/aplite/lib/libpebble.a(tmpQA9vUTpebble.o)
 .text.layer_insert_below_sibling
                0x00000000        0xc /home/jacko/pebble-dev/PebbleSDK/Pebble/aplite/lib/libpebble.a(tmpQA9vUTpebble.o)
 .text.layer_remove_child_layers
                0x00000000        0xc /home/jacko/pebble-dev/PebbleSDK/Pebble/aplite/lib/libpebble.a(tmpQA9vUTpebble.o)
 .text.layer_remove_from_parent
                0x00000000        0xc /home/jacko/pebble-dev/PebbleSDK/Pebble/aplite/lib/libpebble.a(tmpQA9vUTpebble.o)
 .text.layer_set_clips
                0x00000000        0xc /home/jacko/pebble-dev/PebbleSDK/Pebble/aplite/lib/libpebble.a(tmpQA9vUTpebble.o)
 .text.layer_set_frame
                0x00000000        0xc /home/jacko/pebble-dev/PebbleSDK/Pebble/aplite/lib/libpebble.a(tmpQA9vUTpebble.o)
 .text.layer_set_hidden
                0x00000000        0xc /home/jacko/pebble-dev/PebbleSDK/Pebble/aplite/lib/libpebble.a(tmpQA9vUTpebble.o)
 .text.light_enable
                0x00000000        0xc /home/jacko/pebble-dev/PebbleSDK/Pebble/aplite/lib/libpebble.a(tmpQA9vUTpebble.o)
 .text.light_enable_interaction
                0x00000000        0xc /home/jacko/pebble-dev/PebbleSDK/Pebble/aplite/lib/libpebble.a(tmpQA9vUTpebble.o)
 .text.malloc   0x00000000        0xc /home/jacko/pebble-dev/PebbleSDK/Pebble/aplite/lib/libpebble.a(tmpQA9vUTpebble.o)
 .text.memcpy   0x00000000        0xc /home/jacko/pebble-dev/PebbleSDK/Pebble/aplite/lib/libpebble.a(tmpQA9vUTpebble.o)
 .text.memmove  0x00000000        0xc /home/jacko/pebble-dev/PebbleSDK/Pebble/aplite/lib/libpebble.a(tmpQA9vUTpebble.o)
 .text.menu_cell_basic_draw
                0x00000000        0xc /home/jacko/pebble-dev/PebbleSDK/Pebble/aplite/lib/libpebble.a(tmpQA9vUTpebble.o)
 .text.menu_cell_basic_header_draw
                0x00000000        0xc /home/jacko/pebble-dev/PebbleSDK/Pebble/aplite/lib/libpebble.a(tmpQA9vUTpebble.o)
 .text.menu_cell_title_draw
                0x00000000        0xc /home/jacko/pebble-dev/PebbleSDK/Pebble/aplite/lib/libpebble.a(tmpQA9vUTpebble.o)
 .text.menu_index_compare
                0x00000000        0xc /home/jacko/pebble-dev/PebbleSDK/Pebble/aplite/lib/libpebble.a(tmpQA9vUTpebble.o)
 .text.menu_layer_create
                0x00000000        0xc /home/jacko/pebble-dev/PebbleSDK/Pebble/aplite/lib/libpebble.a(tmpQA9vUTpebble.o)
 .text.menu_layer_destroy
                0x00000000        0xc /home/jacko/pebble-dev/PebbleSDK/Pebble/aplite/lib/libpebble.a(tmpQA9vUTpebble.o)
 .text.menu_layer_get_layer
                0x00000000        0xc /home/jacko/pebble-dev/PebbleSDK/Pebble/aplite/lib/libpebble.a(tmpQA9vUTpebble.o)
 .text.menu_layer_get_scroll_layer
                0x00000000        0xc /home/jacko/pebble-dev/PebbleSDK/Pebble/aplite/lib/libpebble.a(tmpQA9vUTpebble.o)
 .text.menu_layer_get_selected_index
                0x00000000        0xc /home/jacko/pebble-dev/PebbleSDK/Pebble/aplite/lib/libpebble.a(tmpQA9vUTpebble.o)
 .text.menu_layer_reload_data
                0x00000000        0xc /home/jacko/pebble-dev/PebbleSDK/Pebble/aplite/lib/libpebble.a(tmpQA9vUTpebble.o)
 .text.menu_layer_set_callbacks__deprecated
                0x00000000        0xc /home/jacko/pebble-dev/PebbleSDK/Pebble/aplite/lib/libpebble.a(tmpQA9vUTpebble.o)
 .text.menu_layer_set_click_config_onto_window
                0x00000000        0xc /home/jacko/pebble-dev/PebbleSDK/Pebble/aplite/lib/libpebble.a(tmpQA9vUTpebble.o)
 .text.menu_layer_set_selected_index
                0x00000000        0xc /home/jacko/pebble-dev/PebbleSDK/Pebble/aplite/lib/libpebble.a(tmpQA9vUTpebble.o)
 .text.menu_layer_set_selected_next
                0x00000000        0xc /home/jacko/pebble-dev/PebbleSDK/Pebble/aplite/lib/libpebble.a(tmpQA9vUTpebble.o)
 .text.number_window_create
                0x00000000        0xc /home/jacko/pebble-dev/PebbleSDK/Pebble/aplite/lib/libpebble.a(tmpQA9vUTpebble.o)
 .text.number_window_destroy
                0x00000000        0xc /home/jacko/pebble-dev/PebbleSDK/Pebble/aplite/lib/libpebble.a(tmpQA9vUTpebble.o)
 .text.number_window_get_value
                0x00000000        0xc /home/jacko/pebble-dev/PebbleSDK/Pebble/aplite/lib/libpebble.a(tmpQA9vUTpebble.o)
 .text.number_window_set_label
                0x00000000        0xc /home/jacko/pebble-dev/PebbleSDK/Pebble/aplite/lib/libpebble.a(tmpQA9vUTpebble.o)
 .text.number_window_set_max
                0x00000000        0xc /home/jacko/pebble-dev/PebbleSDK/Pebble/aplite/lib/libpebble.a(tmpQA9vUTpebble.o)
 .text.number_window_set_min
                0x00000000        0xc /home/jacko/pebble-dev/PebbleSDK/Pebble/aplite/lib/libpebble.a(tmpQA9vUTpebble.o)
 .text.number_window_set_step_size
                0x00000000        0xc /home/jacko/pebble-dev/PebbleSDK/Pebble/aplite/lib/libpebble.a(tmpQA9vUTpebble.o)
 .text.number_window_set_value
                0x00000000        0xc /home/jacko/pebble-dev/PebbleSDK/Pebble/aplite/lib/libpebble.a(tmpQA9vUTpebble.o)
 .text.persist_delete
                0x00000000        0xc /home/jacko/pebble-dev/PebbleSDK/Pebble/aplite/lib/libpebble.a(tmpQA9vUTpebble.o)
 .text.persist_get_size
                0x00000000        0xc /home/jacko/pebble-dev/PebbleSDK/Pebble/aplite/lib/libpebble.a(tmpQA9vUTpebble.o)
 .text.persist_read_bool
                0x00000000        0xc /home/jacko/pebble-dev/PebbleSDK/Pebble/aplite/lib/libpebble.a(tmpQA9vUTpebble.o)
 .text.persist_read_data__deprecated
                0x00000000        0xc /home/jacko/pebble-dev/PebbleSDK/Pebble/aplite/lib/libpebble.a(tmpQA9vUTpebble.o)
 .text.persist_read_string__deprecated
                0x00000000        0xc /home/jacko/pebble-dev/PebbleSDK/Pebble/aplite/lib/libpebble.a(tmpQA9vUTpebble.o)
 .text.persist_write_bool
                0x00000000        0xc /home/jacko/pebble-dev/PebbleSDK/Pebble/aplite/lib/libpebble.a(tmpQA9vUTpebble.o)
 .text.persist_write_data__deprecated
                0x00000000        0xc /home/jacko/pebble-dev/PebbleSDK/Pebble/aplite/lib/libpebble.a(tmpQA9vUTpebble.o)
 .text.persist_write_string
                0x00000000        0xc /home/jacko/pebble-dev/PebbleSDK/Pebble/aplite/lib/libpebble.a(tmpQA9vUTpebble.o)
 .text.property_animation_create
                0x00000000        0xc /home/jacko/pebble-dev/PebbleSDK/Pebble/aplite/lib/libpebble.a(tmpQA9vUTpebble.o)
 .text.property_animation_create_layer_frame
                0x00000000        0xc /home/jacko/pebble-dev/PebbleSDK/Pebble/aplite/lib/libpebble.a(tmpQA9vUTpebble.o)
 .text.property_animation_destroy
                0x00000000        0xc /home/jacko/pebble-dev/PebbleSDK/Pebble/aplite/lib/libpebble.a(tmpQA9vUTpebble.o)
 .text.property_animation_update_gpoint
                0x00000000        0xc /home/jacko/pebble-dev/PebbleSDK/Pebble/aplite/lib/libpebble.a(tmpQA9vUTpebble.o)
 .text.property_animation_update_grect
                0x00000000        0xc /home/jacko/pebble-dev/PebbleSDK/Pebble/aplite/lib/libpebble.a(tmpQA9vUTpebble.o)
 .text.property_animation_update_int16
                0x00000000        0xc /home/jacko/pebble-dev/PebbleSDK/Pebble/aplite/lib/libpebble.a(tmpQA9vUTpebble.o)
 .text.psleep   0x00000000        0xc /home/jacko/pebble-dev/PebbleSDK/Pebble/aplite/lib/libpebble.a(tmpQA9vUTpebble.o)
 .text.rand     0x00000000        0xc /home/jacko/pebble-dev/PebbleSDK/Pebble/aplite/lib/libpebble.a(tmpQA9vUTpebble.o)
 .text.resource_get_handle
                0x00000000        0xc /home/jacko/pebble-dev/PebbleSDK/Pebble/aplite/lib/libpebble.a(tmpQA9vUTpebble.o)
 .text.resource_load
                0x00000000        0xc /home/jacko/pebble-dev/PebbleSDK/Pebble/aplite/lib/libpebble.a(tmpQA9vUTpebble.o)
 .text.resource_load_byte_range
                0x00000000        0xc /home/jacko/pebble-dev/PebbleSDK/Pebble/aplite/lib/libpebble.a(tmpQA9vUTpebble.o)
 .text.resource_size
                0x00000000        0xc /home/jacko/pebble-dev/PebbleSDK/Pebble/aplite/lib/libpebble.a(tmpQA9vUTpebble.o)
 .text.rot_bitmap_layer_create
                0x00000000        0xc /home/jacko/pebble-dev/PebbleSDK/Pebble/aplite/lib/libpebble.a(tmpQA9vUTpebble.o)
 .text.rot_bitmap_layer_destroy
                0x00000000        0xc /home/jacko/pebble-dev/PebbleSDK/Pebble/aplite/lib/libpebble.a(tmpQA9vUTpebble.o)
 .text.rot_bitmap_layer_increment_angle
                0x00000000        0xc /home/jacko/pebble-dev/PebbleSDK/Pebble/aplite/lib/libpebble.a(tmpQA9vUTpebble.o)
 .text.rot_bitmap_layer_set_angle
                0x00000000        0xc /home/jacko/pebble-dev/PebbleSDK/Pebble/aplite/lib/libpebble.a(tmpQA9vUTpebble.o)
 .text.rot_bitmap_layer_set_corner_clip_color
                0x00000000        0xc /home/jacko/pebble-dev/PebbleSDK/Pebble/aplite/lib/libpebble.a(tmpQA9vUTpebble.o)
 .text.rot_bitmap_set_compositing_mode
                0x00000000        0xc /home/jacko/pebble-dev/PebbleSDK/Pebble/aplite/lib/libpebble.a(tmpQA9vUTpebble.o)
 .text.rot_bitmap_set_src_ic
                0x00000000        0xc /home/jacko/pebble-dev/PebbleSDK/Pebble/aplite/lib/libpebble.a(tmpQA9vUTpebble.o)
 .text.scroll_layer_add_child
                0x00000000        0xc /home/jacko/pebble-dev/PebbleSDK/Pebble/aplite/lib/libpebble.a(tmpQA9vUTpebble.o)
 .text.scroll_layer_create
                0x00000000        0xc /home/jacko/pebble-dev/PebbleSDK/Pebble/aplite/lib/libpebble.a(tmpQA9vUTpebble.o)
 .text.scroll_layer_destroy
                0x00000000        0xc /home/jacko/pebble-dev/PebbleSDK/Pebble/aplite/lib/libpebble.a(tmpQA9vUTpebble.o)
 .text.scroll_layer_get_content_offset
                0x00000000        0xc /home/jacko/pebble-dev/PebbleSDK/Pebble/aplite/lib/libpebble.a(tmpQA9vUTpebble.o)
 .text.scroll_layer_get_content_size
                0x00000000        0xc /home/jacko/pebble-dev/PebbleSDK/Pebble/aplite/lib/libpebble.a(tmpQA9vUTpebble.o)
 .text.scroll_layer_get_layer
                0x00000000        0xc /home/jacko/pebble-dev/PebbleSDK/Pebble/aplite/lib/libpebble.a(tmpQA9vUTpebble.o)
 .text.scroll_layer_get_shadow_hidden
                0x00000000        0xc /home/jacko/pebble-dev/PebbleSDK/Pebble/aplite/lib/libpebble.a(tmpQA9vUTpebble.o)
 .text.scroll_layer_scroll_down_click_handler
                0x00000000        0xc /home/jacko/pebble-dev/PebbleSDK/Pebble/aplite/lib/libpebble.a(tmpQA9vUTpebble.o)
 .text.scroll_layer_scroll_up_click_handler
                0x00000000        0xc /home/jacko/pebble-dev/PebbleSDK/Pebble/aplite/lib/libpebble.a(tmpQA9vUTpebble.o)
 .text.scroll_layer_set_callbacks
                0x00000000        0xc /home/jacko/pebble-dev/PebbleSDK/Pebble/aplite/lib/libpebble.a(tmpQA9vUTpebble.o)
 .text.scroll_layer_set_click_config_onto_window
                0x00000000        0xc /home/jacko/pebble-dev/PebbleSDK/Pebble/aplite/lib/libpebble.a(tmpQA9vUTpebble.o)
 .text.scroll_layer_set_content_offset
                0x00000000        0xc /home/jacko/pebble-dev/PebbleSDK/Pebble/aplite/lib/libpebble.a(tmpQA9vUTpebble.o)
 .text.scroll_layer_set_content_size
                0x00000000        0xc /home/jacko/pebble-dev/PebbleSDK/Pebble/aplite/lib/libpebble.a(tmpQA9vUTpebble.o)
 .text.scroll_layer_set_context
                0x00000000        0xc /home/jacko/pebble-dev/PebbleSDK/Pebble/aplite/lib/libpebble.a(tmpQA9vUTpebble.o)
 .text.scroll_layer_set_frame
                0x00000000        0xc /home/jacko/pebble-dev/PebbleSDK/Pebble/aplite/lib/libpebble.a(tmpQA9vUTpebble.o)
 .text.scroll_layer_set_shadow_hidden
                0x00000000        0xc /home/jacko/pebble-dev/PebbleSDK/Pebble/aplite/lib/libpebble.a(tmpQA9vUTpebble.o)
 .text.simple_menu_layer_get_selected_index
                0x00000000        0xc /home/jacko/pebble-dev/PebbleSDK/Pebble/aplite/lib/libpebble.a(tmpQA9vUTpebble.o)
 .text.simple_menu_layer_set_selected_index
                0x00000000        0xc /home/jacko/pebble-dev/PebbleSDK/Pebble/aplite/lib/libpebble.a(tmpQA9vUTpebble.o)
 .text.sin_lookup
                0x00000000        0xc /home/jacko/pebble-dev/PebbleSDK/Pebble/aplite/lib/libpebble.a(tmpQA9vUTpebble.o)
 .text.snprintf
                0x00000000        0xc /home/jacko/pebble-dev/PebbleSDK/Pebble/aplite/lib/libpebble.a(tmpQA9vUTpebble.o)
 .text.srand    0x00000000        0xc /home/jacko/pebble-dev/PebbleSDK/Pebble/aplite/lib/libpebble.a(tmpQA9vUTpebble.o)
 .text.strcat   0x00000000        0xc /home/jacko/pebble-dev/PebbleSDK/Pebble/aplite/lib/libpebble.a(tmpQA9vUTpebble.o)
 .text.strcmp   0x00000000        0xc /home/jacko/pebble-dev/PebbleSDK/Pebble/aplite/lib/libpebble.a(tmpQA9vUTpebble.o)
 .text.strcpy   0x00000000        0xc /home/jacko/pebble-dev/PebbleSDK/Pebble/aplite/lib/libpebble.a(tmpQA9vUTpebble.o)
 .text.strftime
                0x00000000        0xc /home/jacko/pebble-dev/PebbleSDK/Pebble/aplite/lib/libpebble.a(tmpQA9vUTpebble.o)
 .text.strlen   0x00000000        0xc /home/jacko/pebble-dev/PebbleSDK/Pebble/aplite/lib/libpebble.a(tmpQA9vUTpebble.o)
 .text.strncat  0x00000000        0xc /home/jacko/pebble-dev/PebbleSDK/Pebble/aplite/lib/libpebble.a(tmpQA9vUTpebble.o)
 .text.strncmp  0x00000000        0xc /home/jacko/pebble-dev/PebbleSDK/Pebble/aplite/lib/libpebble.a(tmpQA9vUTpebble.o)
 .text.strncpy  0x00000000        0xc /home/jacko/pebble-dev/PebbleSDK/Pebble/aplite/lib/libpebble.a(tmpQA9vUTpebble.o)
 .text.text_layer_create
                0x00000000        0xc /home/jacko/pebble-dev/PebbleSDK/Pebble/aplite/lib/libpebble.a(tmpQA9vUTpebble.o)
 .text.text_layer_destroy
                0x00000000        0xc /home/jacko/pebble-dev/PebbleSDK/Pebble/aplite/lib/libpebble.a(tmpQA9vUTpebble.o)
 .text.text_layer_get_content_size
                0x00000000        0xc /home/jacko/pebble-dev/PebbleSDK/Pebble/aplite/lib/libpebble.a(tmpQA9vUTpebble.o)
 .text.text_layer_get_layer
                0x00000000        0xc /home/jacko/pebble-dev/PebbleSDK/Pebble/aplite/lib/libpebble.a(tmpQA9vUTpebble.o)
 .text.text_layer_get_text
                0x00000000        0xc /home/jacko/pebble-dev/PebbleSDK/Pebble/aplite/lib/libpebble.a(tmpQA9vUTpebble.o)
 .text.text_layer_set_background_color
                0x00000000        0xc /home/jacko/pebble-dev/PebbleSDK/Pebble/aplite/lib/libpebble.a(tmpQA9vUTpebble.o)
 .text.text_layer_set_font
                0x00000000        0xc /home/jacko/pebble-dev/PebbleSDK/Pebble/aplite/lib/libpebble.a(tmpQA9vUTpebble.o)
 .text.text_layer_set_overflow_mode
                0x00000000        0xc /home/jacko/pebble-dev/PebbleSDK/Pebble/aplite/lib/libpebble.a(tmpQA9vUTpebble.o)
 .text.text_layer_set_size
                0x00000000        0xc /home/jacko/pebble-dev/PebbleSDK/Pebble/aplite/lib/libpebble.a(tmpQA9vUTpebble.o)
 .text.text_layer_set_text
                0x00000000        0xc /home/jacko/pebble-dev/PebbleSDK/Pebble/aplite/lib/libpebble.a(tmpQA9vUTpebble.o)
 .text.text_layer_set_text_alignment
                0x00000000        0xc /home/jacko/pebble-dev/PebbleSDK/Pebble/aplite/lib/libpebble.a(tmpQA9vUTpebble.o)
 .text.text_layer_set_text_color
                0x00000000        0xc /home/jacko/pebble-dev/PebbleSDK/Pebble/aplite/lib/libpebble.a(tmpQA9vUTpebble.o)
 .text.tick_timer_service_unsubscribe
                0x00000000        0xc /home/jacko/pebble-dev/PebbleSDK/Pebble/aplite/lib/libpebble.a(tmpQA9vUTpebble.o)
 .text.time_ms  0x00000000        0xc /home/jacko/pebble-dev/PebbleSDK/Pebble/aplite/lib/libpebble.a(tmpQA9vUTpebble.o)
 .text.vibes_cancel
                0x00000000        0xc /home/jacko/pebble-dev/PebbleSDK/Pebble/aplite/lib/libpebble.a(tmpQA9vUTpebble.o)
 .text.vibes_double_pulse
                0x00000000        0xc /home/jacko/pebble-dev/PebbleSDK/Pebble/aplite/lib/libpebble.a(tmpQA9vUTpebble.o)
 .text.vibes_enqueue_custom_pattern
                0x00000000        0xc /home/jacko/pebble-dev/PebbleSDK/Pebble/aplite/lib/libpebble.a(tmpQA9vUTpebble.o)
 .text.vibes_long_pulse
                0x00000000        0xc /home/jacko/pebble-dev/PebbleSDK/Pebble/aplite/lib/libpebble.a(tmpQA9vUTpebble.o)
 .text.vibes_short_pulse
                0x00000000        0xc /home/jacko/pebble-dev/PebbleSDK/Pebble/aplite/lib/libpebble.a(tmpQA9vUTpebble.o)
 .text.window_get_click_config_provider
                0x00000000        0xc /home/jacko/pebble-dev/PebbleSDK/Pebble/aplite/lib/libpebble.a(tmpQA9vUTpebble.o)
 .text.window_get_fullscreen
                0x00000000        0xc /home/jacko/pebble-dev/PebbleSDK/Pebble/aplite/lib/libpebble.a(tmpQA9vUTpebble.o)
 .text.window_is_loaded
                0x00000000        0xc /home/jacko/pebble-dev/PebbleSDK/Pebble/aplite/lib/libpebble.a(tmpQA9vUTpebble.o)
 .text.window_set_background_color
                0x00000000        0xc /home/jacko/pebble-dev/PebbleSDK/Pebble/aplite/lib/libpebble.a(tmpQA9vUTpebble.o)
 .text.window_set_click_config_provider_with_context
                0x00000000        0xc /home/jacko/pebble-dev/PebbleSDK/Pebble/aplite/lib/libpebble.a(tmpQA9vUTpebble.o)
 .text.window_set_status_bar_icon
                0x00000000        0xc /home/jacko/pebble-dev/PebbleSDK/Pebble/aplite/lib/libpebble.a(tmpQA9vUTpebble.o)
 .text.window_stack_contains_window
                0x00000000        0xc /home/jacko/pebble-dev/PebbleSDK/Pebble/aplite/lib/libpebble.a(tmpQA9vUTpebble.o)
 .text.window_stack_get_top_window
                0x00000000        0xc /home/jacko/pebble-dev/PebbleSDK/Pebble/aplite/lib/libpebble.a(tmpQA9vUTpebble.o)
 .text.window_stack_pop
                0x00000000        0xc /home/jacko/pebble-dev/PebbleSDK/Pebble/aplite/lib/libpebble.a(tmpQA9vUTpebble.o)
 .text.window_stack_pop_all
                0x00000000        0xc /home/jacko/pebble-dev/PebbleSDK/Pebble/aplite/lib/libpebble.a(tmpQA9vUTpebble.o)
 .text.window_stack_remove
                0x00000000        0xc /home/jacko/pebble-dev/PebbleSDK/Pebble/aplite/lib/libpebble.a(tmpQA9vUTpebble.o)
 .text.app_focus_service_subscribe
                0x00000000        0xc /home/jacko/pebble-dev/PebbleSDK/Pebble/aplite/lib/libpebble.a(tmpQA9vUTpebble.o)
 .text.app_focus_service_unsubscribe
                0x00000000        0xc /home/jacko/pebble-dev/PebbleSDK/Pebble/aplite/lib/libpebble.a(tmpQA9vUTpebble.o)
 .text.window_get_user_data
                0x00000000        0xc /home/jacko/pebble-dev/PebbleSDK/Pebble/aplite/lib/libpebble.a(tmpQA9vUTpebble.o)
 .text.window_set_user_data
                0x00000000        0xc /home/jacko/pebble-dev/PebbleSDK/Pebble/aplite/lib/libpebble.a(tmpQA9vUTpebble.o)
 .text.app_message_get_context
                0x00000000        0xc /home/jacko/pebble-dev/PebbleSDK/Pebble/aplite/lib/libpebble.a(tmpQA9vUTpebble.o)
 .text.app_message_inbox_size_maximum
                0x00000000        0xc /home/jacko/pebble-dev/PebbleSDK/Pebble/aplite/lib/libpebble.a(tmpQA9vUTpebble.o)
 .text.app_message_outbox_begin
                0x00000000        0xc /home/jacko/pebble-dev/PebbleSDK/Pebble/aplite/lib/libpebble.a(tmpQA9vUTpebble.o)
 .text.app_message_outbox_send
                0x00000000        0xc /home/jacko/pebble-dev/PebbleSDK/Pebble/aplite/lib/libpebble.a(tmpQA9vUTpebble.o)
 .text.app_message_outbox_size_maximum
                0x00000000        0xc /home/jacko/pebble-dev/PebbleSDK/Pebble/aplite/lib/libpebble.a(tmpQA9vUTpebble.o)
 .text.app_message_register_inbox_dropped
                0x00000000        0xc /home/jacko/pebble-dev/PebbleSDK/Pebble/aplite/lib/libpebble.a(tmpQA9vUTpebble.o)
 .text.app_message_register_inbox_received
                0x00000000        0xc /home/jacko/pebble-dev/PebbleSDK/Pebble/aplite/lib/libpebble.a(tmpQA9vUTpebble.o)
 .text.app_message_register_outbox_failed
                0x00000000        0xc /home/jacko/pebble-dev/PebbleSDK/Pebble/aplite/lib/libpebble.a(tmpQA9vUTpebble.o)
 .text.app_message_register_outbox_sent
                0x00000000        0xc /home/jacko/pebble-dev/PebbleSDK/Pebble/aplite/lib/libpebble.a(tmpQA9vUTpebble.o)
 .text.app_message_set_context
                0x00000000        0xc /home/jacko/pebble-dev/PebbleSDK/Pebble/aplite/lib/libpebble.a(tmpQA9vUTpebble.o)
 .text.window_multi_click_subscribe
                0x00000000        0xc /home/jacko/pebble-dev/PebbleSDK/Pebble/aplite/lib/libpebble.a(tmpQA9vUTpebble.o)
 .text.window_raw_click_subscribe
                0x00000000        0xc /home/jacko/pebble-dev/PebbleSDK/Pebble/aplite/lib/libpebble.a(tmpQA9vUTpebble.o)
 .text.window_set_click_context
                0x00000000        0xc /home/jacko/pebble-dev/PebbleSDK/Pebble/aplite/lib/libpebble.a(tmpQA9vUTpebble.o)
 .text.window_single_repeating_click_subscribe
                0x00000000        0xc /home/jacko/pebble-dev/PebbleSDK/Pebble/aplite/lib/libpebble.a(tmpQA9vUTpebble.o)
 .text.graphics_draw_text
                0x00000000        0xc /home/jacko/pebble-dev/PebbleSDK/Pebble/aplite/lib/libpebble.a(tmpQA9vUTpebble.o)
 .text.dict_serialize_tuplets_to_buffer
                0x00000000        0xc /home/jacko/pebble-dev/PebbleSDK/Pebble/aplite/lib/libpebble.a(tmpQA9vUTpebble.o)
 .text.persist_read_string
                0x00000000        0xc /home/jacko/pebble-dev/PebbleSDK/Pebble/aplite/lib/libpebble.a(tmpQA9vUTpebble.o)
 .text.dict_size
                0x00000000        0xc /home/jacko/pebble-dev/PebbleSDK/Pebble/aplite/lib/libpebble.a(tmpQA9vUTpebble.o)
 .text.graphics_text_layout_get_content_size
                0x00000000        0xc /home/jacko/pebble-dev/PebbleSDK/Pebble/aplite/lib/libpebble.a(tmpQA9vUTpebble.o)
 .text.simple_menu_layer_get_menu_layer
                0x00000000        0xc /home/jacko/pebble-dev/PebbleSDK/Pebble/aplite/lib/libpebble.a(tmpQA9vUTpebble.o)
 .text.accel_data_service_subscribe
                0x00000000        0xc /home/jacko/pebble-dev/PebbleSDK/Pebble/aplite/lib/libpebble.a(tmpQA9vUTpebble.o)
 .text.calloc   0x00000000        0xc /home/jacko/pebble-dev/PebbleSDK/Pebble/aplite/lib/libpebble.a(tmpQA9vUTpebble.o)
 .text.bitmap_layer_get_bitmap
                0x00000000        0xc /home/jacko/pebble-dev/PebbleSDK/Pebble/aplite/lib/libpebble.a(tmpQA9vUTpebble.o)
 .text.menu_layer_set_callbacks
                0x00000000        0xc /home/jacko/pebble-dev/PebbleSDK/Pebble/aplite/lib/libpebble.a(tmpQA9vUTpebble.o)
 .text.window_get_click_config_context
                0x00000000        0xc /home/jacko/pebble-dev/PebbleSDK/Pebble/aplite/lib/libpebble.a(tmpQA9vUTpebble.o)
 .text.number_window_get_window
                0x00000000        0xc /home/jacko/pebble-dev/PebbleSDK/Pebble/aplite/lib/libpebble.a(tmpQA9vUTpebble.o)
 .text.realloc  0x00000000        0xc /home/jacko/pebble-dev/PebbleSDK/Pebble/aplite/lib/libpebble.a(tmpQA9vUTpebble.o)
 .text.__gbitmap_create_blank
                0x00000000        0xc /home/jacko/pebble-dev/PebbleSDK/Pebble/aplite/lib/libpebble.a(tmpQA9vUTpebble.o)
 .text.click_recognizer_is_repeating
                0x00000000        0xc /home/jacko/pebble-dev/PebbleSDK/Pebble/aplite/lib/libpebble.a(tmpQA9vUTpebble.o)
 .text.accel_raw_data_service_subscribe
                0x00000000        0xc /home/jacko/pebble-dev/PebbleSDK/Pebble/aplite/lib/libpebble.a(tmpQA9vUTpebble.o)
 .text.app_worker_is_running
                0x00000000        0xc /home/jacko/pebble-dev/PebbleSDK/Pebble/aplite/lib/libpebble.a(tmpQA9vUTpebble.o)
 .text.app_worker_kill
                0x00000000        0xc /home/jacko/pebble-dev/PebbleSDK/Pebble/aplite/lib/libpebble.a(tmpQA9vUTpebble.o)
 .text.app_worker_launch
                0x00000000        0xc /home/jacko/pebble-dev/PebbleSDK/Pebble/aplite/lib/libpebble.a(tmpQA9vUTpebble.o)
 .text.app_worker_message_subscribe
                0x00000000        0xc /home/jacko/pebble-dev/PebbleSDK/Pebble/aplite/lib/libpebble.a(tmpQA9vUTpebble.o)
 .text.app_worker_message_unsubscribe
                0x00000000        0xc /home/jacko/pebble-dev/PebbleSDK/Pebble/aplite/lib/libpebble.a(tmpQA9vUTpebble.o)
 .text.app_worker_send_message
                0x00000000        0xc /home/jacko/pebble-dev/PebbleSDK/Pebble/aplite/lib/libpebble.a(tmpQA9vUTpebble.o)
 .text.worker_event_loop
                0x00000000        0xc /home/jacko/pebble-dev/PebbleSDK/Pebble/aplite/lib/libpebble.a(tmpQA9vUTpebble.o)
 .text.worker_launch_app
                0x00000000        0xc /home/jacko/pebble-dev/PebbleSDK/Pebble/aplite/lib/libpebble.a(tmpQA9vUTpebble.o)
 .text.heap_bytes_free
                0x00000000        0xc /home/jacko/pebble-dev/PebbleSDK/Pebble/aplite/lib/libpebble.a(tmpQA9vUTpebble.o)
 .text.heap_bytes_used
                0x00000000        0xc /home/jacko/pebble-dev/PebbleSDK/Pebble/aplite/lib/libpebble.a(tmpQA9vUTpebble.o)
 .text.compass_service_peek
                0x00000000        0xc /home/jacko/pebble-dev/PebbleSDK/Pebble/aplite/lib/libpebble.a(tmpQA9vUTpebble.o)
 .text.compass_service_set_heading_filter
                0x00000000        0xc /home/jacko/pebble-dev/PebbleSDK/Pebble/aplite/lib/libpebble.a(tmpQA9vUTpebble.o)
 .text.compass_service_subscribe
                0x00000000        0xc /home/jacko/pebble-dev/PebbleSDK/Pebble/aplite/lib/libpebble.a(tmpQA9vUTpebble.o)
 .text.compass_service_unsubscribe
                0x00000000        0xc /home/jacko/pebble-dev/PebbleSDK/Pebble/aplite/lib/libpebble.a(tmpQA9vUTpebble.o)
 .text.uuid_equal
                0x00000000        0xc /home/jacko/pebble-dev/PebbleSDK/Pebble/aplite/lib/libpebble.a(tmpQA9vUTpebble.o)
 .text.uuid_to_string
                0x00000000        0xc /home/jacko/pebble-dev/PebbleSDK/Pebble/aplite/lib/libpebble.a(tmpQA9vUTpebble.o)
 .text.gpath_draw_filled
                0x00000000        0xc /home/jacko/pebble-dev/PebbleSDK/Pebble/aplite/lib/libpebble.a(tmpQA9vUTpebble.o)
 .text.animation_set_custom_curve
                0x00000000        0xc /home/jacko/pebble-dev/PebbleSDK/Pebble/aplite/lib/libpebble.a(tmpQA9vUTpebble.o)
 .text.watch_info_get_color
                0x00000000        0xc /home/jacko/pebble-dev/PebbleSDK/Pebble/aplite/lib/libpebble.a(tmpQA9vUTpebble.o)
 .text.watch_info_get_firmware_version
                0x00000000        0xc /home/jacko/pebble-dev/PebbleSDK/Pebble/aplite/lib/libpebble.a(tmpQA9vUTpebble.o)
 .text.watch_info_get_model
                0x00000000        0xc /home/jacko/pebble-dev/PebbleSDK/Pebble/aplite/lib/libpebble.a(tmpQA9vUTpebble.o)
 .text.graphics_capture_frame_buffer
                0x00000000        0xc /home/jacko/pebble-dev/PebbleSDK/Pebble/aplite/lib/libpebble.a(tmpQA9vUTpebble.o)
 .text.graphics_frame_buffer_is_captured
                0x00000000        0xc /home/jacko/pebble-dev/PebbleSDK/Pebble/aplite/lib/libpebble.a(tmpQA9vUTpebble.o)
 .text.graphics_release_frame_buffer
                0x00000000        0xc /home/jacko/pebble-dev/PebbleSDK/Pebble/aplite/lib/libpebble.a(tmpQA9vUTpebble.o)
 .text.clock_to_timestamp
                0x00000000        0xc /home/jacko/pebble-dev/PebbleSDK/Pebble/aplite/lib/libpebble.a(tmpQA9vUTpebble.o)
 .text.launch_reason
                0x00000000        0xc /home/jacko/pebble-dev/PebbleSDK/Pebble/aplite/lib/libpebble.a(tmpQA9vUTpebble.o)
 .text.wakeup_cancel
                0x00000000        0xc /home/jacko/pebble-dev/PebbleSDK/Pebble/aplite/lib/libpebble.a(tmpQA9vUTpebble.o)
 .text.wakeup_cancel_all
                0x00000000        0xc /home/jacko/pebble-dev/PebbleSDK/Pebble/aplite/lib/libpebble.a(tmpQA9vUTpebble.o)
 .text.wakeup_get_launch_event
                0x00000000        0xc /home/jacko/pebble-dev/PebbleSDK/Pebble/aplite/lib/libpebble.a(tmpQA9vUTpebble.o)
 .text.wakeup_query
                0x00000000        0xc /home/jacko/pebble-dev/PebbleSDK/Pebble/aplite/lib/libpebble.a(tmpQA9vUTpebble.o)
 .text.wakeup_schedule
                0x00000000        0xc /home/jacko/pebble-dev/PebbleSDK/Pebble/aplite/lib/libpebble.a(tmpQA9vUTpebble.o)
 .text.wakeup_service_subscribe
                0x00000000        0xc /home/jacko/pebble-dev/PebbleSDK/Pebble/aplite/lib/libpebble.a(tmpQA9vUTpebble.o)
 .text.clock_is_timezone_set
                0x00000000        0xc /home/jacko/pebble-dev/PebbleSDK/Pebble/aplite/lib/libpebble.a(tmpQA9vUTpebble.o)
 .text.i18n_get_system_locale
                0x00000000        0xc /home/jacko/pebble-dev/PebbleSDK/Pebble/aplite/lib/libpebble.a(tmpQA9vUTpebble.o)
 .text._localeconv_r
                0x00000000        0xc /home/jacko/pebble-dev/PebbleSDK/Pebble/aplite/lib/libpebble.a(tmpQA9vUTpebble.o)
 .text.setlocale
                0x00000000        0xc /home/jacko/pebble-dev/PebbleSDK/Pebble/aplite/lib/libpebble.a(tmpQA9vUTpebble.o)
 .text.mktime   0x00000000        0xc /home/jacko/pebble-dev/PebbleSDK/Pebble/aplite/lib/libpebble.a(tmpQA9vUTpebble.o)
 .text          0x00000000        0x0 /home/jacko/pebble-dev/PebbleSDK/arm-cs-tools/bin/../lib/gcc/arm-none-eabi/4.7.3/thumb2/crtend.o
 .bss           0x00000000        0x0 /home/jacko/pebble-dev/PebbleSDK/arm-cs-tools/bin/../lib/gcc/arm-none-eabi/4.7.3/thumb2/crtend.o
 .eh_frame      0x00000000        0x4 /home/jacko/pebble-dev/PebbleSDK/arm-cs-tools/bin/../lib/gcc/arm-none-eabi/4.7.3/thumb2/crtend.o
 .jcr           0x00000000        0x4 /home/jacko/pebble-dev/PebbleSDK/arm-cs-tools/bin/../lib/gcc/arm-none-eabi/4.7.3/thumb2/crtend.o
 .tm_clone_table
                0x00000000        0x0 /home/jacko/pebble-dev/PebbleSDK/arm-cs-tools/bin/../lib/gcc/arm-none-eabi/4.7.3/thumb2/crtend.o
 .text          0x00000000        0x0 /home/jacko/pebble-dev/PebbleSDK/arm-cs-tools/bin/../lib/gcc/arm-none-eabi/4.7.3/thumb2/crtn.o
 .bss           0x00000000        0x0 /home/jacko/pebble-dev/PebbleSDK/arm-cs-tools/bin/../lib/gcc/arm-none-eabi/4.7.3/thumb2/crtn.o
 .init          0x00000000        0x8 /home/jacko/pebble-dev/PebbleSDK/arm-cs-tools/bin/../lib/gcc/arm-none-eabi/4.7.3/thumb2/crtn.o
 .fini          0x00000000        0x8 /home/jacko/pebble-dev/PebbleSDK/arm-cs-tools/bin/../lib/gcc/arm-none-eabi/4.7.3/thumb2/crtn.o

Memory Configuration

Name             Origin             Length             Attributes
APP              0x00000000         0x00006000         xrw
*default*        0x00000000         0xffffffff

Linker script and memory map

LOAD /home/jacko/pebble-dev/PebbleSDK/arm-cs-tools/bin/../lib/gcc/arm-none-eabi/4.7.3/thumb2/crti.o
LOAD /home/jacko/pebble-dev/PebbleSDK/arm-cs-tools/bin/../lib/gcc/arm-none-eabi/4.7.3/thumb2/crtbegin.o
LOAD src/basik.c.24.o
LOAD src/clock.c.24.o
LOAD src/game.c.24.o
LOAD src/robomaze.c.24.o
LOAD aplite/appinfo.auto.c.24.o
LOAD /home/jacko/pebble-dev/PebbleSDK/Pebble/aplite/lib/libpebble.a
START GROUP
LOAD /home/jacko/pebble-dev/PebbleSDK/arm-cs-tools/bin/../lib/gcc/arm-none-eabi/4.7.3/thumb2/libgcc.a
LOAD /home/jacko/pebble-dev/PebbleSDK/arm-cs-tools/bin/../lib/gcc/arm-none-eabi/4.7.3/../../../../arm-none-eabi/lib/thumb2/libc.a
END GROUP
LOAD /home/jacko/pebble-dev/PebbleSDK/arm-cs-tools/bin/../lib/gcc/arm-none-eabi/4.7.3/thumb2/crtend.o
LOAD /home/jacko/pebble-dev/PebbleSDK/arm-cs-tools/bin/../lib/gcc/arm-none-eabi/4.7.3/thumb2/crtn.o

.header         0x00000000       0x82
 *(.pbl_header)
 .pbl_header    0x00000000       0x82 aplite/appinfo.auto.c.24.o
                0x00000000                __pbl_app_info

.note.gnu.build-id
                0x00000082       0x26
                0x00000082                PROVIDE (BUILD_ID, .)
 *(.note.gnu.build-id)
 *fill*         0x00000082        0x2 
 .note.gnu.build-id
                0x00000084       0x24 linker stubs

.text           0x000000a8     0x1129
 *(.text)
 .text          0x000000a8       0x14 /home/jacko/pebble-dev/PebbleSDK/Pebble/aplite/lib/libpebble.a(tmpQA9vUTpebble.o)
 *(.text.*)
 .text.load_basik
                0x000000bc        0x2 src/basik.c.24.o
                0x000000bc                load_basik
 .text.save_basik
                0x000000be        0x2 src/basik.c.24.o
                0x000000be                save_basik
 .text.tick_basik
                0x000000c0        0x2 src/basik.c.24.o
                0x000000c0                tick_basik
 .text.click_basik
                0x000000c2        0x2 src/basik.c.24.o
                0x000000c2                click_basik
 .text.draw     0x000000c4       0x98 src/clock.c.24.o
 .text.tock     0x0000015c       0x5e src/clock.c.24.o
 *fill*         0x000001ba        0x2 
 .text.draw_dp  0x000001bc       0x4c src/clock.c.24.o
 .text.save_clock
                0x00000208       0x28 src/clock.c.24.o
                0x00000208                save_clock
 .text.tick_clock
                0x00000230      0x194 src/clock.c.24.o
                0x00000230                tick_clock
 .text.load_clock
                0x000003c4       0x40 src/clock.c.24.o
                0x000003c4                load_clock
 .text.click_clock
                0x00000404       0xc0 src/clock.c.24.o
                0x00000404                click_clock
 .text.load     0x000004c4       0xa0 src/game.c.24.o
                0x000004c4                load
 .text.save     0x00000564       0x90 src/game.c.24.o
                0x00000564                save
 .text.tick     0x000005f4        0x2 src/game.c.24.o
                0x000005f4                tick
 .text.click    0x000005f6        0x2 src/game.c.24.o
                0x000005f6                click
 .text.menu_window_unload
                0x000005f8       0x24 src/robomaze.c.24.o
 .text.menu_window_load
                0x0000061c      0x10c src/robomaze.c.24.o
 .text.special_select_callback
                0x00000728       0x68 src/robomaze.c.24.o
 .text.menu_select_callback
                0x00000790       0x30 src/robomaze.c.24.o
 .text.main_window_unload
                0x000007c0       0x5c src/robomaze.c.24.o
 .text.main_window_load
                0x0000081c      0x214 src/robomaze.c.24.o
 .text.config_provider
                0x00000a30       0x5c src/robomaze.c.24.o
 .text.get_map  0x00000a8c       0x40 src/robomaze.c.24.o
                0x00000a8c                get_map
 .text.put_map  0x00000acc       0x58 src/robomaze.c.24.o
                0x00000acc                put_map
 .text.layer_draw
                0x00000b24      0x22c src/robomaze.c.24.o
 .text.show_menu
                0x00000d50       0x10 src/robomaze.c.24.o
                0x00000d50                show_menu
 .text.mark_dirty
                0x00000d60       0x10 src/robomaze.c.24.o
                0x00000d60                mark_dirty
 .text.handle_second_tick
                0x00000d70       0x30 src/robomaze.c.24.o
 .text.clicks   0x00000da0       0x68 src/robomaze.c.24.o
 .text.long_click_handler
                0x00000e08        0x6 src/robomaze.c.24.o
 .text.single_click_handler
                0x00000e0e        0x6 src/robomaze.c.24.o
 .text.startup.main
                0x00000e14       0xb0 src/robomaze.c.24.o
                0x00000e14                main
 .text.app_event_loop
                0x00000ec4        0xc /home/jacko/pebble-dev/PebbleSDK/Pebble/aplite/lib/libpebble.a(tmpQA9vUTpebble.o)
                0x00000ec4                app_event_loop
 .text.click_recognizer_get_button_id
                0x00000ed0        0xc /home/jacko/pebble-dev/PebbleSDK/Pebble/aplite/lib/libpebble.a(tmpQA9vUTpebble.o)
                0x00000ed0                click_recognizer_get_button_id
 .text.gbitmap_create_as_sub_bitmap
                0x00000edc        0xc /home/jacko/pebble-dev/PebbleSDK/Pebble/aplite/lib/libpebble.a(tmpQA9vUTpebble.o)
                0x00000edc                gbitmap_create_as_sub_bitmap
 .text.gbitmap_create_with_resource
                0x00000ee8        0xc /home/jacko/pebble-dev/PebbleSDK/Pebble/aplite/lib/libpebble.a(tmpQA9vUTpebble.o)
                0x00000ee8                gbitmap_create_with_resource
 .text.gbitmap_destroy
                0x00000ef4        0xc /home/jacko/pebble-dev/PebbleSDK/Pebble/aplite/lib/libpebble.a(tmpQA9vUTpebble.o)
                0x00000ef4                gbitmap_destroy
 .text.graphics_context_set_fill_color
                0x00000f00        0xc /home/jacko/pebble-dev/PebbleSDK/Pebble/aplite/lib/libpebble.a(tmpQA9vUTpebble.o)
                0x00000f00                graphics_context_set_fill_color
 .text.graphics_draw_bitmap_in_rect
                0x00000f0c        0xc /home/jacko/pebble-dev/PebbleSDK/Pebble/aplite/lib/libpebble.a(tmpQA9vUTpebble.o)
                0x00000f0c                graphics_draw_bitmap_in_rect
 .text.graphics_fill_rect
                0x00000f18        0xc /home/jacko/pebble-dev/PebbleSDK/Pebble/aplite/lib/libpebble.a(tmpQA9vUTpebble.o)
                0x00000f18                graphics_fill_rect
 .text.layer_add_child
                0x00000f24        0xc /home/jacko/pebble-dev/PebbleSDK/Pebble/aplite/lib/libpebble.a(tmpQA9vUTpebble.o)
                0x00000f24                layer_add_child
 .text.layer_create
                0x00000f30        0xc /home/jacko/pebble-dev/PebbleSDK/Pebble/aplite/lib/libpebble.a(tmpQA9vUTpebble.o)
                0x00000f30                layer_create
 .text.layer_destroy
                0x00000f3c        0xc /home/jacko/pebble-dev/PebbleSDK/Pebble/aplite/lib/libpebble.a(tmpQA9vUTpebble.o)
                0x00000f3c                layer_destroy
 .text.layer_get_bounds
                0x00000f48        0xc /home/jacko/pebble-dev/PebbleSDK/Pebble/aplite/lib/libpebble.a(tmpQA9vUTpebble.o)
                0x00000f48                layer_get_bounds
 .text.layer_get_frame
                0x00000f54        0xc /home/jacko/pebble-dev/PebbleSDK/Pebble/aplite/lib/libpebble.a(tmpQA9vUTpebble.o)
                0x00000f54                layer_get_frame
 .text.layer_mark_dirty
                0x00000f60        0xc /home/jacko/pebble-dev/PebbleSDK/Pebble/aplite/lib/libpebble.a(tmpQA9vUTpebble.o)
                0x00000f60                layer_mark_dirty
 .text.layer_set_bounds
                0x00000f6c        0xc /home/jacko/pebble-dev/PebbleSDK/Pebble/aplite/lib/libpebble.a(tmpQA9vUTpebble.o)
                0x00000f6c                layer_set_bounds
 .text.layer_set_update_proc
                0x00000f78        0xc /home/jacko/pebble-dev/PebbleSDK/Pebble/aplite/lib/libpebble.a(tmpQA9vUTpebble.o)
                0x00000f78                layer_set_update_proc
 .text.localtime
                0x00000f84        0xc /home/jacko/pebble-dev/PebbleSDK/Pebble/aplite/lib/libpebble.a(tmpQA9vUTpebble.o)
                0x00000f84                localtime
 .text.memset   0x00000f90        0xc /home/jacko/pebble-dev/PebbleSDK/Pebble/aplite/lib/libpebble.a(tmpQA9vUTpebble.o)
                0x00000f90                memset
 .text.persist_exists
                0x00000f9c        0xc /home/jacko/pebble-dev/PebbleSDK/Pebble/aplite/lib/libpebble.a(tmpQA9vUTpebble.o)
                0x00000f9c                persist_exists
 .text.persist_read_int
                0x00000fa8        0xc /home/jacko/pebble-dev/PebbleSDK/Pebble/aplite/lib/libpebble.a(tmpQA9vUTpebble.o)
                0x00000fa8                persist_read_int
 .text.persist_write_int
                0x00000fb4        0xc /home/jacko/pebble-dev/PebbleSDK/Pebble/aplite/lib/libpebble.a(tmpQA9vUTpebble.o)
                0x00000fb4                persist_write_int
 .text.simple_menu_layer_create
                0x00000fc0        0xc /home/jacko/pebble-dev/PebbleSDK/Pebble/aplite/lib/libpebble.a(tmpQA9vUTpebble.o)
                0x00000fc0                simple_menu_layer_create
 .text.simple_menu_layer_destroy
                0x00000fcc        0xc /home/jacko/pebble-dev/PebbleSDK/Pebble/aplite/lib/libpebble.a(tmpQA9vUTpebble.o)
                0x00000fcc                simple_menu_layer_destroy
 .text.simple_menu_layer_get_layer
                0x00000fd8        0xc /home/jacko/pebble-dev/PebbleSDK/Pebble/aplite/lib/libpebble.a(tmpQA9vUTpebble.o)
                0x00000fd8                simple_menu_layer_get_layer
 .text.tick_timer_service_subscribe
                0x00000fe4        0xc /home/jacko/pebble-dev/PebbleSDK/Pebble/aplite/lib/libpebble.a(tmpQA9vUTpebble.o)
                0x00000fe4                tick_timer_service_subscribe
 .text.time     0x00000ff0        0xc /home/jacko/pebble-dev/PebbleSDK/Pebble/aplite/lib/libpebble.a(tmpQA9vUTpebble.o)
                0x00000ff0                time
 .text.window_create
                0x00000ffc        0xc /home/jacko/pebble-dev/PebbleSDK/Pebble/aplite/lib/libpebble.a(tmpQA9vUTpebble.o)
                0x00000ffc                window_create
 .text.window_destroy
                0x00001008        0xc /home/jacko/pebble-dev/PebbleSDK/Pebble/aplite/lib/libpebble.a(tmpQA9vUTpebble.o)
                0x00001008                window_destroy
 .text.window_get_root_layer
                0x00001014        0xc /home/jacko/pebble-dev/PebbleSDK/Pebble/aplite/lib/libpebble.a(tmpQA9vUTpebble.o)
                0x00001014                window_get_root_layer
 .text.window_set_click_config_provider
                0x00001020        0xc /home/jacko/pebble-dev/PebbleSDK/Pebble/aplite/lib/libpebble.a(tmpQA9vUTpebble.o)
                0x00001020                window_set_click_config_provider
 .text.window_set_fullscreen
                0x0000102c        0xc /home/jacko/pebble-dev/PebbleSDK/Pebble/aplite/lib/libpebble.a(tmpQA9vUTpebble.o)
                0x0000102c                window_set_fullscreen
 .text.window_set_window_handlers
                0x00001038        0xc /home/jacko/pebble-dev/PebbleSDK/Pebble/aplite/lib/libpebble.a(tmpQA9vUTpebble.o)
                0x00001038                window_set_window_handlers
 .text.window_stack_push
                0x00001044        0xc /home/jacko/pebble-dev/PebbleSDK/Pebble/aplite/lib/libpebble.a(tmpQA9vUTpebble.o)
                0x00001044                window_stack_push
 .text.window_long_click_subscribe
                0x00001050        0xc /home/jacko/pebble-dev/PebbleSDK/Pebble/aplite/lib/libpebble.a(tmpQA9vUTpebble.o)
                0x00001050                window_long_click_subscribe
 .text.window_single_click_subscribe
                0x0000105c        0xc /home/jacko/pebble-dev/PebbleSDK/Pebble/aplite/lib/libpebble.a(tmpQA9vUTpebble.o)
                0x0000105c                window_single_click_subscribe
 .text.persist_read_data
                0x00001068        0xc /home/jacko/pebble-dev/PebbleSDK/Pebble/aplite/lib/libpebble.a(tmpQA9vUTpebble.o)
                0x00001068                persist_read_data
 .text.persist_write_data
                0x00001074        0xc /home/jacko/pebble-dev/PebbleSDK/Pebble/aplite/lib/libpebble.a(tmpQA9vUTpebble.o)
                0x00001074                persist_write_data
 *(.rodata)
 .rodata        0x00001080       0x18 src/robomaze.c.24.o
 *(.rodata*)
 .rodata.delays
                0x00001098        0x5 src/clock.c.24.o
 .rodata.days   0x0000109d       0x39 src/clock.c.24.o
 .rodata.pics   0x000010d6       0x42 src/clock.c.24.o
 .rodata.keys   0x00001118        0x5 src/clock.c.24.o
 .rodata.str1.1
                0x0000111d       0xb4 src/robomaze.c.24.o
                                 0xc1 (size before relaxing)

.glue_7         0x000011d4        0x0
 .glue_7        0x00000000        0x0 linker stubs

.glue_7t        0x000011d4        0x0
 .glue_7t       0x00000000        0x0 linker stubs

.vfp11_veneer   0x000011d4        0x0
 .vfp11_veneer  0x00000000        0x0 linker stubs

.v4_bx          0x000011d4        0x0
 .v4_bx         0x00000000        0x0 linker stubs

.iplt           0x000011d4        0x0
 .iplt          0x00000000        0x0 /home/jacko/pebble-dev/PebbleSDK/arm-cs-tools/bin/../lib/gcc/arm-none-eabi/4.7.3/thumb2/crtbegin.o

.rel.dyn        0x000011d4        0x0
 .rel.iplt      0x00000000        0x0 /home/jacko/pebble-dev/PebbleSDK/arm-cs-tools/bin/../lib/gcc/arm-none-eabi/4.7.3/thumb2/crtbegin.o
 .rel.got       0x00000000        0x0 /home/jacko/pebble-dev/PebbleSDK/arm-cs-tools/bin/../lib/gcc/arm-none-eabi/4.7.3/thumb2/crtbegin.o

.data           0x000011d4       0x10
 *(.data)
 .data          0x000011d4        0x0 /home/jacko/pebble-dev/PebbleSDK/arm-cs-tools/bin/../lib/gcc/arm-none-eabi/4.7.3/thumb2/crti.o
 .data          0x000011d4        0x4 /home/jacko/pebble-dev/PebbleSDK/arm-cs-tools/bin/../lib/gcc/arm-none-eabi/4.7.3/thumb2/crtbegin.o
                0x000011d4                __dso_handle
 .data          0x000011d8        0x0 src/basik.c.24.o
 .data          0x000011d8        0x0 src/clock.c.24.o
 .data          0x000011d8        0x0 src/game.c.24.o
 .data          0x000011d8        0xc src/robomaze.c.24.o
 .data          0x000011e4        0x0 aplite/appinfo.auto.c.24.o
 .data          0x000011e4        0x0 /home/jacko/pebble-dev/PebbleSDK/Pebble/aplite/lib/libpebble.a(tmpQA9vUTpebble.o)
 .data          0x000011e4        0x0 /home/jacko/pebble-dev/PebbleSDK/arm-cs-tools/bin/../lib/gcc/arm-none-eabi/4.7.3/thumb2/crtend.o
 .data          0x000011e4        0x0 /home/jacko/pebble-dev/PebbleSDK/arm-cs-tools/bin/../lib/gcc/arm-none-eabi/4.7.3/thumb2/crtn.o
 *(.data.*)

.igot.plt       0x000011e4        0x0
 .igot.plt      0x00000000        0x0 /home/jacko/pebble-dev/PebbleSDK/arm-cs-tools/bin/../lib/gcc/arm-none-eabi/4.7.3/thumb2/crtbegin.o

.got            0x000011e4        0x8
 .got           0x000011e4        0x8 /home/jacko/pebble-dev/PebbleSDK/arm-cs-tools/bin/../lib/gcc/arm-none-eabi/4.7.3/thumb2/crtbegin.o

.got.plt        0x000011ec        0xc
 .got.plt       0x000011ec        0xc /home/jacko/pebble-dev/PebbleSDK/arm-cs-tools/bin/../lib/gcc/arm-none-eabi/4.7.3/thumb2/crtbegin.o
                0x000011ec                _GLOBAL_OFFSET_TABLE_

.bss            0x000011f8      0x89a
 *(.bss)
 *(.bss.*)
 .bss.buf.6733  0x000011f8       0x2c src/clock.c.24.o
 .bss.clickback
                0x00001224        0x1 src/clock.c.24.o
 *fill*         0x00001225        0x3 
 .bss.sw        0x00001228        0x4 src/clock.c.24.o
 .bss.sw_butt   0x0000122c        0x2 src/clock.c.24.o
 .bss.dp        0x0000122e        0x1 src/clock.c.24.o
 .bss.button_sec
                0x0000122f        0x1 src/clock.c.24.o
 .bss.mode      0x00001230        0x1 src/clock.c.24.o
 *fill*         0x00001231        0x3 
 .bss.lap       0x00001234       0x2c src/clock.c.24.o
 .bss.layer     0x00001260        0x4 src/robomaze.c.24.o
 .bss.s_menu_sections
                0x00001264       0x18 src/robomaze.c.24.o
 .bss.pause     0x0000127c        0x1 src/robomaze.c.24.o
                0x0000127c                pause
 *fill*         0x0000127d        0x3 
 .bss.char_gfx  0x00001280       0xc0 src/robomaze.c.24.o
 .bss.map       0x00001340        0x4 src/robomaze.c.24.o
 .bss.s_second_menu_items
                0x00001344       0x10 src/robomaze.c.24.o
 .bss.seconds   0x00001354        0x4 src/robomaze.c.24.o
                0x00001354                seconds
 .bss.s_simple_menu_layer
                0x00001358        0x4 src/robomaze.c.24.o
 .bss.s_special_flag
                0x0000135c        0x1 src/robomaze.c.24.o
 *fill*         0x0000135d        0x3 
 .bss.s_menu_icon_image
                0x00001360        0x4 src/robomaze.c.24.o
 .bss.s_menu_window
                0x00001364        0x4 src/robomaze.c.24.o
 .bss.s_first_menu_items
                0x00001368       0x30 src/robomaze.c.24.o
 .bss.maze_gfx  0x00001398       0x7c src/robomaze.c.24.o
 .bss.s_main_window
                0x00001414        0x4 src/robomaze.c.24.o
 .bss.s_hit_count
                0x00001418        0x4 src/robomaze.c.24.o
 COMMON         0x0000141c      0x676 src/robomaze.c.24.o
                0x0000141c                maze
                0x00001851                con

DISCARD
 libc.a(*)
 libm.a(*)
 libgcc.a(*)
 *(.eh_frame)
OUTPUT(/home/jacko/pebble-dev/examples/watchapps/RoboMaze/build/aplite/pebble-app.elf elf32-littlearm)

.ARM.attributes
                0x00000000       0x27
 .ARM.attributes
                0x00000000       0x19 /home/jacko/pebble-dev/PebbleSDK/arm-cs-tools/bin/../lib/gcc/arm-none-eabi/4.7.3/thumb2/crti.o
 .ARM.attributes
                0x00000019       0x29 /home/jacko/pebble-dev/PebbleSDK/arm-cs-tools/bin/../lib/gcc/arm-none-eabi/4.7.3/thumb2/crtbegin.o
 .ARM.attributes
                0x00000042       0x33 src/basik.c.24.o
 .ARM.attributes
                0x00000075       0x33 src/clock.c.24.o
 .ARM.attributes
                0x000000a8       0x33 src/game.c.24.o
 .ARM.attributes
                0x000000db       0x33 src/robomaze.c.24.o
 .ARM.attributes
                0x0000010e       0x33 aplite/appinfo.auto.c.24.o
 .ARM.attributes
                0x00000141       0x21 /home/jacko/pebble-dev/PebbleSDK/Pebble/aplite/lib/libpebble.a(tmpQA9vUTpebble.o)
 .ARM.attributes
                0x00000162       0x29 /home/jacko/pebble-dev/PebbleSDK/arm-cs-tools/bin/../lib/gcc/arm-none-eabi/4.7.3/thumb2/crtend.o
 .ARM.attributes
                0x0000018b       0x19 /home/jacko/pebble-dev/PebbleSDK/arm-cs-tools/bin/../lib/gcc/arm-none-eabi/4.7.3/thumb2/crtn.o

.comment        0x00000000       0x4e
 .comment       0x00000000       0x4e /home/jacko/pebble-dev/PebbleSDK/arm-cs-tools/bin/../lib/gcc/arm-none-eabi/4.7.3/thumb2/crtbegin.o
                                 0x4f (size before relaxing)
 .comment       0x00000000       0x4f src/basik.c.24.o
 .comment       0x00000000       0x4f src/clock.c.24.o
 .comment       0x00000000       0x4f src/game.c.24.o
 .comment       0x00000000       0x4f src/robomaze.c.24.o
 .comment       0x00000000       0x4f aplite/appinfo.auto.c.24.o
 .comment       0x00000000       0x4f /home/jacko/pebble-dev/PebbleSDK/arm-cs-tools/bin/../lib/gcc/arm-none-eabi/4.7.3/thumb2/crtend.o

.debug_info     0x00000000     0x29e7
 .debug_info    0x00000000      0x13e src/basik.c.24.o
 .debug_info    0x0000013e      0x8f6 src/clock.c.24.o
 .debug_info    0x00000a34      0x35d src/game.c.24.o
 .debug_info    0x00000d91     0x1942 src/robomaze.c.24.o
 .debug_info    0x000026d3      0x314 aplite/appinfo.auto.c.24.o

.debug_abbrev   0x00000000      0xa70
 .debug_abbrev  0x00000000       0xae src/basik.c.24.o
 .debug_abbrev  0x000000ae      0x2c9 src/clock.c.24.o
 .debug_abbrev  0x00000377      0x1ad src/game.c.24.o
 .debug_abbrev  0x00000524      0x4ae src/robomaze.c.24.o
 .debug_abbrev  0x000009d2       0x9e aplite/appinfo.auto.c.24.o

.debug_aranges  0x00000000      0x178
 .debug_aranges
                0x00000000       0x38 src/basik.c.24.o
 .debug_aranges
                0x00000038       0x50 src/clock.c.24.o
 .debug_aranges
                0x00000088       0x38 src/game.c.24.o
 .debug_aranges
                0x000000c0       0xa0 src/robomaze.c.24.o
 .debug_aranges
                0x00000160       0x18 aplite/appinfo.auto.c.24.o

.debug_ranges   0x00000000      0x550
 .debug_ranges  0x00000000       0x28 src/basik.c.24.o
 .debug_ranges  0x00000028      0x120 src/clock.c.24.o
 .debug_ranges  0x00000148       0xa8 src/game.c.24.o
 .debug_ranges  0x000001f0      0x360 src/robomaze.c.24.o

.debug_line     0x00000000      0xb97
 .debug_line    0x00000000       0xae src/basik.c.24.o
 .debug_line    0x000000ae      0x30a src/clock.c.24.o
 .debug_line    0x000003b8      0x224 src/game.c.24.o
 .debug_line    0x000005dc      0x494 src/robomaze.c.24.o
 .debug_line    0x00000a70      0x127 aplite/appinfo.auto.c.24.o

.debug_str      0x00000000      0xbc4
 .debug_str     0x00000000      0x145 src/basik.c.24.o
                                0x17e (size before relaxing)
 .debug_str     0x00000145      0x19f src/clock.c.24.o
                                0x2f5 (size before relaxing)
 .debug_str     0x000002e4       0x38 src/game.c.24.o
                                0x1af (size before relaxing)
 .debug_str     0x0000031c      0x743 src/robomaze.c.24.o
                                0xa12 (size before relaxing)
 .debug_str     0x00000a5f      0x165 aplite/appinfo.auto.c.24.o
                                0x2c5 (size before relaxing)

.debug_frame    0x00000000      0x38c
 .debug_frame   0x00000000       0x50 src/basik.c.24.o
 .debug_frame   0x00000050       0xf0 src/clock.c.24.o
 .debug_frame   0x00000140       0x7c src/game.c.24.o
 .debug_frame   0x000001bc      0x1d0 src/robomaze.c.24.o

.debug_loc      0x00000000      0xcd2
 .debug_loc     0x00000000      0x318 src/clock.c.24.o
 .debug_loc     0x00000318      0x180 src/game.c.24.o
 .debug_loc     0x00000498      0x83a src/robomaze.c.24.o
/home/jacko/pebble-dev/PebbleSDK/Pebble/basalt/lib/libpebble.a(tmpTNRbtApebble.o)
 .text.property_animation_create_bounds_origin
                0x00000000        0xc /home/jacko/pebble-dev/PebbleSDK/Pebble/basalt/lib/libpebble.a(tmpTNRbtApebble.o)
 .text.property_animation_update_uint32
                0x00000000        0xc /home/jacko/pebble-dev/PebbleSDK/Pebble/basalt/lib/libpebble.a(tmpTNRbtApebble.o)
 .text.gpath_draw_outline_open
                0x00000000        0xc /home/jacko/pebble-dev/PebbleSDK/Pebble/basalt/lib/libpebble.a(tmpTNRbtApebble.o)
 .text.menu_layer_set_highlight_colors
                0x00000000        0xc /home/jacko/pebble-dev/PebbleSDK/Pebble/basalt/lib/libpebble.a(tmpTNRbtApebble.o)
 .text.menu_layer_set_normal_colors
                0x00000000        0xc /home/jacko/pebble-dev/PebbleSDK/Pebble/basalt/lib/libpebble.a(tmpTNRbtApebble.o)
 .text.menu_layer_set_callbacks
                0x00000000        0xc /home/jacko/pebble-dev/PebbleSDK/Pebble/basalt/lib/libpebble.a(tmpTNRbtApebble.o)
 .text.menu_layer_pad_bottom_enable
                0x00000000        0xc /home/jacko/pebble-dev/PebbleSDK/Pebble/basalt/lib/libpebble.a(tmpTNRbtApebble.o)
 .text.status_bar_layer_create
                0x00000000        0xc /home/jacko/pebble-dev/PebbleSDK/Pebble/basalt/lib/libpebble.a(tmpTNRbtApebble.o)
 .text.status_bar_layer_destroy
                0x00000000        0xc /home/jacko/pebble-dev/PebbleSDK/Pebble/basalt/lib/libpebble.a(tmpTNRbtApebble.o)
 .text.status_bar_layer_get_background_color
                0x00000000        0xc /home/jacko/pebble-dev/PebbleSDK/Pebble/basalt/lib/libpebble.a(tmpTNRbtApebble.o)
 .text.status_bar_layer_get_foreground_color
                0x00000000        0xc /home/jacko/pebble-dev/PebbleSDK/Pebble/basalt/lib/libpebble.a(tmpTNRbtApebble.o)
 .text.status_bar_layer_get_layer
                0x00000000        0xc /home/jacko/pebble-dev/PebbleSDK/Pebble/basalt/lib/libpebble.a(tmpTNRbtApebble.o)
 .text.status_bar_layer_set_colors
                0x00000000        0xc /home/jacko/pebble-dev/PebbleSDK/Pebble/basalt/lib/libpebble.a(tmpTNRbtApebble.o)
 .text.status_bar_layer_set_separator_mode
                0x00000000        0xc /home/jacko/pebble-dev/PebbleSDK/Pebble/basalt/lib/libpebble.a(tmpTNRbtApebble.o)
 .text          0x00000000        0x0 /home/jacko/pebble-dev/PebbleSDK/arm-cs-tools/bin/../lib/gcc/arm-none-eabi/4.7.3/thumb2/crtend.o
 .bss           0x00000000        0x0 /home/jacko/pebble-dev/PebbleSDK/arm-cs-tools/bin/../lib/gcc/arm-none-eabi/4.7.3/thumb2/crtend.o
 .eh_frame      0x00000000        0x4 /home/jacko/pebble-dev/PebbleSDK/arm-cs-tools/bin/../lib/gcc/arm-none-eabi/4.7.3/thumb2/crtend.o
 .jcr           0x00000000        0x4 /home/jacko/pebble-dev/PebbleSDK/arm-cs-tools/bin/../lib/gcc/arm-none-eabi/4.7.3/thumb2/crtend.o
 .tm_clone_table
                0x00000000        0x0 /home/jacko/pebble-dev/PebbleSDK/arm-cs-tools/bin/../lib/gcc/arm-none-eabi/4.7.3/thumb2/crtend.o
 .text          0x00000000        0x0 /home/jacko/pebble-dev/PebbleSDK/arm-cs-tools/bin/../lib/gcc/arm-none-eabi/4.7.3/thumb2/crtn.o
 .bss           0x00000000        0x0 /home/jacko/pebble-dev/PebbleSDK/arm-cs-tools/bin/../lib/gcc/arm-none-eabi/4.7.3/thumb2/crtn.o
 .init          0x00000000        0x8 /home/jacko/pebble-dev/PebbleSDK/arm-cs-tools/bin/../lib/gcc/arm-none-eabi/4.7.3/thumb2/crtn.o
 .fini          0x00000000        0x8 /home/jacko/pebble-dev/PebbleSDK/arm-cs-tools/bin/../lib/gcc/arm-none-eabi/4.7.3/thumb2/crtn.o

Memory Configuration

Name             Origin             Length             Attributes
APP              0x00000000         0x00010000         xrw
*default*        0x00000000         0xffffffff

Linker script and memory map

LOAD /home/jacko/pebble-dev/PebbleSDK/arm-cs-tools/bin/../lib/gcc/arm-none-eabi/4.7.3/thumb2/crti.o
LOAD /home/jacko/pebble-dev/PebbleSDK/arm-cs-tools/bin/../lib/gcc/arm-none-eabi/4.7.3/thumb2/crtbegin.o
LOAD src/basik.c.23.o
LOAD src/clock.c.23.o
LOAD src/game.c.23.o
LOAD src/robomaze.c.23.o
LOAD basalt/appinfo.auto.c.23.o
LOAD /home/jacko/pebble-dev/PebbleSDK/Pebble/basalt/lib/libpebble.a
START GROUP
LOAD /home/jacko/pebble-dev/PebbleSDK/arm-cs-tools/bin/../lib/gcc/arm-none-eabi/4.7.3/thumb2/libgcc.a
LOAD /home/jacko/pebble-dev/PebbleSDK/arm-cs-tools/bin/../lib/gcc/arm-none-eabi/4.7.3/../../../../arm-none-eabi/lib/thumb2/libc.a
END GROUP
LOAD /home/jacko/pebble-dev/PebbleSDK/arm-cs-tools/bin/../lib/gcc/arm-none-eabi/4.7.3/thumb2/crtend.o
LOAD /home/jacko/pebble-dev/PebbleSDK/arm-cs-tools/bin/../lib/gcc/arm-none-eabi/4.7.3/thumb2/crtn.o

.header         0x00000000       0x82
 *(.pbl_header)
 .pbl_header    0x00000000       0x82 basalt/appinfo.auto.c.23.o
                0x00000000                __pbl_app_info

.note.gnu.build-id
                0x00000082       0x26
                0x00000082                PROVIDE (BUILD_ID, .)
 *(.note.gnu.build-id)
 *fill*         0x00000082        0x2 
 .note.gnu.build-id
                0x00000084       0x24 linker stubs

.text           0x000000a8     0x1119
 *(.text)
 .text          0x000000a8       0x14 /home/jacko/pebble-dev/PebbleSDK/Pebble/basalt/lib/libpebble.a(tmpTNRbtApebble.o)
 *(.text.*)
 .text.load_basik
                0x000000bc        0x2 src/basik.c.23.o
                0x000000bc                load_basik
 .text.save_basik
                0x000000be        0x2 src/basik.c.23.o
                0x000000be                save_basik
 .text.tick_basik
                0x000000c0        0x2 src/basik.c.23.o
                0x000000c0                tick_basik
 .text.click_basik
                0x000000c2        0x2 src/basik.c.23.o
                0x000000c2                click_basik
 .text.draw     0x000000c4       0x98 src/clock.c.23.o
 .text.tock     0x0000015c       0x5e src/clock.c.23.o
 *fill*         0x000001ba        0x2 
 .text.draw_dp  0x000001bc       0x4c src/clock.c.23.o
 .text.save_clock
                0x00000208       0x28 src/clock.c.23.o
                0x00000208                save_clock
 .text.tick_clock
                0x00000230      0x194 src/clock.c.23.o
                0x00000230                tick_clock
 .text.load_clock
                0x000003c4       0x40 src/clock.c.23.o
                0x000003c4                load_clock
 .text.click_clock
                0x00000404       0xbc src/clock.c.23.o
                0x00000404                click_clock
 .text.load     0x000004c0       0xa0 src/game.c.23.o
                0x000004c0                load
 .text.save     0x00000560       0x90 src/game.c.23.o
                0x00000560                save
 .text.tick     0x000005f0        0x2 src/game.c.23.o
                0x000005f0                tick
 .text.click    0x000005f2        0x2 src/game.c.23.o
                0x000005f2                click
 .text.menu_window_unload
                0x000005f4       0x24 src/robomaze.c.23.o
 .text.menu_window_load
                0x00000618      0x10c src/robomaze.c.23.o
 .text.special_select_callback
                0x00000724       0x68 src/robomaze.c.23.o
 .text.menu_select_callback
                0x0000078c       0x30 src/robomaze.c.23.o
 .text.main_window_unload
                0x000007bc       0x5c src/robomaze.c.23.o
 .text.main_window_load
                0x00000818      0x210 src/robomaze.c.23.o
 .text.config_provider
                0x00000a28       0x5c src/robomaze.c.23.o
 .text.get_map  0x00000a84       0x40 src/robomaze.c.23.o
                0x00000a84                get_map
 .text.put_map  0x00000ac4       0x58 src/robomaze.c.23.o
                0x00000ac4                put_map
 .text.layer_draw
                0x00000b1c      0x230 src/robomaze.c.23.o
 .text.show_menu
                0x00000d4c       0x10 src/robomaze.c.23.o
                0x00000d4c                show_menu
 .text.mark_dirty
                0x00000d5c       0x10 src/robomaze.c.23.o
                0x00000d5c                mark_dirty
 .text.handle_second_tick
                0x00000d6c       0x30 src/robomaze.c.23.o
 .text.clicks   0x00000d9c       0x68 src/robomaze.c.23.o
 .text.long_click_handler
                0x00000e04        0x6 src/robomaze.c.23.o
 .text.single_click_handler
                0x00000e0a        0x6 src/robomaze.c.23.o
 .text.startup.main
                0x00000e10       0xb0 src/robomaze.c.23.o
                0x00000e10                main
 .text.app_event_loop
                0x00000ec0        0xc /home/jacko/pebble-dev/PebbleSDK/Pebble/basalt/lib/libpebble.a(tmpTNRbtApebble.o)
                0x00000ec0                app_event_loop
 .text.click_recognizer_get_button_id
                0x00000ecc        0xc /home/jacko/pebble-dev/PebbleSDK/Pebble/basalt/lib/libpebble.a(tmpTNRbtApebble.o)
                0x00000ecc                click_recognizer_get_button_id
 .text.gbitmap_create_as_sub_bitmap
                0x00000ed8        0xc /home/jacko/pebble-dev/PebbleSDK/Pebble/basalt/lib/libpebble.a(tmpTNRbtApebble.o)
                0x00000ed8                gbitmap_create_as_sub_bitmap
 .text.gbitmap_create_with_resource
                0x00000ee4        0xc /home/jacko/pebble-dev/PebbleSDK/Pebble/basalt/lib/libpebble.a(tmpTNRbtApebble.o)
                0x00000ee4                gbitmap_create_with_resource
 .text.gbitmap_destroy
                0x00000ef0        0xc /home/jacko/pebble-dev/PebbleSDK/Pebble/basalt/lib/libpebble.a(tmpTNRbtApebble.o)
                0x00000ef0                gbitmap_destroy
 .text.graphics_draw_bitmap_in_rect
                0x00000efc        0xc /home/jacko/pebble-dev/PebbleSDK/Pebble/basalt/lib/libpebble.a(tmpTNRbtApebble.o)
                0x00000efc                graphics_draw_bitmap_in_rect
 .text.graphics_fill_rect
                0x00000f08        0xc /home/jacko/pebble-dev/PebbleSDK/Pebble/basalt/lib/libpebble.a(tmpTNRbtApebble.o)
                0x00000f08                graphics_fill_rect
 .text.layer_add_child
                0x00000f14        0xc /home/jacko/pebble-dev/PebbleSDK/Pebble/basalt/lib/libpebble.a(tmpTNRbtApebble.o)
                0x00000f14                layer_add_child
 .text.layer_create
                0x00000f20        0xc /home/jacko/pebble-dev/PebbleSDK/Pebble/basalt/lib/libpebble.a(tmpTNRbtApebble.o)
                0x00000f20                layer_create
 .text.layer_destroy
                0x00000f2c        0xc /home/jacko/pebble-dev/PebbleSDK/Pebble/basalt/lib/libpebble.a(tmpTNRbtApebble.o)
                0x00000f2c                layer_destroy
 .text.layer_get_bounds
                0x00000f38        0xc /home/jacko/pebble-dev/PebbleSDK/Pebble/basalt/lib/libpebble.a(tmpTNRbtApebble.o)
                0x00000f38                layer_get_bounds
 .text.layer_get_frame
                0x00000f44        0xc /home/jacko/pebble-dev/PebbleSDK/Pebble/basalt/lib/libpebble.a(tmpTNRbtApebble.o)
                0x00000f44                layer_get_frame
 .text.layer_mark_dirty
                0x00000f50        0xc /home/jacko/pebble-dev/PebbleSDK/Pebble/basalt/lib/libpebble.a(tmpTNRbtApebble.o)
                0x00000f50                layer_mark_dirty
 .text.layer_set_bounds
                0x00000f5c        0xc /home/jacko/pebble-dev/PebbleSDK/Pebble/basalt/lib/libpebble.a(tmpTNRbtApebble.o)
                0x00000f5c                layer_set_bounds
 .text.layer_set_update_proc
                0x00000f68        0xc /home/jacko/pebble-dev/PebbleSDK/Pebble/basalt/lib/libpebble.a(tmpTNRbtApebble.o)
                0x00000f68                layer_set_update_proc
 .text.memset   0x00000f74        0xc /home/jacko/pebble-dev/PebbleSDK/Pebble/basalt/lib/libpebble.a(tmpTNRbtApebble.o)
                0x00000f74                memset
 .text.persist_exists
                0x00000f80        0xc /home/jacko/pebble-dev/PebbleSDK/Pebble/basalt/lib/libpebble.a(tmpTNRbtApebble.o)
                0x00000f80                persist_exists
 .text.persist_read_int
                0x00000f8c        0xc /home/jacko/pebble-dev/PebbleSDK/Pebble/basalt/lib/libpebble.a(tmpTNRbtApebble.o)
                0x00000f8c                persist_read_int
 .text.persist_write_int
                0x00000f98        0xc /home/jacko/pebble-dev/PebbleSDK/Pebble/basalt/lib/libpebble.a(tmpTNRbtApebble.o)
                0x00000f98                persist_write_int
 .text.simple_menu_layer_create
                0x00000fa4        0xc /home/jacko/pebble-dev/PebbleSDK/Pebble/basalt/lib/libpebble.a(tmpTNRbtApebble.o)
                0x00000fa4                simple_menu_layer_create
 .text.simple_menu_layer_destroy
                0x00000fb0        0xc /home/jacko/pebble-dev/PebbleSDK/Pebble/basalt/lib/libpebble.a(tmpTNRbtApebble.o)
                0x00000fb0                simple_menu_layer_destroy
 .text.simple_menu_layer_get_layer
                0x00000fbc        0xc /home/jacko/pebble-dev/PebbleSDK/Pebble/basalt/lib/libpebble.a(tmpTNRbtApebble.o)
                0x00000fbc                simple_menu_layer_get_layer
 .text.tick_timer_service_subscribe
                0x00000fc8        0xc /home/jacko/pebble-dev/PebbleSDK/Pebble/basalt/lib/libpebble.a(tmpTNRbtApebble.o)
                0x00000fc8                tick_timer_service_subscribe
 .text.window_create
                0x00000fd4        0xc /home/jacko/pebble-dev/PebbleSDK/Pebble/basalt/lib/libpebble.a(tmpTNRbtApebble.o)
                0x00000fd4                window_create
 .text.window_destroy
                0x00000fe0        0xc /home/jacko/pebble-dev/PebbleSDK/Pebble/basalt/lib/libpebble.a(tmpTNRbtApebble.o)
                0x00000fe0                window_destroy
 .text.window_get_root_layer
                0x00000fec        0xc /home/jacko/pebble-dev/PebbleSDK/Pebble/basalt/lib/libpebble.a(tmpTNRbtApebble.o)
                0x00000fec                window_get_root_layer
 .text.window_set_click_config_provider
                0x00000ff8        0xc /home/jacko/pebble-dev/PebbleSDK/Pebble/basalt/lib/libpebble.a(tmpTNRbtApebble.o)
                0x00000ff8                window_set_click_config_provider
 .text.window_set_window_handlers
                0x00001004        0xc /home/jacko/pebble-dev/PebbleSDK/Pebble/basalt/lib/libpebble.a(tmpTNRbtApebble.o)
                0x00001004                window_set_window_handlers
 .text.window_stack_push
                0x00001010        0xc /home/jacko/pebble-dev/PebbleSDK/Pebble/basalt/lib/libpebble.a(tmpTNRbtApebble.o)
                0x00001010                window_stack_push
 .text.window_long_click_subscribe
                0x0000101c        0xc /home/jacko/pebble-dev/PebbleSDK/Pebble/basalt/lib/libpebble.a(tmpTNRbtApebble.o)
                0x0000101c                window_long_click_subscribe
 .text.window_single_click_subscribe
                0x00001028        0xc /home/jacko/pebble-dev/PebbleSDK/Pebble/basalt/lib/libpebble.a(tmpTNRbtApebble.o)
                0x00001028                window_single_click_subscribe
 .text.persist_read_data
                0x00001034        0xc /home/jacko/pebble-dev/PebbleSDK/Pebble/basalt/lib/libpebble.a(tmpTNRbtApebble.o)
                0x00001034                persist_read_data
 .text.persist_write_data
                0x00001040        0xc /home/jacko/pebble-dev/PebbleSDK/Pebble/basalt/lib/libpebble.a(tmpTNRbtApebble.o)
                0x00001040                persist_write_data
 .text.graphics_context_set_fill_color
                0x0000104c        0xc /home/jacko/pebble-dev/PebbleSDK/Pebble/basalt/lib/libpebble.a(tmpTNRbtApebble.o)
                0x0000104c                graphics_context_set_fill_color
 .text.localtime
                0x00001058        0xc /home/jacko/pebble-dev/PebbleSDK/Pebble/basalt/lib/libpebble.a(tmpTNRbtApebble.o)
                0x00001058                localtime
 .text.time     0x00001064        0xc /home/jacko/pebble-dev/PebbleSDK/Pebble/basalt/lib/libpebble.a(tmpTNRbtApebble.o)
                0x00001064                time
 *(.rodata)
 .rodata        0x00001070       0x18 src/robomaze.c.23.o
 *(.rodata*)
 .rodata.delays
                0x00001088        0x5 src/clock.c.23.o
 .rodata.days   0x0000108d       0x39 src/clock.c.23.o
 .rodata.pics   0x000010c6       0x42 src/clock.c.23.o
 .rodata.keys   0x00001108        0x5 src/clock.c.23.o
 .rodata.str1.1
                0x0000110d       0xb4 src/robomaze.c.23.o
                                 0xc1 (size before relaxing)

.glue_7         0x000011c4        0x0
 .glue_7        0x00000000        0x0 linker stubs

.glue_7t        0x000011c4        0x0
 .glue_7t       0x00000000        0x0 linker stubs

.vfp11_veneer   0x000011c4        0x0
 .vfp11_veneer  0x00000000        0x0 linker stubs

.v4_bx          0x000011c4        0x0
 .v4_bx         0x00000000        0x0 linker stubs

.iplt           0x000011c4        0x0
 .iplt          0x00000000        0x0 /home/jacko/pebble-dev/PebbleSDK/arm-cs-tools/bin/../lib/gcc/arm-none-eabi/4.7.3/thumb2/crtbegin.o

.rel.dyn        0x000011c4        0x0
 .rel.iplt      0x00000000        0x0 /home/jacko/pebble-dev/PebbleSDK/arm-cs-tools/bin/../lib/gcc/arm-none-eabi/4.7.3/thumb2/crtbegin.o
 .rel.got       0x00000000        0x0 /home/jacko/pebble-dev/PebbleSDK/arm-cs-tools/bin/../lib/gcc/arm-none-eabi/4.7.3/thumb2/crtbegin.o

.data           0x000011c4       0x10
 *(.data)
 .data          0x000011c4        0x0 /home/jacko/pebble-dev/PebbleSDK/arm-cs-tools/bin/../lib/gcc/arm-none-eabi/4.7.3/thumb2/crti.o
 .data          0x000011c4        0x4 /home/jacko/pebble-dev/PebbleSDK/arm-cs-tools/bin/../lib/gcc/arm-none-eabi/4.7.3/thumb2/crtbegin.o
                0x000011c4                __dso_handle
 .data          0x000011c8        0x0 src/basik.c.23.o
 .data          0x000011c8        0x0 src/clock.c.23.o
 .data          0x000011c8        0x0 src/game.c.23.o
 .data          0x000011c8        0xc src/robomaze.c.23.o
 .data          0x000011d4        0x0 basalt/appinfo.auto.c.23.o
 .data          0x000011d4        0x0 /home/jacko/pebble-dev/PebbleSDK/Pebble/basalt/lib/libpebble.a(tmpTNRbtApebble.o)
 .data          0x000011d4        0x0 /home/jacko/pebble-dev/PebbleSDK/arm-cs-tools/bin/../lib/gcc/arm-none-eabi/4.7.3/thumb2/crtend.o
 .data          0x000011d4        0x0 /home/jacko/pebble-dev/PebbleSDK/arm-cs-tools/bin/../lib/gcc/arm-none-eabi/4.7.3/thumb2/crtn.o
 *(.data.*)

.igot.plt       0x000011d4        0x0
 .igot.plt      0x00000000        0x0 /home/jacko/pebble-dev/PebbleSDK/arm-cs-tools/bin/../lib/gcc/arm-none-eabi/4.7.3/thumb2/crtbegin.o

.got            0x000011d4        0x8
 .got           0x000011d4        0x8 /home/jacko/pebble-dev/PebbleSDK/arm-cs-tools/bin/../lib/gcc/arm-none-eabi/4.7.3/thumb2/crtbegin.o

.got.plt        0x000011dc        0xc
 .got.plt       0x000011dc        0xc /home/jacko/pebble-dev/PebbleSDK/arm-cs-tools/bin/../lib/gcc/arm-none-eabi/4.7.3/thumb2/crtbegin.o
                0x000011dc                _GLOBAL_OFFSET_TABLE_

.bss            0x000011e8      0x8a2
 *(.bss)
 *(.bss.*)
 .bss.clickback
                0x000011e8        0x1 src/clock.c.23.o
 *fill*         0x000011e9        0x3 
 .bss.sw        0x000011ec        0x4 src/clock.c.23.o
 .bss.sw_butt   0x000011f0        0x2 src/clock.c.23.o
 .bss.dp        0x000011f2        0x1 src/clock.c.23.o
 .bss.button_sec
                0x000011f3        0x1 src/clock.c.23.o
 .bss.mode      0x000011f4        0x1 src/clock.c.23.o
 *fill*         0x000011f5        0x3 
 .bss.buf.7022  0x000011f8       0x30 src/clock.c.23.o
 .bss.lap       0x00001228       0x30 src/clock.c.23.o
 .bss.layer     0x00001258        0x4 src/robomaze.c.23.o
 .bss.s_menu_sections
                0x0000125c       0x18 src/robomaze.c.23.o
 .bss.pause     0x00001274        0x1 src/robomaze.c.23.o
                0x00001274                pause
 *fill*         0x00001275        0x3 
 .bss.char_gfx  0x00001278       0xc0 src/robomaze.c.23.o
 .bss.map       0x00001338        0x4 src/robomaze.c.23.o
 .bss.s_second_menu_items
                0x0000133c       0x10 src/robomaze.c.23.o
 .bss.seconds   0x0000134c        0x4 src/robomaze.c.23.o
                0x0000134c                seconds
 .bss.s_simple_menu_layer
                0x00001350        0x4 src/robomaze.c.23.o
 .bss.s_special_flag
                0x00001354        0x1 src/robomaze.c.23.o
 *fill*         0x00001355        0x3 
 .bss.s_menu_icon_image
                0x00001358        0x4 src/robomaze.c.23.o
 .bss.s_menu_window
                0x0000135c        0x4 src/robomaze.c.23.o
 .bss.s_first_menu_items
                0x00001360       0x30 src/robomaze.c.23.o
 .bss.maze_gfx  0x00001390       0x7c src/robomaze.c.23.o
 .bss.s_main_window
                0x0000140c        0x4 src/robomaze.c.23.o
 .bss.s_hit_count
                0x00001410        0x4 src/robomaze.c.23.o
 COMMON         0x00001414      0x676 src/robomaze.c.23.o
                0x00001414                maze
                0x00001849                con

DISCARD
 libc.a(*)
 libm.a(*)
 libgcc.a(*)
 *(.eh_frame)
OUTPUT(/home/jacko/pebble-dev/examples/watchapps/RoboMaze/build/basalt/pebble-app.elf elf32-littlearm)

.ARM.attributes
                0x00000000       0x27
 .ARM.attributes
                0x00000000       0x19 /home/jacko/pebble-dev/PebbleSDK/arm-cs-tools/bin/../lib/gcc/arm-none-eabi/4.7.3/thumb2/crti.o
 .ARM.attributes
                0x00000019       0x29 /home/jacko/pebble-dev/PebbleSDK/arm-cs-tools/bin/../lib/gcc/arm-none-eabi/4.7.3/thumb2/crtbegin.o
 .ARM.attributes
                0x00000042       0x33 src/basik.c.23.o
 .ARM.attributes
                0x00000075       0x33 src/clock.c.23.o
 .ARM.attributes
                0x000000a8       0x33 src/game.c.23.o
 .ARM.attributes
                0x000000db       0x33 src/robomaze.c.23.o
 .ARM.attributes
                0x0000010e       0x33 basalt/appinfo.auto.c.23.o
 .ARM.attributes
                0x00000141       0x21 /home/jacko/pebble-dev/PebbleSDK/Pebble/basalt/lib/libpebble.a(tmpTNRbtApebble.o)
 .ARM.attributes
                0x00000162       0x29 /home/jacko/pebble-dev/PebbleSDK/arm-cs-tools/bin/../lib/gcc/arm-none-eabi/4.7.3/thumb2/crtend.o
 .ARM.attributes
                0x0000018b       0x19 /home/jacko/pebble-dev/PebbleSDK/arm-cs-tools/bin/../lib/gcc/arm-none-eabi/4.7.3/thumb2/crtn.o

.comment        0x00000000       0x4e
 .comment       0x00000000       0x4e /home/jacko/pebble-dev/PebbleSDK/arm-cs-tools/bin/../lib/gcc/arm-none-eabi/4.7.3/thumb2/crtbegin.o
                                 0x4f (size before relaxing)
 .comment       0x00000000       0x4f src/basik.c.23.o
 .comment       0x00000000       0x4f src/clock.c.23.o
 .comment       0x00000000       0x4f src/game.c.23.o
 .comment       0x00000000       0x4f src/robomaze.c.23.o
 .comment       0x00000000       0x4f basalt/appinfo.auto.c.23.o
 .comment       0x00000000       0x4f /home/jacko/pebble-dev/PebbleSDK/arm-cs-tools/bin/../lib/gcc/arm-none-eabi/4.7.3/thumb2/crtend.o

.debug_info     0x00000000     0x29ab
 .debug_info    0x00000000      0x13e src/basik.c.23.o
 .debug_info    0x0000013e      0x914 src/clock.c.23.o
 .debug_info    0x00000a52      0x35d src/game.c.23.o
 .debug_info    0x00000daf     0x18e8 src/robomaze.c.23.o
 .debug_info    0x00002697      0x314 basalt/appinfo.auto.c.23.o

.debug_abbrev   0x00000000      0xa36
 .debug_abbrev  0x00000000       0xae src/basik.c.23.o
 .debug_abbrev  0x000000ae      0x2b4 src/clock.c.23.o
 .debug_abbrev  0x00000362      0x1ad src/game.c.23.o
 .debug_abbrev  0x0000050f      0x489 src/robomaze.c.23.o
 .debug_abbrev  0x00000998       0x9e basalt/appinfo.auto.c.23.o

.debug_aranges  0x00000000      0x178
 .debug_aranges
                0x00000000       0x38 src/basik.c.23.o
 .debug_aranges
                0x00000038       0x50 src/clock.c.23.o
 .debug_aranges
                0x00000088       0x38 src/game.c.23.o
 .debug_aranges
                0x000000c0       0xa0 src/robomaze.c.23.o
 .debug_aranges
                0x00000160       0x18 basalt/appinfo.auto.c.23.o

.debug_ranges   0x00000000      0x550
 .debug_ranges  0x00000000       0x28 src/basik.c.23.o
 .debug_ranges  0x00000028      0x120 src/clock.c.23.o
 .debug_ranges  0x00000148       0xa8 src/game.c.23.o
 .debug_ranges  0x000001f0      0x360 src/robomaze.c.23.o

.debug_line     0x00000000      0xb7e
 .debug_line    0x00000000       0xae src/basik.c.23.o
 .debug_line    0x000000ae      0x2ff src/clock.c.23.o
 .debug_line    0x000003ad      0x224 src/game.c.23.o
 .debug_line    0x000005d1      0x486 src/robomaze.c.23.o
 .debug_line    0x00000a57      0x127 basalt/appinfo.auto.c.23.o

.debug_str      0x00000000      0xb66
 .debug_str     0x00000000      0x145 src/basik.c.23.o
                                0x17e (size before relaxing)
 .debug_str     0x00000145      0x19d src/clock.c.23.o
                                0x2f3 (size before relaxing)
 .debug_str     0x000002e2       0x38 src/game.c.23.o
                                0x1af (size before relaxing)
 .debug_str     0x0000031a      0x6e1 src/robomaze.c.23.o
                                0x9a1 (size before relaxing)
 .debug_str     0x000009fb      0x16b basalt/appinfo.auto.c.23.o
                                0x2c5 (size before relaxing)

.debug_frame    0x00000000      0x38c
 .debug_frame   0x00000000       0x50 src/basik.c.23.o
 .debug_frame   0x00000050       0xf0 src/clock.c.23.o
 .debug_frame   0x00000140       0x7c src/game.c.23.o
 .debug_frame   0x000001bc      0x1d0 src/robomaze.c.23.o

.debug_loc      0x00000000      0xcd2
 .debug_loc     0x00000000      0x318 src/clock.c.23.o
 .debug_loc     0x00000318      0x180 src/game.c.23.o
 .debug_loc     0x00000498      0x83a src/robomaze.c.23.o
