Archive member included because of file (symbol)

/home/jacko/pebble-dev/PebbleSDK/Pebble/aplite/lib/libpebble.a(tmpQA9vUTpebble.o)
                              src/feature_simple_menu_layer.c.22.o (app_event_loop)

Discarded input sections

 .text          0x00000000        0x0 /home/jacko/pebble-dev/PebbleSDK/arm-cs-tools/bin/../lib/gcc/arm-none-eabi/4.7.3/thumb2/crti.o
 .bss           0x00000000        0x0 /home/jacko/pebble-dev/PebbleSDK/arm-cs-tools/bin/../lib/gcc/arm-none-eabi/4.7.3/thumb2/crti.o
 .init          0x00000000        0x4 /home/jacko/pebble-dev/PebbleSDK/arm-cs-tools/bin/../lib/gcc/arm-none-eabi/4.7.3/thumb2/crti.o
 .fini          0x00000000        0x4 /home/jacko/pebble-dev/PebbleSDK/arm-cs-tools/bin/../lib/gcc/arm-none-eabi/4.7.3/thumb2/crti.o
 .text          0x00000000       0xc8 /home/jacko/pebble-dev/PebbleSDK/arm-cs-tools/bin/../lib/gcc/arm-none-eabi/4.7.3/thumb2/crtbegin.o
 .bss           0x00000000       0x1c /home/jacko/pebble-dev/PebbleSDK/arm-cs-tools/bin/../lib/gcc/arm-none-eabi/4.7.3/thumb2/crtbegin.o
 .init_array    0x00000000        0x4 /home/jacko/pebble-dev/PebbleSDK/arm-cs-tools/bin/../lib/gcc/arm-none-eabi/4.7.3/thumb2/crtbegin.o
 .fini_array    0x00000000        0x4 /home/jacko/pebble-dev/PebbleSDK/arm-cs-tools/bin/../lib/gcc/arm-none-eabi/4.7.3/thumb2/crtbegin.o
 .eh_frame      0x00000000        0x0 /home/jacko/pebble-dev/PebbleSDK/arm-cs-tools/bin/../lib/gcc/arm-none-eabi/4.7.3/thumb2/crtbegin.o
 .jcr           0x00000000        0x0 /home/jacko/pebble-dev/PebbleSDK/arm-cs-tools/bin/../lib/gcc/arm-none-eabi/4.7.3/thumb2/crtbegin.o
 .tm_clone_table
                0x00000000        0x0 /home/jacko/pebble-dev/PebbleSDK/arm-cs-tools/bin/../lib/gcc/arm-none-eabi/4.7.3/thumb2/crtbegin.o
 .text          0x00000000        0x0 src/feature_simple_menu_layer.c.22.o
 .bss           0x00000000        0x0 src/feature_simple_menu_layer.c.22.o
 .text          0x00000000        0x0 aplite/appinfo.auto.c.22.o
 .bss           0x00000000        0x0 aplite/appinfo.auto.c.22.o
 .bss           0x00000000        0x0 /home/jacko/pebble-dev/PebbleSDK/Pebble/aplite/lib/libpebble.a(tmpQA9vUTpebble.o)
 .text.accel_data_service_subscribe__deprecated
                0x00000000        0xc /home/jacko/pebble-dev/PebbleSDK/Pebble/aplite/lib/libpebble.a(tmpQA9vUTpebble.o)
 .text.accel_data_service_unsubscribe
                0x00000000        0xc /home/jacko/pebble-dev/PebbleSDK/Pebble/aplite/lib/libpebble.a(tmpQA9vUTpebble.o)
 .text.accel_service_peek
                0x00000000        0xc /home/jacko/pebble-dev/PebbleSDK/Pebble/aplite/lib/libpebble.a(tmpQA9vUTpebble.o)
 .text.accel_service_set_samples_per_update
                0x00000000        0xc /home/jacko/pebble-dev/PebbleSDK/Pebble/aplite/lib/libpebble.a(tmpQA9vUTpebble.o)
 .text.accel_service_set_sampling_rate
                0x00000000        0xc /home/jacko/pebble-dev/PebbleSDK/Pebble/aplite/lib/libpebble.a(tmpQA9vUTpebble.o)
 .text.accel_tap_service_subscribe
                0x00000000        0xc /home/jacko/pebble-dev/PebbleSDK/Pebble/aplite/lib/libpebble.a(tmpQA9vUTpebble.o)
 .text.accel_tap_service_unsubscribe
                0x00000000        0xc /home/jacko/pebble-dev/PebbleSDK/Pebble/aplite/lib/libpebble.a(tmpQA9vUTpebble.o)
 .text.action_bar_layer_add_to_window
                0x00000000        0xc /home/jacko/pebble-dev/PebbleSDK/Pebble/aplite/lib/libpebble.a(tmpQA9vUTpebble.o)
 .text.action_bar_layer_clear_icon
                0x00000000        0xc /home/jacko/pebble-dev/PebbleSDK/Pebble/aplite/lib/libpebble.a(tmpQA9vUTpebble.o)
 .text.action_bar_layer_create
                0x00000000        0xc /home/jacko/pebble-dev/PebbleSDK/Pebble/aplite/lib/libpebble.a(tmpQA9vUTpebble.o)
 .text.action_bar_layer_destroy
                0x00000000        0xc /home/jacko/pebble-dev/PebbleSDK/Pebble/aplite/lib/libpebble.a(tmpQA9vUTpebble.o)
 .text.action_bar_layer_get_layer
                0x00000000        0xc /home/jacko/pebble-dev/PebbleSDK/Pebble/aplite/lib/libpebble.a(tmpQA9vUTpebble.o)
 .text.action_bar_layer_remove_from_window
                0x00000000        0xc /home/jacko/pebble-dev/PebbleSDK/Pebble/aplite/lib/libpebble.a(tmpQA9vUTpebble.o)
 .text.action_bar_layer_set_background_color
                0x00000000        0xc /home/jacko/pebble-dev/PebbleSDK/Pebble/aplite/lib/libpebble.a(tmpQA9vUTpebble.o)
 .text.action_bar_layer_set_click_config_provider
                0x00000000        0xc /home/jacko/pebble-dev/PebbleSDK/Pebble/aplite/lib/libpebble.a(tmpQA9vUTpebble.o)
 .text.action_bar_layer_set_context
                0x00000000        0xc /home/jacko/pebble-dev/PebbleSDK/Pebble/aplite/lib/libpebble.a(tmpQA9vUTpebble.o)
 .text.action_bar_layer_set_icon
                0x00000000        0xc /home/jacko/pebble-dev/PebbleSDK/Pebble/aplite/lib/libpebble.a(tmpQA9vUTpebble.o)
 .text.animation_create
                0x00000000        0xc /home/jacko/pebble-dev/PebbleSDK/Pebble/aplite/lib/libpebble.a(tmpQA9vUTpebble.o)
 .text.animation_destroy
                0x00000000        0xc /home/jacko/pebble-dev/PebbleSDK/Pebble/aplite/lib/libpebble.a(tmpQA9vUTpebble.o)
 .text.animation_get_context
                0x00000000        0xc /home/jacko/pebble-dev/PebbleSDK/Pebble/aplite/lib/libpebble.a(tmpQA9vUTpebble.o)
 .text.animation_is_scheduled
                0x00000000        0xc /home/jacko/pebble-dev/PebbleSDK/Pebble/aplite/lib/libpebble.a(tmpQA9vUTpebble.o)
 .text.animation_schedule
                0x00000000        0xc /home/jacko/pebble-dev/PebbleSDK/Pebble/aplite/lib/libpebble.a(tmpQA9vUTpebble.o)
 .text.animation_set_curve
                0x00000000        0xc /home/jacko/pebble-dev/PebbleSDK/Pebble/aplite/lib/libpebble.a(tmpQA9vUTpebble.o)
 .text.animation_set_delay
                0x00000000        0xc /home/jacko/pebble-dev/PebbleSDK/Pebble/aplite/lib/libpebble.a(tmpQA9vUTpebble.o)
 .text.animation_set_duration
                0x00000000        0xc /home/jacko/pebble-dev/PebbleSDK/Pebble/aplite/lib/libpebble.a(tmpQA9vUTpebble.o)
 .text.animation_set_handlers
                0x00000000        0xc /home/jacko/pebble-dev/PebbleSDK/Pebble/aplite/lib/libpebble.a(tmpQA9vUTpebble.o)
 .text.animation_set_implementation
                0x00000000        0xc /home/jacko/pebble-dev/PebbleSDK/Pebble/aplite/lib/libpebble.a(tmpQA9vUTpebble.o)
 .text.animation_unschedule
                0x00000000        0xc /home/jacko/pebble-dev/PebbleSDK/Pebble/aplite/lib/libpebble.a(tmpQA9vUTpebble.o)
 .text.animation_unschedule_all
                0x00000000        0xc /home/jacko/pebble-dev/PebbleSDK/Pebble/aplite/lib/libpebble.a(tmpQA9vUTpebble.o)
 .text.app_comm_get_sniff_interval
                0x00000000        0xc /home/jacko/pebble-dev/PebbleSDK/Pebble/aplite/lib/libpebble.a(tmpQA9vUTpebble.o)
 .text.app_comm_set_sniff_interval
                0x00000000        0xc /home/jacko/pebble-dev/PebbleSDK/Pebble/aplite/lib/libpebble.a(tmpQA9vUTpebble.o)
 .text.app_log  0x00000000        0xc /home/jacko/pebble-dev/PebbleSDK/Pebble/aplite/lib/libpebble.a(tmpQA9vUTpebble.o)
 .text.app_message_deregister_callbacks
                0x00000000        0xc /home/jacko/pebble-dev/PebbleSDK/Pebble/aplite/lib/libpebble.a(tmpQA9vUTpebble.o)
 .text.app_message_open
                0x00000000        0xc /home/jacko/pebble-dev/PebbleSDK/Pebble/aplite/lib/libpebble.a(tmpQA9vUTpebble.o)
 .text.app_sync_deinit
                0x00000000        0xc /home/jacko/pebble-dev/PebbleSDK/Pebble/aplite/lib/libpebble.a(tmpQA9vUTpebble.o)
 .text.app_sync_get
                0x00000000        0xc /home/jacko/pebble-dev/PebbleSDK/Pebble/aplite/lib/libpebble.a(tmpQA9vUTpebble.o)
 .text.app_sync_init
                0x00000000        0xc /home/jacko/pebble-dev/PebbleSDK/Pebble/aplite/lib/libpebble.a(tmpQA9vUTpebble.o)
 .text.app_sync_set
                0x00000000        0xc /home/jacko/pebble-dev/PebbleSDK/Pebble/aplite/lib/libpebble.a(tmpQA9vUTpebble.o)
 .text.app_timer_cancel
                0x00000000        0xc /home/jacko/pebble-dev/PebbleSDK/Pebble/aplite/lib/libpebble.a(tmpQA9vUTpebble.o)
 .text.app_timer_register
                0x00000000        0xc /home/jacko/pebble-dev/PebbleSDK/Pebble/aplite/lib/libpebble.a(tmpQA9vUTpebble.o)
 .text.app_timer_reschedule
                0x00000000        0xc /home/jacko/pebble-dev/PebbleSDK/Pebble/aplite/lib/libpebble.a(tmpQA9vUTpebble.o)
 .text.atan2_lookup
                0x00000000        0xc /home/jacko/pebble-dev/PebbleSDK/Pebble/aplite/lib/libpebble.a(tmpQA9vUTpebble.o)
 .text.atoi     0x00000000        0xc /home/jacko/pebble-dev/PebbleSDK/Pebble/aplite/lib/libpebble.a(tmpQA9vUTpebble.o)
 .text.atol     0x00000000        0xc /home/jacko/pebble-dev/PebbleSDK/Pebble/aplite/lib/libpebble.a(tmpQA9vUTpebble.o)
 .text.battery_state_service_peek
                0x00000000        0xc /home/jacko/pebble-dev/PebbleSDK/Pebble/aplite/lib/libpebble.a(tmpQA9vUTpebble.o)
 .text.battery_state_service_subscribe
                0x00000000        0xc /home/jacko/pebble-dev/PebbleSDK/Pebble/aplite/lib/libpebble.a(tmpQA9vUTpebble.o)
 .text.battery_state_service_unsubscribe
                0x00000000        0xc /home/jacko/pebble-dev/PebbleSDK/Pebble/aplite/lib/libpebble.a(tmpQA9vUTpebble.o)
 .text.bitmap_layer_create
                0x00000000        0xc /home/jacko/pebble-dev/PebbleSDK/Pebble/aplite/lib/libpebble.a(tmpQA9vUTpebble.o)
 .text.bitmap_layer_destroy
                0x00000000        0xc /home/jacko/pebble-dev/PebbleSDK/Pebble/aplite/lib/libpebble.a(tmpQA9vUTpebble.o)
 .text.bitmap_layer_get_layer
                0x00000000        0xc /home/jacko/pebble-dev/PebbleSDK/Pebble/aplite/lib/libpebble.a(tmpQA9vUTpebble.o)
 .text.bitmap_layer_set_alignment
                0x00000000        0xc /home/jacko/pebble-dev/PebbleSDK/Pebble/aplite/lib/libpebble.a(tmpQA9vUTpebble.o)
 .text.bitmap_layer_set_background_color
                0x00000000        0xc /home/jacko/pebble-dev/PebbleSDK/Pebble/aplite/lib/libpebble.a(tmpQA9vUTpebble.o)
 .text.bitmap_layer_set_bitmap
                0x00000000        0xc /home/jacko/pebble-dev/PebbleSDK/Pebble/aplite/lib/libpebble.a(tmpQA9vUTpebble.o)
 .text.bitmap_layer_set_compositing_mode
                0x00000000        0xc /home/jacko/pebble-dev/PebbleSDK/Pebble/aplite/lib/libpebble.a(tmpQA9vUTpebble.o)
 .text.bluetooth_connection_service_peek
                0x00000000        0xc /home/jacko/pebble-dev/PebbleSDK/Pebble/aplite/lib/libpebble.a(tmpQA9vUTpebble.o)
 .text.bluetooth_connection_service_subscribe
                0x00000000        0xc /home/jacko/pebble-dev/PebbleSDK/Pebble/aplite/lib/libpebble.a(tmpQA9vUTpebble.o)
 .text.bluetooth_connection_service_unsubscribe
                0x00000000        0xc /home/jacko/pebble-dev/PebbleSDK/Pebble/aplite/lib/libpebble.a(tmpQA9vUTpebble.o)
 .text.click_number_of_clicks_counted
                0x00000000        0xc /home/jacko/pebble-dev/PebbleSDK/Pebble/aplite/lib/libpebble.a(tmpQA9vUTpebble.o)
 .text.click_recognizer_get_button_id
                0x00000000        0xc /home/jacko/pebble-dev/PebbleSDK/Pebble/aplite/lib/libpebble.a(tmpQA9vUTpebble.o)
 .text.clock_copy_time_string
                0x00000000        0xc /home/jacko/pebble-dev/PebbleSDK/Pebble/aplite/lib/libpebble.a(tmpQA9vUTpebble.o)
 .text.clock_is_24h_style
                0x00000000        0xc /home/jacko/pebble-dev/PebbleSDK/Pebble/aplite/lib/libpebble.a(tmpQA9vUTpebble.o)
 .text.cos_lookup
                0x00000000        0xc /home/jacko/pebble-dev/PebbleSDK/Pebble/aplite/lib/libpebble.a(tmpQA9vUTpebble.o)
 .text.data_logging_create
                0x00000000        0xc /home/jacko/pebble-dev/PebbleSDK/Pebble/aplite/lib/libpebble.a(tmpQA9vUTpebble.o)
 .text.data_logging_finish
                0x00000000        0xc /home/jacko/pebble-dev/PebbleSDK/Pebble/aplite/lib/libpebble.a(tmpQA9vUTpebble.o)
 .text.data_logging_log
                0x00000000        0xc /home/jacko/pebble-dev/PebbleSDK/Pebble/aplite/lib/libpebble.a(tmpQA9vUTpebble.o)
 .text.dict_calc_buffer_size
                0x00000000        0xc /home/jacko/pebble-dev/PebbleSDK/Pebble/aplite/lib/libpebble.a(tmpQA9vUTpebble.o)
 .text.dict_calc_buffer_size_from_tuplets
                0x00000000        0xc /home/jacko/pebble-dev/PebbleSDK/Pebble/aplite/lib/libpebble.a(tmpQA9vUTpebble.o)
 .text.dict_find
                0x00000000        0xc /home/jacko/pebble-dev/PebbleSDK/Pebble/aplite/lib/libpebble.a(tmpQA9vUTpebble.o)
 .text.dict_merge
                0x00000000        0xc /home/jacko/pebble-dev/PebbleSDK/Pebble/aplite/lib/libpebble.a(tmpQA9vUTpebble.o)
 .text.dict_read_begin_from_buffer
                0x00000000        0xc /home/jacko/pebble-dev/PebbleSDK/Pebble/aplite/lib/libpebble.a(tmpQA9vUTpebble.o)
 .text.dict_read_first
                0x00000000        0xc /home/jacko/pebble-dev/PebbleSDK/Pebble/aplite/lib/libpebble.a(tmpQA9vUTpebble.o)
 .text.dict_read_next
                0x00000000        0xc /home/jacko/pebble-dev/PebbleSDK/Pebble/aplite/lib/libpebble.a(tmpQA9vUTpebble.o)
 .text.dict_serialize_tuplets
                0x00000000        0xc /home/jacko/pebble-dev/PebbleSDK/Pebble/aplite/lib/libpebble.a(tmpQA9vUTpebble.o)
 .text.dict_serialize_tuplets_to_buffer__deprecated
                0x00000000        0xc /home/jacko/pebble-dev/PebbleSDK/Pebble/aplite/lib/libpebble.a(tmpQA9vUTpebble.o)
 .text.dict_serialize_tuplets_to_buffer_with_iter
                0x00000000        0xc /home/jacko/pebble-dev/PebbleSDK/Pebble/aplite/lib/libpebble.a(tmpQA9vUTpebble.o)
 .text.dict_write_begin
                0x00000000        0xc /home/jacko/pebble-dev/PebbleSDK/Pebble/aplite/lib/libpebble.a(tmpQA9vUTpebble.o)
 .text.dict_write_cstring
                0x00000000        0xc /home/jacko/pebble-dev/PebbleSDK/Pebble/aplite/lib/libpebble.a(tmpQA9vUTpebble.o)
 .text.dict_write_data
                0x00000000        0xc /home/jacko/pebble-dev/PebbleSDK/Pebble/aplite/lib/libpebble.a(tmpQA9vUTpebble.o)
 .text.dict_write_end
                0x00000000        0xc /home/jacko/pebble-dev/PebbleSDK/Pebble/aplite/lib/libpebble.a(tmpQA9vUTpebble.o)
 .text.dict_write_int
                0x00000000        0xc /home/jacko/pebble-dev/PebbleSDK/Pebble/aplite/lib/libpebble.a(tmpQA9vUTpebble.o)
 .text.dict_write_int16
                0x00000000        0xc /home/jacko/pebble-dev/PebbleSDK/Pebble/aplite/lib/libpebble.a(tmpQA9vUTpebble.o)
 .text.dict_write_int32
                0x00000000        0xc /home/jacko/pebble-dev/PebbleSDK/Pebble/aplite/lib/libpebble.a(tmpQA9vUTpebble.o)
 .text.dict_write_int8
                0x00000000        0xc /home/jacko/pebble-dev/PebbleSDK/Pebble/aplite/lib/libpebble.a(tmpQA9vUTpebble.o)
 .text.dict_write_tuplet
                0x00000000        0xc /home/jacko/pebble-dev/PebbleSDK/Pebble/aplite/lib/libpebble.a(tmpQA9vUTpebble.o)
 .text.dict_write_uint16
                0x00000000        0xc /home/jacko/pebble-dev/PebbleSDK/Pebble/aplite/lib/libpebble.a(tmpQA9vUTpebble.o)
 .text.dict_write_uint32
                0x00000000        0xc /home/jacko/pebble-dev/PebbleSDK/Pebble/aplite/lib/libpebble.a(tmpQA9vUTpebble.o)
 .text.dict_write_uint8
                0x00000000        0xc /home/jacko/pebble-dev/PebbleSDK/Pebble/aplite/lib/libpebble.a(tmpQA9vUTpebble.o)
 .text.fonts_get_system_font
                0x00000000        0xc /home/jacko/pebble-dev/PebbleSDK/Pebble/aplite/lib/libpebble.a(tmpQA9vUTpebble.o)
 .text.fonts_load_custom_font
                0x00000000        0xc /home/jacko/pebble-dev/PebbleSDK/Pebble/aplite/lib/libpebble.a(tmpQA9vUTpebble.o)
 .text.fonts_unload_custom_font
                0x00000000        0xc /home/jacko/pebble-dev/PebbleSDK/Pebble/aplite/lib/libpebble.a(tmpQA9vUTpebble.o)
 .text.free     0x00000000        0xc /home/jacko/pebble-dev/PebbleSDK/Pebble/aplite/lib/libpebble.a(tmpQA9vUTpebble.o)
 .text.gbitmap_create_as_sub_bitmap
                0x00000000        0xc /home/jacko/pebble-dev/PebbleSDK/Pebble/aplite/lib/libpebble.a(tmpQA9vUTpebble.o)
 .text.gbitmap_create_with_data
                0x00000000        0xc /home/jacko/pebble-dev/PebbleSDK/Pebble/aplite/lib/libpebble.a(tmpQA9vUTpebble.o)
 .text.gmtime   0x00000000        0xc /home/jacko/pebble-dev/PebbleSDK/Pebble/aplite/lib/libpebble.a(tmpQA9vUTpebble.o)
 .text.gpath_create
                0x00000000        0xc /home/jacko/pebble-dev/PebbleSDK/Pebble/aplite/lib/libpebble.a(tmpQA9vUTpebble.o)
 .text.gpath_destroy
                0x00000000        0xc /home/jacko/pebble-dev/PebbleSDK/Pebble/aplite/lib/libpebble.a(tmpQA9vUTpebble.o)
 .text.gpath_draw_filled_legacy
                0x00000000        0xc /home/jacko/pebble-dev/PebbleSDK/Pebble/aplite/lib/libpebble.a(tmpQA9vUTpebble.o)
 .text.gpath_draw_outline
                0x00000000        0xc /home/jacko/pebble-dev/PebbleSDK/Pebble/aplite/lib/libpebble.a(tmpQA9vUTpebble.o)
 .text.gpath_move_to
                0x00000000        0xc /home/jacko/pebble-dev/PebbleSDK/Pebble/aplite/lib/libpebble.a(tmpQA9vUTpebble.o)
 .text.gpath_rotate_to
                0x00000000        0xc /home/jacko/pebble-dev/PebbleSDK/Pebble/aplite/lib/libpebble.a(tmpQA9vUTpebble.o)
 .text.gpoint_equal
                0x00000000        0xc /home/jacko/pebble-dev/PebbleSDK/Pebble/aplite/lib/libpebble.a(tmpQA9vUTpebble.o)
 .text.graphics_context_set_compositing_mode
                0x00000000        0xc /home/jacko/pebble-dev/PebbleSDK/Pebble/aplite/lib/libpebble.a(tmpQA9vUTpebble.o)
 .text.graphics_context_set_fill_color
                0x00000000        0xc /home/jacko/pebble-dev/PebbleSDK/Pebble/aplite/lib/libpebble.a(tmpQA9vUTpebble.o)
 .text.graphics_context_set_stroke_color
                0x00000000        0xc /home/jacko/pebble-dev/PebbleSDK/Pebble/aplite/lib/libpebble.a(tmpQA9vUTpebble.o)
 .text.graphics_context_set_text_color
                0x00000000        0xc /home/jacko/pebble-dev/PebbleSDK/Pebble/aplite/lib/libpebble.a(tmpQA9vUTpebble.o)
 .text.graphics_draw_bitmap_in_rect
                0x00000000        0xc /home/jacko/pebble-dev/PebbleSDK/Pebble/aplite/lib/libpebble.a(tmpQA9vUTpebble.o)
 .text.graphics_draw_circle
                0x00000000        0xc /home/jacko/pebble-dev/PebbleSDK/Pebble/aplite/lib/libpebble.a(tmpQA9vUTpebble.o)
 .text.graphics_draw_line
                0x00000000        0xc /home/jacko/pebble-dev/PebbleSDK/Pebble/aplite/lib/libpebble.a(tmpQA9vUTpebble.o)
 .text.graphics_draw_pixel
                0x00000000        0xc /home/jacko/pebble-dev/PebbleSDK/Pebble/aplite/lib/libpebble.a(tmpQA9vUTpebble.o)
 .text.graphics_draw_rect
                0x00000000        0xc /home/jacko/pebble-dev/PebbleSDK/Pebble/aplite/lib/libpebble.a(tmpQA9vUTpebble.o)
 .text.graphics_draw_round_rect
                0x00000000        0xc /home/jacko/pebble-dev/PebbleSDK/Pebble/aplite/lib/libpebble.a(tmpQA9vUTpebble.o)
 .text.graphics_fill_circle
                0x00000000        0xc /home/jacko/pebble-dev/PebbleSDK/Pebble/aplite/lib/libpebble.a(tmpQA9vUTpebble.o)
 .text.graphics_fill_rect
                0x00000000        0xc /home/jacko/pebble-dev/PebbleSDK/Pebble/aplite/lib/libpebble.a(tmpQA9vUTpebble.o)
 .text.graphics_text_layout_get_max_used_size
                0x00000000        0xc /home/jacko/pebble-dev/PebbleSDK/Pebble/aplite/lib/libpebble.a(tmpQA9vUTpebble.o)
 .text.grect_align
                0x00000000        0xc /home/jacko/pebble-dev/PebbleSDK/Pebble/aplite/lib/libpebble.a(tmpQA9vUTpebble.o)
 .text.grect_center_point
                0x00000000        0xc /home/jacko/pebble-dev/PebbleSDK/Pebble/aplite/lib/libpebble.a(tmpQA9vUTpebble.o)
 .text.grect_clip
                0x00000000        0xc /home/jacko/pebble-dev/PebbleSDK/Pebble/aplite/lib/libpebble.a(tmpQA9vUTpebble.o)
 .text.grect_contains_point
                0x00000000        0xc /home/jacko/pebble-dev/PebbleSDK/Pebble/aplite/lib/libpebble.a(tmpQA9vUTpebble.o)
 .text.grect_crop
                0x00000000        0xc /home/jacko/pebble-dev/PebbleSDK/Pebble/aplite/lib/libpebble.a(tmpQA9vUTpebble.o)
 .text.grect_equal
                0x00000000        0xc /home/jacko/pebble-dev/PebbleSDK/Pebble/aplite/lib/libpebble.a(tmpQA9vUTpebble.o)
 .text.grect_is_empty
                0x00000000        0xc /home/jacko/pebble-dev/PebbleSDK/Pebble/aplite/lib/libpebble.a(tmpQA9vUTpebble.o)
 .text.grect_standardize
                0x00000000        0xc /home/jacko/pebble-dev/PebbleSDK/Pebble/aplite/lib/libpebble.a(tmpQA9vUTpebble.o)
 .text.gsize_equal
                0x00000000        0xc /home/jacko/pebble-dev/PebbleSDK/Pebble/aplite/lib/libpebble.a(tmpQA9vUTpebble.o)
 .text.inverter_layer_create
                0x00000000        0xc /home/jacko/pebble-dev/PebbleSDK/Pebble/aplite/lib/libpebble.a(tmpQA9vUTpebble.o)
 .text.inverter_layer_destroy
                0x00000000        0xc /home/jacko/pebble-dev/PebbleSDK/Pebble/aplite/lib/libpebble.a(tmpQA9vUTpebble.o)
 .text.inverter_layer_get_layer
                0x00000000        0xc /home/jacko/pebble-dev/PebbleSDK/Pebble/aplite/lib/libpebble.a(tmpQA9vUTpebble.o)
 .text.layer_create
                0x00000000        0xc /home/jacko/pebble-dev/PebbleSDK/Pebble/aplite/lib/libpebble.a(tmpQA9vUTpebble.o)
 .text.layer_create_with_data
                0x00000000        0xc /home/jacko/pebble-dev/PebbleSDK/Pebble/aplite/lib/libpebble.a(tmpQA9vUTpebble.o)
 .text.layer_destroy
                0x00000000        0xc /home/jacko/pebble-dev/PebbleSDK/Pebble/aplite/lib/libpebble.a(tmpQA9vUTpebble.o)
 .text.layer_get_bounds
                0x00000000        0xc /home/jacko/pebble-dev/PebbleSDK/Pebble/aplite/lib/libpebble.a(tmpQA9vUTpebble.o)
 .text.layer_get_clips
                0x00000000        0xc /home/jacko/pebble-dev/PebbleSDK/Pebble/aplite/lib/libpebble.a(tmpQA9vUTpebble.o)
 .text.layer_get_data
                0x00000000        0xc /home/jacko/pebble-dev/PebbleSDK/Pebble/aplite/lib/libpebble.a(tmpQA9vUTpebble.o)
 .text.layer_get_hidden
                0x00000000        0xc /home/jacko/pebble-dev/PebbleSDK/Pebble/aplite/lib/libpebble.a(tmpQA9vUTpebble.o)
 .text.layer_get_window
                0x00000000        0xc /home/jacko/pebble-dev/PebbleSDK/Pebble/aplite/lib/libpebble.a(tmpQA9vUTpebble.o)
 .text.layer_insert_above_sibling
                0x00000000        0xc /home/jacko/pebble-dev/PebbleSDK/Pebble/aplite/lib/libpebble.a(tmpQA9vUTpebble.o)
 .text.layer_insert_below_sibling
                0x00000000        0xc /home/jacko/pebble-dev/PebbleSDK/Pebble/aplite/lib/libpebble.a(tmpQA9vUTpebble.o)
 .text.layer_remove_child_layers
                0x00000000        0xc /home/jacko/pebble-dev/PebbleSDK/Pebble/aplite/lib/libpebble.a(tmpQA9vUTpebble.o)
 .text.layer_remove_from_parent
                0x00000000        0xc /home/jacko/pebble-dev/PebbleSDK/Pebble/aplite/lib/libpebble.a(tmpQA9vUTpebble.o)
 .text.layer_set_bounds
                0x00000000        0xc /home/jacko/pebble-dev/PebbleSDK/Pebble/aplite/lib/libpebble.a(tmpQA9vUTpebble.o)
 .text.layer_set_clips
                0x00000000        0xc /home/jacko/pebble-dev/PebbleSDK/Pebble/aplite/lib/libpebble.a(tmpQA9vUTpebble.o)
 .text.layer_set_frame
                0x00000000        0xc /home/jacko/pebble-dev/PebbleSDK/Pebble/aplite/lib/libpebble.a(tmpQA9vUTpebble.o)
 .text.layer_set_hidden
                0x00000000        0xc /home/jacko/pebble-dev/PebbleSDK/Pebble/aplite/lib/libpebble.a(tmpQA9vUTpebble.o)
 .text.layer_set_update_proc
                0x00000000        0xc /home/jacko/pebble-dev/PebbleSDK/Pebble/aplite/lib/libpebble.a(tmpQA9vUTpebble.o)
 .text.light_enable
                0x00000000        0xc /home/jacko/pebble-dev/PebbleSDK/Pebble/aplite/lib/libpebble.a(tmpQA9vUTpebble.o)
 .text.light_enable_interaction
                0x00000000        0xc /home/jacko/pebble-dev/PebbleSDK/Pebble/aplite/lib/libpebble.a(tmpQA9vUTpebble.o)
 .text.localtime
                0x00000000        0xc /home/jacko/pebble-dev/PebbleSDK/Pebble/aplite/lib/libpebble.a(tmpQA9vUTpebble.o)
 .text.malloc   0x00000000        0xc /home/jacko/pebble-dev/PebbleSDK/Pebble/aplite/lib/libpebble.a(tmpQA9vUTpebble.o)
 .text.memcpy   0x00000000        0xc /home/jacko/pebble-dev/PebbleSDK/Pebble/aplite/lib/libpebble.a(tmpQA9vUTpebble.o)
 .text.memmove  0x00000000        0xc /home/jacko/pebble-dev/PebbleSDK/Pebble/aplite/lib/libpebble.a(tmpQA9vUTpebble.o)
 .text.menu_cell_basic_draw
                0x00000000        0xc /home/jacko/pebble-dev/PebbleSDK/Pebble/aplite/lib/libpebble.a(tmpQA9vUTpebble.o)
 .text.menu_cell_basic_header_draw
                0x00000000        0xc /home/jacko/pebble-dev/PebbleSDK/Pebble/aplite/lib/libpebble.a(tmpQA9vUTpebble.o)
 .text.menu_cell_title_draw
                0x00000000        0xc /home/jacko/pebble-dev/PebbleSDK/Pebble/aplite/lib/libpebble.a(tmpQA9vUTpebble.o)
 .text.menu_index_compare
                0x00000000        0xc /home/jacko/pebble-dev/PebbleSDK/Pebble/aplite/lib/libpebble.a(tmpQA9vUTpebble.o)
 .text.menu_layer_create
                0x00000000        0xc /home/jacko/pebble-dev/PebbleSDK/Pebble/aplite/lib/libpebble.a(tmpQA9vUTpebble.o)
 .text.menu_layer_destroy
                0x00000000        0xc /home/jacko/pebble-dev/PebbleSDK/Pebble/aplite/lib/libpebble.a(tmpQA9vUTpebble.o)
 .text.menu_layer_get_layer
                0x00000000        0xc /home/jacko/pebble-dev/PebbleSDK/Pebble/aplite/lib/libpebble.a(tmpQA9vUTpebble.o)
 .text.menu_layer_get_scroll_layer
                0x00000000        0xc /home/jacko/pebble-dev/PebbleSDK/Pebble/aplite/lib/libpebble.a(tmpQA9vUTpebble.o)
 .text.menu_layer_get_selected_index
                0x00000000        0xc /home/jacko/pebble-dev/PebbleSDK/Pebble/aplite/lib/libpebble.a(tmpQA9vUTpebble.o)
 .text.menu_layer_reload_data
                0x00000000        0xc /home/jacko/pebble-dev/PebbleSDK/Pebble/aplite/lib/libpebble.a(tmpQA9vUTpebble.o)
 .text.menu_layer_set_callbacks__deprecated
                0x00000000        0xc /home/jacko/pebble-dev/PebbleSDK/Pebble/aplite/lib/libpebble.a(tmpQA9vUTpebble.o)
 .text.menu_layer_set_click_config_onto_window
                0x00000000        0xc /home/jacko/pebble-dev/PebbleSDK/Pebble/aplite/lib/libpebble.a(tmpQA9vUTpebble.o)
 .text.menu_layer_set_selected_index
                0x00000000        0xc /home/jacko/pebble-dev/PebbleSDK/Pebble/aplite/lib/libpebble.a(tmpQA9vUTpebble.o)
 .text.menu_layer_set_selected_next
                0x00000000        0xc /home/jacko/pebble-dev/PebbleSDK/Pebble/aplite/lib/libpebble.a(tmpQA9vUTpebble.o)
 .text.number_window_create
                0x00000000        0xc /home/jacko/pebble-dev/PebbleSDK/Pebble/aplite/lib/libpebble.a(tmpQA9vUTpebble.o)
 .text.number_window_destroy
                0x00000000        0xc /home/jacko/pebble-dev/PebbleSDK/Pebble/aplite/lib/libpebble.a(tmpQA9vUTpebble.o)
 .text.number_window_get_value
                0x00000000        0xc /home/jacko/pebble-dev/PebbleSDK/Pebble/aplite/lib/libpebble.a(tmpQA9vUTpebble.o)
 .text.number_window_set_label
                0x00000000        0xc /home/jacko/pebble-dev/PebbleSDK/Pebble/aplite/lib/libpebble.a(tmpQA9vUTpebble.o)
 .text.number_window_set_max
                0x00000000        0xc /home/jacko/pebble-dev/PebbleSDK/Pebble/aplite/lib/libpebble.a(tmpQA9vUTpebble.o)
 .text.number_window_set_min
                0x00000000        0xc /home/jacko/pebble-dev/PebbleSDK/Pebble/aplite/lib/libpebble.a(tmpQA9vUTpebble.o)
 .text.number_window_set_step_size
                0x00000000        0xc /home/jacko/pebble-dev/PebbleSDK/Pebble/aplite/lib/libpebble.a(tmpQA9vUTpebble.o)
 .text.number_window_set_value
                0x00000000        0xc /home/jacko/pebble-dev/PebbleSDK/Pebble/aplite/lib/libpebble.a(tmpQA9vUTpebble.o)
 .text.persist_delete
                0x00000000        0xc /home/jacko/pebble-dev/PebbleSDK/Pebble/aplite/lib/libpebble.a(tmpQA9vUTpebble.o)
 .text.persist_exists
                0x00000000        0xc /home/jacko/pebble-dev/PebbleSDK/Pebble/aplite/lib/libpebble.a(tmpQA9vUTpebble.o)
 .text.persist_get_size
                0x00000000        0xc /home/jacko/pebble-dev/PebbleSDK/Pebble/aplite/lib/libpebble.a(tmpQA9vUTpebble.o)
 .text.persist_read_bool
                0x00000000        0xc /home/jacko/pebble-dev/PebbleSDK/Pebble/aplite/lib/libpebble.a(tmpQA9vUTpebble.o)
 .text.persist_read_data__deprecated
                0x00000000        0xc /home/jacko/pebble-dev/PebbleSDK/Pebble/aplite/lib/libpebble.a(tmpQA9vUTpebble.o)
 .text.persist_read_int
                0x00000000        0xc /home/jacko/pebble-dev/PebbleSDK/Pebble/aplite/lib/libpebble.a(tmpQA9vUTpebble.o)
 .text.persist_read_string__deprecated
                0x00000000        0xc /home/jacko/pebble-dev/PebbleSDK/Pebble/aplite/lib/libpebble.a(tmpQA9vUTpebble.o)
 .text.persist_write_bool
                0x00000000        0xc /home/jacko/pebble-dev/PebbleSDK/Pebble/aplite/lib/libpebble.a(tmpQA9vUTpebble.o)
 .text.persist_write_data__deprecated
                0x00000000        0xc /home/jacko/pebble-dev/PebbleSDK/Pebble/aplite/lib/libpebble.a(tmpQA9vUTpebble.o)
 .text.persist_write_int
                0x00000000        0xc /home/jacko/pebble-dev/PebbleSDK/Pebble/aplite/lib/libpebble.a(tmpQA9vUTpebble.o)
 .text.persist_write_string
                0x00000000        0xc /home/jacko/pebble-dev/PebbleSDK/Pebble/aplite/lib/libpebble.a(tmpQA9vUTpebble.o)
 .text.property_animation_create
                0x00000000        0xc /home/jacko/pebble-dev/PebbleSDK/Pebble/aplite/lib/libpebble.a(tmpQA9vUTpebble.o)
 .text.property_animation_create_layer_frame
                0x00000000        0xc /home/jacko/pebble-dev/PebbleSDK/Pebble/aplite/lib/libpebble.a(tmpQA9vUTpebble.o)
 .text.property_animation_destroy
                0x00000000        0xc /home/jacko/pebble-dev/PebbleSDK/Pebble/aplite/lib/libpebble.a(tmpQA9vUTpebble.o)
 .text.property_animation_update_gpoint
                0x00000000        0xc /home/jacko/pebble-dev/PebbleSDK/Pebble/aplite/lib/libpebble.a(tmpQA9vUTpebble.o)
 .text.property_animation_update_grect
                0x00000000        0xc /home/jacko/pebble-dev/PebbleSDK/Pebble/aplite/lib/libpebble.a(tmpQA9vUTpebble.o)
 .text.property_animation_update_int16
                0x00000000        0xc /home/jacko/pebble-dev/PebbleSDK/Pebble/aplite/lib/libpebble.a(tmpQA9vUTpebble.o)
 .text.psleep   0x00000000        0xc /home/jacko/pebble-dev/PebbleSDK/Pebble/aplite/lib/libpebble.a(tmpQA9vUTpebble.o)
 .text.rand     0x00000000        0xc /home/jacko/pebble-dev/PebbleSDK/Pebble/aplite/lib/libpebble.a(tmpQA9vUTpebble.o)
 .text.resource_get_handle
                0x00000000        0xc /home/jacko/pebble-dev/PebbleSDK/Pebble/aplite/lib/libpebble.a(tmpQA9vUTpebble.o)
 .text.resource_load
                0x00000000        0xc /home/jacko/pebble-dev/PebbleSDK/Pebble/aplite/lib/libpebble.a(tmpQA9vUTpebble.o)
 .text.resource_load_byte_range
                0x00000000        0xc /home/jacko/pebble-dev/PebbleSDK/Pebble/aplite/lib/libpebble.a(tmpQA9vUTpebble.o)
 .text.resource_size
                0x00000000        0xc /home/jacko/pebble-dev/PebbleSDK/Pebble/aplite/lib/libpebble.a(tmpQA9vUTpebble.o)
 .text.rot_bitmap_layer_create
                0x00000000        0xc /home/jacko/pebble-dev/PebbleSDK/Pebble/aplite/lib/libpebble.a(tmpQA9vUTpebble.o)
 .text.rot_bitmap_layer_destroy
                0x00000000        0xc /home/jacko/pebble-dev/PebbleSDK/Pebble/aplite/lib/libpebble.a(tmpQA9vUTpebble.o)
 .text.rot_bitmap_layer_increment_angle
                0x00000000        0xc /home/jacko/pebble-dev/PebbleSDK/Pebble/aplite/lib/libpebble.a(tmpQA9vUTpebble.o)
 .text.rot_bitmap_layer_set_angle
                0x00000000        0xc /home/jacko/pebble-dev/PebbleSDK/Pebble/aplite/lib/libpebble.a(tmpQA9vUTpebble.o)
 .text.rot_bitmap_layer_set_corner_clip_color
                0x00000000        0xc /home/jacko/pebble-dev/PebbleSDK/Pebble/aplite/lib/libpebble.a(tmpQA9vUTpebble.o)
 .text.rot_bitmap_set_compositing_mode
                0x00000000        0xc /home/jacko/pebble-dev/PebbleSDK/Pebble/aplite/lib/libpebble.a(tmpQA9vUTpebble.o)
 .text.rot_bitmap_set_src_ic
                0x00000000        0xc /home/jacko/pebble-dev/PebbleSDK/Pebble/aplite/lib/libpebble.a(tmpQA9vUTpebble.o)
 .text.scroll_layer_add_child
                0x00000000        0xc /home/jacko/pebble-dev/PebbleSDK/Pebble/aplite/lib/libpebble.a(tmpQA9vUTpebble.o)
 .text.scroll_layer_create
                0x00000000        0xc /home/jacko/pebble-dev/PebbleSDK/Pebble/aplite/lib/libpebble.a(tmpQA9vUTpebble.o)
 .text.scroll_layer_destroy
                0x00000000        0xc /home/jacko/pebble-dev/PebbleSDK/Pebble/aplite/lib/libpebble.a(tmpQA9vUTpebble.o)
 .text.scroll_layer_get_content_offset
                0x00000000        0xc /home/jacko/pebble-dev/PebbleSDK/Pebble/aplite/lib/libpebble.a(tmpQA9vUTpebble.o)
 .text.scroll_layer_get_content_size
                0x00000000        0xc /home/jacko/pebble-dev/PebbleSDK/Pebble/aplite/lib/libpebble.a(tmpQA9vUTpebble.o)
 .text.scroll_layer_get_layer
                0x00000000        0xc /home/jacko/pebble-dev/PebbleSDK/Pebble/aplite/lib/libpebble.a(tmpQA9vUTpebble.o)
 .text.scroll_layer_get_shadow_hidden
                0x00000000        0xc /home/jacko/pebble-dev/PebbleSDK/Pebble/aplite/lib/libpebble.a(tmpQA9vUTpebble.o)
 .text.scroll_layer_scroll_down_click_handler
                0x00000000        0xc /home/jacko/pebble-dev/PebbleSDK/Pebble/aplite/lib/libpebble.a(tmpQA9vUTpebble.o)
 .text.scroll_layer_scroll_up_click_handler
                0x00000000        0xc /home/jacko/pebble-dev/PebbleSDK/Pebble/aplite/lib/libpebble.a(tmpQA9vUTpebble.o)
 .text.scroll_layer_set_callbacks
                0x00000000        0xc /home/jacko/pebble-dev/PebbleSDK/Pebble/aplite/lib/libpebble.a(tmpQA9vUTpebble.o)
 .text.scroll_layer_set_click_config_onto_window
                0x00000000        0xc /home/jacko/pebble-dev/PebbleSDK/Pebble/aplite/lib/libpebble.a(tmpQA9vUTpebble.o)
 .text.scroll_layer_set_content_offset
                0x00000000        0xc /home/jacko/pebble-dev/PebbleSDK/Pebble/aplite/lib/libpebble.a(tmpQA9vUTpebble.o)
 .text.scroll_layer_set_content_size
                0x00000000        0xc /home/jacko/pebble-dev/PebbleSDK/Pebble/aplite/lib/libpebble.a(tmpQA9vUTpebble.o)
 .text.scroll_layer_set_context
                0x00000000        0xc /home/jacko/pebble-dev/PebbleSDK/Pebble/aplite/lib/libpebble.a(tmpQA9vUTpebble.o)
 .text.scroll_layer_set_frame
                0x00000000        0xc /home/jacko/pebble-dev/PebbleSDK/Pebble/aplite/lib/libpebble.a(tmpQA9vUTpebble.o)
 .text.scroll_layer_set_shadow_hidden
                0x00000000        0xc /home/jacko/pebble-dev/PebbleSDK/Pebble/aplite/lib/libpebble.a(tmpQA9vUTpebble.o)
 .text.simple_menu_layer_get_selected_index
                0x00000000        0xc /home/jacko/pebble-dev/PebbleSDK/Pebble/aplite/lib/libpebble.a(tmpQA9vUTpebble.o)
 .text.simple_menu_layer_set_selected_index
                0x00000000        0xc /home/jacko/pebble-dev/PebbleSDK/Pebble/aplite/lib/libpebble.a(tmpQA9vUTpebble.o)
 .text.sin_lookup
                0x00000000        0xc /home/jacko/pebble-dev/PebbleSDK/Pebble/aplite/lib/libpebble.a(tmpQA9vUTpebble.o)
 .text.snprintf
                0x00000000        0xc /home/jacko/pebble-dev/PebbleSDK/Pebble/aplite/lib/libpebble.a(tmpQA9vUTpebble.o)
 .text.srand    0x00000000        0xc /home/jacko/pebble-dev/PebbleSDK/Pebble/aplite/lib/libpebble.a(tmpQA9vUTpebble.o)
 .text.strcat   0x00000000        0xc /home/jacko/pebble-dev/PebbleSDK/Pebble/aplite/lib/libpebble.a(tmpQA9vUTpebble.o)
 .text.strcmp   0x00000000        0xc /home/jacko/pebble-dev/PebbleSDK/Pebble/aplite/lib/libpebble.a(tmpQA9vUTpebble.o)
 .text.strcpy   0x00000000        0xc /home/jacko/pebble-dev/PebbleSDK/Pebble/aplite/lib/libpebble.a(tmpQA9vUTpebble.o)
 .text.strftime
                0x00000000        0xc /home/jacko/pebble-dev/PebbleSDK/Pebble/aplite/lib/libpebble.a(tmpQA9vUTpebble.o)
 .text.strlen   0x00000000        0xc /home/jacko/pebble-dev/PebbleSDK/Pebble/aplite/lib/libpebble.a(tmpQA9vUTpebble.o)
 .text.strncat  0x00000000        0xc /home/jacko/pebble-dev/PebbleSDK/Pebble/aplite/lib/libpebble.a(tmpQA9vUTpebble.o)
 .text.strncmp  0x00000000        0xc /home/jacko/pebble-dev/PebbleSDK/Pebble/aplite/lib/libpebble.a(tmpQA9vUTpebble.o)
 .text.strncpy  0x00000000        0xc /home/jacko/pebble-dev/PebbleSDK/Pebble/aplite/lib/libpebble.a(tmpQA9vUTpebble.o)
 .text.text_layer_create
                0x00000000        0xc /home/jacko/pebble-dev/PebbleSDK/Pebble/aplite/lib/libpebble.a(tmpQA9vUTpebble.o)
 .text.text_layer_destroy
                0x00000000        0xc /home/jacko/pebble-dev/PebbleSDK/Pebble/aplite/lib/libpebble.a(tmpQA9vUTpebble.o)
 .text.text_layer_get_content_size
                0x00000000        0xc /home/jacko/pebble-dev/PebbleSDK/Pebble/aplite/lib/libpebble.a(tmpQA9vUTpebble.o)
 .text.text_layer_get_layer
                0x00000000        0xc /home/jacko/pebble-dev/PebbleSDK/Pebble/aplite/lib/libpebble.a(tmpQA9vUTpebble.o)
 .text.text_layer_get_text
                0x00000000        0xc /home/jacko/pebble-dev/PebbleSDK/Pebble/aplite/lib/libpebble.a(tmpQA9vUTpebble.o)
 .text.text_layer_set_background_color
                0x00000000        0xc /home/jacko/pebble-dev/PebbleSDK/Pebble/aplite/lib/libpebble.a(tmpQA9vUTpebble.o)
 .text.text_layer_set_font
                0x00000000        0xc /home/jacko/pebble-dev/PebbleSDK/Pebble/aplite/lib/libpebble.a(tmpQA9vUTpebble.o)
 .text.text_layer_set_overflow_mode
                0x00000000        0xc /home/jacko/pebble-dev/PebbleSDK/Pebble/aplite/lib/libpebble.a(tmpQA9vUTpebble.o)
 .text.text_layer_set_size
                0x00000000        0xc /home/jacko/pebble-dev/PebbleSDK/Pebble/aplite/lib/libpebble.a(tmpQA9vUTpebble.o)
 .text.text_layer_set_text
                0x00000000        0xc /home/jacko/pebble-dev/PebbleSDK/Pebble/aplite/lib/libpebble.a(tmpQA9vUTpebble.o)
 .text.text_layer_set_text_alignment
                0x00000000        0xc /home/jacko/pebble-dev/PebbleSDK/Pebble/aplite/lib/libpebble.a(tmpQA9vUTpebble.o)
 .text.text_layer_set_text_color
                0x00000000        0xc /home/jacko/pebble-dev/PebbleSDK/Pebble/aplite/lib/libpebble.a(tmpQA9vUTpebble.o)
 .text.tick_timer_service_subscribe
                0x00000000        0xc /home/jacko/pebble-dev/PebbleSDK/Pebble/aplite/lib/libpebble.a(tmpQA9vUTpebble.o)
 .text.tick_timer_service_unsubscribe
                0x00000000        0xc /home/jacko/pebble-dev/PebbleSDK/Pebble/aplite/lib/libpebble.a(tmpQA9vUTpebble.o)
 .text.time     0x00000000        0xc /home/jacko/pebble-dev/PebbleSDK/Pebble/aplite/lib/libpebble.a(tmpQA9vUTpebble.o)
 .text.time_ms  0x00000000        0xc /home/jacko/pebble-dev/PebbleSDK/Pebble/aplite/lib/libpebble.a(tmpQA9vUTpebble.o)
 .text.vibes_cancel
                0x00000000        0xc /home/jacko/pebble-dev/PebbleSDK/Pebble/aplite/lib/libpebble.a(tmpQA9vUTpebble.o)
 .text.vibes_double_pulse
                0x00000000        0xc /home/jacko/pebble-dev/PebbleSDK/Pebble/aplite/lib/libpebble.a(tmpQA9vUTpebble.o)
 .text.vibes_enqueue_custom_pattern
                0x00000000        0xc /home/jacko/pebble-dev/PebbleSDK/Pebble/aplite/lib/libpebble.a(tmpQA9vUTpebble.o)
 .text.vibes_long_pulse
                0x00000000        0xc /home/jacko/pebble-dev/PebbleSDK/Pebble/aplite/lib/libpebble.a(tmpQA9vUTpebble.o)
 .text.vibes_short_pulse
                0x00000000        0xc /home/jacko/pebble-dev/PebbleSDK/Pebble/aplite/lib/libpebble.a(tmpQA9vUTpebble.o)
 .text.window_get_click_config_provider
                0x00000000        0xc /home/jacko/pebble-dev/PebbleSDK/Pebble/aplite/lib/libpebble.a(tmpQA9vUTpebble.o)
 .text.window_get_fullscreen
                0x00000000        0xc /home/jacko/pebble-dev/PebbleSDK/Pebble/aplite/lib/libpebble.a(tmpQA9vUTpebble.o)
 .text.window_is_loaded
                0x00000000        0xc /home/jacko/pebble-dev/PebbleSDK/Pebble/aplite/lib/libpebble.a(tmpQA9vUTpebble.o)
 .text.window_set_background_color
                0x00000000        0xc /home/jacko/pebble-dev/PebbleSDK/Pebble/aplite/lib/libpebble.a(tmpQA9vUTpebble.o)
 .text.window_set_click_config_provider
                0x00000000        0xc /home/jacko/pebble-dev/PebbleSDK/Pebble/aplite/lib/libpebble.a(tmpQA9vUTpebble.o)
 .text.window_set_click_config_provider_with_context
                0x00000000        0xc /home/jacko/pebble-dev/PebbleSDK/Pebble/aplite/lib/libpebble.a(tmpQA9vUTpebble.o)
 .text.window_set_status_bar_icon
                0x00000000        0xc /home/jacko/pebble-dev/PebbleSDK/Pebble/aplite/lib/libpebble.a(tmpQA9vUTpebble.o)
 .text.window_stack_contains_window
                0x00000000        0xc /home/jacko/pebble-dev/PebbleSDK/Pebble/aplite/lib/libpebble.a(tmpQA9vUTpebble.o)
 .text.window_stack_get_top_window
                0x00000000        0xc /home/jacko/pebble-dev/PebbleSDK/Pebble/aplite/lib/libpebble.a(tmpQA9vUTpebble.o)
 .text.window_stack_pop
                0x00000000        0xc /home/jacko/pebble-dev/PebbleSDK/Pebble/aplite/lib/libpebble.a(tmpQA9vUTpebble.o)
 .text.window_stack_pop_all
                0x00000000        0xc /home/jacko/pebble-dev/PebbleSDK/Pebble/aplite/lib/libpebble.a(tmpQA9vUTpebble.o)
 .text.window_stack_remove
                0x00000000        0xc /home/jacko/pebble-dev/PebbleSDK/Pebble/aplite/lib/libpebble.a(tmpQA9vUTpebble.o)
 .text.app_focus_service_subscribe
                0x00000000        0xc /home/jacko/pebble-dev/PebbleSDK/Pebble/aplite/lib/libpebble.a(tmpQA9vUTpebble.o)
 .text.app_focus_service_unsubscribe
                0x00000000        0xc /home/jacko/pebble-dev/PebbleSDK/Pebble/aplite/lib/libpebble.a(tmpQA9vUTpebble.o)
 .text.window_get_user_data
                0x00000000        0xc /home/jacko/pebble-dev/PebbleSDK/Pebble/aplite/lib/libpebble.a(tmpQA9vUTpebble.o)
 .text.window_set_user_data
                0x00000000        0xc /home/jacko/pebble-dev/PebbleSDK/Pebble/aplite/lib/libpebble.a(tmpQA9vUTpebble.o)
 .text.app_message_get_context
                0x00000000        0xc /home/jacko/pebble-dev/PebbleSDK/Pebble/aplite/lib/libpebble.a(tmpQA9vUTpebble.o)
 .text.app_message_inbox_size_maximum
                0x00000000        0xc /home/jacko/pebble-dev/PebbleSDK/Pebble/aplite/lib/libpebble.a(tmpQA9vUTpebble.o)
 .text.app_message_outbox_begin
                0x00000000        0xc /home/jacko/pebble-dev/PebbleSDK/Pebble/aplite/lib/libpebble.a(tmpQA9vUTpebble.o)
 .text.app_message_outbox_send
                0x00000000        0xc /home/jacko/pebble-dev/PebbleSDK/Pebble/aplite/lib/libpebble.a(tmpQA9vUTpebble.o)
 .text.app_message_outbox_size_maximum
                0x00000000        0xc /home/jacko/pebble-dev/PebbleSDK/Pebble/aplite/lib/libpebble.a(tmpQA9vUTpebble.o)
 .text.app_message_register_inbox_dropped
                0x00000000        0xc /home/jacko/pebble-dev/PebbleSDK/Pebble/aplite/lib/libpebble.a(tmpQA9vUTpebble.o)
 .text.app_message_register_inbox_received
                0x00000000        0xc /home/jacko/pebble-dev/PebbleSDK/Pebble/aplite/lib/libpebble.a(tmpQA9vUTpebble.o)
 .text.app_message_register_outbox_failed
                0x00000000        0xc /home/jacko/pebble-dev/PebbleSDK/Pebble/aplite/lib/libpebble.a(tmpQA9vUTpebble.o)
 .text.app_message_register_outbox_sent
                0x00000000        0xc /home/jacko/pebble-dev/PebbleSDK/Pebble/aplite/lib/libpebble.a(tmpQA9vUTpebble.o)
 .text.app_message_set_context
                0x00000000        0xc /home/jacko/pebble-dev/PebbleSDK/Pebble/aplite/lib/libpebble.a(tmpQA9vUTpebble.o)
 .text.window_long_click_subscribe
                0x00000000        0xc /home/jacko/pebble-dev/PebbleSDK/Pebble/aplite/lib/libpebble.a(tmpQA9vUTpebble.o)
 .text.window_multi_click_subscribe
                0x00000000        0xc /home/jacko/pebble-dev/PebbleSDK/Pebble/aplite/lib/libpebble.a(tmpQA9vUTpebble.o)
 .text.window_raw_click_subscribe
                0x00000000        0xc /home/jacko/pebble-dev/PebbleSDK/Pebble/aplite/lib/libpebble.a(tmpQA9vUTpebble.o)
 .text.window_set_click_context
                0x00000000        0xc /home/jacko/pebble-dev/PebbleSDK/Pebble/aplite/lib/libpebble.a(tmpQA9vUTpebble.o)
 .text.window_single_click_subscribe
                0x00000000        0xc /home/jacko/pebble-dev/PebbleSDK/Pebble/aplite/lib/libpebble.a(tmpQA9vUTpebble.o)
 .text.window_single_repeating_click_subscribe
                0x00000000        0xc /home/jacko/pebble-dev/PebbleSDK/Pebble/aplite/lib/libpebble.a(tmpQA9vUTpebble.o)
 .text.graphics_draw_text
                0x00000000        0xc /home/jacko/pebble-dev/PebbleSDK/Pebble/aplite/lib/libpebble.a(tmpQA9vUTpebble.o)
 .text.dict_serialize_tuplets_to_buffer
                0x00000000        0xc /home/jacko/pebble-dev/PebbleSDK/Pebble/aplite/lib/libpebble.a(tmpQA9vUTpebble.o)
 .text.persist_read_data
                0x00000000        0xc /home/jacko/pebble-dev/PebbleSDK/Pebble/aplite/lib/libpebble.a(tmpQA9vUTpebble.o)
 .text.persist_read_string
                0x00000000        0xc /home/jacko/pebble-dev/PebbleSDK/Pebble/aplite/lib/libpebble.a(tmpQA9vUTpebble.o)
 .text.persist_write_data
                0x00000000        0xc /home/jacko/pebble-dev/PebbleSDK/Pebble/aplite/lib/libpebble.a(tmpQA9vUTpebble.o)
 .text.dict_size
                0x00000000        0xc /home/jacko/pebble-dev/PebbleSDK/Pebble/aplite/lib/libpebble.a(tmpQA9vUTpebble.o)
 .text.graphics_text_layout_get_content_size
                0x00000000        0xc /home/jacko/pebble-dev/PebbleSDK/Pebble/aplite/lib/libpebble.a(tmpQA9vUTpebble.o)
 .text.simple_menu_layer_get_menu_layer
                0x00000000        0xc /home/jacko/pebble-dev/PebbleSDK/Pebble/aplite/lib/libpebble.a(tmpQA9vUTpebble.o)
 .text.accel_data_service_subscribe
                0x00000000        0xc /home/jacko/pebble-dev/PebbleSDK/Pebble/aplite/lib/libpebble.a(tmpQA9vUTpebble.o)
 .text.calloc   0x00000000        0xc /home/jacko/pebble-dev/PebbleSDK/Pebble/aplite/lib/libpebble.a(tmpQA9vUTpebble.o)
 .text.bitmap_layer_get_bitmap
                0x00000000        0xc /home/jacko/pebble-dev/PebbleSDK/Pebble/aplite/lib/libpebble.a(tmpQA9vUTpebble.o)
 .text.menu_layer_set_callbacks
                0x00000000        0xc /home/jacko/pebble-dev/PebbleSDK/Pebble/aplite/lib/libpebble.a(tmpQA9vUTpebble.o)
 .text.window_get_click_config_context
                0x00000000        0xc /home/jacko/pebble-dev/PebbleSDK/Pebble/aplite/lib/libpebble.a(tmpQA9vUTpebble.o)
 .text.number_window_get_window
                0x00000000        0xc /home/jacko/pebble-dev/PebbleSDK/Pebble/aplite/lib/libpebble.a(tmpQA9vUTpebble.o)
 .text.realloc  0x00000000        0xc /home/jacko/pebble-dev/PebbleSDK/Pebble/aplite/lib/libpebble.a(tmpQA9vUTpebble.o)
 .text.__gbitmap_create_blank
                0x00000000        0xc /home/jacko/pebble-dev/PebbleSDK/Pebble/aplite/lib/libpebble.a(tmpQA9vUTpebble.o)
 .text.click_recognizer_is_repeating
                0x00000000        0xc /home/jacko/pebble-dev/PebbleSDK/Pebble/aplite/lib/libpebble.a(tmpQA9vUTpebble.o)
 .text.accel_raw_data_service_subscribe
                0x00000000        0xc /home/jacko/pebble-dev/PebbleSDK/Pebble/aplite/lib/libpebble.a(tmpQA9vUTpebble.o)
 .text.app_worker_is_running
                0x00000000        0xc /home/jacko/pebble-dev/PebbleSDK/Pebble/aplite/lib/libpebble.a(tmpQA9vUTpebble.o)
 .text.app_worker_kill
                0x00000000        0xc /home/jacko/pebble-dev/PebbleSDK/Pebble/aplite/lib/libpebble.a(tmpQA9vUTpebble.o)
 .text.app_worker_launch
                0x00000000        0xc /home/jacko/pebble-dev/PebbleSDK/Pebble/aplite/lib/libpebble.a(tmpQA9vUTpebble.o)
 .text.app_worker_message_subscribe
                0x00000000        0xc /home/jacko/pebble-dev/PebbleSDK/Pebble/aplite/lib/libpebble.a(tmpQA9vUTpebble.o)
 .text.app_worker_message_unsubscribe
                0x00000000        0xc /home/jacko/pebble-dev/PebbleSDK/Pebble/aplite/lib/libpebble.a(tmpQA9vUTpebble.o)
 .text.app_worker_send_message
                0x00000000        0xc /home/jacko/pebble-dev/PebbleSDK/Pebble/aplite/lib/libpebble.a(tmpQA9vUTpebble.o)
 .text.worker_event_loop
                0x00000000        0xc /home/jacko/pebble-dev/PebbleSDK/Pebble/aplite/lib/libpebble.a(tmpQA9vUTpebble.o)
 .text.worker_launch_app
                0x00000000        0xc /home/jacko/pebble-dev/PebbleSDK/Pebble/aplite/lib/libpebble.a(tmpQA9vUTpebble.o)
 .text.heap_bytes_free
                0x00000000        0xc /home/jacko/pebble-dev/PebbleSDK/Pebble/aplite/lib/libpebble.a(tmpQA9vUTpebble.o)
 .text.heap_bytes_used
                0x00000000        0xc /home/jacko/pebble-dev/PebbleSDK/Pebble/aplite/lib/libpebble.a(tmpQA9vUTpebble.o)
 .text.compass_service_peek
                0x00000000        0xc /home/jacko/pebble-dev/PebbleSDK/Pebble/aplite/lib/libpebble.a(tmpQA9vUTpebble.o)
 .text.compass_service_set_heading_filter
                0x00000000        0xc /home/jacko/pebble-dev/PebbleSDK/Pebble/aplite/lib/libpebble.a(tmpQA9vUTpebble.o)
 .text.compass_service_subscribe
                0x00000000        0xc /home/jacko/pebble-dev/PebbleSDK/Pebble/aplite/lib/libpebble.a(tmpQA9vUTpebble.o)
 .text.compass_service_unsubscribe
                0x00000000        0xc /home/jacko/pebble-dev/PebbleSDK/Pebble/aplite/lib/libpebble.a(tmpQA9vUTpebble.o)
 .text.uuid_equal
                0x00000000        0xc /home/jacko/pebble-dev/PebbleSDK/Pebble/aplite/lib/libpebble.a(tmpQA9vUTpebble.o)
 .text.uuid_to_string
                0x00000000        0xc /home/jacko/pebble-dev/PebbleSDK/Pebble/aplite/lib/libpebble.a(tmpQA9vUTpebble.o)
 .text.gpath_draw_filled
                0x00000000        0xc /home/jacko/pebble-dev/PebbleSDK/Pebble/aplite/lib/libpebble.a(tmpQA9vUTpebble.o)
 .text.animation_set_custom_curve
                0x00000000        0xc /home/jacko/pebble-dev/PebbleSDK/Pebble/aplite/lib/libpebble.a(tmpQA9vUTpebble.o)
 .text.watch_info_get_color
                0x00000000        0xc /home/jacko/pebble-dev/PebbleSDK/Pebble/aplite/lib/libpebble.a(tmpQA9vUTpebble.o)
 .text.watch_info_get_firmware_version
                0x00000000        0xc /home/jacko/pebble-dev/PebbleSDK/Pebble/aplite/lib/libpebble.a(tmpQA9vUTpebble.o)
 .text.watch_info_get_model
                0x00000000        0xc /home/jacko/pebble-dev/PebbleSDK/Pebble/aplite/lib/libpebble.a(tmpQA9vUTpebble.o)
 .text.graphics_capture_frame_buffer
                0x00000000        0xc /home/jacko/pebble-dev/PebbleSDK/Pebble/aplite/lib/libpebble.a(tmpQA9vUTpebble.o)
 .text.graphics_frame_buffer_is_captured
                0x00000000        0xc /home/jacko/pebble-dev/PebbleSDK/Pebble/aplite/lib/libpebble.a(tmpQA9vUTpebble.o)
 .text.graphics_release_frame_buffer
                0x00000000        0xc /home/jacko/pebble-dev/PebbleSDK/Pebble/aplite/lib/libpebble.a(tmpQA9vUTpebble.o)
 .text.clock_to_timestamp
                0x00000000        0xc /home/jacko/pebble-dev/PebbleSDK/Pebble/aplite/lib/libpebble.a(tmpQA9vUTpebble.o)
 .text.launch_reason
                0x00000000        0xc /home/jacko/pebble-dev/PebbleSDK/Pebble/aplite/lib/libpebble.a(tmpQA9vUTpebble.o)
 .text.wakeup_cancel
                0x00000000        0xc /home/jacko/pebble-dev/PebbleSDK/Pebble/aplite/lib/libpebble.a(tmpQA9vUTpebble.o)
 .text.wakeup_cancel_all
                0x00000000        0xc /home/jacko/pebble-dev/PebbleSDK/Pebble/aplite/lib/libpebble.a(tmpQA9vUTpebble.o)
 .text.wakeup_get_launch_event
                0x00000000        0xc /home/jacko/pebble-dev/PebbleSDK/Pebble/aplite/lib/libpebble.a(tmpQA9vUTpebble.o)
 .text.wakeup_query
                0x00000000        0xc /home/jacko/pebble-dev/PebbleSDK/Pebble/aplite/lib/libpebble.a(tmpQA9vUTpebble.o)
 .text.wakeup_schedule
                0x00000000        0xc /home/jacko/pebble-dev/PebbleSDK/Pebble/aplite/lib/libpebble.a(tmpQA9vUTpebble.o)
 .text.wakeup_service_subscribe
                0x00000000        0xc /home/jacko/pebble-dev/PebbleSDK/Pebble/aplite/lib/libpebble.a(tmpQA9vUTpebble.o)
 .text.clock_is_timezone_set
                0x00000000        0xc /home/jacko/pebble-dev/PebbleSDK/Pebble/aplite/lib/libpebble.a(tmpQA9vUTpebble.o)
 .text.i18n_get_system_locale
                0x00000000        0xc /home/jacko/pebble-dev/PebbleSDK/Pebble/aplite/lib/libpebble.a(tmpQA9vUTpebble.o)
 .text._localeconv_r
                0x00000000        0xc /home/jacko/pebble-dev/PebbleSDK/Pebble/aplite/lib/libpebble.a(tmpQA9vUTpebble.o)
 .text.setlocale
                0x00000000        0xc /home/jacko/pebble-dev/PebbleSDK/Pebble/aplite/lib/libpebble.a(tmpQA9vUTpebble.o)
 .text.mktime   0x00000000        0xc /home/jacko/pebble-dev/PebbleSDK/Pebble/aplite/lib/libpebble.a(tmpQA9vUTpebble.o)
 .text          0x00000000        0x0 /home/jacko/pebble-dev/PebbleSDK/arm-cs-tools/bin/../lib/gcc/arm-none-eabi/4.7.3/thumb2/crtend.o
 .bss           0x00000000        0x0 /home/jacko/pebble-dev/PebbleSDK/arm-cs-tools/bin/../lib/gcc/arm-none-eabi/4.7.3/thumb2/crtend.o
 .eh_frame      0x00000000        0x4 /home/jacko/pebble-dev/PebbleSDK/arm-cs-tools/bin/../lib/gcc/arm-none-eabi/4.7.3/thumb2/crtend.o
 .jcr           0x00000000        0x4 /home/jacko/pebble-dev/PebbleSDK/arm-cs-tools/bin/../lib/gcc/arm-none-eabi/4.7.3/thumb2/crtend.o
 .tm_clone_table
                0x00000000        0x0 /home/jacko/pebble-dev/PebbleSDK/arm-cs-tools/bin/../lib/gcc/arm-none-eabi/4.7.3/thumb2/crtend.o
 .text          0x00000000        0x0 /home/jacko/pebble-dev/PebbleSDK/arm-cs-tools/bin/../lib/gcc/arm-none-eabi/4.7.3/thumb2/crtn.o
 .bss           0x00000000        0x0 /home/jacko/pebble-dev/PebbleSDK/arm-cs-tools/bin/../lib/gcc/arm-none-eabi/4.7.3/thumb2/crtn.o
 .init          0x00000000        0x8 /home/jacko/pebble-dev/PebbleSDK/arm-cs-tools/bin/../lib/gcc/arm-none-eabi/4.7.3/thumb2/crtn.o
 .fini          0x00000000        0x8 /home/jacko/pebble-dev/PebbleSDK/arm-cs-tools/bin/../lib/gcc/arm-none-eabi/4.7.3/thumb2/crtn.o

Memory Configuration

Name             Origin             Length             Attributes
APP              0x00000000         0x00006000         xrw
*default*        0x00000000         0xffffffff

Linker script and memory map

LOAD /home/jacko/pebble-dev/PebbleSDK/arm-cs-tools/bin/../lib/gcc/arm-none-eabi/4.7.3/thumb2/crti.o
LOAD /home/jacko/pebble-dev/PebbleSDK/arm-cs-tools/bin/../lib/gcc/arm-none-eabi/4.7.3/thumb2/crtbegin.o
LOAD src/feature_simple_menu_layer.c.22.o
LOAD aplite/appinfo.auto.c.22.o
LOAD /home/jacko/pebble-dev/PebbleSDK/Pebble/aplite/lib/libpebble.a
START GROUP
LOAD /home/jacko/pebble-dev/PebbleSDK/arm-cs-tools/bin/../lib/gcc/arm-none-eabi/4.7.3/thumb2/libgcc.a
LOAD /home/jacko/pebble-dev/PebbleSDK/arm-cs-tools/bin/../lib/gcc/arm-none-eabi/4.7.3/../../../../arm-none-eabi/lib/thumb2/libc.a
END GROUP
LOAD /home/jacko/pebble-dev/PebbleSDK/arm-cs-tools/bin/../lib/gcc/arm-none-eabi/4.7.3/thumb2/crtend.o
LOAD /home/jacko/pebble-dev/PebbleSDK/arm-cs-tools/bin/../lib/gcc/arm-none-eabi/4.7.3/thumb2/crtn.o

.header         0x00000000       0x82
 *(.pbl_header)
 .pbl_header    0x00000000       0x82 aplite/appinfo.auto.c.22.o
                0x00000000                __pbl_app_info

.note.gnu.build-id
                0x00000082       0x26
                0x00000082                PROVIDE (BUILD_ID, .)
 *(.note.gnu.build-id)
 *fill*         0x00000082        0x2 
 .note.gnu.build-id
                0x00000084       0x24 linker stubs

.text           0x000000a8      0x408
 *(.text)
 .text          0x000000a8       0x14 /home/jacko/pebble-dev/PebbleSDK/Pebble/aplite/lib/libpebble.a(tmpQA9vUTpebble.o)
 *(.text.*)
 .text.main_window_unload
                0x000000bc        0x2 src/feature_simple_menu_layer.c.22.o
                0x000000bc                main_window_unload
 *fill*         0x000000be        0x2 
 .text.menu_window_load
                0x000000c0      0x10c src/feature_simple_menu_layer.c.22.o
 .text.special_select_callback
                0x000001cc       0x68 src/feature_simple_menu_layer.c.22.o
 .text.menu_select_callback
                0x00000234       0x30 src/feature_simple_menu_layer.c.22.o
 .text.main_window_load
                0x00000264        0x6 src/feature_simple_menu_layer.c.22.o
 *fill*         0x0000026a        0x2 
 .text.menu_window_unload
                0x0000026c       0x24 src/feature_simple_menu_layer.c.22.o
                0x0000026c                menu_window_unload
 .text.startup.main
                0x00000290       0xac src/feature_simple_menu_layer.c.22.o
                0x00000290                main
 .text.app_event_loop
                0x0000033c        0xc /home/jacko/pebble-dev/PebbleSDK/Pebble/aplite/lib/libpebble.a(tmpQA9vUTpebble.o)
                0x0000033c                app_event_loop
 .text.gbitmap_create_with_resource
                0x00000348        0xc /home/jacko/pebble-dev/PebbleSDK/Pebble/aplite/lib/libpebble.a(tmpQA9vUTpebble.o)
                0x00000348                gbitmap_create_with_resource
 .text.gbitmap_destroy
                0x00000354        0xc /home/jacko/pebble-dev/PebbleSDK/Pebble/aplite/lib/libpebble.a(tmpQA9vUTpebble.o)
                0x00000354                gbitmap_destroy
 .text.layer_add_child
                0x00000360        0xc /home/jacko/pebble-dev/PebbleSDK/Pebble/aplite/lib/libpebble.a(tmpQA9vUTpebble.o)
                0x00000360                layer_add_child
 .text.layer_get_frame
                0x0000036c        0xc /home/jacko/pebble-dev/PebbleSDK/Pebble/aplite/lib/libpebble.a(tmpQA9vUTpebble.o)
                0x0000036c                layer_get_frame
 .text.layer_mark_dirty
                0x00000378        0xc /home/jacko/pebble-dev/PebbleSDK/Pebble/aplite/lib/libpebble.a(tmpQA9vUTpebble.o)
                0x00000378                layer_mark_dirty
 .text.memset   0x00000384        0xc /home/jacko/pebble-dev/PebbleSDK/Pebble/aplite/lib/libpebble.a(tmpQA9vUTpebble.o)
                0x00000384                memset
 .text.simple_menu_layer_create
                0x00000390        0xc /home/jacko/pebble-dev/PebbleSDK/Pebble/aplite/lib/libpebble.a(tmpQA9vUTpebble.o)
                0x00000390                simple_menu_layer_create
 .text.simple_menu_layer_destroy
                0x0000039c        0xc /home/jacko/pebble-dev/PebbleSDK/Pebble/aplite/lib/libpebble.a(tmpQA9vUTpebble.o)
                0x0000039c                simple_menu_layer_destroy
 .text.simple_menu_layer_get_layer
                0x000003a8        0xc /home/jacko/pebble-dev/PebbleSDK/Pebble/aplite/lib/libpebble.a(tmpQA9vUTpebble.o)
                0x000003a8                simple_menu_layer_get_layer
 .text.window_create
                0x000003b4        0xc /home/jacko/pebble-dev/PebbleSDK/Pebble/aplite/lib/libpebble.a(tmpQA9vUTpebble.o)
                0x000003b4                window_create
 .text.window_destroy
                0x000003c0        0xc /home/jacko/pebble-dev/PebbleSDK/Pebble/aplite/lib/libpebble.a(tmpQA9vUTpebble.o)
                0x000003c0                window_destroy
 .text.window_get_root_layer
                0x000003cc        0xc /home/jacko/pebble-dev/PebbleSDK/Pebble/aplite/lib/libpebble.a(tmpQA9vUTpebble.o)
                0x000003cc                window_get_root_layer
 .text.window_set_fullscreen
                0x000003d8        0xc /home/jacko/pebble-dev/PebbleSDK/Pebble/aplite/lib/libpebble.a(tmpQA9vUTpebble.o)
                0x000003d8                window_set_fullscreen
 .text.window_set_window_handlers
                0x000003e4        0xc /home/jacko/pebble-dev/PebbleSDK/Pebble/aplite/lib/libpebble.a(tmpQA9vUTpebble.o)
                0x000003e4                window_set_window_handlers
 .text.window_stack_push
                0x000003f0        0xc /home/jacko/pebble-dev/PebbleSDK/Pebble/aplite/lib/libpebble.a(tmpQA9vUTpebble.o)
                0x000003f0                window_stack_push
 *(.rodata)
 *(.rodata*)
 .rodata.str1.1
                0x000003fc       0xb4 src/feature_simple_menu_layer.c.22.o
                                 0xc1 (size before relaxing)

.glue_7         0x000004b0        0x0
 .glue_7        0x00000000        0x0 linker stubs

.glue_7t        0x000004b0        0x0
 .glue_7t       0x00000000        0x0 linker stubs

.vfp11_veneer   0x000004b0        0x0
 .vfp11_veneer  0x00000000        0x0 linker stubs

.v4_bx          0x000004b0        0x0
 .v4_bx         0x00000000        0x0 linker stubs

.iplt           0x000004b0        0x0
 .iplt          0x00000000        0x0 /home/jacko/pebble-dev/PebbleSDK/arm-cs-tools/bin/../lib/gcc/arm-none-eabi/4.7.3/thumb2/crtbegin.o

.rel.dyn        0x000004b0        0x0
 .rel.iplt      0x00000000        0x0 /home/jacko/pebble-dev/PebbleSDK/arm-cs-tools/bin/../lib/gcc/arm-none-eabi/4.7.3/thumb2/crtbegin.o

.data           0x000004b0       0x10
 *(.data)
 .data          0x000004b0        0x0 /home/jacko/pebble-dev/PebbleSDK/arm-cs-tools/bin/../lib/gcc/arm-none-eabi/4.7.3/thumb2/crti.o
 .data          0x000004b0        0x4 /home/jacko/pebble-dev/PebbleSDK/arm-cs-tools/bin/../lib/gcc/arm-none-eabi/4.7.3/thumb2/crtbegin.o
                0x000004b0                __dso_handle
 .data          0x000004b4        0xc src/feature_simple_menu_layer.c.22.o
 .data          0x000004c0        0x0 aplite/appinfo.auto.c.22.o
 .data          0x000004c0        0x0 /home/jacko/pebble-dev/PebbleSDK/Pebble/aplite/lib/libpebble.a(tmpQA9vUTpebble.o)
 .data          0x000004c0        0x0 /home/jacko/pebble-dev/PebbleSDK/arm-cs-tools/bin/../lib/gcc/arm-none-eabi/4.7.3/thumb2/crtend.o
 .data          0x000004c0        0x0 /home/jacko/pebble-dev/PebbleSDK/arm-cs-tools/bin/../lib/gcc/arm-none-eabi/4.7.3/thumb2/crtn.o
 *(.data.*)

.igot.plt       0x000004c0        0x0
 .igot.plt      0x00000000        0x0 /home/jacko/pebble-dev/PebbleSDK/arm-cs-tools/bin/../lib/gcc/arm-none-eabi/4.7.3/thumb2/crtbegin.o

.bss            0x000004c0       0x70
 *(.bss)
 *(.bss.*)
 .bss.s_menu_sections
                0x000004c0       0x18 src/feature_simple_menu_layer.c.22.o
 .bss.s_second_menu_items
                0x000004d8       0x10 src/feature_simple_menu_layer.c.22.o
 .bss.s_simple_menu_layer
                0x000004e8        0x4 src/feature_simple_menu_layer.c.22.o
 .bss.s_special_flag
                0x000004ec        0x1 src/feature_simple_menu_layer.c.22.o
 *fill*         0x000004ed        0x3 
 .bss.s_menu_icon_image
                0x000004f0        0x4 src/feature_simple_menu_layer.c.22.o
 .bss.s_menu_window
                0x000004f4        0x4 src/feature_simple_menu_layer.c.22.o
 .bss.s_first_menu_items
                0x000004f8       0x30 src/feature_simple_menu_layer.c.22.o
 .bss.s_main_window
                0x00000528        0x4 src/feature_simple_menu_layer.c.22.o
 .bss.s_hit_count
                0x0000052c        0x4 src/feature_simple_menu_layer.c.22.o

DISCARD
 libc.a(*)
 libm.a(*)
 libgcc.a(*)
 *(.eh_frame)
OUTPUT(/home/jacko/pebble-dev/examples/watchapps/RoboMaze/build/aplite/pebble-app.elf elf32-littlearm)

.ARM.attributes
                0x00000000       0x27
 .ARM.attributes
                0x00000000       0x19 /home/jacko/pebble-dev/PebbleSDK/arm-cs-tools/bin/../lib/gcc/arm-none-eabi/4.7.3/thumb2/crti.o
 .ARM.attributes
                0x00000019       0x29 /home/jacko/pebble-dev/PebbleSDK/arm-cs-tools/bin/../lib/gcc/arm-none-eabi/4.7.3/thumb2/crtbegin.o
 .ARM.attributes
                0x00000042       0x33 src/feature_simple_menu_layer.c.22.o
 .ARM.attributes
                0x00000075       0x33 aplite/appinfo.auto.c.22.o
 .ARM.attributes
                0x000000a8       0x21 /home/jacko/pebble-dev/PebbleSDK/Pebble/aplite/lib/libpebble.a(tmpQA9vUTpebble.o)
 .ARM.attributes
                0x000000c9       0x29 /home/jacko/pebble-dev/PebbleSDK/arm-cs-tools/bin/../lib/gcc/arm-none-eabi/4.7.3/thumb2/crtend.o
 .ARM.attributes
                0x000000f2       0x19 /home/jacko/pebble-dev/PebbleSDK/arm-cs-tools/bin/../lib/gcc/arm-none-eabi/4.7.3/thumb2/crtn.o

.comment        0x00000000       0x4e
 .comment       0x00000000       0x4e /home/jacko/pebble-dev/PebbleSDK/arm-cs-tools/bin/../lib/gcc/arm-none-eabi/4.7.3/thumb2/crtbegin.o
                                 0x4f (size before relaxing)
 .comment       0x00000000       0x4f src/feature_simple_menu_layer.c.22.o
 .comment       0x00000000       0x4f aplite/appinfo.auto.c.22.o
 .comment       0x00000000       0x4f /home/jacko/pebble-dev/PebbleSDK/arm-cs-tools/bin/../lib/gcc/arm-none-eabi/4.7.3/thumb2/crtend.o

.debug_info     0x00000000      0xcf3
 .debug_info    0x00000000      0x9e5 src/feature_simple_menu_layer.c.22.o
 .debug_info    0x000009e5      0x30e aplite/appinfo.auto.c.22.o

.debug_abbrev   0x00000000      0x348
 .debug_abbrev  0x00000000      0x2aa src/feature_simple_menu_layer.c.22.o
 .debug_abbrev  0x000002aa       0x9e aplite/appinfo.auto.c.22.o

.debug_loc      0x00000000      0x225
 .debug_loc     0x00000000      0x225 src/feature_simple_menu_layer.c.22.o

.debug_aranges  0x00000000       0x68
 .debug_aranges
                0x00000000       0x50 src/feature_simple_menu_layer.c.22.o
 .debug_aranges
                0x00000050       0x18 aplite/appinfo.auto.c.22.o

.debug_ranges   0x00000000       0x40
 .debug_ranges  0x00000000       0x40 src/feature_simple_menu_layer.c.22.o

.debug_line     0x00000000      0x351
 .debug_line    0x00000000      0x22a src/feature_simple_menu_layer.c.22.o
 .debug_line    0x0000022a      0x127 aplite/appinfo.auto.c.22.o

.debug_str      0x00000000      0x605
 .debug_str     0x00000000      0x4a0 src/feature_simple_menu_layer.c.22.o
                                0x535 (size before relaxing)
 .debug_str     0x000004a0      0x165 aplite/appinfo.auto.c.22.o
                                0x2b7 (size before relaxing)

.debug_frame    0x00000000       0xc4
 .debug_frame   0x00000000       0xc4 src/feature_simple_menu_layer.c.22.o
ion_bar_layer_get_layer
                0x00000000        0xc /home/jacko/pebble-dev/PebbleSDK/Pebble/basalt/lib/libpebble.a(tmpTNRbtApebble.o)
 .text.action_bar_layer_remove_from_window
                0x00000000        0xc /home/jacko/pebble-dev/PebbleSDK/Pebble/basalt/lib/libpebble.a(tmpTNRbtApebble.o)
 .text.action_bar_layer_set_background_color
                0x00000000        0xc /home/jacko/pebble-dev/PebbleSDK/Pebble/basalt/lib/libpebble.a(tmpTNRbtApebble.o)
 .text.action_bar_layer_set_click_config_provider
                0x00000000        0xc /home/jacko/pebble-dev/PebbleSDK/Pebble/basalt/lib/libpebble.a(tmpTNRbtApebble.o)
 .text.action_bar_layer_set_context
                0x00000000        0xc /home/jacko/pebble-dev/PebbleSDK/Pebble/basalt/lib/libpebble.a(tmpTNRbtApebble.o)
 .text.action_bar_layer_set_icon
                0x00000000        0xc /home/jacko/pebble-dev/PebbleSDK/Pebble/basalt/lib/libpebble.a(tmpTNRbtApebble.o)
 .text.action_bar_layer_set_icon_animated
                0x00000000        0xc /home/jacko/pebble-dev/PebbleSDK/Pebble/basalt/lib/libpebble.a(tmpTNRbtApebble.o)
 .text.gbitmap_sequence_update_bitmap_by_elapsed
                0x00000000        0xc /home/jacko/pebble-dev/PebbleSDK/Pebble/basalt/lib/libpebble.a(tmpTNRbtApebble.o)
 .text.gbitmap_create_palettized_from_1bit
                0x00000000        0xc /home/jacko/pebble-dev/PebbleSDK/Pebble/basalt/lib/libpebble.a(tmpTNRbtApebble.o)
 .text.menu_cell_layer_is_highlighted
                0x00000000        0xc /home/jacko/pebble-dev/PebbleSDK/Pebble/basalt/lib/libpebble.a(tmpTNRbtApebble.o)
 .text.graphics_draw_rotated_bitmap
                0x00000000        0xc /home/jacko/pebble-dev/PebbleSDK/Pebble/basalt/lib/libpebble.a(tmpTNRbtApebble.o)
 .text.action_bar_layer_set_icon_press_animation
                0x00000000        0xc /home/jacko/pebble-dev/PebbleSDK/Pebble/basalt/lib/libpebble.a(tmpTNRbtApebble.o)
 .text.text_layer_create
                0x00000000        0xc /home/jacko/pebble-dev/PebbleSDK/Pebble/basalt/lib/libpebble.a(tmpTNRbtApebble.o)
 .text.text_layer_destroy
                0x00000000        0xc /home/jacko/pebble-dev/PebbleSDK/Pebble/basalt/lib/libpebble.a(tmpTNRbtApebble.o)
 .text.text_layer_get_content_size
                0x00000000        0xc /home/jacko/pebble-dev/PebbleSDK/Pebble/basalt/lib/libpebble.a(tmpTNRbtApebble.o)
 .text.text_layer_get_layer
                0x00000000        0xc /home/jacko/pebble-dev/PebbleSDK/Pebble/basalt/lib/libpebble.a(tmpTNRbtApebble.o)
 .text.text_layer_get_text
                0x00000000        0xc /home/jacko/pebble-dev/PebbleSDK/Pebble/basalt/lib/libpebble.a(tmpTNRbtApebble.o)
 .text.text_layer_set_background_color
                0x00000000        0xc /home/jacko/pebble-dev/PebbleSDK/Pebble/basalt/lib/libpebble.a(tmpTNRbtApebble.o)
 .text.text_layer_set_font
                0x00000000        0xc /home/jacko/pebble-dev/PebbleSDK/Pebble/basalt/lib/libpebble.a(tmpTNRbtApebble.o)
 .text.text_layer_set_overflow_mode
                0x00000000        0xc /home/jacko/pebble-dev/PebbleSDK/Pebble/basalt/lib/libpebble.a(tmpTNRbtApebble.o)
 .text.text_layer_set_size
                0x00000000        0xc /home/jacko/pebble-dev/PebbleSDK/Pebble/basalt/lib/libpebble.a(tmpTNRbtApebble.o)
 .text.text_layer_set_text
                0x00000000        0xc /home/jacko/pebble-dev/PebbleSDK/Pebble/basalt/lib/libpebble.a(tmpTNRbtApebble.o)
 .text.text_layer_set_text_alignment
                0x00000000        0xc /home/jacko/pebble-dev/PebbleSDK/Pebble/basalt/lib/libpebble.a(tmpTNRbtApebble.o)
 .text.text_layer_set_text_color
                0x00000000        0xc /home/jacko/pebble-dev/PebbleSDK/Pebble/basalt/lib/libpebble.a(tmpTNRbtApebble.o)
 .text.gdraw_command_draw
                0x00000000        0xc /home/jacko/pebble-dev/PebbleSDK/Pebble/basalt/lib/libpebble.a(tmpTNRbtApebble.o)
 .text.gdraw_command_frame_draw
                0x00000000        0xc /home/jacko/pebble-dev/PebbleSDK/Pebble/basalt/lib/libpebble.a(tmpTNRbtApebble.o)
 .text.gdraw_command_frame_get_duration
                0x00000000        0xc /home/jacko/pebble-dev/PebbleSDK/Pebble/basalt/lib/libpebble.a(tmpTNRbtApebble.o)
 .text.gdraw_command_frame_set_duration
                0x00000000        0xc /home/jacko/pebble-dev/PebbleSDK/Pebble/basalt/lib/libpebble.a(tmpTNRbtApebble.o)
 .text.gdraw_command_get_fill_color
                0x00000000        0xc /home/jacko/pebble-dev/PebbleSDK/Pebble/basalt/lib/libpebble.a(tmpTNRbtApebble.o)
 .text.gdraw_command_get_hidden
                0x00000000        0xc /home/jacko/pebble-dev/PebbleSDK/Pebble/basalt/lib/libpebble.a(tmpTNRbtApebble.o)
 .text.gdraw_command_get_num_points
                0x00000000        0xc /home/jacko/pebble-dev/PebbleSDK/Pebble/basalt/lib/libpebble.a(tmpTNRbtApebble.o)
 .text.gdraw_command_get_path_open
                0x00000000        0xc /home/jacko/pebble-dev/PebbleSDK/Pebble/basalt/lib/libpebble.a(tmpTNRbtApebble.o)
 .text.gdraw_command_get_point
                0x00000000        0xc /home/jacko/pebble-dev/PebbleSDK/Pebble/basalt/lib/libpebble.a(tmpTNRbtApebble.o)
 .text.gdraw_command_get_radius
                0x00000000        0xc /home/jacko/pebble-dev/PebbleSDK/Pebble/basalt/lib/libpebble.a(tmpTNRbtApebble.o)
 .text.gdraw_command_get_stroke_color
                0x00000000        0xc /home/jacko/pebble-dev/PebbleSDK/Pebble/basalt/lib/libpebble.a(tmpTNRbtApebble.o)
 .text.gdraw_command_get_stroke_width
                0x00000000        0xc /home/jacko/pebble-dev/PebbleSDK/Pebble/basalt/lib/libpebble.a(tmpTNRbtApebble.o)
 .text.gdraw_command_get_type
                0x00000000        0xc /home/jacko/pebble-dev/PebbleSDK/Pebble/basalt/lib/libpebble.a(tmpTNRbtApebble.o)
 .text.gdraw_command_image_clone
                0x00000000        0xc /home/jacko/pebble-dev/PebbleSDK/Pebble/basalt/lib/libpebble.a(tmpTNRbtApebble.o)
 .text.gdraw_command_image_create_with_resource
                0x00000000        0xc /home/jacko/pebble-dev/PebbleSDK/Pebble/basalt/lib/libpebble.a(tmpTNRbtApebble.o)
 .text.gdraw_command_image_destroy
                0x00000000        0xc /home/jacko/pebble-dev/PebbleSDK/Pebble/basalt/lib/libpebble.a(tmpTNRbtApebble.o)
 .text.gdraw_command_image_draw
                0x00000000        0xc /home/jacko/pebble-dev/PebbleSDK/Pebble/basalt/lib/libpebble.a(tmpTNRbtApebble.o)
 .text.gdraw_command_image_get_bounds_size
                0x00000000        0xc /home/jacko/pebble-dev/PebbleSDK/Pebble/basalt/lib/libpebble.a(tmpTNRbtApebble.o)
 .text.gdraw_command_image_get_command_list
                0x00000000        0xc /home/jacko/pebble-dev/PebbleSDK/Pebble/basalt/lib/libpebble.a(tmpTNRbtApebble.o)
 .text.gdraw_command_image_set_bounds_size
                0x00000000        0xc /home/jacko/pebble-dev/PebbleSDK/Pebble/basalt/lib/libpebble.a(tmpTNRbtApebble.o)
 .text.gdraw_command_list_draw
                0x00000000        0xc /home/jacko/pebble-dev/PebbleSDK/Pebble/basalt/lib/libpebble.a(tmpTNRbtApebble.o)
 .text.gdraw_command_list_get_command
                0x00000000        0xc /home/jacko/pebble-dev/PebbleSDK/Pebble/basalt/lib/libpebble.a(tmpTNRbtApebble.o)
 .text.gdraw_command_list_get_num_commands
                0x00000000        0xc /home/jacko/pebble-dev/PebbleSDK/Pebble/basalt/lib/libpebble.a(tmpTNRbtApebble.o)
 .text.gdraw_command_list_iterate
                0x00000000        0xc /home/jacko/pebble-dev/PebbleSDK/Pebble/basalt/lib/libpebble.a(tmpTNRbtApebble.o)
 .text.gdraw_command_sequence_clone
                0x00000000        0xc /home/jacko/pebble-dev/PebbleSDK/Pebble/basalt/lib/libpebble.a(tmpTNRbtApebble.o)
 .text.gdraw_command_sequence_create_with_resource
                0x00000000        0xc /home/jacko/pebble-dev/PebbleSDK/Pebble/basalt/lib/libpebble.a(tmpTNRbtApebble.o)
 .text.gdraw_command_sequence_destroy
                0x00000000        0xc /home/jacko/pebble-dev/PebbleSDK/Pebble/basalt/lib/libpebble.a(tmpTNRbtApebble.o)
 .text.gdraw_command_sequence_get_bounds_size
                0x00000000        0xc /home/jacko/pebble-dev/PebbleSDK/Pebble/basalt/lib/libpebble.a(tmpTNRbtApebble.o)
 .text.gdraw_command_sequence_get_frame_by_elapsed
                0x00000000        0xc /home/jacko/pebble-dev/PebbleSDK/Pebble/basalt/lib/libpebble.a(tmpTNRbtApebble.o)
 .text.gdraw_command_sequence_get_frame_by_index
                0x00000000        0xc /home/jacko/pebble-dev/PebbleSDK/Pebble/basalt/lib/libpebble.a(tmpTNRbtApebble.o)
 .text.gdraw_command_sequence_get_num_frames
                0x00000000        0xc /home/jacko/pebble-dev/PebbleSDK/Pebble/basalt/lib/libpebble.a(tmpTNRbtApebble.o)
 .text.gdraw_command_sequence_get_play_count
                0x00000000        0xc /home/jacko/pebble-dev/PebbleSDK/Pebble/basalt/lib/libpebble.a(tmpTNRbtApebble.o)
 .text.gdraw_command_sequence_get_total_duration
                0x00000000        0xc /home/jacko/pebble-dev/PebbleSDK/Pebble/basalt/lib/libpebble.a(tmpTNRbtApebble.o)
 .text.gdraw_command_sequence_set_bounds_size
                0x00000000        0xc /home/jacko/pebble-dev/PebbleSDK/Pebble/basalt/lib/libpebble.a(tmpTNRbtApebble.o)
 .text.gdraw_command_sequence_set_play_count
                0x00000000        0xc /home/jacko/pebble-dev/PebbleSDK/Pebble/basalt/lib/libpebble.a(tmpTNRbtApebble.o)
 .text.gdraw_command_set_fill_color
                0x00000000        0xc /home/jacko/pebble-dev/PebbleSDK/Pebble/basalt/lib/libpebble.a(tmpTNRbtApebble.o)
 .text.gdraw_command_set_hidden
                0x00000000        0xc /home/jacko/pebble-dev/PebbleSDK/Pebble/basalt/lib/libpebble.a(tmpTNRbtApebble.o)
 .text.gdraw_command_set_path_open
                0x00000000        0xc /home/jacko/pebble-dev/PebbleSDK/Pebble/basalt/lib/libpebble.a(tmpTNRbtApebble.o)
 .text.gdraw_command_set_point
                0x00000000        0xc /home/jacko/pebble-dev/PebbleSDK/Pebble/basalt/lib/libpebble.a(tmpTNRbtApebble.o)
 .text.gdraw_command_set_radius
                0x00000000        0xc /home/jacko/pebble-dev/PebbleSDK/Pebble/basalt/lib/libpebble.a(tmpTNRbtApebble.o)
 .text.gdraw_command_set_stroke_color
                0x00000000        0xc /home/jacko/pebble-dev/PebbleSDK/Pebble/basalt/lib/libpebble.a(tmpTNRbtApebble.o)
 .text.gdraw_command_set_stroke_width
                0x00000000        0xc /home/jacko/pebble-dev/PebbleSDK/Pebble/basalt/lib/libpebble.a(tmpTNRbtApebble.o)
 .text.property_animation_create_bounds_origin
                0x00000000        0xc /home/jacko/pebble-dev/PebbleSDK/Pebble/basalt/lib/libpebble.a(tmpTNRbtApebble.o)
 .text.property_animation_update_uint32
                0x00000000        0xc /home/jacko/pebble-dev/PebbleSDK/Pebble/basalt/lib/libpebble.a(tmpTNRbtApebble.o)
 .text.gpath_draw_outline_open
                0x00000000        0xc /home/jacko/pebble-dev/PebbleSDK/Pebble/basalt/lib/libpebble.a(tmpTNRbtApebble.o)
 .text.time     0x00000000        0xc /home/jacko/pebble-dev/PebbleSDK/Pebble/basalt/lib/libpebble.a(tmpTNRbtApebble.o)
 .text.menu_layer_set_highlight_colors
                0x00000000        0xc /home/jacko/pebble-dev/PebbleSDK/Pebble/basalt/lib/libpebble.a(tmpTNRbtApebble.o)
 .text.menu_layer_set_normal_colors
                0x00000000        0xc /home/jacko/pebble-dev/PebbleSDK/Pebble/basalt/lib/libpebble.a(tmpTNRbtApebble.o)
 .text.menu_layer_set_callbacks
                0x00000000        0xc /home/jacko/pebble-dev/PebbleSDK/Pebble/basalt/lib/libpebble.a(tmpTNRbtApebble.o)
 .text.menu_layer_pad_bottom_enable
                0x00000000        0xc /home/jacko/pebble-dev/PebbleSDK/Pebble/basalt/lib/libpebble.a(tmpTNRbtApebble.o)
 .text.status_bar_layer_create
                0x00000000        0xc /home/jacko/pebble-dev/PebbleSDK/Pebble/basalt/lib/libpebble.a(tmpTNRbtApebble.o)
 .text.status_bar_layer_destroy
                0x00000000        0xc /home/jacko/pebble-dev/PebbleSDK/Pebble/basalt/lib/libpebble.a(tmpTNRbtApebble.o)
 .text.status_bar_layer_get_background_color
                0x00000000        0xc /home/jacko/pebble-dev/PebbleSDK/Pebble/basalt/lib/libpebble.a(tmpTNRbtApebble.o)
 .text.status_bar_layer_get_foreground_color
                0x00000000        0xc /home/jacko/pebble-dev/PebbleSDK/Pebble/basalt/lib/libpebble.a(tmpTNRbtApebble.o)
 .text.status_bar_layer_get_layer
                0x00000000        0xc /home/jacko/pebble-dev/PebbleSDK/Pebble/basalt/lib/libpebble.a(tmpTNRbtApebble.o)
 .text.status_bar_layer_set_colors
                0x00000000        0xc /home/jacko/pebble-dev/PebbleSDK/Pebble/basalt/lib/libpebble.a(tmpTNRbtApebble.o)
 .text.status_bar_layer_set_separator_mode
                0x00000000        0xc /home/jacko/pebble-dev/PebbleSDK/Pebble/basalt/lib/libpebble.a(tmpTNRbtApebble.o)
 .text          0x00000000        0x0 /home/jacko/pebble-dev/PebbleSDK/arm-cs-tools/bin/../lib/gcc/arm-none-eabi/4.7.3/thumb2/crtend.o
 .bss           0x00000000        0x0 /home/jacko/pebble-dev/PebbleSDK/arm-cs-tools/bin/../lib/gcc/arm-none-eabi/4.7.3/thumb2/crtend.o
 .eh_frame      0x00000000        0x4 /home/jacko/pebble-dev/PebbleSDK/arm-cs-tools/bin/../lib/gcc/arm-none-eabi/4.7.3/thumb2/crtend.o
 .jcr           0x00000000        0x4 /home/jacko/pebble-dev/PebbleSDK/arm-cs-tools/bin/../lib/gcc/arm-none-eabi/4.7.3/thumb2/crtend.o
 .tm_clone_table
                0x00000000        0x0 /home/jacko/pebble-dev/PebbleSDK/arm-cs-tools/bin/../lib/gcc/arm-none-eabi/4.7.3/thumb2/crtend.o
 .text          0x00000000        0x0 /home/jacko/pebble-dev/PebbleSDK/arm-cs-tools/bin/../lib/gcc/arm-none-eabi/4.7.3/thumb2/crtn.o
 .bss           0x00000000        0x0 /home/jacko/pebble-dev/PebbleSDK/arm-cs-tools/bin/../lib/gcc/arm-none-eabi/4.7.3/thumb2/crtn.o
 .init          0x00000000        0x8 /home/jacko/pebble-dev/PebbleSDK/arm-cs-tools/bin/../lib/gcc/arm-none-eabi/4.7.3/thumb2/crtn.o
 .fini          0x00000000        0x8 /home/jacko/pebble-dev/PebbleSDK/arm-cs-tools/bin/../lib/gcc/arm-none-eabi/4.7.3/thumb2/crtn.o

Memory Configuration

Name             Origin             Length             Attributes
APP              0x00000000         0x00010000         xrw
*default*        0x00000000         0xffffffff

Linker script and memory map

LOAD /home/jacko/pebble-dev/PebbleSDK/arm-cs-tools/bin/../lib/gcc/arm-none-eabi/4.7.3/thumb2/crti.o
LOAD /home/jacko/pebble-dev/PebbleSDK/arm-cs-tools/bin/../lib/gcc/arm-none-eabi/4.7.3/thumb2/crtbegin.o
LOAD src/feature_simple_menu_layer.c.21.o
LOAD basalt/appinfo.auto.c.21.o
LOAD /home/jacko/pebble-dev/PebbleSDK/Pebble/basalt/lib/libpebble.a
START GROUP
LOAD /home/jacko/pebble-dev/PebbleSDK/arm-cs-tools/bin/../lib/gcc/arm-none-eabi/4.7.3/thumb2/libgcc.a
LOAD /home/jacko/pebble-dev/PebbleSDK/arm-cs-tools/bin/../lib/gcc/arm-none-eabi/4.7.3/../../../../arm-none-eabi/lib/thumb2/libc.a
END GROUP
LOAD /home/jacko/pebble-dev/PebbleSDK/arm-cs-tools/bin/../lib/gcc/arm-none-eabi/4.7.3/thumb2/crtend.o
LOAD /home/jacko/pebble-dev/PebbleSDK/arm-cs-tools/bin/../lib/gcc/arm-none-eabi/4.7.3/thumb2/crtn.o

.header         0x00000000       0x82
 *(.pbl_header)
 .pbl_header    0x00000000       0x82 basalt/appinfo.auto.c.21.o
                0x00000000                __pbl_app_info

.note.gnu.build-id
                0x00000082       0x26
                0x00000082                PROVIDE (BUILD_ID, .)
 *(.note.gnu.build-id)
 *fill*         0x00000082        0x2 
 .note.gnu.build-id
                0x00000084       0x24 linker stubs

.text           0x000000a8      0x3f4
 *(.text)
 .text          0x000000a8       0x14 /home/jacko/pebble-dev/PebbleSDK/Pebble/basalt/lib/libpebble.a(tmpTNRbtApebble.o)
 *(.text.*)
 .text.main_window_load
                0x000000bc        0x2 src/feature_simple_menu_layer.c.21.o
 .text.main_window_unload
                0x000000be        0x2 src/feature_simple_menu_layer.c.21.o
                0x000000be                main_window_unload
 .text.menu_window_load
                0x000000c0      0x10c src/feature_simple_menu_layer.c.21.o
 .text.special_select_callback
                0x000001cc       0x68 src/feature_simple_menu_layer.c.21.o
 .text.menu_select_callback
                0x00000234       0x30 src/feature_simple_menu_layer.c.21.o
 .text.menu_window_unload
                0x00000264       0x24 src/feature_simple_menu_layer.c.21.o
                0x00000264                menu_window_unload
 .text.startup.main
                0x00000288       0xac src/feature_simple_menu_layer.c.21.o
                0x00000288                main
 .text.app_event_loop
                0x00000334        0xc /home/jacko/pebble-dev/PebbleSDK/Pebble/basalt/lib/libpebble.a(tmpTNRbtApebble.o)
                0x00000334                app_event_loop
 .text.gbitmap_create_with_resource
                0x00000340        0xc /home/jacko/pebble-dev/PebbleSDK/Pebble/basalt/lib/libpebble.a(tmpTNRbtApebble.o)
                0x00000340                gbitmap_create_with_resource
 .text.gbitmap_destroy
                0x0000034c        0xc /home/jacko/pebble-dev/PebbleSDK/Pebble/basalt/lib/libpebble.a(tmpTNRbtApebble.o)
                0x0000034c                gbitmap_destroy
 .text.layer_add_child
                0x00000358        0xc /home/jacko/pebble-dev/PebbleSDK/Pebble/basalt/lib/libpebble.a(tmpTNRbtApebble.o)
                0x00000358                layer_add_child
 .text.layer_get_frame
                0x00000364        0xc /home/jacko/pebble-dev/PebbleSDK/Pebble/basalt/lib/libpebble.a(tmpTNRbtApebble.o)
                0x00000364                layer_get_frame
 .text.layer_mark_dirty
                0x00000370        0xc /home/jacko/pebble-dev/PebbleSDK/Pebble/basalt/lib/libpebble.a(tmpTNRbtApebble.o)
                0x00000370                layer_mark_dirty
 .text.memset   0x0000037c        0xc /home/jacko/pebble-dev/PebbleSDK/Pebble/basalt/lib/libpebble.a(tmpTNRbtApebble.o)
                0x0000037c                memset
 .text.simple_menu_layer_create
                0x00000388        0xc /home/jacko/pebble-dev/PebbleSDK/Pebble/basalt/lib/libpebble.a(tmpTNRbtApebble.o)
                0x00000388                simple_menu_layer_create
 .text.simple_menu_layer_destroy
                0x00000394        0xc /home/jacko/pebble-dev/PebbleSDK/Pebble/basalt/lib/libpebble.a(tmpTNRbtApebble.o)
                0x00000394                simple_menu_layer_destroy
 .text.simple_menu_layer_get_layer
                0x000003a0        0xc /home/jacko/pebble-dev/PebbleSDK/Pebble/basalt/lib/libpebble.a(tmpTNRbtApebble.o)
                0x000003a0                simple_menu_layer_get_layer
 .text.window_create
                0x000003ac        0xc /home/jacko/pebble-dev/PebbleSDK/Pebble/basalt/lib/libpebble.a(tmpTNRbtApebble.o)
                0x000003ac                window_create
 .text.window_destroy
                0x000003b8        0xc /home/jacko/pebble-dev/PebbleSDK/Pebble/basalt/lib/libpebble.a(tmpTNRbtApebble.o)
                0x000003b8                window_destroy
 .text.window_get_root_layer
                0x000003c4        0xc /home/jacko/pebble-dev/PebbleSDK/Pebble/basalt/lib/libpebble.a(tmpTNRbtApebble.o)
                0x000003c4                window_get_root_layer
 .text.window_set_window_handlers
                0x000003d0        0xc /home/jacko/pebble-dev/PebbleSDK/Pebble/basalt/lib/libpebble.a(tmpTNRbtApebble.o)
                0x000003d0                window_set_window_handlers
 .text.window_stack_push
                0x000003dc        0xc /home/jacko/pebble-dev/PebbleSDK/Pebble/basalt/lib/libpebble.a(tmpTNRbtApebble.o)
                0x000003dc                window_stack_push
 *(.rodata)
 *(.rodata*)
 .rodata.str1.1
                0x000003e8       0xb4 src/feature_simple_menu_layer.c.21.o
                                 0xc1 (size before relaxing)

.glue_7         0x0000049c        0x0
 .glue_7        0x00000000        0x0 linker stubs

.glue_7t        0x0000049c        0x0
 .glue_7t       0x00000000        0x0 linker stubs

.vfp11_veneer   0x0000049c        0x0
 .vfp11_veneer  0x00000000        0x0 linker stubs

.v4_bx          0x0000049c        0x0
 .v4_bx         0x00000000        0x0 linker stubs

.iplt           0x0000049c        0x0
 .iplt          0x00000000        0x0 /home/jacko/pebble-dev/PebbleSDK/arm-cs-tools/bin/../lib/gcc/arm-none-eabi/4.7.3/thumb2/crtbegin.o

.rel.dyn        0x0000049c        0x0
 .rel.iplt      0x00000000        0x0 /home/jacko/pebble-dev/PebbleSDK/arm-cs-tools/bin/../lib/gcc/arm-none-eabi/4.7.3/thumb2/crtbegin.o

.data           0x0000049c       0x10
 *(.data)
 .data          0x0000049c        0x0 /home/jacko/pebble-dev/PebbleSDK/arm-cs-tools/bin/../lib/gcc/arm-none-eabi/4.7.3/thumb2/crti.o
 .data          0x0000049c        0x4 /home/jacko/pebble-dev/PebbleSDK/arm-cs-tools/bin/../lib/gcc/arm-none-eabi/4.7.3/thumb2/crtbegin.o
                0x0000049c                __dso_handle
 .data          0x000004a0        0xc src/feature_simple_menu_layer.c.21.o
 .data          0x000004ac        0x0 basalt/appinfo.auto.c.21.o
 .data          0x000004ac        0x0 /home/jacko/pebble-dev/PebbleSDK/Pebble/basalt/lib/libpebble.a(tmpTNRbtApebble.o)
 .data          0x000004ac        0x0 /home/jacko/pebble-dev/PebbleSDK/arm-cs-tools/bin/../lib/gcc/arm-none-eabi/4.7.3/thumb2/crtend.o
 .data          0x000004ac        0x0 /home/jacko/pebble-dev/PebbleSDK/arm-cs-tools/bin/../lib/gcc/arm-none-eabi/4.7.3/thumb2/crtn.o
 *(.data.*)

.igot.plt       0x000004ac        0x0
 .igot.plt      0x00000000        0x0 /home/jacko/pebble-dev/PebbleSDK/arm-cs-tools/bin/../lib/gcc/arm-none-eabi/4.7.3/thumb2/crtbegin.o

.bss            0x000004ac       0x70
 *(.bss)
 *(.bss.*)
 .bss.s_menu_sections
                0x000004ac       0x18 src/feature_simple_menu_layer.c.21.o
 .bss.s_second_menu_items
                0x000004c4       0x10 src/feature_simple_menu_layer.c.21.o
 .bss.s_simple_menu_layer
                0x000004d4        0x4 src/feature_simple_menu_layer.c.21.o
 .bss.s_special_flag
                0x000004d8        0x1 src/feature_simple_menu_layer.c.21.o
 *fill*         0x000004d9        0x3 
 .bss.s_menu_icon_image
                0x000004dc        0x4 src/feature_simple_menu_layer.c.21.o
 .bss.s_menu_window
                0x000004e0        0x4 src/feature_simple_menu_layer.c.21.o
 .bss.s_first_menu_items
                0x000004e4       0x30 src/feature_simple_menu_layer.c.21.o
 .bss.s_main_window
                0x00000514        0x4 src/feature_simple_menu_layer.c.21.o
 .bss.s_hit_count
                0x00000518        0x4 src/feature_simple_menu_layer.c.21.o

DISCARD
 libc.a(*)
 libm.a(*)
 libgcc.a(*)
 *(.eh_frame)
OUTPUT(/home/jacko/pebble-dev/examples/watchapps/RoboMaze/build/basalt/pebble-app.elf elf32-littlearm)

.ARM.attributes
                0x00000000       0x27
 .ARM.attributes
                0x00000000       0x19 /home/jacko/pebble-dev/PebbleSDK/arm-cs-tools/bin/../lib/gcc/arm-none-eabi/4.7.3/thumb2/crti.o
 .ARM.attributes
                0x00000019       0x29 /home/jacko/pebble-dev/PebbleSDK/arm-cs-tools/bin/../lib/gcc/arm-none-eabi/4.7.3/thumb2/crtbegin.o
 .ARM.attributes
                0x00000042       0x33 src/feature_simple_menu_layer.c.21.o
 .ARM.attributes
                0x00000075       0x33 basalt/appinfo.auto.c.21.o
 .ARM.attributes
                0x000000a8       0x21 /home/jacko/pebble-dev/PebbleSDK/Pebble/basalt/lib/libpebble.a(tmpTNRbtApebble.o)
 .ARM.attributes
                0x000000c9       0x29 /home/jacko/pebble-dev/PebbleSDK/arm-cs-tools/bin/../lib/gcc/arm-none-eabi/4.7.3/thumb2/crtend.o
 .ARM.attributes
                0x000000f2       0x19 /home/jacko/pebble-dev/PebbleSDK/arm-cs-tools/bin/../lib/gcc/arm-none-eabi/4.7.3/thumb2/crtn.o

.comment        0x00000000       0x4e
 .comment       0x00000000       0x4e /home/jacko/pebble-dev/PebbleSDK/arm-cs-tools/bin/../lib/gcc/arm-none-eabi/4.7.3/thumb2/crtbegin.o
                                 0x4f (size before relaxing)
 .comment       0x00000000       0x4f src/feature_simple_menu_layer.c.21.o
 .comment       0x00000000       0x4f basalt/appinfo.auto.c.21.o
 .comment       0x00000000       0x4f /home/jacko/pebble-dev/PebbleSDK/arm-cs-tools/bin/../lib/gcc/arm-none-eabi/4.7.3/thumb2/crtend.o

.debug_info     0x00000000      0xc12
 .debug_info    0x00000000      0x904 src/feature_simple_menu_layer.c.21.o
 .debug_info    0x00000904      0x30e basalt/appinfo.auto.c.21.o

.debug_abbrev   0x00000000      0x309
 .debug_abbrev  0x00000000      0x26b src/feature_simple_menu_layer.c.21.o
 .debug_abbrev  0x0000026b       0x9e basalt/appinfo.auto.c.21.o

.debug_loc      0x00000000      0x204
 .debug_loc     0x00000000      0x204 src/feature_simple_menu_layer.c.21.o

.debug_aranges  0x00000000       0x68
 .debug_aranges
                0x00000000       0x50 src/feature_simple_menu_layer.c.21.o
 .debug_aranges
                0x00000050       0x18 basalt/appinfo.auto.c.21.o

.debug_ranges   0x00000000       0x40
 .debug_ranges  0x00000000       0x40 src/feature_simple_menu_layer.c.21.o

.debug_line     0x00000000      0x34e
 .debug_line    0x00000000      0x227 src/feature_simple_menu_layer.c.21.o
 .debug_line    0x00000227      0x127 basalt/appinfo.auto.c.21.o

.debug_str      0x00000000      0x5c0
 .debug_str     0x00000000      0x444 src/feature_simple_menu_layer.c.21.o
                                0x4cc (size before relaxing)
 .debug_str     0x00000444      0x17c basalt/appinfo.auto.c.21.o
                                0x2b7 (size before relaxing)

.debug_frame    0x00000000       0xc4
 .debug_frame   0x00000000       0xc4 src/feature_simple_menu_layer.c.21.o
