Archive member included because of file (symbol)

/home/jacko/pebble-dev/PebbleSDK/Pebble/aplite/lib/libpebble.a(tmpDuxwpQpebble.o)
                              src/robomaze.c.11.o (app_event_loop)
/home/jacko/pebble-dev/PebbleSDK/arm-cs-tools/bin/../lib/gcc/arm-none-eabi/4.7.3/thumb2/libgcc.a(_arm_addsubdf3.o)
                              src/basik.c.11.o (__aeabi_dsub)
/home/jacko/pebble-dev/PebbleSDK/arm-cs-tools/bin/../lib/gcc/arm-none-eabi/4.7.3/thumb2/libgcc.a(_arm_muldivdf3.o)
                              src/basik.c.11.o (__aeabi_dmul)
/home/jacko/pebble-dev/PebbleSDK/arm-cs-tools/bin/../lib/gcc/arm-none-eabi/4.7.3/thumb2/libgcc.a(_arm_cmpdf2.o)
                              src/clock.c.11.o (__aeabi_dcmpeq)
/home/jacko/pebble-dev/PebbleSDK/arm-cs-tools/bin/../lib/gcc/arm-none-eabi/4.7.3/thumb2/libgcc.a(_arm_fixdfsi.o)
                              src/clock.c.11.o (__aeabi_d2iz)

Allocating common symbols
Common symbol       size              file

maze                0x435             src/robomaze.c.11.o
direction           0x1               src/game.c.11.o
score               0x4               src/game.c.11.o
level               0x4               src/game.c.11.o
hiscore             0x4               src/game.c.11.o
gAB                 0x1               src/game.c.11.o
con                 0x241             src/robomaze.c.11.o

Discarded input sections

 .text          0x00000000        0x0 /home/jacko/pebble-dev/PebbleSDK/arm-cs-tools/bin/../lib/gcc/arm-none-eabi/4.7.3/thumb2/crti.o
 .bss           0x00000000        0x0 /home/jacko/pebble-dev/PebbleSDK/arm-cs-tools/bin/../lib/gcc/arm-none-eabi/4.7.3/thumb2/crti.o
 .init          0x00000000        0x4 /home/jacko/pebble-dev/PebbleSDK/arm-cs-tools/bin/../lib/gcc/arm-none-eabi/4.7.3/thumb2/crti.o
 .fini          0x00000000        0x4 /home/jacko/pebble-dev/PebbleSDK/arm-cs-tools/bin/../lib/gcc/arm-none-eabi/4.7.3/thumb2/crti.o
 .text          0x00000000       0xc8 /home/jacko/pebble-dev/PebbleSDK/arm-cs-tools/bin/../lib/gcc/arm-none-eabi/4.7.3/thumb2/crtbegin.o
 .bss           0x00000000       0x1c /home/jacko/pebble-dev/PebbleSDK/arm-cs-tools/bin/../lib/gcc/arm-none-eabi/4.7.3/thumb2/crtbegin.o
 .init_array    0x00000000        0x4 /home/jacko/pebble-dev/PebbleSDK/arm-cs-tools/bin/../lib/gcc/arm-none-eabi/4.7.3/thumb2/crtbegin.o
 .fini_array    0x00000000        0x4 /home/jacko/pebble-dev/PebbleSDK/arm-cs-tools/bin/../lib/gcc/arm-none-eabi/4.7.3/thumb2/crtbegin.o
 .eh_frame      0x00000000        0x0 /home/jacko/pebble-dev/PebbleSDK/arm-cs-tools/bin/../lib/gcc/arm-none-eabi/4.7.3/thumb2/crtbegin.o
 .jcr           0x00000000        0x0 /home/jacko/pebble-dev/PebbleSDK/arm-cs-tools/bin/../lib/gcc/arm-none-eabi/4.7.3/thumb2/crtbegin.o
 .tm_clone_table
                0x00000000        0x0 /home/jacko/pebble-dev/PebbleSDK/arm-cs-tools/bin/../lib/gcc/arm-none-eabi/4.7.3/thumb2/crtbegin.o
 .text          0x00000000        0x0 src/basik.c.11.o
 .bss           0x00000000        0x0 src/basik.c.11.o
 .text          0x00000000        0x0 src/clock.c.11.o
 .bss           0x00000000        0x0 src/clock.c.11.o
 .text          0x00000000        0x0 src/display.c.11.o
 .bss           0x00000000        0x0 src/display.c.11.o
 .text          0x00000000        0x0 src/game.c.11.o
 .bss           0x00000000        0x0 src/game.c.11.o
 .text          0x00000000        0x0 src/robomaze.c.11.o
 .bss           0x00000000        0x0 src/robomaze.c.11.o
 .text          0x00000000        0x0 aplite/appinfo.auto.c.11.o
 .bss           0x00000000        0x0 aplite/appinfo.auto.c.11.o
 .bss           0x00000000        0x0 /home/jacko/pebble-dev/PebbleSDK/Pebble/aplite/lib/libpebble.a(tmpDuxwpQpebble.o)
 .text.accel_data_service_subscribe__deprecated
                0x00000000        0xc /home/jacko/pebble-dev/PebbleSDK/Pebble/aplite/lib/libpebble.a(tmpDuxwpQpebble.o)
 .text.accel_data_service_unsubscribe
                0x00000000        0xc /home/jacko/pebble-dev/PebbleSDK/Pebble/aplite/lib/libpebble.a(tmpDuxwpQpebble.o)
 .text.accel_service_peek
                0x00000000        0xc /home/jacko/pebble-dev/PebbleSDK/Pebble/aplite/lib/libpebble.a(tmpDuxwpQpebble.o)
 .text.accel_service_set_samples_per_update
                0x00000000        0xc /home/jacko/pebble-dev/PebbleSDK/Pebble/aplite/lib/libpebble.a(tmpDuxwpQpebble.o)
 .text.accel_service_set_sampling_rate
                0x00000000        0xc /home/jacko/pebble-dev/PebbleSDK/Pebble/aplite/lib/libpebble.a(tmpDuxwpQpebble.o)
 .text.accel_tap_service_subscribe
                0x00000000        0xc /home/jacko/pebble-dev/PebbleSDK/Pebble/aplite/lib/libpebble.a(tmpDuxwpQpebble.o)
 .text.accel_tap_service_unsubscribe
                0x00000000        0xc /home/jacko/pebble-dev/PebbleSDK/Pebble/aplite/lib/libpebble.a(tmpDuxwpQpebble.o)
 .text.action_bar_layer_add_to_window
                0x00000000        0xc /home/jacko/pebble-dev/PebbleSDK/Pebble/aplite/lib/libpebble.a(tmpDuxwpQpebble.o)
[...]
Memory Configuration

Name             Origin             Length             Attributes
APP              0x00000000         0x00006000         xrw
*default*        0x00000000         0xffffffff

Linker script and memory map

LOAD /home/jacko/pebble-dev/PebbleSDK/arm-cs-tools/bin/../lib/gcc/arm-none-eabi/4.7.3/thumb2/crti.o
LOAD /home/jacko/pebble-dev/PebbleSDK/arm-cs-tools/bin/../lib/gcc/arm-none-eabi/4.7.3/thumb2/crtbegin.o
LOAD src/basik.c.11.o
LOAD src/clock.c.11.o
LOAD src/display.c.11.o
LOAD src/game.c.11.o
LOAD src/robomaze.c.11.o
LOAD aplite/appinfo.auto.c.11.o
LOAD /home/jacko/pebble-dev/PebbleSDK/Pebble/aplite/lib/libpebble.a
START GROUP
LOAD /home/jacko/pebble-dev/PebbleSDK/arm-cs-tools/bin/../lib/gcc/arm-none-eabi/4.7.3/thumb2/libgcc.a
LOAD /home/jacko/pebble-dev/PebbleSDK/arm-cs-tools/bin/../lib/gcc/arm-none-eabi/4.7.3/../../../../arm-none-eabi/lib/thumb2/libc.a
END GROUP
LOAD /home/jacko/pebble-dev/PebbleSDK/arm-cs-tools/bin/../lib/gcc/arm-none-eabi/4.7.3/thumb2/crtend.o
LOAD /home/jacko/pebble-dev/PebbleSDK/arm-cs-tools/bin/../lib/gcc/arm-none-eabi/4.7.3/thumb2/crtn.o

.header         0x00000000       0x82
 *(.pbl_header)
 .pbl_header    0x00000000       0x82 aplite/appinfo.auto.c.11.o
                0x00000000                __pbl_app_info

.note.gnu.build-id
                0x00000082       0x26
                0x00000082                PROVIDE (BUILD_ID, .)
 *(.note.gnu.build-id)
 *fill*         0x00000082        0x2 
 .note.gnu.build-id
                0x00000084       0x24 linker stubs

.text           0x000000a8     0x2bae
 *(.text)
 .text          0x000000a8       0x14 /home/jacko/pebble-dev/PebbleSDK/Pebble/aplite/lib/libpebble.a(tmpDuxwpQpebble.o)
 .text          0x000000bc      0x370 /home/jacko/pebble-dev/PebbleSDK/arm-cs-tools/bin/../lib/gcc/arm-none-eabi/4.7.3/thumb2/libgcc.a(_arm_addsubdf3.o)
                0x000000bc                __aeabi_drsub
                0x000000c4                __aeabi_dsub
                0x000000c4                __subdf3
                0x000000c8                __adddf3
                0x000000c8                __aeabi_dadd
                0x00000340                __aeabi_ui2d
                0x00000340                __floatunsidf
                0x00000360                __floatsidf
                0x00000360                __aeabi_i2d
                0x00000384                __extendsfdf2
                0x00000384                __aeabi_f2d
                0x000003c0                __aeabi_ul2d
                0x000003c0                __floatundidf
                0x000003d0                __floatdidf
                0x000003d0                __aeabi_l2d
 .text          0x0000042c      0x424 /home/jacko/pebble-dev/PebbleSDK/arm-cs-tools/bin/../lib/gcc/arm-none-eabi/4.7.3/thumb2/libgcc.a(_arm_muldivdf3.o)
                0x0000042c                __aeabi_dmul
                0x0000042c                __muldf3
                0x00000680                __aeabi_ddiv
                0x00000680                __divdf3
 .text          0x00000850      0x110 /home/jacko/pebble-dev/PebbleSDK/arm-cs-tools/bin/../lib/gcc/arm-none-eabi/4.7.3/thumb2/libgcc.a(_arm_cmpdf2.o)
                0x00000850                __gtdf2
                0x00000850                __gedf2
                0x00000858                __ltdf2
                0x00000858                __ledf2
                0x00000860                __cmpdf2
                0x00000860                __eqdf2
                0x00000860                __nedf2
                0x000008dc                __aeabi_cdrcmple
                0x000008ec                __aeabi_cdcmple
                0x000008ec                __aeabi_cdcmpeq
                0x000008fc                __aeabi_dcmpeq
                0x00000910                __aeabi_dcmplt
                0x00000924                __aeabi_dcmple
                0x00000938                __aeabi_dcmpge
                0x0000094c                __aeabi_dcmpgt
 .text          0x00000960       0x50 /home/jacko/pebble-dev/PebbleSDK/arm-cs-tools/bin/../lib/gcc/arm-none-eabi/4.7.3/thumb2/libgcc.a(_arm_fixdfsi.o)
                0x00000960                __fixdfsi
                0x00000960                __aeabi_d2iz
 *(.text.*)
 .text.load_basik
                0x000009b0       0x50 src/basik.c.11.o
                0x000009b0                load_basik
 .text.save_basik
                0x00000a00       0x48 src/basik.c.11.o
                0x00000a00                save_basik
 .text.tick_basik
                0x00000a48        0x2 src/basik.c.11.o
                0x00000a48                tick_basik
 .text.click_basik
                0x00000a4a        0x2 src/basik.c.11.o
                0x00000a4a                click_basik
 *fill*         0x00000a4c        0x4 
 .text.click_value
                0x00000a50      0x168 src/basik.c.11.o
                0x00000a50                click_value
 .text.reset_sw
                0x00000bb8       0x34 src/clock.c.11.o
 .text.clear    0x00000bec       0x38 src/clock.c.11.o
 .text.draw_dp  0x00000c24       0x4c src/clock.c.11.o
 .text.draw     0x00000c70       0x98 src/clock.c.11.o
 .text.tock     0x00000d08       0xa6 src/clock.c.11.o
 .text.printint
                0x00000dae       0x3e src/clock.c.11.o
 *fill*         0x00000dec        0x4 
 .text.printreal.constprop.0
                0x00000df0      0x238 src/clock.c.11.o
 .text.sci      0x00001028       0x88 src/clock.c.11.o
 .text.save_clock
                0x000010b0       0x54 src/clock.c.11.o
                0x000010b0                save_clock
 .text.show_lvl
                0x00001104       0x20 src/clock.c.11.o
                0x00001104                show_lvl
 .text.tick_clock
                0x00001124      0x28c src/clock.c.11.o
                0x00001124                tick_clock
 .text.load_clock
                0x000013b0      0x144 src/clock.c.11.o
                0x000013b0                load_clock
 .text.click_clock
                0x000014f4      0x108 src/clock.c.11.o
                0x000014f4                click_clock
 .text.changed  0x000015fc       0x84 src/display.c.11.o
 .text.get_at   0x00001680       0x54 src/display.c.11.o
                0x00001680                get_at
 .text.delay    0x000016d4       0x50 src/game.c.11.o
 .text.evaluate
                0x00001724       0x48 src/game.c.11.o
 .text.activechaf
                0x0000176c       0xa4 src/game.c.11.o
 .text.processmaze
                0x00001810       0x7c src/game.c.11.o
 .text.drawmaze
                0x0000188c       0x7c src/game.c.11.o
 .text.xpand    0x00001908       0x54 src/game.c.11.o
 .text.loadwall
                0x0000195c       0x58 src/game.c.11.o
 .text.loadchaf
                0x000019b4       0x40 src/game.c.11.o
 .text.makechar
                0x000019f4       0x98 src/game.c.11.o
 .text.reset    0x00001a8c       0x64 src/game.c.11.o
 .text.account  0x00001af0       0x30 src/game.c.11.o
 .text.destroywall
                0x00001b20       0xc4 src/game.c.11.o
 .text.makemaze
                0x00001be4       0x4c src/game.c.11.o
 .text.xydxy.isra.0
                0x00001c30       0x16 src/game.c.11.o
 *fill*         0x00001c46        0x2 
 .text.drawchars
                0x00001c48       0x90 src/game.c.11.o
 .text.ready    0x00001cd8       0x40 src/game.c.11.o
 .text.move     0x00001d18       0xec src/game.c.11.o
 .text.tick     0x00001e04       0x10 src/game.c.11.o
                0x00001e04                tick
 .text.click    0x00001e14       0x40 src/game.c.11.o
                0x00001e14                click
 .text.load     0x00001e54      0x150 src/game.c.11.o
                0x00001e54                load
 .text.save     0x00001fa4      0x16c src/game.c.11.o
                0x00001fa4                save
 .text.respond  0x00002110      0x108 src/game.c.11.o
 .text.main_window_unload
                0x00002218       0x5c src/robomaze.c.11.o
 .text.main_window_load
                0x00002274      0x278 src/robomaze.c.11.o
 .text.config_provider
                0x000024ec       0x5c src/robomaze.c.11.o
 .text.get_map  0x00002548       0x40 src/robomaze.c.11.o
                0x00002548                get_map
 .text.put_map  0x00002588       0x58 src/robomaze.c.11.o
                0x00002588                put_map
 .text.layer_draw
                0x000025e0      0x244 src/robomaze.c.11.o
 .text.mark_dirty
                0x00002824       0x54 src/robomaze.c.11.o
                0x00002824                mark_dirty
 .text.handle_second_tick
                0x00002878       0x58 src/robomaze.c.11.o
 .text.clicks   0x000028d0       0x60 src/robomaze.c.11.o
 .text.long_click_handler
                0x00002930        0x6 src/robomaze.c.11.o
 .text.single_click_handler
                0x00002936        0x6 src/robomaze.c.11.o
 .text.startup.main
                0x0000293c       0x68 src/robomaze.c.11.o
                0x0000293c                main
 .text.app_event_loop
                0x000029a4        0xc /home/jacko/pebble-dev/PebbleSDK/Pebble/aplite/lib/libpebble.a(tmpDuxwpQpebble.o)
                0x000029a4                app_event_loop
 .text.click_recognizer_get_button_id
                0x000029b0        0xc /home/jacko/pebble-dev/PebbleSDK/Pebble/aplite/lib/libpebble.a(tmpDuxwpQpebble.o)
                0x000029b0                click_recognizer_get_button_id
 .text.clock_is_24h_style
                0x000029bc        0xc /home/jacko/pebble-dev/PebbleSDK/Pebble/aplite/lib/libpebble.a(tmpDuxwpQpebble.o)
                0x000029bc                clock_is_24h_style
 .text.gbitmap_create_as_sub_bitmap
                0x000029c8        0xc /home/jacko/pebble-dev/PebbleSDK/Pebble/aplite/lib/libpebble.a(tmpDuxwpQpebble.o)
                0x000029c8                gbitmap_create_as_sub_bitmap
 .text.gbitmap_create_with_resource
                0x000029d4        0xc /home/jacko/pebble-dev/PebbleSDK/Pebble/aplite/lib/libpebble.a(tmpDuxwpQpebble.o)
                0x000029d4                gbitmap_create_with_resource
 .text.gbitmap_destroy
                0x000029e0        0xc /home/jacko/pebble-dev/PebbleSDK/Pebble/aplite/lib/libpebble.a(tmpDuxwpQpebble.o)
                0x000029e0                gbitmap_destroy
 .text.graphics_context_set_fill_color
                0x000029ec        0xc /home/jacko/pebble-dev/PebbleSDK/Pebble/aplite/lib/libpebble.a(tmpDuxwpQpebble.o)
                0x000029ec                graphics_context_set_fill_color
 .text.graphics_draw_bitmap_in_rect
                0x000029f8        0xc /home/jacko/pebble-dev/PebbleSDK/Pebble/aplite/lib/libpebble.a(tmpDuxwpQpebble.o)
                0x000029f8                graphics_draw_bitmap_in_rect
 .text.graphics_fill_rect
                0x00002a04        0xc /home/jacko/pebble-dev/PebbleSDK/Pebble/aplite/lib/libpebble.a(tmpDuxwpQpebble.o)
                0x00002a04                graphics_fill_rect
 .text.layer_add_child
                0x00002a10        0xc /home/jacko/pebble-dev/PebbleSDK/Pebble/aplite/lib/libpebble.a(tmpDuxwpQpebble.o)
                0x00002a10                layer_add_child
 .text.layer_create
                0x00002a1c        0xc /home/jacko/pebble-dev/PebbleSDK/Pebble/aplite/lib/libpebble.a(tmpDuxwpQpebble.o)
                0x00002a1c                layer_create
 .text.layer_destroy
                0x00002a28        0xc /home/jacko/pebble-dev/PebbleSDK/Pebble/aplite/lib/libpebble.a(tmpDuxwpQpebble.o)
                0x00002a28                layer_destroy
 .text.layer_get_bounds
                0x00002a34        0xc /home/jacko/pebble-dev/PebbleSDK/Pebble/aplite/lib/libpebble.a(tmpDuxwpQpebble.o)
                0x00002a34                layer_get_bounds
 .text.layer_mark_dirty
                0x00002a40        0xc /home/jacko/pebble-dev/PebbleSDK/Pebble/aplite/lib/libpebble.a(tmpDuxwpQpebble.o)
                0x00002a40                layer_mark_dirty
 .text.layer_set_bounds
                0x00002a4c        0xc /home/jacko/pebble-dev/PebbleSDK/Pebble/aplite/lib/libpebble.a(tmpDuxwpQpebble.o)
                0x00002a4c                layer_set_bounds
 .text.layer_set_update_proc
                0x00002a58        0xc /home/jacko/pebble-dev/PebbleSDK/Pebble/aplite/lib/libpebble.a(tmpDuxwpQpebble.o)
                0x00002a58                layer_set_update_proc
 .text.localtime
                0x00002a64        0xc /home/jacko/pebble-dev/PebbleSDK/Pebble/aplite/lib/libpebble.a(tmpDuxwpQpebble.o)
                0x00002a64                localtime
 .text.memset   0x00002a70        0xc /home/jacko/pebble-dev/PebbleSDK/Pebble/aplite/lib/libpebble.a(tmpDuxwpQpebble.o)
                0x00002a70                memset
 .text.persist_exists
                0x00002a7c        0xc /home/jacko/pebble-dev/PebbleSDK/Pebble/aplite/lib/libpebble.a(tmpDuxwpQpebble.o)
                0x00002a7c                persist_exists
 .text.persist_read_bool
                0x00002a88        0xc /home/jacko/pebble-dev/PebbleSDK/Pebble/aplite/lib/libpebble.a(tmpDuxwpQpebble.o)
                0x00002a88                persist_read_bool
 .text.persist_read_int
                0x00002a94        0xc /home/jacko/pebble-dev/PebbleSDK/Pebble/aplite/lib/libpebble.a(tmpDuxwpQpebble.o)
                0x00002a94                persist_read_int
 .text.persist_write_bool
                0x00002aa0        0xc /home/jacko/pebble-dev/PebbleSDK/Pebble/aplite/lib/libpebble.a(tmpDuxwpQpebble.o)
                0x00002aa0                persist_write_bool
 .text.persist_write_int
                0x00002aac        0xc /home/jacko/pebble-dev/PebbleSDK/Pebble/aplite/lib/libpebble.a(tmpDuxwpQpebble.o)
                0x00002aac                persist_write_int
 .text.rand     0x00002ab8        0xc /home/jacko/pebble-dev/PebbleSDK/Pebble/aplite/lib/libpebble.a(tmpDuxwpQpebble.o)
                0x00002ab8                rand
 .text.srand    0x00002ac4        0xc /home/jacko/pebble-dev/PebbleSDK/Pebble/aplite/lib/libpebble.a(tmpDuxwpQpebble.o)
                0x00002ac4                srand
 .text.tick_timer_service_subscribe
                0x00002ad0        0xc /home/jacko/pebble-dev/PebbleSDK/Pebble/aplite/lib/libpebble.a(tmpDuxwpQpebble.o)
                0x00002ad0                tick_timer_service_subscribe
 .text.time     0x00002adc        0xc /home/jacko/pebble-dev/PebbleSDK/Pebble/aplite/lib/libpebble.a(tmpDuxwpQpebble.o)
                0x00002adc                time
 .text.window_create
                0x00002ae8        0xc /home/jacko/pebble-dev/PebbleSDK/Pebble/aplite/lib/libpebble.a(tmpDuxwpQpebble.o)
                0x00002ae8                window_create
 .text.window_destroy
                0x00002af4        0xc /home/jacko/pebble-dev/PebbleSDK/Pebble/aplite/lib/libpebble.a(tmpDuxwpQpebble.o)
                0x00002af4                window_destroy
 .text.window_get_root_layer
                0x00002b00        0xc /home/jacko/pebble-dev/PebbleSDK/Pebble/aplite/lib/libpebble.a(tmpDuxwpQpebble.o)
                0x00002b00                window_get_root_layer
 .text.window_set_click_config_provider
                0x00002b0c        0xc /home/jacko/pebble-dev/PebbleSDK/Pebble/aplite/lib/libpebble.a(tmpDuxwpQpebble.o)
                0x00002b0c                window_set_click_config_provider
 .text.window_set_fullscreen
                0x00002b18        0xc /home/jacko/pebble-dev/PebbleSDK/Pebble/aplite/lib/libpebble.a(tmpDuxwpQpebble.o)
                0x00002b18                window_set_fullscreen
 .text.window_set_window_handlers
                0x00002b24        0xc /home/jacko/pebble-dev/PebbleSDK/Pebble/aplite/lib/libpebble.a(tmpDuxwpQpebble.o)
                0x00002b24                window_set_window_handlers
 .text.window_stack_push
                0x00002b30        0xc /home/jacko/pebble-dev/PebbleSDK/Pebble/aplite/lib/libpebble.a(tmpDuxwpQpebble.o)
                0x00002b30                window_stack_push
 .text.window_long_click_subscribe
                0x00002b3c        0xc /home/jacko/pebble-dev/PebbleSDK/Pebble/aplite/lib/libpebble.a(tmpDuxwpQpebble.o)
                0x00002b3c                window_long_click_subscribe
 .text.window_single_click_subscribe
                0x00002b48        0xc /home/jacko/pebble-dev/PebbleSDK/Pebble/aplite/lib/libpebble.a(tmpDuxwpQpebble.o)
                0x00002b48                window_single_click_subscribe
 .text.persist_read_data
                0x00002b54        0xc /home/jacko/pebble-dev/PebbleSDK/Pebble/aplite/lib/libpebble.a(tmpDuxwpQpebble.o)
                0x00002b54                persist_read_data
 .text.persist_write_data
                0x00002b60        0xc /home/jacko/pebble-dev/PebbleSDK/Pebble/aplite/lib/libpebble.a(tmpDuxwpQpebble.o)
                0x00002b60                persist_write_data
 *(.rodata)
 .rodata        0x00002b6c       0x18 src/robomaze.c.11.o
 *(.rodata*)
 .rodata.delays
                0x00002b84        0x7 src/clock.c.11.o
 .rodata.days   0x00002b8b       0x39 src/clock.c.11.o
 .rodata.pics   0x00002bc4       0x42 src/clock.c.11.o
 .rodata.keys   0x00002c06        0x7 src/clock.c.11.o
 .rodata.specials
                0x00002c0d       0x10 src/display.c.11.o
 .rodata.defis  0x00002c1d        0x8 src/game.c.11.o
 .rodata.offset
                0x00002c25        0x4 src/game.c.11.o
 .rodata.dir    0x00002c29        0x5 src/game.c.11.o
 .rodata.orders
                0x00002c2e       0x10 src/game.c.11.o
 .rodata.dxy    0x00002c3e        0x4 src/game.c.11.o
 .rodata.defchar
                0x00002c42       0x14 src/game.c.11.o

.glue_7         0x00002c58        0x0
 .glue_7        0x00000000        0x0 linker stubs

.glue_7t        0x00002c58        0x0
 .glue_7t       0x00000000        0x0 linker stubs

.vfp11_veneer   0x00002c58        0x0
 .vfp11_veneer  0x00000000        0x0 linker stubs

.v4_bx          0x00002c58        0x0
 .v4_bx         0x00000000        0x0 linker stubs

.iplt           0x00002c58        0x0
 .iplt          0x00000000        0x0 /home/jacko/pebble-dev/PebbleSDK/arm-cs-tools/bin/../lib/gcc/arm-none-eabi/4.7.3/thumb2/crtbegin.o

.rel.dyn        0x00002c58        0x0
 .rel.iplt      0x00000000        0x0 /home/jacko/pebble-dev/PebbleSDK/arm-cs-tools/bin/../lib/gcc/arm-none-eabi/4.7.3/thumb2/crtbegin.o
 .rel.got       0x00000000        0x0 /home/jacko/pebble-dev/PebbleSDK/arm-cs-tools/bin/../lib/gcc/arm-none-eabi/4.7.3/thumb2/crtbegin.o

.data           0x00002c58       0x38
 *(.data)
 .data          0x00002c58        0x0 /home/jacko/pebble-dev/PebbleSDK/arm-cs-tools/bin/../lib/gcc/arm-none-eabi/4.7.3/thumb2/crti.o
 .data          0x00002c58        0x4 /home/jacko/pebble-dev/PebbleSDK/arm-cs-tools/bin/../lib/gcc/arm-none-eabi/4.7.3/thumb2/crtbegin.o
                0x00002c58                __dso_handle
 .data          0x00002c5c        0x0 src/basik.c.11.o
 .data          0x00002c5c        0x0 src/clock.c.11.o
 .data          0x00002c5c        0x0 src/display.c.11.o
 .data          0x00002c5c        0x0 src/game.c.11.o
 .data          0x00002c5c        0x0 src/robomaze.c.11.o
 .data          0x00002c5c        0x0 aplite/appinfo.auto.c.11.o
 .data          0x00002c5c        0x0 /home/jacko/pebble-dev/PebbleSDK/Pebble/aplite/lib/libpebble.a(tmpDuxwpQpebble.o)
 .data          0x00002c5c        0x0 /home/jacko/pebble-dev/PebbleSDK/arm-cs-tools/bin/../lib/gcc/arm-none-eabi/4.7.3/thumb2/libgcc.a(_arm_addsubdf3.o)
 .data          0x00002c5c        0x0 /home/jacko/pebble-dev/PebbleSDK/arm-cs-tools/bin/../lib/gcc/arm-none-eabi/4.7.3/thumb2/libgcc.a(_arm_muldivdf3.o)
 .data          0x00002c5c        0x0 /home/jacko/pebble-dev/PebbleSDK/arm-cs-tools/bin/../lib/gcc/arm-none-eabi/4.7.3/thumb2/libgcc.a(_arm_cmpdf2.o)
 .data          0x00002c5c        0x0 /home/jacko/pebble-dev/PebbleSDK/arm-cs-tools/bin/../lib/gcc/arm-none-eabi/4.7.3/thumb2/libgcc.a(_arm_fixdfsi.o)
 .data          0x00002c5c        0x0 /home/jacko/pebble-dev/PebbleSDK/arm-cs-tools/bin/../lib/gcc/arm-none-eabi/4.7.3/thumb2/crtend.o
 .data          0x00002c5c        0x0 /home/jacko/pebble-dev/PebbleSDK/arm-cs-tools/bin/../lib/gcc/arm-none-eabi/4.7.3/thumb2/crtn.o
 *(.data.*)
 .data.selector
                0x00002c5c        0x1 src/display.c.11.o
                0x00002c5c                selector
 *fill*         0x00002c5d        0x3 
 .data.rel.local.state
                0x00002c60        0x4 src/game.c.11.o
 .data.rel.local.oldstate
                0x00002c64        0x4 src/game.c.11.o
 .data.rel.ro.local.fn
                0x00002c68       0x28 src/game.c.11.o

.igot.plt       0x00002c90        0x0
 .igot.plt      0x00000000        0x0 /home/jacko/pebble-dev/PebbleSDK/arm-cs-tools/bin/../lib/gcc/arm-none-eabi/4.7.3/thumb2/crtbegin.o

.got            0x00002c90       0x34
 .got           0x00002c90       0x34 /home/jacko/pebble-dev/PebbleSDK/arm-cs-tools/bin/../lib/gcc/arm-none-eabi/4.7.3/thumb2/crtbegin.o

.got.plt        0x00002cc4        0xc
 .got.plt       0x00002cc4        0xc /home/jacko/pebble-dev/PebbleSDK/arm-cs-tools/bin/../lib/gcc/arm-none-eabi/4.7.3/thumb2/crtbegin.o
                0x00002cc4                _GLOBAL_OFFSET_TABLE_

.bss            0x00002cd0      0x933
 *(.bss)
 *(.bss.*)
 .bss.expo      0x00002cd0        0x1 src/basik.c.11.o
 *fill*         0x00002cd1        0x7 
 .bss.xx        0x00002cd8        0x8 src/basik.c.11.o
 .bss.value     0x00002ce0        0x8 src/basik.c.11.o
                0x00002ce0                value
 .bss.error     0x00002ce8        0x1 src/basik.c.11.o
                0x00002ce8                error
 .bss.hold      0x00002ce9        0x1 src/basik.c.11.o
 *fill*         0x00002cea        0x2 
 .bss.reg       0x00002cec       0x2c src/clock.c.11.o
 .bss.clickback
                0x00002d18        0x1 src/clock.c.11.o
 *fill*         0x00002d19        0x1 
 .bss.sw_butt   0x00002d1a        0x2 src/clock.c.11.o
 .bss.dp        0x00002d1c        0x1 src/clock.c.11.o
 .bss.button_sec
                0x00002d1d        0x1 src/clock.c.11.o
 .bss.mode      0x00002d1e        0x1 src/clock.c.11.o
                0x00002d1e                mode
 *fill*         0x00002d1f        0x1 
 .bss.lap       0x00002d20       0x2c src/clock.c.11.o
 .bss.vidmode   0x00002d4c        0x1 src/display.c.11.o
                0x00002d4c                vidmode
 .bss.pause     0x00002d4d        0x1 src/game.c.11.o
                0x00002d4d                pause
 .bss.ting      0x00002d4e       0x28 src/game.c.11.o
 .bss.chaf      0x00002d76       0x20 src/game.c.11.o
 .bss.success   0x00002d96        0x1 src/game.c.11.o
 *fill*         0x00002d97        0x1 
 .bss.countdown
                0x00002d98        0x4 src/game.c.11.o
 .bss.compact   0x00002d9c       0x3e src/game.c.11.o
 *fill*         0x00002dda        0x2 
 .bss.layer     0x00002ddc        0x4 src/robomaze.c.11.o
 .bss.char_gfx  0x00002de0      0x10c src/robomaze.c.11.o
 .bss.last      0x00002eec        0x1 src/robomaze.c.11.o
 *fill*         0x00002eed        0x3 
 .bss.seconds   0x00002ef0        0x4 src/robomaze.c.11.o
                0x00002ef0                seconds
 .bss.ticks     0x00002ef4        0x4 src/robomaze.c.11.o
 .bss.map       0x00002ef8        0x4 src/robomaze.c.11.o
 .bss.maze_gfx  0x00002efc       0x7c src/robomaze.c.11.o
 .bss.s_main_window
                0x00002f78        0x4 src/robomaze.c.11.o
 COMMON         0x00002f7c       0x11 src/game.c.11.o
                0x00002f7c                direction
                0x00002f80                score
                0x00002f84                level
                0x00002f88                hiscore
                0x00002f8c                gAB
 COMMON         0x00002f8d      0x676 src/robomaze.c.11.o
                0x00002f8d                maze
                0x000033c2                con

DISCARD
 libc.a(*)
 libm.a(*)
 libgcc.a(*)
 *(.eh_frame)
OUTPUT(/home/jacko/pebble-dev/examples/watchapps/RoboMaze/build/aplite/pebble-app.elf elf32-littlearm)

.ARM.attributes
                0x00000000       0x27
 .ARM.attributes
                0x00000000       0x19 /home/jacko/pebble-dev/PebbleSDK/arm-cs-tools/bin/../lib/gcc/arm-none-eabi/4.7.3/thumb2/crti.o
 .ARM.attributes
                0x00000019       0x29 /home/jacko/pebble-dev/PebbleSDK/arm-cs-tools/bin/../lib/gcc/arm-none-eabi/4.7.3/thumb2/crtbegin.o
 .ARM.attributes
                0x00000042       0x33 src/basik.c.11.o
 .ARM.attributes
                0x00000075       0x33 src/clock.c.11.o
 .ARM.attributes
                0x000000a8       0x33 src/display.c.11.o
 .ARM.attributes
                0x000000db       0x33 src/game.c.11.o
 .ARM.attributes
                0x0000010e       0x33 src/robomaze.c.11.o
 .ARM.attributes
                0x00000141       0x33 aplite/appinfo.auto.c.11.o
 .ARM.attributes
                0x00000174       0x21 /home/jacko/pebble-dev/PebbleSDK/Pebble/aplite/lib/libpebble.a(tmpDuxwpQpebble.o)
 .ARM.attributes
                0x00000195       0x19 /home/jacko/pebble-dev/PebbleSDK/arm-cs-tools/bin/../lib/gcc/arm-none-eabi/4.7.3/thumb2/libgcc.a(_arm_addsubdf3.o)
 .ARM.attributes
                0x000001ae       0x19 /home/jacko/pebble-dev/PebbleSDK/arm-cs-tools/bin/../lib/gcc/arm-none-eabi/4.7.3/thumb2/libgcc.a(_arm_muldivdf3.o)
 .ARM.attributes
                0x000001c7       0x19 /home/jacko/pebble-dev/PebbleSDK/arm-cs-tools/bin/../lib/gcc/arm-none-eabi/4.7.3/thumb2/libgcc.a(_arm_cmpdf2.o)
 .ARM.attributes
                0x000001e0       0x19 /home/jacko/pebble-dev/PebbleSDK/arm-cs-tools/bin/../lib/gcc/arm-none-eabi/4.7.3/thumb2/libgcc.a(_arm_fixdfsi.o)
 .ARM.attributes
                0x000001f9       0x29 /home/jacko/pebble-dev/PebbleSDK/arm-cs-tools/bin/../lib/gcc/arm-none-eabi/4.7.3/thumb2/crtend.o
 .ARM.attributes
                0x00000222       0x19 /home/jacko/pebble-dev/PebbleSDK/arm-cs-tools/bin/../lib/gcc/arm-none-eabi/4.7.3/thumb2/crtn.o

.comment        0x00000000       0x4e
 .comment       0x00000000       0x4e /home/jacko/pebble-dev/PebbleSDK/arm-cs-tools/bin/../lib/gcc/arm-none-eabi/4.7.3/thumb2/crtbegin.o
                                 0x4f (size before relaxing)
 .comment       0x00000000       0x4f src/basik.c.11.o
 .comment       0x00000000       0x4f src/clock.c.11.o
 .comment       0x00000000       0x4f src/display.c.11.o
 .comment       0x00000000       0x4f src/game.c.11.o
 .comment       0x00000000       0x4f src/robomaze.c.11.o
 .comment       0x00000000       0x4f aplite/appinfo.auto.c.11.o
 .comment       0x00000000       0x4f /home/jacko/pebble-dev/PebbleSDK/arm-cs-tools/bin/../lib/gcc/arm-none-eabi/4.7.3/thumb2/crtend.o

.debug_info     0x00000000     0x3fdb
 .debug_info    0x00000000      0x3cd src/basik.c.11.o
 .debug_info    0x000003cd      0xdcf src/clock.c.11.o
 .debug_info    0x0000119c      0x1a2 src/display.c.11.o
 .debug_info    0x0000133e     0x1215 src/game.c.11.o
 .debug_info    0x00002553     0x14ab src/robomaze.c.11.o
 .debug_info    0x000039fe      0x30d aplite/appinfo.auto.c.11.o
 .debug_info    0x00003d0b       0xb4 /home/jacko/pebble-dev/PebbleSDK/arm-cs-tools/bin/../lib/gcc/arm-none-eabi/4.7.3/thumb2/libgcc.a(_arm_addsubdf3.o)
 .debug_info    0x00003dbf       0xb4 /home/jacko/pebble-dev/PebbleSDK/arm-cs-tools/bin/../lib/gcc/arm-none-eabi/4.7.3/thumb2/libgcc.a(_arm_muldivdf3.o)
 .debug_info    0x00003e73       0xb4 /home/jacko/pebble-dev/PebbleSDK/arm-cs-tools/bin/../lib/gcc/arm-none-eabi/4.7.3/thumb2/libgcc.a(_arm_cmpdf2.o)
 .debug_info    0x00003f27       0xb4 /home/jacko/pebble-dev/PebbleSDK/arm-cs-tools/bin/../lib/gcc/arm-none-eabi/4.7.3/thumb2/libgcc.a(_arm_fixdfsi.o)

.debug_abbrev   0x00000000      0xf84
 .debug_abbrev  0x00000000      0x1e9 src/basik.c.11.o
 .debug_abbrev  0x000001e9      0x3bf src/clock.c.11.o
 .debug_abbrev  0x000005a8       0xf8 src/display.c.11.o
 .debug_abbrev  0x000006a0      0x3ed src/game.c.11.o
 .debug_abbrev  0x00000a8d      0x409 src/robomaze.c.11.o
 .debug_abbrev  0x00000e96       0x9e aplite/appinfo.auto.c.11.o
 .debug_abbrev  0x00000f34       0x14 /home/jacko/pebble-dev/PebbleSDK/arm-cs-tools/bin/../lib/gcc/arm-none-eabi/4.7.3/thumb2/libgcc.a(_arm_addsubdf3.o)
 .debug_abbrev  0x00000f48       0x14 /home/jacko/pebble-dev/PebbleSDK/arm-cs-tools/bin/../lib/gcc/arm-none-eabi/4.7.3/thumb2/libgcc.a(_arm_muldivdf3.o)
 .debug_abbrev  0x00000f5c       0x14 /home/jacko/pebble-dev/PebbleSDK/arm-cs-tools/bin/../lib/gcc/arm-none-eabi/4.7.3/thumb2/libgcc.a(_arm_cmpdf2.o)
 .debug_abbrev  0x00000f70       0x14 /home/jacko/pebble-dev/PebbleSDK/arm-cs-tools/bin/../lib/gcc/arm-none-eabi/4.7.3/thumb2/libgcc.a(_arm_fixdfsi.o)

.debug_loc      0x00000000     0x1aa9
 .debug_loc     0x00000000      0x151 src/basik.c.11.o
 .debug_loc     0x00000151      0x939 src/clock.c.11.o
 .debug_loc     0x00000a8a      0x1ba src/display.c.11.o
 .debug_loc     0x00000c44      0x7ee src/game.c.11.o
 .debug_loc     0x00001432      0x677 src/robomaze.c.11.o

.debug_aranges  0x00000000      0x2c0
 .debug_aranges
                0x00000000       0x40 src/basik.c.11.o
 .debug_aranges
                0x00000040       0x80 src/clock.c.11.o
 .debug_aranges
                0x000000c0       0x28 src/display.c.11.o
 .debug_aranges
                0x000000e8       0xc8 src/game.c.11.o
 .debug_aranges
                0x000001b0       0x78 src/robomaze.c.11.o
 .debug_aranges
                0x00000228       0x18 aplite/appinfo.auto.c.11.o
 .debug_aranges
                0x00000240       0x20 /home/jacko/pebble-dev/PebbleSDK/arm-cs-tools/bin/../lib/gcc/arm-none-eabi/4.7.3/thumb2/libgcc.a(_arm_addsubdf3.o)
 .debug_aranges
                0x00000260       0x20 /home/jacko/pebble-dev/PebbleSDK/arm-cs-tools/bin/../lib/gcc/arm-none-eabi/4.7.3/thumb2/libgcc.a(_arm_muldivdf3.o)
 .debug_aranges
                0x00000280       0x20 /home/jacko/pebble-dev/PebbleSDK/arm-cs-tools/bin/../lib/gcc/arm-none-eabi/4.7.3/thumb2/libgcc.a(_arm_cmpdf2.o)
 .debug_aranges
                0x000002a0       0x20 /home/jacko/pebble-dev/PebbleSDK/arm-cs-tools/bin/../lib/gcc/arm-none-eabi/4.7.3/thumb2/libgcc.a(_arm_fixdfsi.o)

.debug_ranges   0x00000000      0xa30
 .debug_ranges  0x00000000       0x30 src/basik.c.11.o
 .debug_ranges  0x00000030      0x110 src/clock.c.11.o
 .debug_ranges  0x00000140       0x18 src/display.c.11.o
 .debug_ranges  0x00000158      0x5d0 src/game.c.11.o
 .debug_ranges  0x00000728      0x308 src/robomaze.c.11.o

.debug_line     0x00000000     0x1828
 .debug_line    0x00000000      0x1ef src/basik.c.11.o
 .debug_line    0x000001ef      0x46d src/clock.c.11.o
 .debug_line    0x0000065c       0x8c src/display.c.11.o
 .debug_line    0x000006e8      0x60a src/game.c.11.o
 .debug_line    0x00000cf2      0x44d src/robomaze.c.11.o
 .debug_line    0x0000113f      0x127 aplite/appinfo.auto.c.11.o
 .debug_line    0x00001266      0x20a /home/jacko/pebble-dev/PebbleSDK/arm-cs-tools/bin/../lib/gcc/arm-none-eabi/4.7.3/thumb2/libgcc.a(_arm_addsubdf3.o)
 .debug_line    0x00001470      0x226 /home/jacko/pebble-dev/PebbleSDK/arm-cs-tools/bin/../lib/gcc/arm-none-eabi/4.7.3/thumb2/libgcc.a(_arm_muldivdf3.o)
 .debug_line    0x00001696      0x10c /home/jacko/pebble-dev/PebbleSDK/arm-cs-tools/bin/../lib/gcc/arm-none-eabi/4.7.3/thumb2/libgcc.a(_arm_cmpdf2.o)
 .debug_line    0x000017a2       0x86 /home/jacko/pebble-dev/PebbleSDK/arm-cs-tools/bin/../lib/gcc/arm-none-eabi/4.7.3/thumb2/libgcc.a(_arm_fixdfsi.o)

.debug_str      0x00000000      0xc11
 .debug_str     0x00000000      0x1e4 src/basik.c.11.o
                                0x231 (size before relaxing)
 .debug_str     0x000001e4      0x1b2 src/clock.c.11.o
                                0x384 (size before relaxing)
 .debug_str     0x00000396       0x32 src/display.c.11.o
                                0x117 (size before relaxing)
 .debug_str     0x000003c8      0x169 src/game.c.11.o
                                0x3a6 (size before relaxing)
 .debug_str     0x00000531      0x582 src/robomaze.c.11.o
                                0x844 (size before relaxing)
 .debug_str     0x00000ab3      0x15e aplite/appinfo.auto.c.11.o
                                0x2bf (size before relaxing)

.debug_frame    0x00000000      0x684
 .debug_frame   0x00000000       0x7c src/basik.c.11.o
 .debug_frame   0x0000007c      0x1b0 src/clock.c.11.o
 .debug_frame   0x0000022c       0x3c src/display.c.11.o
 .debug_frame   0x00000268      0x2c4 src/game.c.11.o
 .debug_frame   0x0000052c      0x158 src/robomaze.c.11.o
c4                __subdf3
                0x000000c8                __adddf3
                0x000000c8                __aeabi_dadd
                0x00000340                __aeabi_ui2d
                0x00000340                __floatunsidf
                0x00000360                __floatsidf
                0x00000360                __aeabi_i2d
                0x00000384                __extendsfdf2
                0x00000384                __aeabi_f2d
                0x000003c0                __aeabi_ul2d
                0x000003c0                __floatundidf
                0x000003d0                __floatdidf
                0x000003d0                __aeabi_l2d
 .text          0x0000042c      0x424 /home/jacko/pebble-dev/PebbleSDK/arm-cs-tools/bin/../lib/gcc/arm-none-eabi/4.7.3/thumb2/libgcc.a(_arm_muldivdf3.o)
                0x0000042c                __aeabi_dmul
                0x0000042c                __muldf3
                0x00000680                __aeabi_ddiv
                0x00000680                __divdf3
 .text          0x00000850      0x110 /home/jacko/pebble-dev/PebbleSDK/arm-cs-tools/bin/../lib/gcc/arm-none-eabi/4.7.3/thumb2/libgcc.a(_arm_cmpdf2.o)
                0x00000850                __gtdf2
                0x00000850                __gedf2
                0x00000858                __ltdf2
                0x00000858                __ledf2
                0x00000860                __cmpdf2
                0x00000860                __eqdf2
                0x00000860                __nedf2
                0x000008dc                __aeabi_cdrcmple
                0x000008ec                __aeabi_cdcmple
                0x000008ec                __aeabi_cdcmpeq
                0x000008fc                __aeabi_dcmpeq
                0x00000910                __aeabi_dcmplt
                0x00000924                __aeabi_dcmple
                0x00000938                __aeabi_dcmpge
                0x0000094c                __aeabi_dcmpgt
 .text          0x00000960       0x50 /home/jacko/pebble-dev/PebbleSDK/arm-cs-tools/bin/../lib/gcc/arm-none-eabi/4.7.3/thumb2/libgcc.a(_arm_fixdfsi.o)
                0x00000960                __fixdfsi
                0x00000960                __aeabi_d2iz
 *(.text.*)
 .text.load_basik
                0x000009b0       0x50 src/basik.c.9.o
                0x000009b0                load_basik
 .text.save_basik
                0x00000a00       0x48 src/basik.c.9.o
                0x00000a00                save_basik
 .text.tick_basik
                0x00000a48        0x2 src/basik.c.9.o
                0x00000a48                tick_basik
 .text.click_basik
                0x00000a4a        0x2 src/basik.c.9.o
                0x00000a4a                click_basik
 *fill*         0x00000a4c        0x4 
 .text.click_value
                0x00000a50      0x168 src/basik.c.9.o
                0x00000a50                click_value
 .text.reset_sw
                0x00000bb8       0x34 src/clock.c.9.o
 .text.clear    0x00000bec       0x38 src/clock.c.9.o
 .text.draw_dp  0x00000c24       0x4c src/clock.c.9.o
 .text.draw     0x00000c70       0x98 src/clock.c.9.o
 .text.tock     0x00000d08       0xa6 src/clock.c.9.o
 .text.printint
                0x00000dae       0x3e src/clock.c.9.o
 *fill*         0x00000dec        0x4 
 .text.printreal.constprop.0
                0x00000df0      0x238 src/clock.c.9.o
 .text.sci      0x00001028       0x88 src/clock.c.9.o
 .text.save_clock
                0x000010b0       0x54 src/clock.c.9.o
                0x000010b0                save_clock
 .text.show_lvl
                0x00001104       0x20 src/clock.c.9.o
                0x00001104                show_lvl
 .text.tick_clock
                0x00001124      0x28c src/clock.c.9.o
                0x00001124                tick_clock
 .text.load_clock
                0x000013b0      0x144 src/clock.c.9.o
                0x000013b0                load_clock
 .text.click_clock
                0x000014f4      0x108 src/clock.c.9.o
                0x000014f4                click_clock
 .text.changed  0x000015fc       0x84 src/display.c.9.o
 .text.get_at   0x00001680       0x54 src/display.c.9.o
                0x00001680                get_at
 .text.delay    0x000016d4       0x50 src/game.c.9.o
 .text.evaluate
                0x00001724       0x48 src/game.c.9.o
 .text.activechaf
                0x0000176c       0xa4 src/game.c.9.o
 .text.processmaze
                0x00001810       0x7c src/game.c.9.o
 .text.drawmaze
                0x0000188c       0x7c src/game.c.9.o
 .text.xpand    0x00001908       0x54 src/game.c.9.o
 .text.loadwall
                0x0000195c       0x58 src/game.c.9.o
 .text.loadchaf
                0x000019b4       0x40 src/game.c.9.o
 .text.makechar
                0x000019f4       0x98 src/game.c.9.o
 .text.reset    0x00001a8c       0x64 src/game.c.9.o
 .text.account  0x00001af0       0x30 src/game.c.9.o
 .text.destroywall
                0x00001b20       0xc4 src/game.c.9.o
 .text.makemaze
                0x00001be4       0x4c src/game.c.9.o
 .text.xydxy.isra.0
                0x00001c30       0x16 src/game.c.9.o
 *fill*         0x00001c46        0x2 
 .text.drawchars
                0x00001c48       0x90 src/game.c.9.o
 .text.ready    0x00001cd8       0x40 src/game.c.9.o
 .text.move     0x00001d18       0xec src/game.c.9.o
 .text.tick     0x00001e04       0x10 src/game.c.9.o
                0x00001e04                tick
 .text.click    0x00001e14       0x40 src/game.c.9.o
                0x00001e14                click
 .text.load     0x00001e54      0x150 src/game.c.9.o
                0x00001e54                load
 .text.save     0x00001fa4      0x16c src/game.c.9.o
                0x00001fa4                save
 .text.respond  0x00002110      0x108 src/game.c.9.o
 .text.main_window_unload
                0x00002218       0x5c src/robomaze.c.9.o
 .text.main_window_load
                0x00002274      0x274 src/robomaze.c.9.o
 .text.config_provider
                0x000024e8       0x5c src/robomaze.c.9.o
 .text.get_map  0x00002544       0x40 src/robomaze.c.9.o
                0x00002544                get_map
 .text.put_map  0x00002584       0x58 src/robomaze.c.9.o
                0x00002584                put_map
 .text.layer_draw
                0x000025dc      0x248 src/robomaze.c.9.o
 .text.mark_dirty
                0x00002824       0x54 src/robomaze.c.9.o
                0x00002824                mark_dirty
 .text.handle_second_tick
                0x00002878       0x58 src/robomaze.c.9.o
 .text.clicks   0x000028d0       0x60 src/robomaze.c.9.o
 .text.long_click_handler
                0x00002930        0x6 src/robomaze.c.9.o
 .text.single_click_handler
                0x00002936        0x6 src/robomaze.c.9.o
 .text.startup.main
                0x0000293c       0x68 src/robomaze.c.9.o
                0x0000293c                main
 .text.app_event_loop
                0x000029a4        0xc /home/jacko/pebble-dev/PebbleSDK/Pebble/basalt/lib/libpebble.a(tmp2hEX61pebble.o)
                0x000029a4                app_event_loop
 .text.click_recognizer_get_button_id
                0x000029b0        0xc /home/jacko/pebble-dev/PebbleSDK/Pebble/basalt/lib/libpebble.a(tmp2hEX61pebble.o)
                0x000029b0                click_recognizer_get_button_id
 .text.clock_is_24h_style
                0x000029bc        0xc /home/jacko/pebble-dev/PebbleSDK/Pebble/basalt/lib/libpebble.a(tmp2hEX61pebble.o)
                0x000029bc                clock_is_24h_style
 .text.gbitmap_create_as_sub_bitmap
                0x000029c8        0xc /home/jacko/pebble-dev/PebbleSDK/Pebble/basalt/lib/libpebble.a(tmp2hEX61pebble.o)
                0x000029c8                gbitmap_create_as_sub_bitmap
 .text.gbitmap_create_with_resource
                0x000029d4        0xc /home/jacko/pebble-dev/PebbleSDK/Pebble/basalt/lib/libpebble.a(tmp2hEX61pebble.o)
                0x000029d4                gbitmap_create_with_resource
 .text.gbitmap_destroy
                0x000029e0        0xc /home/jacko/pebble-dev/PebbleSDK/Pebble/basalt/lib/libpebble.a(tmp2hEX61pebble.o)
                0x000029e0                gbitmap_destroy
 .text.graphics_draw_bitmap_in_rect
                0x000029ec        0xc /home/jacko/pebble-dev/PebbleSDK/Pebble/basalt/lib/libpebble.a(tmp2hEX61pebble.o)
                0x000029ec                graphics_draw_bitmap_in_rect
 .text.graphics_fill_rect
                0x000029f8        0xc /home/jacko/pebble-dev/PebbleSDK/Pebble/basalt/lib/libpebble.a(tmp2hEX61pebble.o)
                0x000029f8                graphics_fill_rect
 .text.layer_add_child
                0x00002a04        0xc /home/jacko/pebble-dev/PebbleSDK/Pebble/basalt/lib/libpebble.a(tmp2hEX61pebble.o)
                0x00002a04                layer_add_child
 .text.layer_create
                0x00002a10        0xc /home/jacko/pebble-dev/PebbleSDK/Pebble/basalt/lib/libpebble.a(tmp2hEX61pebble.o)
                0x00002a10                layer_create
 .text.layer_destroy
                0x00002a1c        0xc /home/jacko/pebble-dev/PebbleSDK/Pebble/basalt/lib/libpebble.a(tmp2hEX61pebble.o)
                0x00002a1c                layer_destroy
 .text.layer_get_bounds
                0x00002a28        0xc /home/jacko/pebble-dev/PebbleSDK/Pebble/basalt/lib/libpebble.a(tmp2hEX61pebble.o)
                0x00002a28                layer_get_bounds
 .text.layer_mark_dirty
                0x00002a34        0xc /home/jacko/pebble-dev/PebbleSDK/Pebble/basalt/lib/libpebble.a(tmp2hEX61pebble.o)
                0x00002a34                layer_mark_dirty
 .text.layer_set_bounds
                0x00002a40        0xc /home/jacko/pebble-dev/PebbleSDK/Pebble/basalt/lib/libpebble.a(tmp2hEX61pebble.o)
                0x00002a40                layer_set_bounds
 .text.layer_set_update_proc
                0x00002a4c        0xc /home/jacko/pebble-dev/PebbleSDK/Pebble/basalt/lib/libpebble.a(tmp2hEX61pebble.o)
                0x00002a4c                layer_set_update_proc
 .text.memset   0x00002a58        0xc /home/jacko/pebble-dev/PebbleSDK/Pebble/basalt/lib/libpebble.a(tmp2hEX61pebble.o)
                0x00002a58                memset
 .text.persist_exists
                0x00002a64        0xc /home/jacko/pebble-dev/PebbleSDK/Pebble/basalt/lib/libpebble.a(tmp2hEX61pebble.o)
                0x00002a64                persist_exists
 .text.persist_read_bool
                0x00002a70        0xc /home/jacko/pebble-dev/PebbleSDK/Pebble/basalt/lib/libpebble.a(tmp2hEX61pebble.o)
                0x00002a70                persist_read_bool
 .text.persist_read_int
                0x00002a7c        0xc /home/jacko/pebble-dev/PebbleSDK/Pebble/basalt/lib/libpebble.a(tmp2hEX61pebble.o)
                0x00002a7c                persist_read_int
 .text.persist_write_bool
                0x00002a88        0xc /home/jacko/pebble-dev/PebbleSDK/Pebble/basalt/lib/libpebble.a(tmp2hEX61pebble.o)
                0x00002a88                persist_write_bool
 .text.persist_write_int
                0x00002a94        0xc /home/jacko/pebble-dev/PebbleSDK/Pebble/basalt/lib/libpebble.a(tmp2hEX61pebble.o)
                0x00002a94                persist_write_int
 .text.rand     0x00002aa0        0xc /home/jacko/pebble-dev/PebbleSDK/Pebble/basalt/lib/libpebble.a(tmp2hEX61pebble.o)
                0x00002aa0                rand
 .text.srand    0x00002aac        0xc /home/jacko/pebble-dev/PebbleSDK/Pebble/basalt/lib/libpebble.a(tmp2hEX61pebble.o)
                0x00002aac                srand
 .text.tick_timer_service_subscribe
                0x00002ab8        0xc /home/jacko/pebble-dev/PebbleSDK/Pebble/basalt/lib/libpebble.a(tmp2hEX61pebble.o)
                0x00002ab8                tick_timer_service_subscribe
 .text.window_create
                0x00002ac4        0xc /home/jacko/pebble-dev/PebbleSDK/Pebble/basalt/lib/libpebble.a(tmp2hEX61pebble.o)
                0x00002ac4                window_create
 .text.window_destroy
                0x00002ad0        0xc /home/jacko/pebble-dev/PebbleSDK/Pebble/basalt/lib/libpebble.a(tmp2hEX61pebble.o)
                0x00002ad0                window_destroy
 .text.window_get_root_layer
                0x00002adc        0xc /home/jacko/pebble-dev/PebbleSDK/Pebble/basalt/lib/libpebble.a(tmp2hEX61pebble.o)
                0x00002adc                window_get_root_layer
 .text.window_set_click_config_provider
                0x00002ae8        0xc /home/jacko/pebble-dev/PebbleSDK/Pebble/basalt/lib/libpebble.a(tmp2hEX61pebble.o)
                0x00002ae8                window_set_click_config_provider
 .text.window_set_window_handlers
                0x00002af4        0xc /home/jacko/pebble-dev/PebbleSDK/Pebble/basalt/lib/libpebble.a(tmp2hEX61pebble.o)
                0x00002af4                window_set_window_handlers
 .text.window_stack_push
                0x00002b00        0xc /home/jacko/pebble-dev/PebbleSDK/Pebble/basalt/lib/libpebble.a(tmp2hEX61pebble.o)
                0x00002b00                window_stack_push
 .text.window_long_click_subscribe
                0x00002b0c        0xc /home/jacko/pebble-dev/PebbleSDK/Pebble/basalt/lib/libpebble.a(tmp2hEX61pebble.o)
                0x00002b0c                window_long_click_subscribe
 .text.window_single_click_subscribe
                0x00002b18        0xc /home/jacko/pebble-dev/PebbleSDK/Pebble/basalt/lib/libpebble.a(tmp2hEX61pebble.o)
                0x00002b18                window_single_click_subscribe
 .text.persist_read_data
                0x00002b24        0xc /home/jacko/pebble-dev/PebbleSDK/Pebble/basalt/lib/libpebble.a(tmp2hEX61pebble.o)
                0x00002b24                persist_read_data
 .text.persist_write_data
                0x00002b30        0xc /home/jacko/pebble-dev/PebbleSDK/Pebble/basalt/lib/libpebble.a(tmp2hEX61pebble.o)
                0x00002b30                persist_write_data
 .text.graphics_context_set_fill_color
                0x00002b3c        0xc /home/jacko/pebble-dev/PebbleSDK/Pebble/basalt/lib/libpebble.a(tmp2hEX61pebble.o)
                0x00002b3c                graphics_context_set_fill_color
 .text.localtime
                0x00002b48        0xc /home/jacko/pebble-dev/PebbleSDK/Pebble/basalt/lib/libpebble.a(tmp2hEX61pebble.o)
                0x00002b48                localtime
 .text.time     0x00002b54        0xc /home/jacko/pebble-dev/PebbleSDK/Pebble/basalt/lib/libpebble.a(tmp2hEX61pebble.o)
                0x00002b54                time
 *(.rodata)
 .rodata        0x00002b60       0x18 src/robomaze.c.9.o
 *(.rodata*)
 .rodata.delays
                0x00002b78        0x7 src/clock.c.9.o
 .rodata.days   0x00002b7f       0x39 src/clock.c.9.o
 .rodata.pics   0x00002bb8       0x42 src/clock.c.9.o
 .rodata.keys   0x00002bfa        0x7 src/clock.c.9.o
 .rodata.specials
                0x00002c01       0x10 src/display.c.9.o
 .rodata.defis  0x00002c11        0x8 src/game.c.9.o
 .rodata.offset
                0x00002c19        0x4 src/game.c.9.o
 .rodata.dir    0x00002c1d        0x5 src/game.c.9.o
 .rodata.orders
                0x00002c22       0x10 src/game.c.9.o
 .rodata.dxy    0x00002c32        0x4 src/game.c.9.o
 .rodata.defchar
                0x00002c36       0x14 src/game.c.9.o

.glue_7         0x00002c4c        0x0
 .glue_7        0x00000000        0x0 linker stubs

.glue_7t        0x00002c4c        0x0
 .glue_7t       0x00000000        0x0 linker stubs

.vfp11_veneer   0x00002c4c        0x0
 .vfp11_veneer  0x00000000        0x0 linker stubs

.v4_bx          0x00002c4c        0x0
 .v4_bx         0x00000000        0x0 linker stubs

.iplt           0x00002c4c        0x0
 .iplt          0x00000000        0x0 /home/jacko/pebble-dev/PebbleSDK/arm-cs-tools/bin/../lib/gcc/arm-none-eabi/4.7.3/thumb2/crtbegin.o

.rel.dyn        0x00002c4c        0x0
 .rel.iplt      0x00000000        0x0 /home/jacko/pebble-dev/PebbleSDK/arm-cs-tools/bin/../lib/gcc/arm-none-eabi/4.7.3/thumb2/crtbegin.o
 .rel.got       0x00000000        0x0 /home/jacko/pebble-dev/PebbleSDK/arm-cs-tools/bin/../lib/gcc/arm-none-eabi/4.7.3/thumb2/crtbegin.o

.data           0x00002c4c       0x38
 *(.data)
 .data          0x00002c4c        0x0 /home/jacko/pebble-dev/PebbleSDK/arm-cs-tools/bin/../lib/gcc/arm-none-eabi/4.7.3/thumb2/crti.o
 .data          0x00002c4c        0x4 /home/jacko/pebble-dev/PebbleSDK/arm-cs-tools/bin/../lib/gcc/arm-none-eabi/4.7.3/thumb2/crtbegin.o
                0x00002c4c                __dso_handle
 .data          0x00002c50        0x0 src/basik.c.9.o
 .data          0x00002c50        0x0 src/clock.c.9.o
 .data          0x00002c50        0x0 src/display.c.9.o
 .data          0x00002c50        0x0 src/game.c.9.o
 .data          0x00002c50        0x0 src/robomaze.c.9.o
 .data          0x00002c50        0x0 basalt/appinfo.auto.c.9.o
 .data          0x00002c50        0x0 /home/jacko/pebble-dev/PebbleSDK/Pebble/basalt/lib/libpebble.a(tmp2hEX61pebble.o)
 .data          0x00002c50        0x0 /home/jacko/pebble-dev/PebbleSDK/arm-cs-tools/bin/../lib/gcc/arm-none-eabi/4.7.3/thumb2/libgcc.a(_arm_addsubdf3.o)
 .data          0x00002c50        0x0 /home/jacko/pebble-dev/PebbleSDK/arm-cs-tools/bin/../lib/gcc/arm-none-eabi/4.7.3/thumb2/libgcc.a(_arm_muldivdf3.o)
 .data          0x00002c50        0x0 /home/jacko/pebble-dev/PebbleSDK/arm-cs-tools/bin/../lib/gcc/arm-none-eabi/4.7.3/thumb2/libgcc.a(_arm_cmpdf2.o)
 .data          0x00002c50        0x0 /home/jacko/pebble-dev/PebbleSDK/arm-cs-tools/bin/../lib/gcc/arm-none-eabi/4.7.3/thumb2/libgcc.a(_arm_fixdfsi.o)
 .data          0x00002c50        0x0 /home/jacko/pebble-dev/PebbleSDK/arm-cs-tools/bin/../lib/gcc/arm-none-eabi/4.7.3/thumb2/crtend.o
 .data          0x00002c50        0x0 /home/jacko/pebble-dev/PebbleSDK/arm-cs-tools/bin/../lib/gcc/arm-none-eabi/4.7.3/thumb2/crtn.o
 *(.data.*)
 .data.selector
                0x00002c50        0x1 src/display.c.9.o
                0x00002c50                selector
 *fill*         0x00002c51        0x3 
 .data.rel.local.state
                0x00002c54        0x4 src/game.c.9.o
 .data.rel.local.oldstate
                0x00002c58        0x4 src/game.c.9.o
 .data.rel.ro.local.fn
                0x00002c5c       0x28 src/game.c.9.o

.igot.plt       0x00002c84        0x0
 .igot.plt      0x00000000        0x0 /home/jacko/pebble-dev/PebbleSDK/arm-cs-tools/bin/../lib/gcc/arm-none-eabi/4.7.3/thumb2/crtbegin.o

.got            0x00002c84       0x34
 .got           0x00002c84       0x34 /home/jacko/pebble-dev/PebbleSDK/arm-cs-tools/bin/../lib/gcc/arm-none-eabi/4.7.3/thumb2/crtbegin.o

.got.plt        0x00002cb8        0xc
 .got.plt       0x00002cb8        0xc /home/jacko/pebble-dev/PebbleSDK/arm-cs-tools/bin/../lib/gcc/arm-none-eabi/4.7.3/thumb2/crtbegin.o
                0x00002cb8                _GLOBAL_OFFSET_TABLE_

.bss            0x00002cc8      0x93b
 *(.bss)
 *(.bss.*)
 .bss.expo      0x00002cc8        0x1 src/basik.c.9.o
 *fill*         0x00002cc9        0x7 
 .bss.xx        0x00002cd0        0x8 src/basik.c.9.o
 .bss.value     0x00002cd8        0x8 src/basik.c.9.o
                0x00002cd8                value
 .bss.error     0x00002ce0        0x1 src/basik.c.9.o
                0x00002ce0                error
 .bss.hold      0x00002ce1        0x1 src/basik.c.9.o
 *fill*         0x00002ce2        0x2 
 .bss.reg       0x00002ce4       0x30 src/clock.c.9.o
 .bss.clickback
                0x00002d14        0x1 src/clock.c.9.o
 *fill*         0x00002d15        0x1 
 .bss.sw_butt   0x00002d16        0x2 src/clock.c.9.o
 .bss.dp        0x00002d18        0x1 src/clock.c.9.o
 .bss.button_sec
                0x00002d19        0x1 src/clock.c.9.o
 .bss.mode      0x00002d1a        0x1 src/clock.c.9.o
                0x00002d1a                mode
 *fill*         0x00002d1b        0x1 
 .bss.lap       0x00002d1c       0x30 src/clock.c.9.o
 .bss.vidmode   0x00002d4c        0x1 src/display.c.9.o
                0x00002d4c                vidmode
 .bss.pause     0x00002d4d        0x1 src/game.c.9.o
                0x00002d4d                pause
 .bss.ting      0x00002d4e       0x28 src/game.c.9.o
 .bss.chaf      0x00002d76       0x20 src/game.c.9.o
 .bss.success   0x00002d96        0x1 src/game.c.9.o
 *fill*         0x00002d97        0x1 
 .bss.countdown
                0x00002d98        0x4 src/game.c.9.o
 .bss.compact   0x00002d9c       0x3e src/game.c.9.o
 *fill*         0x00002dda        0x2 
 .bss.layer     0x00002ddc        0x4 src/robomaze.c.9.o
 .bss.char_gfx  0x00002de0      0x10c src/robomaze.c.9.o
 .bss.last      0x00002eec        0x1 src/robomaze.c.9.o
 *fill*         0x00002eed        0x3 
 .bss.seconds   0x00002ef0        0x4 src/robomaze.c.9.o
                0x00002ef0                seconds
 .bss.ticks     0x00002ef4        0x4 src/robomaze.c.9.o
 .bss.map       0x00002ef8        0x4 src/robomaze.c.9.o
 .bss.maze_gfx  0x00002efc       0x7c src/robomaze.c.9.o
 .bss.s_main_window
                0x00002f78        0x4 src/robomaze.c.9.o
 COMMON         0x00002f7c       0x11 src/game.c.9.o
                0x00002f7c                direction
                0x00002f80                score
                0x00002f84                level
                0x00002f88                hiscore
                0x00002f8c                gAB
 COMMON         0x00002f8d      0x676 src/robomaze.c.9.o
                0x00002f8d                maze
                0x000033c2                con

DISCARD
 libc.a(*)
 libm.a(*)
 libgcc.a(*)
 *(.eh_frame)
OUTPUT(/home/jacko/pebble-dev/examples/watchapps/RoboMaze/build/basalt/pebble-app.elf elf32-littlearm)

.ARM.attributes
                0x00000000       0x27
 .ARM.attributes
                0x00000000       0x19 /home/jacko/pebble-dev/PebbleSDK/arm-cs-tools/bin/../lib/gcc/arm-none-eabi/4.7.3/thumb2/crti.o
 .ARM.attributes
                0x00000019       0x29 /home/jacko/pebble-dev/PebbleSDK/arm-cs-tools/bin/../lib/gcc/arm-none-eabi/4.7.3/thumb2/crtbegin.o
 .ARM.attributes
                0x00000042       0x33 src/basik.c.9.o
 .ARM.attributes
                0x00000075       0x33 src/clock.c.9.o
 .ARM.attributes
                0x000000a8       0x33 src/display.c.9.o
 .ARM.attributes
                0x000000db       0x33 src/game.c.9.o
 .ARM.attributes
                0x0000010e       0x33 src/robomaze.c.9.o
 .ARM.attributes
                0x00000141       0x33 basalt/appinfo.auto.c.9.o
 .ARM.attributes
                0x00000174       0x21 /home/jacko/pebble-dev/PebbleSDK/Pebble/basalt/lib/libpebble.a(tmp2hEX61pebble.o)
 .ARM.attributes
                0x00000195       0x19 /home/jacko/pebble-dev/PebbleSDK/arm-cs-tools/bin/../lib/gcc/arm-none-eabi/4.7.3/thumb2/libgcc.a(_arm_addsubdf3.o)
 .ARM.attributes
                0x000001ae       0x19 /home/jacko/pebble-dev/PebbleSDK/arm-cs-tools/bin/../lib/gcc/arm-none-eabi/4.7.3/thumb2/libgcc.a(_arm_muldivdf3.o)
 .ARM.attributes
                0x000001c7       0x19 /home/jacko/pebble-dev/PebbleSDK/arm-cs-tools/bin/../lib/gcc/arm-none-eabi/4.7.3/thumb2/libgcc.a(_arm_cmpdf2.o)
 .ARM.attributes
                0x000001e0       0x19 /home/jacko/pebble-dev/PebbleSDK/arm-cs-tools/bin/../lib/gcc/arm-none-eabi/4.7.3/thumb2/libgcc.a(_arm_fixdfsi.o)
 .ARM.attributes
                0x000001f9       0x29 /home/jacko/pebble-dev/PebbleSDK/arm-cs-tools/bin/../lib/gcc/arm-none-eabi/4.7.3/thumb2/crtend.o
 .ARM.attributes
                0x00000222       0x19 /home/jacko/pebble-dev/PebbleSDK/arm-cs-tools/bin/../lib/gcc/arm-none-eabi/4.7.3/thumb2/crtn.o

.comment        0x00000000       0x4e
 .comment       0x00000000       0x4e /home/jacko/pebble-dev/PebbleSDK/arm-cs-tools/bin/../lib/gcc/arm-none-eabi/4.7.3/thumb2/crtbegin.o
                                 0x4f (size before relaxing)
 .comment       0x00000000       0x4f src/basik.c.9.o
 .comment       0x00000000       0x4f src/clock.c.9.o
 .comment       0x00000000       0x4f src/display.c.9.o
 .comment       0x00000000       0x4f src/game.c.9.o
 .comment       0x00000000       0x4f src/robomaze.c.9.o
 .comment       0x00000000       0x4f basalt/appinfo.auto.c.9.o
 .comment       0x00000000       0x4f /home/jacko/pebble-dev/PebbleSDK/arm-cs-tools/bin/../lib/gcc/arm-none-eabi/4.7.3/thumb2/crtend.o

.debug_info     0x00000000     0x3f9f
 .debug_info    0x00000000      0x3cd src/basik.c.9.o
 .debug_info    0x000003cd      0xded src/clock.c.9.o
 .debug_info    0x000011ba      0x1a2 src/display.c.9.o
 .debug_info    0x0000135c     0x1215 src/game.c.9.o
 .debug_info    0x00002571     0x1451 src/robomaze.c.9.o
 .debug_info    0x000039c2      0x30d basalt/appinfo.auto.c.9.o
 .debug_info    0x00003ccf       0xb4 /home/jacko/pebble-dev/PebbleSDK/arm-cs-tools/bin/../lib/gcc/arm-none-eabi/4.7.3/thumb2/libgcc.a(_arm_addsubdf3.o)
 .debug_info    0x00003d83       0xb4 /home/jacko/pebble-dev/PebbleSDK/arm-cs-tools/bin/../lib/gcc/arm-none-eabi/4.7.3/thumb2/libgcc.a(_arm_muldivdf3.o)
 .debug_info    0x00003e37       0xb4 /home/jacko/pebble-dev/PebbleSDK/arm-cs-tools/bin/../lib/gcc/arm-none-eabi/4.7.3/thumb2/libgcc.a(_arm_cmpdf2.o)
 .debug_info    0x00003eeb       0xb4 /home/jacko/pebble-dev/PebbleSDK/arm-cs-tools/bin/../lib/gcc/arm-none-eabi/4.7.3/thumb2/libgcc.a(_arm_fixdfsi.o)

.debug_abbrev   0x00000000      0xf4a
 .debug_abbrev  0x00000000      0x1e9 src/basik.c.9.o
 .debug_abbrev  0x000001e9      0x3aa src/clock.c.9.o
 .debug_abbrev  0x00000593       0xf8 src/display.c.9.o
 .debug_abbrev  0x0000068b      0x3ed src/game.c.9.o
 .debug_abbrev  0x00000a78      0x3e4 src/robomaze.c.9.o
 .debug_abbrev  0x00000e5c       0x9e basalt/appinfo.auto.c.9.o
 .debug_abbrev  0x00000efa       0x14 /home/jacko/pebble-dev/PebbleSDK/arm-cs-tools/bin/../lib/gcc/arm-none-eabi/4.7.3/thumb2/libgcc.a(_arm_addsubdf3.o)
 .debug_abbrev  0x00000f0e       0x14 /home/jacko/pebble-dev/PebbleSDK/arm-cs-tools/bin/../lib/gcc/arm-none-eabi/4.7.3/thumb2/libgcc.a(_arm_muldivdf3.o)
 .debug_abbrev  0x00000f22       0x14 /home/jacko/pebble-dev/PebbleSDK/arm-cs-tools/bin/../lib/gcc/arm-none-eabi/4.7.3/thumb2/libgcc.a(_arm_cmpdf2.o)
 .debug_abbrev  0x00000f36       0x14 /home/jacko/pebble-dev/PebbleSDK/arm-cs-tools/bin/../lib/gcc/arm-none-eabi/4.7.3/thumb2/libgcc.a(_arm_fixdfsi.o)

.debug_loc      0x00000000     0x1aa9
 .debug_loc     0x00000000      0x151 src/basik.c.9.o
 .debug_loc     0x00000151      0x939 src/clock.c.9.o
 .debug_loc     0x00000a8a      0x1ba src/display.c.9.o
 .debug_loc     0x00000c44      0x7ee src/game.c.9.o
 .debug_loc     0x00001432      0x677 src/robomaze.c.9.o

.debug_aranges  0x00000000      0x2c0
 .debug_aranges
                0x00000000       0x40 src/basik.c.9.o
 .debug_aranges
                0x00000040       0x80 src/clock.c.9.o
 .debug_aranges
                0x000000c0       0x28 src/display.c.9.o
 .debug_aranges
                0x000000e8       0xc8 src/game.c.9.o
 .debug_aranges
                0x000001b0       0x78 src/robomaze.c.9.o
 .debug_aranges
                0x00000228       0x18 basalt/appinfo.auto.c.9.o
 .debug_aranges
                0x00000240       0x20 /home/jacko/pebble-dev/PebbleSDK/arm-cs-tools/bin/../lib/gcc/arm-none-eabi/4.7.3/thumb2/libgcc.a(_arm_addsubdf3.o)
 .debug_aranges
                0x00000260       0x20 /home/jacko/pebble-dev/PebbleSDK/arm-cs-tools/bin/../lib/gcc/arm-none-eabi/4.7.3/thumb2/libgcc.a(_arm_muldivdf3.o)
 .debug_aranges
                0x00000280       0x20 /home/jacko/pebble-dev/PebbleSDK/arm-cs-tools/bin/../lib/gcc/arm-none-eabi/4.7.3/thumb2/libgcc.a(_arm_cmpdf2.o)
 .debug_aranges
                0x000002a0       0x20 /home/jacko/pebble-dev/PebbleSDK/arm-cs-tools/bin/../lib/gcc/arm-none-eabi/4.7.3/thumb2/libgcc.a(_arm_fixdfsi.o)

.debug_ranges   0x00000000      0xa30
 .debug_ranges  0x00000000       0x30 src/basik.c.9.o
 .debug_ranges  0x00000030      0x110 src/clock.c.9.o
 .debug_ranges  0x00000140       0x18 src/display.c.9.o
 .debug_ranges  0x00000158      0x5d0 src/game.c.9.o
 .debug_ranges  0x00000728      0x308 src/robomaze.c.9.o

.debug_line     0x00000000     0x1810
 .debug_line    0x00000000      0x1ef src/basik.c.9.o
 .debug_line    0x000001ef      0x463 src/clock.c.9.o
 .debug_line    0x00000652       0x8c src/display.c.9.o
 .debug_line    0x000006de      0x60a src/game.c.9.o
 .debug_line    0x00000ce8      0x43f src/robomaze.c.9.o
 .debug_line    0x00001127      0x127 basalt/appinfo.auto.c.9.o
 .debug_line    0x0000124e      0x20a /home/jacko/pebble-dev/PebbleSDK/arm-cs-tools/bin/../lib/gcc/arm-none-eabi/4.7.3/thumb2/libgcc.a(_arm_addsubdf3.o)
 .debug_line    0x00001458      0x226 /home/jacko/pebble-dev/PebbleSDK/arm-cs-tools/bin/../lib/gcc/arm-none-eabi/4.7.3/thumb2/libgcc.a(_arm_muldivdf3.o)
 .debug_line    0x0000167e      0x10c /home/jacko/pebble-dev/PebbleSDK/arm-cs-tools/bin/../lib/gcc/arm-none-eabi/4.7.3/thumb2/libgcc.a(_arm_cmpdf2.o)
 .debug_line    0x0000178a       0x86 /home/jacko/pebble-dev/PebbleSDK/arm-cs-tools/bin/../lib/gcc/arm-none-eabi/4.7.3/thumb2/libgcc.a(_arm_fixdfsi.o)

.debug_str      0x00000000      0xbb3
 .debug_str     0x00000000      0x1e4 src/basik.c.9.o
                                0x231 (size before relaxing)
 .debug_str     0x000001e4      0x1b0 src/clock.c.9.o
                                0x382 (size before relaxing)
 .debug_str     0x00000394       0x32 src/display.c.9.o
                                0x117 (size before relaxing)
 .debug_str     0x000003c6      0x169 src/game.c.9.o
                                0x3a6 (size before relaxing)
 .debug_str     0x0000052f      0x520 src/robomaze.c.9.o
                                0x7d3 (size before relaxing)
 .debug_str     0x00000a4f      0x164 basalt/appinfo.auto.c.9.o
                                0x2bf (size before relaxing)

.debug_frame    0x00000000      0x684
 .debug_frame   0x00000000       0x7c src/basik.c.9.o
 .debug_frame   0x0000007c      0x1b0 src/clock.c.9.o
 .debug_frame   0x0000022c       0x3c src/display.c.9.o
 .debug_frame   0x00000268      0x2c4 src/game.c.9.o
 .debug_frame   0x0000052c      0x158 src/robomaze.c.9.o
