Archive member included because of file (symbol)

/home/jacko/pebble-dev/PebbleSDK/Pebble/basalt/lib/libpebble.a(tmpIg2f7tpebble.o)
                              worker_src/worker.c.12.o (tick_timer_service_subscribe)

Discarded input sections

 .text          0x00000000        0x0 /home/jacko/pebble-dev/PebbleSDK/arm-cs-tools/bin/../lib/gcc/arm-none-eabi/4.7.3/thumb2/crti.o
 .bss           0x00000000        0x0 /home/jacko/pebble-dev/PebbleSDK/arm-cs-tools/bin/../lib/gcc/arm-none-eabi/4.7.3/thumb2/crti.o
 .init          0x00000000        0x4 /home/jacko/pebble-dev/PebbleSDK/arm-cs-tools/bin/../lib/gcc/arm-none-eabi/4.7.3/thumb2/crti.o
 .fini          0x00000000        0x4 /home/jacko/pebble-dev/PebbleSDK/arm-cs-tools/bin/../lib/gcc/arm-none-eabi/4.7.3/thumb2/crti.o
 .text          0x00000000       0xc8 /home/jacko/pebble-dev/PebbleSDK/arm-cs-tools/bin/../lib/gcc/arm-none-eabi/4.7.3/thumb2/crtbegin.o
 .bss           0x00000000       0x1c /home/jacko/pebble-dev/PebbleSDK/arm-cs-tools/bin/../lib/gcc/arm-none-eabi/4.7.3/thumb2/crtbegin.o
 .init_array    0x00000000        0x4 /home/jacko/pebble-dev/PebbleSDK/arm-cs-tools/bin/../lib/gcc/arm-none-eabi/4.7.3/thumb2/crtbegin.o
 .fini_array    0x00000000        0x4 /home/jacko/pebble-dev/PebbleSDK/arm-cs-tools/bin/../lib/gcc/arm-none-eabi/4.7.3/thumb2/crtbegin.o
 .eh_frame      0x00000000        0x0 /home/jacko/pebble-dev/PebbleSDK/arm-cs-tools/bin/../lib/gcc/arm-none-eabi/4.7.3/thumb2/crtbegin.o
 .jcr           0x00000000        0x0 /home/jacko/pebble-dev/PebbleSDK/arm-cs-tools/bin/../lib/gcc/arm-none-eabi/4.7.3/thumb2/crtbegin.o
 .tm_clone_table
                0x00000000        0x0 /home/jacko/pebble-dev/PebbleSDK/arm-cs-tools/bin/../lib/gcc/arm-none-eabi/4.7.3/thumb2/crtbegin.o
 .text          0x00000000        0x0 worker_src/worker.c.12.o
 .bss           0x00000000        0x0 worker_src/worker.c.12.o
 .text          0x00000000        0x0 basalt/appinfo.auto.c.12.o
 .bss           0x00000000        0x0 basalt/appinfo.auto.c.12.o
 .bss           0x00000000        0x0 /home/jacko/pebble-dev/PebbleSDK/Pebble/basalt/lib/libpebble.a(tmpIg2f7tpebble.o)
 .text.accel_data_service_subscribe__deprecated
                0x00000000        0xc /home/jacko/pebble-dev/PebbleSDK/Pebble/basalt/lib/libpebble.a(tmpIg2f7tpebble.o)
 .text.accel_data_service_unsubscribe
                0x00000000        0xc /home/jacko/pebble-dev/PebbleSDK/Pebble/basalt/lib/libpebble.a(tmpIg2f7tpebble.o)
 .text.accel_service_peek
                0x00000000        0xc /home/jacko/pebble-dev/PebbleSDK/Pebble/basalt/lib/libpebble.a(tmpIg2f7tpebble.o)
 .text.accel_service_set_samples_per_update
                0x00000000        0xc /home/jacko/pebble-dev/PebbleSDK/Pebble/basalt/lib/libpebble.a(tmpIg2f7tpebble.o)
 .text.accel_service_set_sampling_rate
                0x00000000        0xc /home/jacko/pebble-dev/PebbleSDK/Pebble/basalt/lib/libpebble.a(tmpIg2f7tpebble.o)
 .text.accel_tap_service_subscribe
                0x00000000        0xc /home/jacko/pebble-dev/PebbleSDK/Pebble/basalt/lib/libpebble.a(tmpIg2f7tpebble.o)
 .text.accel_tap_service_unsubscribe
                0x00000000        0xc /home/jacko/pebble-dev/PebbleSDK/Pebble/basalt/lib/libpebble.a(tmpIg2f7tpebble.o)
 .text.action_bar_layer_legacy2_add_to_window
                0x00000000        0xc /home/jacko/pebble-dev/PebbleSDK/Pebble/basalt/lib/libpebble.a(tmpIg2f7tpebble.o)
 .text.action_bar_layer_legacy2_clear_icon
                0x00000000        0xc /home/jacko/pebble-dev/PebbleSDK/Pebble/basalt/lib/libpebble.a(tmpIg2f7tpebble.o)
 .text.action_bar_layer_legacy2_create
                0x00000000        0xc /home/jacko/pebble-dev/PebbleSDK/Pebble/basalt/lib/libpebble.a(tmpIg2f7tpebble.o)
 .text.action_bar_layer_legacy2_destroy
                0x00000000        0xc /home/jacko/pebble-dev/PebbleSDK/Pebble/basalt/lib/libpebble.a(tmpIg2f7tpebble.o)
 .text.action_bar_layer_legacy2_get_layer
                0x00000000        0xc /home/jacko/pebble-dev/PebbleSDK/Pebble/basalt/lib/libpebble.a(tmpIg2f7tpebble.o)
 .text.action_bar_layer_legacy2_remove_from_window
                0x00000000        0xc /home/jacko/pebble-dev/PebbleSDK/Pebble/basalt/lib/libpebble.a(tmpIg2f7tpebble.o)
 .text.action_bar_layer_legacy2_set_background_color_2bit
                0x00000000        0xc /home/jacko/pebble-dev/PebbleSDK/Pebble/basalt/lib/libpebble.a(tmpIg2f7tpebble.o)
 .text.action_bar_layer_legacy2_set_click_config_provider
                0x00000000        0xc /home/jacko/pebble-dev/PebbleSDK/Pebble/basalt/lib/libpebble.a(tmpIg2f7tpebble.o)
 .text.action_bar_layer_legacy2_set_context
                0x00000000        0xc /home/jacko/pebble-dev/PebbleSDK/Pebble/basalt/lib/libpebble.a(tmpIg2f7tpebble.o)
 .text.action_bar_layer_legacy2_set_icon
                0x00000000        0xc /home/jacko/pebble-dev/PebbleSDK/Pebble/basalt/lib/libpebble.a(tmpIg2f7tpebble.o)
 .text.animation_legacy2_create
[...]
Memory Configuration

Name             Origin             Length             Attributes
APP              0x00000000         0x00010000         xrw
*default*        0x00000000         0xffffffff

Linker script and memory map

LOAD /home/jacko/pebble-dev/PebbleSDK/arm-cs-tools/bin/../lib/gcc/arm-none-eabi/4.7.3/thumb2/crti.o
LOAD /home/jacko/pebble-dev/PebbleSDK/arm-cs-tools/bin/../lib/gcc/arm-none-eabi/4.7.3/thumb2/crtbegin.o
LOAD worker_src/worker.c.12.o
LOAD basalt/appinfo.auto.c.12.o
LOAD /home/jacko/pebble-dev/PebbleSDK/Pebble/basalt/lib/libpebble.a
START GROUP
LOAD /home/jacko/pebble-dev/PebbleSDK/arm-cs-tools/bin/../lib/gcc/arm-none-eabi/4.7.3/thumb2/libgcc.a
LOAD /home/jacko/pebble-dev/PebbleSDK/arm-cs-tools/bin/../lib/gcc/arm-none-eabi/4.7.3/../../../../arm-none-eabi/lib/thumb2/libc.a
END GROUP
LOAD /home/jacko/pebble-dev/PebbleSDK/arm-cs-tools/bin/../lib/gcc/arm-none-eabi/4.7.3/thumb2/crtend.o
LOAD /home/jacko/pebble-dev/PebbleSDK/arm-cs-tools/bin/../lib/gcc/arm-none-eabi/4.7.3/thumb2/crtn.o

.header         0x00000000       0x82
 *(.pbl_header)
 .pbl_header    0x00000000       0x82 basalt/appinfo.auto.c.12.o
                0x00000000                __pbl_app_info

.note.gnu.build-id
                0x00000082       0x26
                0x00000082                PROVIDE (BUILD_ID, .)
 *(.note.gnu.build-id)
 *fill*         0x00000082        0x2 
 .note.gnu.build-id
                0x00000084       0x24 linker stubs

.text           0x000000a8      0x2e8
 *(.text)
 .text          0x000000a8       0x14 /home/jacko/pebble-dev/PebbleSDK/Pebble/basalt/lib/libpebble.a(tmpIg2f7tpebble.o)
 *(.text.*)
 .text.powmod   0x000000bc       0x32 worker_src/worker.c.12.o
 .text.inverse  0x000000ee       0x4a worker_src/worker.c.12.o
 .text.RevTravel
                0x00000138       0x6c worker_src/worker.c.12.o
 .text.ForTravel
                0x000001a4       0x34 worker_src/worker.c.12.o
 .text.RevTravel0
                0x000001d8        0x6 worker_src/worker.c.12.o
 .text.ForTravel0
                0x000001de        0x6 worker_src/worker.c.12.o
 .text.ForTravel1
                0x000001e4        0x6 worker_src/worker.c.12.o
 *fill*         0x000001ea        0x2 
 .text.emit     0x000001ec       0x20 worker_src/worker.c.12.o
 .text.tick_handler
                0x0000020c       0x28 worker_src/worker.c.12.o
 .text.For0StrictShort
                0x00000234       0x30 worker_src/worker.c.12.o
 .text.For1StrictLong
                0x00000264       0x30 worker_src/worker.c.12.o
 .text.startup.main
                0x00000294       0xcc worker_src/worker.c.12.o
                0x00000294                main
 .text.tick_timer_service_subscribe
                0x00000360        0xc /home/jacko/pebble-dev/PebbleSDK/Pebble/basalt/lib/libpebble.a(tmpIg2f7tpebble.o)
                0x00000360                tick_timer_service_subscribe
 .text.tick_timer_service_unsubscribe
                0x0000036c        0xc /home/jacko/pebble-dev/PebbleSDK/Pebble/basalt/lib/libpebble.a(tmpIg2f7tpebble.o)
                0x0000036c                tick_timer_service_unsubscribe
 .text.app_worker_send_message
                0x00000378        0xc /home/jacko/pebble-dev/PebbleSDK/Pebble/basalt/lib/libpebble.a(tmpIg2f7tpebble.o)
                0x00000378                app_worker_send_message
 .text.worker_event_loop
                0x00000384        0xc /home/jacko/pebble-dev/PebbleSDK/Pebble/basalt/lib/libpebble.a(tmpIg2f7tpebble.o)
                0x00000384                worker_event_loop
 *(.rodata)
 *(.rodata*)

.glue_7         0x00000390        0x0
 .glue_7        0x00000000        0x0 linker stubs

.glue_7t        0x00000390        0x0
 .glue_7t       0x00000000        0x0 linker stubs

.vfp11_veneer   0x00000390        0x0
 .vfp11_veneer  0x00000000        0x0 linker stubs

.v4_bx          0x00000390        0x0
 .v4_bx         0x00000000        0x0 linker stubs

.iplt           0x00000390        0x0
 .iplt          0x00000000        0x0 /home/jacko/pebble-dev/PebbleSDK/arm-cs-tools/bin/../lib/gcc/arm-none-eabi/4.7.3/thumb2/crtbegin.o

.rel.dyn        0x00000390        0x0
 .rel.iplt      0x00000000        0x0 /home/jacko/pebble-dev/PebbleSDK/arm-cs-tools/bin/../lib/gcc/arm-none-eabi/4.7.3/thumb2/crtbegin.o

.data           0x00000390        0x8
 *(.data)
 .data          0x00000390        0x0 /home/jacko/pebble-dev/PebbleSDK/arm-cs-tools/bin/../lib/gcc/arm-none-eabi/4.7.3/thumb2/crti.o
 .data          0x00000390        0x4 /home/jacko/pebble-dev/PebbleSDK/arm-cs-tools/bin/../lib/gcc/arm-none-eabi/4.7.3/thumb2/crtbegin.o
                0x00000390                __dso_handle
 .data          0x00000394        0x0 worker_src/worker.c.12.o
 .data          0x00000394        0x0 basalt/appinfo.auto.c.12.o
 .data          0x00000394        0x0 /home/jacko/pebble-dev/PebbleSDK/Pebble/basalt/lib/libpebble.a(tmpIg2f7tpebble.o)
 .data          0x00000394        0x0 /home/jacko/pebble-dev/PebbleSDK/arm-cs-tools/bin/../lib/gcc/arm-none-eabi/4.7.3/thumb2/crtend.o
 .data          0x00000394        0x0 /home/jacko/pebble-dev/PebbleSDK/arm-cs-tools/bin/../lib/gcc/arm-none-eabi/4.7.3/thumb2/crtn.o
 *(.data.*)
 .data.seed     0x00000394        0x4 worker_src/worker.c.12.o

.igot.plt       0x00000398        0x0
 .igot.plt      0x00000000        0x0 /home/jacko/pebble-dev/PebbleSDK/arm-cs-tools/bin/../lib/gcc/arm-none-eabi/4.7.3/thumb2/crtbegin.o

.bss            0x00000398       0x18
 *(.bss)
 *(.bss.*)
 .bss.i         0x00000398        0x8 worker_src/worker.c.12.o
 .bss.done      0x000003a0        0x1 worker_src/worker.c.12.o
 *fill*         0x000003a1        0x3 
 .bss.buffer    0x000003a4        0x4 worker_src/worker.c.12.o
 .bss.s_ticks   0x000003a8        0x2 worker_src/worker.c.12.o
 *fill*         0x000003aa        0x2 
 .bss.cnt       0x000003ac        0x4 worker_src/worker.c.12.o

DISCARD
 libc.a(*)
 libm.a(*)
 libgcc.a(*)
 *(.eh_frame)
OUTPUT(/home/jacko/pebble-dev/examples/watchapps/RoboMaze/build/basalt/pebble-worker.elf elf32-littlearm)

.ARM.attributes
                0x00000000       0x27
 .ARM.attributes
                0x00000000       0x19 /home/jacko/pebble-dev/PebbleSDK/arm-cs-tools/bin/../lib/gcc/arm-none-eabi/4.7.3/thumb2/crti.o
 .ARM.attributes
                0x00000019       0x29 /home/jacko/pebble-dev/PebbleSDK/arm-cs-tools/bin/../lib/gcc/arm-none-eabi/4.7.3/thumb2/crtbegin.o
 .ARM.attributes
                0x00000042       0x33 worker_src/worker.c.12.o
 .ARM.attributes
                0x00000075       0x33 basalt/appinfo.auto.c.12.o
 .ARM.attributes
                0x000000a8       0x21 /home/jacko/pebble-dev/PebbleSDK/Pebble/basalt/lib/libpebble.a(tmpIg2f7tpebble.o)
 .ARM.attributes
                0x000000c9       0x29 /home/jacko/pebble-dev/PebbleSDK/arm-cs-tools/bin/../lib/gcc/arm-none-eabi/4.7.3/thumb2/crtend.o
 .ARM.attributes
                0x000000f2       0x19 /home/jacko/pebble-dev/PebbleSDK/arm-cs-tools/bin/../lib/gcc/arm-none-eabi/4.7.3/thumb2/crtn.o

.comment        0x00000000       0x4e
 .comment       0x00000000       0x4e /home/jacko/pebble-dev/PebbleSDK/arm-cs-tools/bin/../lib/gcc/arm-none-eabi/4.7.3/thumb2/crtbegin.o
                                 0x4f (size before relaxing)
 .comment       0x00000000       0x4f worker_src/worker.c.12.o
 .comment       0x00000000       0x4f basalt/appinfo.auto.c.12.o
 .comment       0x00000000       0x4f /home/jacko/pebble-dev/PebbleSDK/arm-cs-tools/bin/../lib/gcc/arm-none-eabi/4.7.3/thumb2/crtend.o

.debug_info     0x00000000      0xcc6
 .debug_info    0x00000000      0x9b9 worker_src/worker.c.12.o
 .debug_info    0x000009b9      0x30d basalt/appinfo.auto.c.12.o

.debug_abbrev   0x00000000      0x3d8
 .debug_abbrev  0x00000000      0x33a worker_src/worker.c.12.o
 .debug_abbrev  0x0000033a       0x9e basalt/appinfo.auto.c.12.o

.debug_loc      0x00000000      0x425
 .debug_loc     0x00000000      0x425 worker_src/worker.c.12.o

.debug_aranges  0x00000000       0x90
 .debug_aranges
                0x00000000       0x78 worker_src/worker.c.12.o
 .debug_aranges
                0x00000078       0x18 basalt/appinfo.auto.c.12.o

.debug_ranges   0x00000000      0x118
 .debug_ranges  0x00000000      0x118 worker_src/worker.c.12.o

.debug_line     0x00000000      0x3c3
 .debug_line    0x00000000      0x29c worker_src/worker.c.12.o
 .debug_line    0x0000029c      0x127 basalt/appinfo.auto.c.12.o

.debug_str      0x00000000      0x4fd
 .debug_str     0x00000000      0x326 worker_src/worker.c.12.o
                                0x374 (size before relaxing)
 .debug_str     0x00000326      0x1d7 basalt/appinfo.auto.c.12.o
                                0x2bf (size before relaxing)

.debug_frame    0x00000000      0x12c
 .debug_frame   0x00000000      0x12c worker_src/worker.c.12.o
